
> pyu-go@0.0.0 build
> vite build

[36mvite v5.4.21 [32mbuilding for production...[36m[39m
transforming...
node.exe : Browserslist: browsers data (caniuse-lite) is 9 months old. Please r
un:
At line:1 char:1
+ & "C:\Program Files\nodejs/node.exe" "C:\Program Files\nodejs/node_mo ...
+ ~~~~~~~~~~~~~~~~~~~~~~~~~~~~~~~~~~~~~~~~~~~~~~~~~~~~~~~~~~~~~~~~~~~~~
    + CategoryInfo          : NotSpecified: (Browserslist: b...ld. Please run: 
   :String) [], RemoteException
    + FullyQualifiedErrorId : NativeCommandError
 
  npx update-browserslist-db@latest
  Why you should do it regularly: https://github.com/browserslist/update-db#rea
dme
[32mÔ£ô[39m 6 modules transformed.
[31mx[39m Build failed in 1.58s
[31merror during build:
[31mCould not resolve "./pages/admin/AdminBookings.tsx" from "src/App.tsx"[31
m
file: [36mD:/PROYEK WEB MASTER/APLIKASI/seat-shuttle/src/App.tsx[31m
    at getRollupError (file:///D:/PROYEK%20WEB%20MASTER/APLIKASI/seat-shuttle/n
ode_modules/rollup/dist/es/shared/parseAst.js:406:41)
    at error (file:///D:/PROYEK%20WEB%20MASTER/APLIKASI/seat-shuttle/node_modul
es/rollup/dist/es/shared/parseAst.js:402:42)
    at ModuleLoader.handleInvalidResolvedId (file:///D:/PROYEK%20WEB%20MASTER/A
PLIKASI/seat-shuttle/node_modules/rollup/dist/es/shared/node-entry.js:21765:24)
    at file:///D:/PROYEK%20WEB%20MASTER/APLIKASI/seat-shuttle/node_modules/roll
up/dist/es/shared/node-entry.js:21725:26[39m
