
> pyu-go@0.0.0 test
> vitest run


[1m[46m RUN [49m[22m [36mv3.2.4 [39m[90mD:/PROYEK WEB MASTER/APLIKASI/seat-shuttle[39m

 [32mÔ£ô[39m src/test/example.test.ts [2m([22m[2m1 test[22m[2m)[22m[32m 4[2mms[22m[39m
[90mstdout[2m | src/test/realtimeTracking.test.ts
[22m[39m[MockWebSocketServer] Initialized 5 drivers

[90mstdout[2m | src/test/realtimeTracking.test.ts[2m > [22m[2mRealtimeTrackingService[2m > [22m[2mService Initialization[2m > [22m[2mshould initialize as singleton
[22m[39m[MockWebSocketServer] Initialized 5 drivers

node.exe : [90mstderr[2m | src/test/realtimeTracking.test.ts[2m > [22m[2mR
ealtimeTrackingService[2m > [22m[2mService Initialization[2m > [22m[2msho
uld initialize as singleton
At line:1 char:1
+ & "C:\Program Files\nodejs/node.exe" "C:\Program Files\nodejs/node_mo ...
+ ~~~~~~~~~~~~~~~~~~~~~~~~~~~~~~~~~~~~~~~~~~~~~~~~~~~~~~~~~~~~~~~~~~~~~
    + CategoryInfo          : NotSpecified: ([90mstderr[2m...ze as singleton 
   :String) [], RemoteException
    + FullyQualifiedErrorId : NativeCommandError
 
[22m[39m[MockWebSocketServer] Not running

[90mstdout[2m | src/test/realtimeTracking.test.ts[2m > [22m[2mRealtimeTrackingService[2m > [22m[2mService Initialization[2m > [22m[2mshould initialize as singleton
[22m[39m[RealtimeTracking] Service destroyed

[90mstdout[2m | src/test/realtimeTracking.test.ts[2m > [22m[2mRealtimeTrackingService[2m > [22m[2mService Initialization[2m > [22m[2mshould start polling fallback without WebSocket URL
[22m[39m[MockWebSocketServer] Initialized 5 drivers

[90mstdout[2m | src/test/realtimeTracking.test.ts[2m > [22m[2mRealtimeTrackingService[2m > [22m[2mService Initialization[2m > [22m[2mshould start polling fallback without WebSocket URL
[22m[39m[RealtimeTracking] No WebSocket URL provided. Using polling fallback.
[RealtimeTracking] Started polling fallback

[90mstderr[2m | src/test/realtimeTracking.test.ts[2m > [22m[2mRealtimeTrac
kingService[2m > [22m[2mService Initialization[2m > [22m[2mshould start p
olling fallback without WebSocket URL
[22m[39m[MockWebSocketServer] Not running

[90mstdout[2m | src/test/realtimeTracking.test.ts[2m > [22m[2mRealtimeTrackingService[2m > [22m[2mService Initialization[2m > [22m[2mshould start polling fallback without WebSocket URL
[22m[39m[RealtimeTracking] Stopped polling fallback
[RealtimeTracking] Service destroyed

[90mstdout[2m | src/test/realtimeTracking.test.ts[2m > [22m[2mRealtimeTrackingService[2m > [22m[2mEvent Broadcasting[2m > [22m[2mshould broadcast valid location updates
[22m[39m[MockWebSocketServer] Initialized 5 drivers

[90mstderr[2m | src/test/realtimeTracking.test.ts[2m > [22m[2mRealtimeTrac
kingService[2m > [22m[2mEvent Broadcasting[2m > [22m[2mshould broadcast v
alid location updates
[22m[39m[MockWebSocketServer] Not running

[90mstdout[2m | src/test/realtimeTracking.test.ts[2m > [22m[2mRealtimeTrackingService[2m > [22m[2mEvent Broadcasting[2m > [22m[2mshould broadcast valid location updates
[22m[39m[RealtimeTracking] Service destroyed

[90mstdout[2m | src/test/realtimeTracking.test.ts[2m > [22m[2mRealtimeTrackingService[2m > [22m[2mEvent Broadcasting[2m > [22m[2mshould reject invalid location updates
[22m[39m[MockWebSocketServer] Initialized 5 drivers

[90mstderr[2m | src/test/realtimeTracking.test.ts[2m > [22m[2mRealtimeTrac
kingService[2m > [22m[2mEvent Broadcasting[2m > [22m[2mshould reject inva
lid location updates
[22m[39m[MockWebSocketServer] Not running

[90mstdout[2m | src/test/realtimeTracking.test.ts[2m > [22m[2mRealtimeTrackingService[2m > [22m[2mEvent Broadcasting[2m > [22m[2mshould reject invalid location updates
[22m[39m[RealtimeTracking] Service destroyed

[90mstdout[2m | src/test/realtimeTracking.test.ts[2m > [22m[2mRealtimeTrackingService[2m > [22m[2mEvent Broadcasting[2m > [22m[2mshould filter updates by driver_id
[22m[39m[MockWebSocketServer] Initialized 5 drivers

[90mstderr[2m | src/test/realtimeTracking.test.ts[2m > [22m[2mRealtimeTrac
kingService[2m > [22m[2mEvent Broadcasting[2m > [22m[2mshould filter upda
tes by driver_id
[22m[39m[MockWebSocketServer] Not running

[90mstdout[2m | src/test/realtimeTracking.test.ts[2m > [22m[2mRealtimeTrackingService[2m > [22m[2mEvent Broadcasting[2m > [22m[2mshould filter updates by driver_id
[22m[39m[RealtimeTracking] Service destroyed

[90mstdout[2m | src/test/realtimeTracking.test.ts[2m > [22m[2mRealtimeTrackingService[2m > [22m[2mSubscription Management[2m > [22m[2mshould subscribe to driver location updates
[22m[39m[MockWebSocketServer] Initialized 5 drivers

[90mstdout[2m | src/test/tracking.test.ts[2m > [22m[2mTrackingService - Enhanced Validation[2m > [22m[2mupdateDriverLocation[2m > [22m[2mshould successfully update location with valid data
[22m[39m[TrackingService] Location cached for test-driver-001 (expires in 5 min)
[API] Location updated for driver test-driver-001: {
  lat: [33m-6.2088[39m,
  lng: [33m106.8456[39m,
  timestamp: [32m'2026-03-25T19:24:11.166Z'[39m,
  validatedAt: [32m'2026-03-25T19:24:11.501Z'[39m
}
[TrackingService] Notification triggered for test-driver-001

[90mstderr[2m | src/test/tracking.test.ts[2m > [22m[2mTrackingService - En
hanced Validation[2m > [22m[2mupdateDriverLocation[2m > [22m[2mshould rej
ect with invalid driver_id format
[22m[39m[TrackingService] Location update failed: [
  {
    "validation": "regex",
    "code": "invalid_string",
    "message": "Format ID Driver tidak valid (hanya alphanumeric, underscore, h
yphen)",
    "path": [
      "driver_id"
    ]
  }
]

[90mstderr[2m | src/test/tracking.test.ts[2m > [22m[2mTrackingService - En
hanced Validation[2m > [22m[2mupdateDriverLocation[2m > [22m[2mshould rej
ect with invalid coordinates
[22m[39m[TrackingService] Location update failed: [
  {
    "code": "too_big",
    "maximum": 90,
    "type": "number",
    "inclusive": true,
    "exact": false,
    "message": "Latitude harus antara -90 dan 90",
    "path": [
      "lat"
    ]
  }
]

[90mstderr[2m | src/test/tracking.test.ts[2m > [22m[2mTrackingService - En
hanced Validation[2m > [22m[2mupdateDriverLocation[2m > [22m[2mshould rej
ect with future timestamp
[22m[39m[TrackingService] Location update failed: [
  {
    "code": "custom",
    "message": "Timestamp tidak boleh di masa depan (toleransi 30 detik)",
    "path": [
      "timestamp"
    ]
  }
]

[90mstderr[2m | src/test/tracking.test.ts[2m > [22m[2mTrackingService - En
hanced Validation[2m > [22m[2mupdateDriverLocation[2m > [22m[2mshould enf
orce active trip context when requested
[22m[39m[TrackingService] Location update failed: Driver tidak memiliki trip 
aktif. Lokasi tidak diterima saat ini.

[90mstderr[2m | src/test/realtimeTracking.test.ts[2m > [22m[2mRealtimeTrac
kingService[2m > [22m[2mSubscription Management[2m > [22m[2mshould subscr
ibe to driver location updates
[22m[39m[MockWebSocketServer] Not running

[90mstdout[2m | src/test/realtimeTracking.test.ts[2m > [22m[2mRealtimeTrackingService[2m > [22m[2mSubscription Management[2m > [22m[2mshould subscribe to driver location updates
[22m[39m[RealtimeTracking] Service destroyed

[90mstdout[2m | src/test/realtimeTracking.test.ts[2m > [22m[2mRealtimeTrackingService[2m > [22m[2mSubscription Management[2m > [22m[2mshould handle multiple subscribers to same driver
[22m[39m[MockWebSocketServer] Initialized 5 drivers

[90mstderr[2m | src/test/realtimeTracking.test.ts[2m > [22m[2mRealtimeTrac
kingService[2m > [22m[2mSubscription Management[2m > [22m[2mshould handle
 multiple subscribers to same driver
[22m[39m[MockWebSocketServer] Not running

[90mstdout[2m | src/test/realtimeTracking.test.ts[2m > [22m[2mRealtimeTrackingService[2m > [22m[2mSubscription Management[2m > [22m[2mshould handle multiple subscribers to same driver
[22m[39m[RealtimeTracking] Service destroyed

[90mstdout[2m | src/test/realtimeTracking.test.ts[2m > [22m[2mRealtimeTrackingService[2m > [22m[2mStatistics & Monitoring[2m > [22m[2mshould provide connection statistics
[22m[39m[MockWebSocketServer] Initialized 5 drivers

[90mstdout[2m | src/test/realtimeTracking.test.ts[2m > [22m[2mRealtimeTrackingService[2m > [22m[2mStatistics & Monitoring[2m > [22m[2mshould provide connection statistics
[22m[39m[RealtimeTracking] No WebSocket URL provided. Using polling fallback.
[RealtimeTracking] Started polling fallback

[90mstderr[2m | src/test/realtimeTracking.test.ts[2m > [22m[2mRealtimeTrac
kingService[2m > [22m[2mStatistics & Monitoring[2m > [22m[2mshould provid
e connection statistics
[22m[39m[MockWebSocketServer] Not running

[90mstdout[2m | src/test/realtimeTracking.test.ts[2m > [22m[2mRealtimeTrackingService[2m > [22m[2mStatistics & Monitoring[2m > [22m[2mshould provide connection statistics
[22m[39m[RealtimeTracking] Stopped polling fallback
[RealtimeTracking] Service destroyed

[90mstdout[2m | src/test/realtimeTracking.test.ts[2m > [22m[2mRealtimeTrackingService[2m > [22m[2mStatistics & Monitoring[2m > [22m[2mshould track WebSocket vs polling mode
[22m[39m[MockWebSocketServer] Initialized 5 drivers

[90mstderr[2m | src/test/realtimeTracking.test.ts[2m > [22m[2mRealtimeTrac
kingService[2m > [22m[2mStatistics & Monitoring[2m > [22m[2mshould track 
WebSocket vs polling mode
[22m[39m[MockWebSocketServer] Not running

[90mstdout[2m | src/test/realtimeTracking.test.ts[2m > [22m[2mRealtimeTrackingService[2m > [22m[2mStatistics & Monitoring[2m > [22m[2mshould track WebSocket vs polling mode
[22m[39m[RealtimeTracking] Service destroyed

[90mstdout[2m | src/test/realtimeTracking.test.ts[2m > [22m[2mRealtimeTrackingService[2m > [22m[2mMessage Throttling[2m > [22m[2mshould throttle rapid updates from same driver
[22m[39m[MockWebSocketServer] Initialized 5 drivers

[90mstdout[2m | src/test/realtimeTracking.test.ts[2m > [22m[2mRealtimeTrackingService[2m > [22m[2mMessage Throttling[2m > [22m[2mshould throttle rapid updates from same driver
[22m[39m[TrackingService] Location cached for DRV-001 (expires in 5 min)
[API] Location updated for driver DRV-001: {
  lat: [33m-6.2088[39m,
  lng: [33m106.8456[39m,
  timestamp: [32m'2026-03-25T19:24:11.286Z'[39m,
  validatedAt: [32m'2026-03-25T19:24:11.594Z'[39m
}
[TrackingService] Notification triggered for DRV-001

[90mstdout[2m | src/test/realtimeTracking.test.ts[2m > [22m[2mRealtimeTrackingService[2m > [22m[2mMessage Throttling[2m > [22m[2mshould throttle rapid updates from same driver
[22m[39m[TrackingService] Location cached for DRV-001 (expires in 5 min)
[API] Location updated for driver DRV-001: {
  lat: [33m-6.2088[39m,
  lng: [33m106.8456[39m,
  timestamp: [32m'2026-03-25T19:24:11.365Z'[39m,
  validatedAt: [32m'2026-03-25T19:24:11.667Z'[39m
}
[TrackingService] Notification triggered for DRV-001

[90mstderr[2m | src/test/realtimeTracking.test.ts[2m > [22m[2mRealtimeTrac
kingService[2m > [22m[2mMessage Throttling[2m > [22m[2mshould throttle ra
pid updates from same driver
[22m[39m[MockWebSocketServer] Not running

[90mstdout[2m | src/test/realtimeTracking.test.ts[2m > [22m[2mRealtimeTrackingService[2m > [22m[2mMessage Throttling[2m > [22m[2mshould throttle rapid updates from same driver
[22m[39m[RealtimeTracking] Service destroyed

[90mstdout[2m | src/test/realtimeTracking.test.ts[2m > [22m[2mRealtimeTrackingService[2m > [22m[2mError Handling[2m > [22m[2mshould handle listener callback errors without crashing
[22m[39m[MockWebSocketServer] Initialized 5 drivers

[90mstdout[2m | src/test/realtimeTracking.test.ts[2m > [22m[2mRealtimeTrackingService[2m > [22m[2mError Handling[2m > [22m[2mshould handle listener callback errors without crashing
[22m[39m[TrackingService] Location cached for DRV-001 (expires in 5 min)
[API] Location updated for driver DRV-001: {
  lat: [33m-6.2[39m,
  lng: [33m106.8[39m,
  timestamp: [32m'2026-03-25T19:24:11.419Z'[39m,
  validatedAt: [32m'2026-03-25T19:24:11.721Z'[39m
}
[TrackingService] Notification triggered for DRV-001

[90mstderr[2m | src/test/realtimeTracking.test.ts[2m > [22m[2mRealtimeTrac
kingService[2m > [22m[2mError Handling[2m > [22m[2mshould handle listener
 callback errors without crashing
[22m[39m[MockWebSocketServer] Not running

[90mstdout[2m | src/test/realtimeTracking.test.ts[2m > [22m[2mRealtimeTrackingService[2m > [22m[2mError Handling[2m > [22m[2mshould handle listener callback errors without crashing
[22m[39m[RealtimeTracking] Service destroyed

[90mstdout[2m | src/test/realtimeTracking.test.ts[2m > [22m[2mMockWebSocketServer[2m > [22m[2mServer Operations[2m > [22m[2mshould start and stop
[22m[39m[MockWebSocketServer] Initialized 5 drivers

[90mstdout[2m | src/test/realtimeTracking.test.ts[2m > [22m[2mMockWebSocketServer[2m > [22m[2mServer Operations[2m > [22m[2mshould start and stop
[22m[39m[MockWebSocketServer] Starting on ws://localhost:8765
[MockWebSocketServer] Stopped

[90mstderr[2m | src/test/realtimeTracking.test.ts[2m > [22m[2mMockWebSocke
tServer[2m > [22m[2mServer Operations[2m > [22m[2mshould start and stop
[22m[39m[MockWebSocketServer] Not running

[90mstdout[2m | src/test/realtimeTracking.test.ts[2m > [22m[2mMockWebSocketServer[2m > [22m[2mServer Operations[2m > [22m[2mshould initialize drivers on startup
[22m[39m[MockWebSocketServer] Initialized 5 drivers

[90mstderr[2m | src/test/realtimeTracking.test.ts[2m > [22m[2mMockWebSocke
tServer[2m > [22m[2mServer Operations[2m > [22m[2mshould initialize drive
rs on startup
[22m[39m[MockWebSocketServer] Not running

[90mstdout[2m | src/test/realtimeTracking.test.ts[2m > [22m[2mMockWebSocketServer[2m > [22m[2mServer Operations[2m > [22m[2mshould track active drivers
[22m[39m[MockWebSocketServer] Initialized 5 drivers

[90mstderr[2m | src/test/realtimeTracking.test.ts[2m > [22m[2mMockWebSocke
tServer[2m > [22m[2mServer Operations[2m > [22m[2mshould track active dri
vers
[22m[39m[MockWebSocketServer] Not running

[90mstdout[2m | src/test/realtimeTracking.test.ts[2m > [22m[2mMockWebSocketServer[2m > [22m[2mDriver Simulation[2m > [22m[2mshould simulate realistic driver locations
[22m[39m[MockWebSocketServer] Initialized 5 drivers

[90mstderr[2m | src/test/realtimeTracking.test.ts[2m > [22m[2mMockWebSocke
tServer[2m > [22m[2mDriver Simulation[2m > [22m[2mshould simulate realist
ic driver locations
[22m[39m[MockWebSocketServer] Not running

[90mstdout[2m | src/test/realtimeTracking.test.ts[2m > [22m[2mMockWebSocketServer[2m > [22m[2mDriver Simulation[2m > [22m[2mshould get all active driver locations
[22m[39m[MockWebSocketServer] Initialized 5 drivers

[90mstdout[2m | src/test/realtimeTracking.test.ts[2m > [22m[2mMockWebSocketServer[2m > [22m[2mDriver Simulation[2m > [22m[2mshould get all active driver locations
[22m[39m[MockWebSocketServer] Starting on ws://localhost:8765

[90mstdout[2m | src/test/realtimeTracking.test.ts[2m > [22m[2mMockWebSocketServer[2m > [22m[2mDriver Simulation[2m > [22m[2mshould get all active driver locations
[22m[39m[MockWebSocketServer] Stopped

[90mstdout[2m | src/test/realtimeTracking.test.ts[2m > [22m[2mMockWebSocketServer[2m > [22m[2mDriver Simulation[2m > [22m[2mshould update driver active status
[22m[39m[MockWebSocketServer] Initialized 5 drivers

[90mstdout[2m | src/test/realtimeTracking.test.ts[2m > [22m[2mMockWebSocketServer[2m > [22m[2mDriver Simulation[2m > [22m[2mshould update driver active status
[22m[39m[MockWebSocketServer] Updated DRV-001 - active: false
[MockWebSocketServer] Updated DRV-001 - active: true

[90mstderr[2m | src/test/realtimeTracking.test.ts[2m > [22m[2mMockWebSocke
tServer[2m > [22m[2mDriver Simulation[2m > [22m[2mshould update driver ac
tive status
[22m[39m[MockWebSocketServer] Not running

[90mstdout[2m | src/test/realtimeTracking.test.ts[2m > [22m[2mMockWebSocketServer[2m > [22m[2mStatistics[2m > [22m[2mshould provide accurate server statistics
[22m[39m[MockWebSocketServer] Initialized 5 drivers

[90mstderr[2m | src/test/realtimeTracking.test.ts[2m > [22m[2mMockWebSocke
tServer[2m > [22m[2mStatistics[2m > [22m[2mshould provide accurate server
 statistics
[22m[39m[MockWebSocketServer] Not running

[90mstderr[2m | src/test/realtimeTracking.test.ts[2m > [22m[2mIntegration:
 RealtimeTrackingService + TrackingService[2m > [22m[2mshould cache realtime
 updates in TrackingService
[22m[39mError: Listener error
    at D:\PROYEK WEB MASTER\APLIKASI\seat-shuttle\src\test\realtimeTracking.tes
t.ts:201:15
    at mockCall (file:///D:/PROYEK%20WEB%20MASTER/APLIKASI/seat-shuttle/node_mo
dules/@vitest/spy/dist/index.js:96:15)
    at listener (file:///D:/PROYEK%20WEB%20MASTER/APLIKASI/seat-shuttle/node_mo
dules/tinyspy/dist/index.js:47:80)
    at pollingListener (D:\PROYEK WEB MASTER\APLIKASI\seat-shuttle\src\services
\realtimeTrackingService.ts:461:11)
    at callTheUserObjectsOperation (D:\PROYEK WEB MASTER\APLIKASI\seat-shuttle\
node_modules\jsdom\lib\generated\idl\EventListener.js:26:30)
    at innerInvokeEventListeners (D:\PROYEK WEB MASTER\APLIKASI\seat-shuttle\no
de_modules\jsdom\lib\jsdom\living\events\EventTarget-impl.js:360:16)
    at invokeEventListeners (D:\PROYEK WEB MASTER\APLIKASI\seat-shuttle\node_mo
dules\jsdom\lib\jsdom\living\events\EventTarget-impl.js:296:3)
    at EventTargetImpl._dispatch (D:\PROYEK WEB MASTER\APLIKASI\seat-shuttle\no
de_modules\jsdom\lib\jsdom\living\events\EventTarget-impl.js:243:9)
    at EventTargetImpl.dispatchEvent (D:\PROYEK WEB MASTER\APLIKASI\seat-shuttl
e\node_modules\jsdom\lib\jsdom\living\events\EventTarget-impl.js:114:17)
    at dispatchEvent (D:\PROYEK WEB MASTER\APLIKASI\seat-shuttle\node_modules\j
sdom\lib\generated\idl\EventTarget.js:241:34)

[90mstdout[2m | src/test/realtimeTracking.test.ts[2m > [22m[2mIntegration: RealtimeTrackingService + TrackingService[2m > [22m[2mshould cache realtime updates in TrackingService
[22m[39m[TrackingService] Location cached for DRV-001 (expires in 5 min)
[API] Location updated for driver DRV-001: {
  lat: [33m-6.2[39m,
  lng: [33m106.8[39m,
  timestamp: [32m'2026-03-25T19:24:11.419Z'[39m,
  validatedAt: [32m'2026-03-25T19:24:11.793Z'[39m
}
[TrackingService] Notification triggered for DRV-001

[90mstdout[2m | src/test/tracking.test.ts[2m > [22m[2mTrackingService - Enhanced Validation[2m > [22m[2mupdateDriverLocation[2m > [22m[2mshould allow location update when trip is active
[22m[39m[TrackingService] Location cached for test-driver-001 (expires in 5 min)
[API] Location updated for driver test-driver-001: {
  lat: [33m-6.2088[39m,
  lng: [33m106.8456[39m,
  timestamp: [32m'2026-03-25T19:24:11.166Z'[39m,
  validatedAt: [32m'2026-03-25T19:24:11.817Z'[39m
}
[TrackingService] Notification triggered for test-driver-001

[90mstdout[2m | src/test/realtimeTracking.test.ts[2m > [22m[2mIntegration: RealtimeTrackingService + TrackingService[2m > [22m[2mshould cache realtime updates in TrackingService
[22m[39m[TrackingService] Location cached for DRV-001 (expires in 5 min)
[API] Location updated for driver DRV-001: {
  lat: [33m-6.2[39m,
  lng: [33m106.8[39m,
  timestamp: [32m'2026-03-25T19:24:11.525Z'[39m,
  validatedAt: [32m'2026-03-25T19:24:11.828Z'[39m
}
[TrackingService] Notification triggered for DRV-001

[90mstdout[2m | src/test/realtimeTracking.test.ts[2m > [22m[2mIntegration: RealtimeTrackingService + TrackingService[2m > [22m[2mshould cache realtime updates in TrackingService
[22m[39m[TrackingService] Location cached for DRV-001 (expires in 5 min)
[API] Location updated for driver DRV-001: {
  lat: [33m-6.2[39m,
  lng: [33m106.8[39m,
  timestamp: [32m'2026-03-25T19:24:11.588Z'[39m,
  validatedAt: [32m'2026-03-25T19:24:11.888Z'[39m
}
[TrackingService] Notification triggered for DRV-001

[90mstdout[2m | src/test/realtimeTracking.test.ts[2m > [22m[2mIntegration: RealtimeTrackingService + TrackingService[2m > [22m[2mshould cache realtime updates in TrackingService
[22m[39m[TrackingService] Location cached for DRV-001 (expires in 5 min)
[API] Location updated for driver DRV-001: {
  lat: [33m-6.199[39m,
  lng: [33m106.8[39m,
  timestamp: [32m'2026-03-25T19:24:11.688Z'[39m,
  validatedAt: [32m'2026-03-25T19:24:11.889Z'[39m
}
[TrackingService] Notification triggered for DRV-001

[90mstdout[2m | src/test/realtimeTracking.test.ts[2m > [22m[2mIntegration: RealtimeTrackingService + TrackingService[2m > [22m[2mshould cache realtime updates in TrackingService
[22m[39m[TrackingService] Location cached for DRV-001 (expires in 5 min)
[API] Location updated for driver DRV-001: {
  lat: [33m-6.198[39m,
  lng: [33m106.8[39m,
  timestamp: [32m'2026-03-25T19:24:11.788Z'[39m,
  validatedAt: [32m'2026-03-25T19:24:11.891Z'[39m
}
[TrackingService] Notification triggered for DRV-001

[90mstdout[2m | src/test/realtimeTracking.test.ts[2m > [22m[2mIntegration: RealtimeTrackingService + TrackingService[2m > [22m[2mshould cache realtime updates in TrackingService
[22m[39m[TrackingService] Cache hit for DRV-001 (expires in 300s)

[90mstdout[2m | src/test/realtimeTracking.test.ts[2m > [22m[2mIntegration: RealtimeTrackingService + TrackingService[2m > [22m[2mshould cache realtime updates in TrackingService
[22m[39m[RealtimeTracking] Service destroyed

[90mstderr[2m | src/test/realtimeTracking.test.ts[2m > [22m[2mIntegration:
 RealtimeTrackingService + TrackingService[2m > [22m[2mshould enforce trip s
tatus before accepting realtime updates
[22m[39mError: Listener error
    at D:\PROYEK WEB MASTER\APLIKASI\seat-shuttle\src\test\realtimeTracking.tes
t.ts:201:15
    at mockCall (file:///D:/PROYEK%20WEB%20MASTER/APLIKASI/seat-shuttle/node_mo
dules/@vitest/spy/dist/index.js:96:15)
    at listener (file:///D:/PROYEK%20WEB%20MASTER/APLIKASI/seat-shuttle/node_mo
dules/tinyspy/dist/index.js:47:80)
    at pollingListener (D:\PROYEK WEB MASTER\APLIKASI\seat-shuttle\src\services
\realtimeTrackingService.ts:461:11)
    at callTheUserObjectsOperation (D:\PROYEK WEB MASTER\APLIKASI\seat-shuttle\
node_modules\jsdom\lib\generated\idl\EventListener.js:26:30)
    at innerInvokeEventListeners (D:\PROYEK WEB MASTER\APLIKASI\seat-shuttle\no
de_modules\jsdom\lib\jsdom\living\events\EventTarget-impl.js:360:16)
    at invokeEventListeners (D:\PROYEK WEB MASTER\APLIKASI\seat-shuttle\node_mo
dules\jsdom\lib\jsdom\living\events\EventTarget-impl.js:296:3)
    at EventTargetImpl._dispatch (D:\PROYEK WEB MASTER\APLIKASI\seat-shuttle\no
de_modules\jsdom\lib\jsdom\living\events\EventTarget-impl.js:243:9)
    at EventTargetImpl.dispatchEvent (D:\PROYEK WEB MASTER\APLIKASI\seat-shuttl
e\node_modules\jsdom\lib\jsdom\living\events\EventTarget-impl.js:114:17)
    at dispatchEvent (D:\PROYEK WEB MASTER\APLIKASI\seat-shuttle\node_modules\j
sdom\lib\generated\idl\EventTarget.js:241:34)

[90mstdout[2m | src/test/realtimeTracking.test.ts[2m > [22m[2mIntegration: RealtimeTrackingService + TrackingService[2m > [22m[2mshould enforce trip status before accepting realtime updates
[22m[39m[TrackingService] Location cached for DRV-001 (expires in 5 min)
[API] Location updated for driver DRV-001: {
  lat: [33m-6.197[39m,
  lng: [33m106.8[39m,
  timestamp: [32m'2026-03-25T19:24:11.888Z'[39m,
  validatedAt: [32m'2026-03-25T19:24:11.902Z'[39m
}
[TrackingService] Notification triggered for DRV-001

[90mstdout[2m | src/test/realtimeTracking.test.ts[2m > [22m[2mIntegration: RealtimeTrackingService + TrackingService[2m > [22m[2mshould enforce trip status before accepting realtime updates
[22m[39m[TrackingService] Location cached for DRV-001 (expires in 5 min)
[API] Location updated for driver DRV-001: {
  lat: [33m-6.196000000000001[39m,
  lng: [33m106.8[39m,
  timestamp: [32m'2026-03-25T19:24:11.988Z'[39m,
  validatedAt: [32m'2026-03-25T19:24:11.903Z'[39m
}
[TrackingService] Notification triggered for DRV-001

[90mstdout[2m | src/test/realtimeTracking.test.ts[2m > [22m[2mIntegration: RealtimeTrackingService + TrackingService[2m > [22m[2mshould enforce trip status before accepting realtime updates
[22m[39m[TrackingService] Cache hit for DRV-001 (expires in 300s)

[90mstdout[2m | src/test/realtimeTracking.test.ts[2m > [22m[2mIntegration: RealtimeTrackingService + TrackingService[2m > [22m[2mshould enforce trip status before accepting realtime updates
[22m[39m[RealtimeTracking] Service destroyed

[90mstdout[2m | src/test/realtimeTracking.test.ts[2m > [22m[2mPerformance & Scale[2m > [22m[2mshould handle multiple concurrent subscriptions
[22m[39m[TrackingService] Location cached for DRV-001 (expires in 5 min)
[API] Location updated for driver DRV-001: {
  lat: [33m-6.2[39m,
  lng: [33m106.8[39m,
  timestamp: [32m'2026-03-25T19:24:11.702Z'[39m,
  validatedAt: [32m'2026-03-25T19:24:12.012Z'[39m
}
[TrackingService] Notification triggered for DRV-001

[90mstdout[2m | src/test/realtimeTracking.test.ts[2m > [22m[2mPerformance & Scale[2m > [22m[2mshould handle multiple concurrent subscriptions
[22m[39m[TrackingService] Location cached for DRV-001 (expires in 5 min)
[API] Location updated for driver DRV-001: {
  lat: [33m-6.2088[39m,
  lng: [33m106.8456[39m,
  timestamp: [32m'2026-03-25T19:24:11.789Z'[39m,
  validatedAt: [32m'2026-03-25T19:24:12.096Z'[39m
}
[TrackingService] Notification triggered for DRV-001

[90mstdout[2m | src/test/realtimeTracking.test.ts[2m > [22m[2mPerformance & Scale[2m > [22m[2mshould handle multiple concurrent subscriptions
[22m[39m[RealtimeTracking] Service destroyed

[90mstdout[2m | src/test/tracking.test.ts[2m > [22m[2mTrackingService - Enhanced Validation[2m > [22m[2mupdateDriverLocation[2m > [22m[2mshould cache the last location in localStorage
[22m[39m[TrackingService] Location cached for test-driver-001 (expires in 5 min)
[API] Location updated for driver test-driver-001: {
  lat: [33m-6.2088[39m,
  lng: [33m106.8456[39m,
  timestamp: [32m'2026-03-25T19:24:11.166Z'[39m,
  validatedAt: [32m'2026-03-25T19:24:12.121Z'[39m
}
[TrackingService] Notification triggered for test-driver-001

[90mstderr[2m | src/test/realtimeTracking.test.ts[2m > [22m[2mPerformance 
& Scale[2m > [22m[2mshould handle high-frequency location updates
[22m[39mError: Listener error
    at D:\PROYEK WEB MASTER\APLIKASI\seat-shuttle\src\test\realtimeTracking.tes
t.ts:201:15
    at mockCall (file:///D:/PROYEK%20WEB%20MASTER/APLIKASI/seat-shuttle/node_mo
dules/@vitest/spy/dist/index.js:96:15)
    at listener (file:///D:/PROYEK%20WEB%20MASTER/APLIKASI/seat-shuttle/node_mo
dules/tinyspy/dist/index.js:47:80)
    at pollingListener (D:\PROYEK WEB MASTER\APLIKASI\seat-shuttle\src\services
\realtimeTrackingService.ts:461:11)
    at callTheUserObjectsOperation (D:\PROYEK WEB MASTER\APLIKASI\seat-shuttle\
node_modules\jsdom\lib\generated\idl\EventListener.js:26:30)
    at innerInvokeEventListeners (D:\PROYEK WEB MASTER\APLIKASI\seat-shuttle\no
de_modules\jsdom\lib\jsdom\living\events\EventTarget-impl.js:360:16)
    at invokeEventListeners (D:\PROYEK WEB MASTER\APLIKASI\seat-shuttle\node_mo
dules\jsdom\lib\jsdom\living\events\EventTarget-impl.js:296:3)
    at EventTargetImpl._dispatch (D:\PROYEK WEB MASTER\APLIKASI\seat-shuttle\no
de_modules\jsdom\lib\jsdom\living\events\EventTarget-impl.js:243:9)
    at EventTargetImpl.dispatchEvent (D:\PROYEK WEB MASTER\APLIKASI\seat-shuttl
e\node_modules\jsdom\lib\jsdom\living\events\EventTarget-impl.js:114:17)
    at dispatchEvent (D:\PROYEK WEB MASTER\APLIKASI\seat-shuttle\node_modules\j
sdom\lib\generated\idl\EventTarget.js:241:34)
Error: Listener error
    at D:\PROYEK WEB MASTER\APLIKASI\seat-shuttle\src\test\realtimeTracking.tes
t.ts:201:15
    at mockCall (file:///D:/PROYEK%20WEB%20MASTER/APLIKASI/seat-shuttle/node_mo
dules/@vitest/spy/dist/index.js:96:15)
    at listener (file:///D:/PROYEK%20WEB%20MASTER/APLIKASI/seat-shuttle/node_mo
dules/tinyspy/dist/index.js:47:80)
    at pollingListener (D:\PROYEK WEB MASTER\APLIKASI\seat-shuttle\src\services
\realtimeTrackingService.ts:461:11)
    at callTheUserObjectsOperation (D:\PROYEK WEB MASTER\APLIKASI\seat-shuttle\
node_modules\jsdom\lib\generated\idl\EventListener.js:26:30)
    at innerInvokeEventListeners (D:\PROYEK WEB MASTER\APLIKASI\seat-shuttle\no
de_modules\jsdom\lib\jsdom\living\events\EventTarget-impl.js:360:16)
    at invokeEventListeners (D:\PROYEK WEB MASTER\APLIKASI\seat-shuttle\node_mo
dules\jsdom\lib\jsdom\living\events\EventTarget-impl.js:296:3)
    at EventTargetImpl._dispatch (D:\PROYEK WEB MASTER\APLIKASI\seat-shuttle\no
de_modules\jsdom\lib\jsdom\living\events\EventTarget-impl.js:243:9)
    at EventTargetImpl.dispatchEvent (D:\PROYEK WEB MASTER\APLIKASI\seat-shuttl
e\node_modules\jsdom\lib\jsdom\living\events\EventTarget-impl.js:114:17)
    at dispatchEvent (D:\PROYEK WEB MASTER\APLIKASI\seat-shuttle\node_modules\j
sdom\lib\generated\idl\EventTarget.js:241:34)
Error: Listener error
    at D:\PROYEK WEB MASTER\APLIKASI\seat-shuttle\src\test\realtimeTracking.tes
t.ts:201:15
    at mockCall (file:///D:/PROYEK%20WEB%20MASTER/APLIKASI/seat-shuttle/node_mo
dules/@vitest/spy/dist/index.js:96:15)
    at listener (file:///D:/PROYEK%20WEB%20MASTER/APLIKASI/seat-shuttle/node_mo
dules/tinyspy/dist/index.js:47:80)
    at pollingListener (D:\PROYEK WEB MASTER\APLIKASI\seat-shuttle\src\services
\realtimeTrackingService.ts:461:11)
    at callTheUserObjectsOperation (D:\PROYEK WEB MASTER\APLIKASI\seat-shuttle\
node_modules\jsdom\lib\generated\idl\EventListener.js:26:30)
    at innerInvokeEventListeners (D:\PROYEK WEB MASTER\APLIKASI\seat-shuttle\no
de_modules\jsdom\lib\jsdom\living\events\EventTarget-impl.js:360:16)
    at invokeEventListeners (D:\PROYEK WEB MASTER\APLIKASI\seat-shuttle\node_mo
dules\jsdom\lib\jsdom\living\events\EventTarget-impl.js:296:3)
    at EventTargetImpl._dispatch (D:\PROYEK WEB MASTER\APLIKASI\seat-shuttle\no
de_modules\jsdom\lib\jsdom\living\events\EventTarget-impl.js:243:9)
    at EventTargetImpl.dispatchEvent (D:\PROYEK WEB MASTER\APLIKASI\seat-shuttl
e\node_modules\jsdom\lib\jsdom\living\events\EventTarget-impl.js:114:17)
    at dispatchEvent (D:\PROYEK WEB MASTER\APLIKASI\seat-shuttle\node_modules\j
sdom\lib\generated\idl\EventTarget.js:241:34)
Error: Listener error
    at D:\PROYEK WEB MASTER\APLIKASI\seat-shuttle\src\test\realtimeTracking.tes
t.ts:201:15
    at mockCall (file:///D:/PROYEK%20WEB%20MASTER/APLIKASI/seat-shuttle/node_mo
dules/@vitest/spy/dist/index.js:96:15)
    at listener (file:///D:/PROYEK%20WEB%20MASTER/APLIKASI/seat-shuttle/node_mo
dules/tinyspy/dist/index.js:47:80)
    at pollingListener (D:\PROYEK WEB MASTER\APLIKASI\seat-shuttle\src\services
\realtimeTrackingService.ts:461:11)
    at callTheUserObjectsOperation (D:\PROYEK WEB MASTER\APLIKASI\seat-shuttle\
node_modules\jsdom\lib\generated\idl\EventListener.js:26:30)
    at innerInvokeEventListeners (D:\PROYEK WEB MASTER\APLIKASI\seat-shuttle\no
de_modules\jsdom\lib\jsdom\living\events\EventTarget-impl.js:360:16)
    at invokeEventListeners (D:\PROYEK WEB MASTER\APLIKASI\seat-shuttle\node_mo
dules\jsdom\lib\jsdom\living\events\EventTarget-impl.js:296:3)
    at EventTargetImpl._dispatch (D:\PROYEK WEB MASTER\APLIKASI\seat-shuttle\no
de_modules\jsdom\lib\jsdom\living\events\EventTarget-impl.js:243:9)
    at EventTargetImpl.dispatchEvent (D:\PROYEK WEB MASTER\APLIKASI\seat-shuttl
e\node_modules\jsdom\lib\jsdom\living\events\EventTarget-impl.js:114:17)
    at dispatchEvent (D:\PROYEK WEB MASTER\APLIKASI\seat-shuttle\node_modules\j
sdom\lib\generated\idl\EventTarget.js:241:34)
Error: Listener error
    at D:\PROYEK WEB MASTER\APLIKASI\seat-shuttle\src\test\realtimeTracking.tes
t.ts:201:15
    at mockCall (file:///D:/PROYEK%20WEB%20MASTER/APLIKASI/seat-shuttle/node_mo
dules/@vitest/spy/dist/index.js:96:15)
    at listener (file:///D:/PROYEK%20WEB%20MASTER/APLIKASI/seat-shuttle/node_mo
dules/tinyspy/dist/index.js:47:80)
    at pollingListener (D:\PROYEK WEB MASTER\APLIKASI\seat-shuttle\src\services
\realtimeTrackingService.ts:461:11)
    at callTheUserObjectsOperation (D:\PROYEK WEB MASTER\APLIKASI\seat-shuttle\
node_modules\jsdom\lib\generated\idl\EventListener.js:26:30)
    at innerInvokeEventListeners (D:\PROYEK WEB MASTER\APLIKASI\seat-shuttle\no
de_modules\jsdom\lib\jsdom\living\events\EventTarget-impl.js:360:16)
    at invokeEventListeners (D:\PROYEK WEB MASTER\APLIKASI\seat-shuttle\node_mo
dules\jsdom\lib\jsdom\living\events\EventTarget-impl.js:296:3)
    at EventTargetImpl._dispatch (D:\PROYEK WEB MASTER\APLIKASI\seat-shuttle\no
de_modules\jsdom\lib\jsdom\living\events\EventTarget-impl.js:243:9)
    at EventTargetImpl.dispatchEvent (D:\PROYEK WEB MASTER\APLIKASI\seat-shuttl
e\node_modules\jsdom\lib\jsdom\living\events\EventTarget-impl.js:114:17)
    at dispatchEvent (D:\PROYEK WEB MASTER\APLIKASI\seat-shuttle\node_modules\j
sdom\lib\generated\idl\EventTarget.js:241:34)
Error: Listener error
    at D:\PROYEK WEB MASTER\APLIKASI\seat-shuttle\src\test\realtimeTracking.tes
t.ts:201:15
    at mockCall (file:///D:/PROYEK%20WEB%20MASTER/APLIKASI/seat-shuttle/node_mo
dules/@vitest/spy/dist/index.js:96:15)
    at listener (file:///D:/PROYEK%20WEB%20MASTER/APLIKASI/seat-shuttle/node_mo
dules/tinyspy/dist/index.js:47:80)
    at pollingListener (D:\PROYEK WEB MASTER\APLIKASI\seat-shuttle\src\services
\realtimeTrackingService.ts:461:11)
    at callTheUserObjectsOperation (D:\PROYEK WEB MASTER\APLIKASI\seat-shuttle\
node_modules\jsdom\lib\generated\idl\EventListener.js:26:30)
    at innerInvokeEventListeners (D:\PROYEK WEB MASTER\APLIKASI\seat-shuttle\no
de_modules\jsdom\lib\jsdom\living\events\EventTarget-impl.js:360:16)
    at invokeEventListeners (D:\PROYEK WEB MASTER\APLIKASI\seat-shuttle\node_mo
dules\jsdom\lib\jsdom\living\events\EventTarget-impl.js:296:3)
    at EventTargetImpl._dispatch (D:\PROYEK WEB MASTER\APLIKASI\seat-shuttle\no
de_modules\jsdom\lib\jsdom\living\events\EventTarget-impl.js:243:9)
    at EventTargetImpl.dispatchEvent (D:\PROYEK WEB MASTER\APLIKASI\seat-shuttl
e\node_modules\jsdom\lib\jsdom\living\events\EventTarget-impl.js:114:17)
    at dispatchEvent (D:\PROYEK WEB MASTER\APLIKASI\seat-shuttle\node_modules\j
sdom\lib\generated\idl\EventTarget.js:241:34)
Error: Listener error
    at D:\PROYEK WEB MASTER\APLIKASI\seat-shuttle\src\test\realtimeTracking.tes
t.ts:201:15
    at mockCall (file:///D:/PROYEK%20WEB%20MASTER/APLIKASI/seat-shuttle/node_mo
dules/@vitest/spy/dist/index.js:96:15)
    at listener (file:///D:/PROYEK%20WEB%20MASTER/APLIKASI/seat-shuttle/node_mo
dules/tinyspy/dist/index.js:47:80)
    at pollingListener (D:\PROYEK WEB MASTER\APLIKASI\seat-shuttle\src\services
\realtimeTrackingService.ts:461:11)
    at callTheUserObjectsOperation (D:\PROYEK WEB MASTER\APLIKASI\seat-shuttle\
node_modules\jsdom\lib\generated\idl\EventListener.js:26:30)
    at innerInvokeEventListeners (D:\PROYEK WEB MASTER\APLIKASI\seat-shuttle\no
de_modules\jsdom\lib\jsdom\living\events\EventTarget-impl.js:360:16)
    at invokeEventListeners (D:\PROYEK WEB MASTER\APLIKASI\seat-shuttle\node_mo
dules\jsdom\lib\jsdom\living\events\EventTarget-impl.js:296:3)
    at EventTargetImpl._dispatch (D:\PROYEK WEB MASTER\APLIKASI\seat-shuttle\no
de_modules\jsdom\lib\jsdom\living\events\EventTarget-impl.js:243:9)
    at EventTargetImpl.dispatchEvent (D:\PROYEK WEB MASTER\APLIKASI\seat-shuttl
e\node_modules\jsdom\lib\jsdom\living\events\EventTarget-impl.js:114:17)
    at dispatchEvent (D:\PROYEK WEB MASTER\APLIKASI\seat-shuttle\node_modules\j
sdom\lib\generated\idl\EventTarget.js:241:34)
Error: Listener error
    at D:\PROYEK WEB MASTER\APLIKASI\seat-shuttle\src\test\realtimeTracking.tes
t.ts:201:15
    at mockCall (file:///D:/PROYEK%20WEB%20MASTER/APLIKASI/seat-shuttle/node_mo
dules/@vitest/spy/dist/index.js:96:15)
    at listener (file:///D:/PROYEK%20WEB%20MASTER/APLIKASI/seat-shuttle/node_mo
dules/tinyspy/dist/index.js:47:80)
    at pollingListener (D:\PROYEK WEB MASTER\APLIKASI\seat-shuttle\src\services
\realtimeTrackingService.ts:461:11)
    at callTheUserObjectsOperation (D:\PROYEK WEB MASTER\APLIKASI\seat-shuttle\
node_modules\jsdom\lib\generated\idl\EventListener.js:26:30)
    at innerInvokeEventListeners (D:\PROYEK WEB MASTER\APLIKASI\seat-shuttle\no
de_modules\jsdom\lib\jsdom\living\events\EventTarget-impl.js:360:16)
    at invokeEventListeners (D:\PROYEK WEB MASTER\APLIKASI\seat-shuttle\node_mo
dules\jsdom\lib\jsdom\living\events\EventTarget-impl.js:296:3)
    at EventTargetImpl._dispatch (D:\PROYEK WEB MASTER\APLIKASI\seat-shuttle\no
de_modules\jsdom\lib\jsdom\living\events\EventTarget-impl.js:243:9)
    at EventTargetImpl.dispatchEvent (D:\PROYEK WEB MASTER\APLIKASI\seat-shuttl
e\node_modules\jsdom\lib\jsdom\living\events\EventTarget-impl.js:114:17)
    at dispatchEvent (D:\PROYEK WEB MASTER\APLIKASI\seat-shuttle\node_modules\j
sdom\lib\generated\idl\EventTarget.js:241:34)
Error: Listener error
    at D:\PROYEK WEB MASTER\APLIKASI\seat-shuttle\src\test\realtimeTracking.tes
t.ts:201:15
    at mockCall (file:///D:/PROYEK%20WEB%20MASTER/APLIKASI/seat-shuttle/node_mo
dules/@vitest/spy/dist/index.js:96:15)
    at listener (file:///D:/PROYEK%20WEB%20MASTER/APLIKASI/seat-shuttle/node_mo
dules/tinyspy/dist/index.js:47:80)
    at pollingListener (D:\PROYEK WEB MASTER\APLIKASI\seat-shuttle\src\services
\realtimeTrackingService.ts:461:11)
    at callTheUserObjectsOperation (D:\PROYEK WEB MASTER\APLIKASI\seat-shuttle\
node_modules\jsdom\lib\generated\idl\EventListener.js:26:30)
    at innerInvokeEventListeners (D:\PROYEK WEB MASTER\APLIKASI\seat-shuttle\no
de_modules\jsdom\lib\jsdom\living\events\EventTarget-impl.js:360:16)
    at invokeEventListeners (D:\PROYEK WEB MASTER\APLIKASI\seat-shuttle\node_mo
dules\jsdom\lib\jsdom\living\events\EventTarget-impl.js:296:3)
    at EventTargetImpl._dispatch (D:\PROYEK WEB MASTER\APLIKASI\seat-shuttle\no
de_modules\jsdom\lib\jsdom\living\events\EventTarget-impl.js:243:9)
    at EventTargetImpl.dispatchEvent (D:\PROYEK WEB MASTER\APLIKASI\seat-shuttl
e\node_modules\jsdom\lib\jsdom\living\events\EventTarget-impl.js:114:17)
    at dispatchEvent (D:\PROYEK WEB MASTER\APLIKASI\seat-shuttle\node_modules\j
sdom\lib\generated\idl\EventTarget.js:241:34)
Error: Listener error
    at D:\PROYEK WEB MASTER\APLIKASI\seat-shuttle\src\test\realtimeTracking.tes
t.ts:201:15
    at mockCall (file:///D:/PROYEK%20WEB%20MASTER/APLIKASI/seat-shuttle/node_mo
dules/@vitest/spy/dist/index.js:96:15)
    at listener (file:///D:/PROYEK%20WEB%20MASTER/APLIKASI/seat-shuttle/node_mo
dules/tinyspy/dist/index.js:47:80)
    at pollingListener (D:\PROYEK WEB MASTER\APLIKASI\seat-shuttle\src\services
\realtimeTrackingService.ts:461:11)
    at callTheUserObjectsOperation (D:\PROYEK WEB MASTER\APLIKASI\seat-shuttle\
node_modules\jsdom\lib\generated\idl\EventListener.js:26:30)
    at innerInvokeEventListeners (D:\PROYEK WEB MASTER\APLIKASI\seat-shuttle\no
de_modules\jsdom\lib\jsdom\living\events\EventTarget-impl.js:360:16)
    at invokeEventListeners (D:\PROYEK WEB MASTER\APLIKASI\seat-shuttle\node_mo
dules\jsdom\lib\jsdom\living\events\EventTarget-impl.js:296:3)
    at EventTargetImpl._dispatch (D:\PROYEK WEB MASTER\APLIKASI\seat-shuttle\no
de_modules\jsdom\lib\jsdom\living\events\EventTarget-impl.js:243:9)
    at EventTargetImpl.dispatchEvent (D:\PROYEK WEB MASTER\APLIKASI\seat-shuttl
e\node_modules\jsdom\lib\jsdom\living\events\EventTarget-impl.js:114:17)
    at dispatchEvent (D:\PROYEK WEB MASTER\APLIKASI\seat-shuttle\node_modules\j
sdom\lib\generated\idl\EventTarget.js:241:34)
Error: Listener error
    at D:\PROYEK WEB MASTER\APLIKASI\seat-shuttle\src\test\realtimeTracking.tes
t.ts:201:15
    at mockCall (file:///D:/PROYEK%20WEB%20MASTER/APLIKASI/seat-shuttle/node_mo
dules/@vitest/spy/dist/index.js:96:15)
    at listener (file:///D:/PROYEK%20WEB%20MASTER/APLIKASI/seat-shuttle/node_mo
dules/tinyspy/dist/index.js:47:80)
    at pollingListener (D:\PROYEK WEB MASTER\APLIKASI\seat-shuttle\src\services
\realtimeTrackingService.ts:461:11)
    at callTheUserObjectsOperation (D:\PROYEK WEB MASTER\APLIKASI\seat-shuttle\
node_modules\jsdom\lib\generated\idl\EventListener.js:26:30)
    at innerInvokeEventListeners (D:\PROYEK WEB MASTER\APLIKASI\seat-shuttle\no
de_modules\jsdom\lib\jsdom\living\events\EventTarget-impl.js:360:16)
    at invokeEventListeners (D:\PROYEK WEB MASTER\APLIKASI\seat-shuttle\node_mo
dules\jsdom\lib\jsdom\living\events\EventTarget-impl.js:296:3)
    at EventTargetImpl._dispatch (D:\PROYEK WEB MASTER\APLIKASI\seat-shuttle\no
de_modules\jsdom\lib\jsdom\living\events\EventTarget-impl.js:243:9)
    at EventTargetImpl.dispatchEvent (D:\PROYEK WEB MASTER\APLIKASI\seat-shuttl
e\node_modules\jsdom\lib\jsdom\living\events\EventTarget-impl.js:114:17)
    at dispatchEvent (D:\PROYEK WEB MASTER\APLIKASI\seat-shuttle\node_modules\j
sdom\lib\generated\idl\EventTarget.js:241:34)
Error: Listener error
    at D:\PROYEK WEB MASTER\APLIKASI\seat-shuttle\src\test\realtimeTracking.tes
t.ts:201:15
    at mockCall (file:///D:/PROYEK%20WEB%20MASTER/APLIKASI/seat-shuttle/node_mo
dules/@vitest/spy/dist/index.js:96:15)
    at listener (file:///D:/PROYEK%20WEB%20MASTER/APLIKASI/seat-shuttle/node_mo
dules/tinyspy/dist/index.js:47:80)
    at pollingListener (D:\PROYEK WEB MASTER\APLIKASI\seat-shuttle\src\services
\realtimeTrackingService.ts:461:11)
    at callTheUserObjectsOperation (D:\PROYEK WEB MASTER\APLIKASI\seat-shuttle\
node_modules\jsdom\lib\generated\idl\EventListener.js:26:30)
    at innerInvokeEventListeners (D:\PROYEK WEB MASTER\APLIKASI\seat-shuttle\no
de_modules\jsdom\lib\jsdom\living\events\EventTarget-impl.js:360:16)
    at invokeEventListeners (D:\PROYEK WEB MASTER\APLIKASI\seat-shuttle\node_mo
dules\jsdom\lib\jsdom\living\events\EventTarget-impl.js:296:3)
    at EventTargetImpl._dispatch (D:\PROYEK WEB MASTER\APLIKASI\seat-shuttle\no
de_modules\jsdom\lib\jsdom\living\events\EventTarget-impl.js:243:9)
    at EventTargetImpl.dispatchEvent (D:\PROYEK WEB MASTER\APLIKASI\seat-shuttl
e\node_modules\jsdom\lib\jsdom\living\events\EventTarget-impl.js:114:17)
    at dispatchEvent (D:\PROYEK WEB MASTER\APLIKASI\seat-shuttle\node_modules\j
sdom\lib\generated\idl\EventTarget.js:241:34)
Error: Listener error
    at D:\PROYEK WEB MASTER\APLIKASI\seat-shuttle\src\test\realtimeTracking.tes
t.ts:201:15
    at mockCall (file:///D:/PROYEK%20WEB%20MASTER/APLIKASI/seat-shuttle/node_mo
dules/@vitest/spy/dist/index.js:96:15)
    at listener (file:///D:/PROYEK%20WEB%20MASTER/APLIKASI/seat-shuttle/node_mo
dules/tinyspy/dist/index.js:47:80)
    at pollingListener (D:\PROYEK WEB MASTER\APLIKASI\seat-shuttle\src\services
\realtimeTrackingService.ts:461:11)
    at callTheUserObjectsOperation (D:\PROYEK WEB MASTER\APLIKASI\seat-shuttle\
node_modules\jsdom\lib\generated\idl\EventListener.js:26:30)
    at innerInvokeEventListeners (D:\PROYEK WEB MASTER\APLIKASI\seat-shuttle\no
de_modules\jsdom\lib\jsdom\living\events\EventTarget-impl.js:360:16)
    at invokeEventListeners (D:\PROYEK WEB MASTER\APLIKASI\seat-shuttle\node_mo
dules\jsdom\lib\jsdom\living\events\EventTarget-impl.js:296:3)
    at EventTargetImpl._dispatch (D:\PROYEK WEB MASTER\APLIKASI\seat-shuttle\no
de_modules\jsdom\lib\jsdom\living\events\EventTarget-impl.js:243:9)
    at EventTargetImpl.dispatchEvent (D:\PROYEK WEB MASTER\APLIKASI\seat-shuttl
e\node_modules\jsdom\lib\jsdom\living\events\EventTarget-impl.js:114:17)
    at dispatchEvent (D:\PROYEK WEB MASTER\APLIKASI\seat-shuttle\node_modules\j
sdom\lib\generated\idl\EventTarget.js:241:34)
Error: Listener error
    at D:\PROYEK WEB MASTER\APLIKASI\seat-shuttle\src\test\realtimeTracking.tes
t.ts:201:15
    at mockCall (file:///D:/PROYEK%20WEB%20MASTER/APLIKASI/seat-shuttle/node_mo
dules/@vitest/spy/dist/index.js:96:15)
    at listener (file:///D:/PROYEK%20WEB%20MASTER/APLIKASI/seat-shuttle/node_mo
dules/tinyspy/dist/index.js:47:80)
    at pollingListener (D:\PROYEK WEB MASTER\APLIKASI\seat-shuttle\src\services
\realtimeTrackingService.ts:461:11)
    at callTheUserObjectsOperation (D:\PROYEK WEB MASTER\APLIKASI\seat-shuttle\
node_modules\jsdom\lib\generated\idl\EventListener.js:26:30)
    at innerInvokeEventListeners (D:\PROYEK WEB MASTER\APLIKASI\seat-shuttle\no
de_modules\jsdom\lib\jsdom\living\events\EventTarget-impl.js:360:16)
    at invokeEventListeners (D:\PROYEK WEB MASTER\APLIKASI\seat-shuttle\node_mo
dules\jsdom\lib\jsdom\living\events\EventTarget-impl.js:296:3)
    at EventTargetImpl._dispatch (D:\PROYEK WEB MASTER\APLIKASI\seat-shuttle\no
de_modules\jsdom\lib\jsdom\living\events\EventTarget-impl.js:243:9)
    at EventTargetImpl.dispatchEvent (D:\PROYEK WEB MASTER\APLIKASI\seat-shuttl
e\node_modules\jsdom\lib\jsdom\living\events\EventTarget-impl.js:114:17)
    at dispatchEvent (D:\PROYEK WEB MASTER\APLIKASI\seat-shuttle\node_modules\j
sdom\lib\generated\idl\EventTarget.js:241:34)
Error: Listener error
    at D:\PROYEK WEB MASTER\APLIKASI\seat-shuttle\src\test\realtimeTracking.tes
t.ts:201:15
    at mockCall (file:///D:/PROYEK%20WEB%20MASTER/APLIKASI/seat-shuttle/node_mo
dules/@vitest/spy/dist/index.js:96:15)
    at listener (file:///D:/PROYEK%20WEB%20MASTER/APLIKASI/seat-shuttle/node_mo
dules/tinyspy/dist/index.js:47:80)
    at pollingListener (D:\PROYEK WEB MASTER\APLIKASI\seat-shuttle\src\services
\realtimeTrackingService.ts:461:11)
    at callTheUserObjectsOperation (D:\PROYEK WEB MASTER\APLIKASI\seat-shuttle\
node_modules\jsdom\lib\generated\idl\EventListener.js:26:30)
    at innerInvokeEventListeners (D:\PROYEK WEB MASTER\APLIKASI\seat-shuttle\no
de_modules\jsdom\lib\jsdom\living\events\EventTarget-impl.js:360:16)
    at invokeEventListeners (D:\PROYEK WEB MASTER\APLIKASI\seat-shuttle\node_mo
dules\jsdom\lib\jsdom\living\events\EventTarget-impl.js:296:3)
    at EventTargetImpl._dispatch (D:\PROYEK WEB MASTER\APLIKASI\seat-shuttle\no
de_modules\jsdom\lib\jsdom\living\events\EventTarget-impl.js:243:9)
    at EventTargetImpl.dispatchEvent (D:\PROYEK WEB MASTER\APLIKASI\seat-shuttl
e\node_modules\jsdom\lib\jsdom\living\events\EventTarget-impl.js:114:17)
    at dispatchEvent (D:\PROYEK WEB MASTER\APLIKASI\seat-shuttle\node_modules\j
sdom\lib\generated\idl\EventTarget.js:241:34)
Error: Listener error
    at D:\PROYEK WEB MASTER\APLIKASI\seat-shuttle\src\test\realtimeTracking.tes
t.ts:201:15
    at mockCall (file:///D:/PROYEK%20WEB%20MASTER/APLIKASI/seat-shuttle/node_mo
dules/@vitest/spy/dist/index.js:96:15)
    at listener (file:///D:/PROYEK%20WEB%20MASTER/APLIKASI/seat-shuttle/node_mo
dules/tinyspy/dist/index.js:47:80)
    at pollingListener (D:\PROYEK WEB MASTER\APLIKASI\seat-shuttle\src\services
\realtimeTrackingService.ts:461:11)
    at callTheUserObjectsOperation (D:\PROYEK WEB MASTER\APLIKASI\seat-shuttle\
node_modules\jsdom\lib\generated\idl\EventListener.js:26:30)
    at innerInvokeEventListeners (D:\PROYEK WEB MASTER\APLIKASI\seat-shuttle\no
de_modules\jsdom\lib\jsdom\living\events\EventTarget-impl.js:360:16)
    at invokeEventListeners (D:\PROYEK WEB MASTER\APLIKASI\seat-shuttle\node_mo
dules\jsdom\lib\jsdom\living\events\EventTarget-impl.js:296:3)
    at EventTargetImpl._dispatch (D:\PROYEK WEB MASTER\APLIKASI\seat-shuttle\no
de_modules\jsdom\lib\jsdom\living\events\EventTarget-impl.js:243:9)
    at EventTargetImpl.dispatchEvent (D:\PROYEK WEB MASTER\APLIKASI\seat-shuttl
e\node_modules\jsdom\lib\jsdom\living\events\EventTarget-impl.js:114:17)
    at dispatchEvent (D:\PROYEK WEB MASTER\APLIKASI\seat-shuttle\node_modules\j
sdom\lib\generated\idl\EventTarget.js:241:34)
Error: Listener error
    at D:\PROYEK WEB MASTER\APLIKASI\seat-shuttle\src\test\realtimeTracking.tes
t.ts:201:15
    at mockCall (file:///D:/PROYEK%20WEB%20MASTER/APLIKASI/seat-shuttle/node_mo
dules/@vitest/spy/dist/index.js:96:15)
    at listener (file:///D:/PROYEK%20WEB%20MASTER/APLIKASI/seat-shuttle/node_mo
dules/tinyspy/dist/index.js:47:80)
    at pollingListener (D:\PROYEK WEB MASTER\APLIKASI\seat-shuttle\src\services
\realtimeTrackingService.ts:461:11)
    at callTheUserObjectsOperation (D:\PROYEK WEB MASTER\APLIKASI\seat-shuttle\
node_modules\jsdom\lib\generated\idl\EventListener.js:26:30)
    at innerInvokeEventListeners (D:\PROYEK WEB MASTER\APLIKASI\seat-shuttle\no
de_modules\jsdom\lib\jsdom\living\events\EventTarget-impl.js:360:16)
    at invokeEventListeners (D:\PROYEK WEB MASTER\APLIKASI\seat-shuttle\node_mo
dules\jsdom\lib\jsdom\living\events\EventTarget-impl.js:296:3)
    at EventTargetImpl._dispatch (D:\PROYEK WEB MASTER\APLIKASI\seat-shuttle\no
de_modules\jsdom\lib\jsdom\living\events\EventTarget-impl.js:243:9)
    at EventTargetImpl.dispatchEvent (D:\PROYEK WEB MASTER\APLIKASI\seat-shuttl
e\node_modules\jsdom\lib\jsdom\living\events\EventTarget-impl.js:114:17)
    at dispatchEvent (D:\PROYEK WEB MASTER\APLIKASI\seat-shuttle\node_modules\j
sdom\lib\generated\idl\EventTarget.js:241:34)
Error: Listener error
    at D:\PROYEK WEB MASTER\APLIKASI\seat-shuttle\src\test\realtimeTracking.tes
t.ts:201:15
    at mockCall (file:///D:/PROYEK%20WEB%20MASTER/APLIKASI/seat-shuttle/node_mo
dules/@vitest/spy/dist/index.js:96:15)
    at listener (file:///D:/PROYEK%20WEB%20MASTER/APLIKASI/seat-shuttle/node_mo
dules/tinyspy/dist/index.js:47:80)
    at pollingListener (D:\PROYEK WEB MASTER\APLIKASI\seat-shuttle\src\services
\realtimeTrackingService.ts:461:11)
    at callTheUserObjectsOperation (D:\PROYEK WEB MASTER\APLIKASI\seat-shuttle\
node_modules\jsdom\lib\generated\idl\EventListener.js:26:30)
    at innerInvokeEventListeners (D:\PROYEK WEB MASTER\APLIKASI\seat-shuttle\no
de_modules\jsdom\lib\jsdom\living\events\EventTarget-impl.js:360:16)
    at invokeEventListeners (D:\PROYEK WEB MASTER\APLIKASI\seat-shuttle\node_mo
dules\jsdom\lib\jsdom\living\events\EventTarget-impl.js:296:3)
    at EventTargetImpl._dispatch (D:\PROYEK WEB MASTER\APLIKASI\seat-shuttle\no
de_modules\jsdom\lib\jsdom\living\events\EventTarget-impl.js:243:9)
    at EventTargetImpl.dispatchEvent (D:\PROYEK WEB MASTER\APLIKASI\seat-shuttl
e\node_modules\jsdom\lib\jsdom\living\events\EventTarget-impl.js:114:17)
    at dispatchEvent (D:\PROYEK WEB MASTER\APLIKASI\seat-shuttle\node_modules\j
sdom\lib\generated\idl\EventTarget.js:241:34)
Error: Listener error
    at D:\PROYEK WEB MASTER\APLIKASI\seat-shuttle\src\test\realtimeTracking.tes
t.ts:201:15
    at mockCall (file:///D:/PROYEK%20WEB%20MASTER/APLIKASI/seat-shuttle/node_mo
dules/@vitest/spy/dist/index.js:96:15)
    at listener (file:///D:/PROYEK%20WEB%20MASTER/APLIKASI/seat-shuttle/node_mo
dules/tinyspy/dist/index.js:47:80)
    at pollingListener (D:\PROYEK WEB MASTER\APLIKASI\seat-shuttle\src\services
\realtimeTrackingService.ts:461:11)
    at callTheUserObjectsOperation (D:\PROYEK WEB MASTER\APLIKASI\seat-shuttle\
node_modules\jsdom\lib\generated\idl\EventListener.js:26:30)
    at innerInvokeEventListeners (D:\PROYEK WEB MASTER\APLIKASI\seat-shuttle\no
de_modules\jsdom\lib\jsdom\living\events\EventTarget-impl.js:360:16)
    at invokeEventListeners (D:\PROYEK WEB MASTER\APLIKASI\seat-shuttle\node_mo
dules\jsdom\lib\jsdom\living\events\EventTarget-impl.js:296:3)
    at EventTargetImpl._dispatch (D:\PROYEK WEB MASTER\APLIKASI\seat-shuttle\no
de_modules\jsdom\lib\jsdom\living\events\EventTarget-impl.js:243:9)
    at EventTargetImpl.dispatchEvent (D:\PROYEK WEB MASTER\APLIKASI\seat-shuttl
e\node_modules\jsdom\lib\jsdom\living\events\EventTarget-impl.js:114:17)
    at dispatchEvent (D:\PROYEK WEB MASTER\APLIKASI\seat-shuttle\node_modules\j
sdom\lib\generated\idl\EventTarget.js:241:34)
Error: Listener error
    at D:\PROYEK WEB MASTER\APLIKASI\seat-shuttle\src\test\realtimeTracking.tes
t.ts:201:15
    at mockCall (file:///D:/PROYEK%20WEB%20MASTER/APLIKASI/seat-shuttle/node_mo
dules/@vitest/spy/dist/index.js:96:15)
    at listener (file:///D:/PROYEK%20WEB%20MASTER/APLIKASI/seat-shuttle/node_mo
dules/tinyspy/dist/index.js:47:80)
    at pollingListener (D:\PROYEK WEB MASTER\APLIKASI\seat-shuttle\src\services
\realtimeTrackingService.ts:461:11)
    at callTheUserObjectsOperation (D:\PROYEK WEB MASTER\APLIKASI\seat-shuttle\
node_modules\jsdom\lib\generated\idl\EventListener.js:26:30)
    at innerInvokeEventListeners (D:\PROYEK WEB MASTER\APLIKASI\seat-shuttle\no
de_modules\jsdom\lib\jsdom\living\events\EventTarget-impl.js:360:16)
    at invokeEventListeners (D:\PROYEK WEB MASTER\APLIKASI\seat-shuttle\node_mo
dules\jsdom\lib\jsdom\living\events\EventTarget-impl.js:296:3)
    at EventTargetImpl._dispatch (D:\PROYEK WEB MASTER\APLIKASI\seat-shuttle\no
de_modules\jsdom\lib\jsdom\living\events\EventTarget-impl.js:243:9)
    at EventTargetImpl.dispatchEvent (D:\PROYEK WEB MASTER\APLIKASI\seat-shuttl
e\node_modules\jsdom\lib\jsdom\living\events\EventTarget-impl.js:114:17)
    at dispatchEvent (D:\PROYEK WEB MASTER\APLIKASI\seat-shuttle\node_modules\j
sdom\lib\generated\idl\EventTarget.js:241:34)
Error: Listener error
    at D:\PROYEK WEB MASTER\APLIKASI\seat-shuttle\src\test\realtimeTracking.tes
t.ts:201:15
    at mockCall (file:///D:/PROYEK%20WEB%20MASTER/APLIKASI/seat-shuttle/node_mo
dules/@vitest/spy/dist/index.js:96:15)
    at listener (file:///D:/PROYEK%20WEB%20MASTER/APLIKASI/seat-shuttle/node_mo
dules/tinyspy/dist/index.js:47:80)
    at pollingListener (D:\PROYEK WEB MASTER\APLIKASI\seat-shuttle\src\services
\realtimeTrackingService.ts:461:11)
    at callTheUserObjectsOperation (D:\PROYEK WEB MASTER\APLIKASI\seat-shuttle\
node_modules\jsdom\lib\generated\idl\EventListener.js:26:30)
    at innerInvokeEventListeners (D:\PROYEK WEB MASTER\APLIKASI\seat-shuttle\no
de_modules\jsdom\lib\jsdom\living\events\EventTarget-impl.js:360:16)
    at invokeEventListeners (D:\PROYEK WEB MASTER\APLIKASI\seat-shuttle\node_mo
dules\jsdom\lib\jsdom\living\events\EventTarget-impl.js:296:3)
    at EventTargetImpl._dispatch (D:\PROYEK WEB MASTER\APLIKASI\seat-shuttle\no
de_modules\jsdom\lib\jsdom\living\events\EventTarget-impl.js:243:9)
    at EventTargetImpl.dispatchEvent (D:\PROYEK WEB MASTER\APLIKASI\seat-shuttl
e\node_modules\jsdom\lib\jsdom\living\events\EventTarget-impl.js:114:17)
    at dispatchEvent (D:\PROYEK WEB MASTER\APLIKASI\seat-shuttle\node_modules\j
sdom\lib\generated\idl\EventTarget.js:241:34)
Error: Listener error
    at D:\PROYEK WEB MASTER\APLIKASI\seat-shuttle\src\test\realtimeTracking.tes
t.ts:201:15
    at mockCall (file:///D:/PROYEK%20WEB%20MASTER/APLIKASI/seat-shuttle/node_mo
dules/@vitest/spy/dist/index.js:96:15)
    at listener (file:///D:/PROYEK%20WEB%20MASTER/APLIKASI/seat-shuttle/node_mo
dules/tinyspy/dist/index.js:47:80)
    at pollingListener (D:\PROYEK WEB MASTER\APLIKASI\seat-shuttle\src\services
\realtimeTrackingService.ts:461:11)
    at callTheUserObjectsOperation (D:\PROYEK WEB MASTER\APLIKASI\seat-shuttle\
node_modules\jsdom\lib\generated\idl\EventListener.js:26:30)
    at innerInvokeEventListeners (D:\PROYEK WEB MASTER\APLIKASI\seat-shuttle\no
de_modules\jsdom\lib\jsdom\living\events\EventTarget-impl.js:360:16)
    at invokeEventListeners (D:\PROYEK WEB MASTER\APLIKASI\seat-shuttle\node_mo
dules\jsdom\lib\jsdom\living\events\EventTarget-impl.js:296:3)
    at EventTargetImpl._dispatch (D:\PROYEK WEB MASTER\APLIKASI\seat-shuttle\no
de_modules\jsdom\lib\jsdom\living\events\EventTarget-impl.js:243:9)
    at EventTargetImpl.dispatchEvent (D:\PROYEK WEB MASTER\APLIKASI\seat-shuttl
e\node_modules\jsdom\lib\jsdom\living\events\EventTarget-impl.js:114:17)
    at dispatchEvent (D:\PROYEK WEB MASTER\APLIKASI\seat-shuttle\node_modules\j
sdom\lib\generated\idl\EventTarget.js:241:34)
Error: Listener error
    at D:\PROYEK WEB MASTER\APLIKASI\seat-shuttle\src\test\realtimeTracking.tes
t.ts:201:15
    at mockCall (file:///D:/PROYEK%20WEB%20MASTER/APLIKASI/seat-shuttle/node_mo
dules/@vitest/spy/dist/index.js:96:15)
    at listener (file:///D:/PROYEK%20WEB%20MASTER/APLIKASI/seat-shuttle/node_mo
dules/tinyspy/dist/index.js:47:80)
    at pollingListener (D:\PROYEK WEB MASTER\APLIKASI\seat-shuttle\src\services
\realtimeTrackingService.ts:461:11)
    at callTheUserObjectsOperation (D:\PROYEK WEB MASTER\APLIKASI\seat-shuttle\
node_modules\jsdom\lib\generated\idl\EventListener.js:26:30)
    at innerInvokeEventListeners (D:\PROYEK WEB MASTER\APLIKASI\seat-shuttle\no
de_modules\jsdom\lib\jsdom\living\events\EventTarget-impl.js:360:16)
    at invokeEventListeners (D:\PROYEK WEB MASTER\APLIKASI\seat-shuttle\node_mo
dules\jsdom\lib\jsdom\living\events\EventTarget-impl.js:296:3)
    at EventTargetImpl._dispatch (D:\PROYEK WEB MASTER\APLIKASI\seat-shuttle\no
de_modules\jsdom\lib\jsdom\living\events\EventTarget-impl.js:243:9)
    at EventTargetImpl.dispatchEvent (D:\PROYEK WEB MASTER\APLIKASI\seat-shuttl
e\node_modules\jsdom\lib\jsdom\living\events\EventTarget-impl.js:114:17)
    at dispatchEvent (D:\PROYEK WEB MASTER\APLIKASI\seat-shuttle\node_modules\j
sdom\lib\generated\idl\EventTarget.js:241:34)
Error: Listener error
    at D:\PROYEK WEB MASTER\APLIKASI\seat-shuttle\src\test\realtimeTracking.tes
t.ts:201:15
    at mockCall (file:///D:/PROYEK%20WEB%20MASTER/APLIKASI/seat-shuttle/node_mo
dules/@vitest/spy/dist/index.js:96:15)
    at listener (file:///D:/PROYEK%20WEB%20MASTER/APLIKASI/seat-shuttle/node_mo
dules/tinyspy/dist/index.js:47:80)
    at pollingListener (D:\PROYEK WEB MASTER\APLIKASI\seat-shuttle\src\services
\realtimeTrackingService.ts:461:11)
    at callTheUserObjectsOperation (D:\PROYEK WEB MASTER\APLIKASI\seat-shuttle\
node_modules\jsdom\lib\generated\idl\EventListener.js:26:30)
    at innerInvokeEventListeners (D:\PROYEK WEB MASTER\APLIKASI\seat-shuttle\no
de_modules\jsdom\lib\jsdom\living\events\EventTarget-impl.js:360:16)
    at invokeEventListeners (D:\PROYEK WEB MASTER\APLIKASI\seat-shuttle\node_mo
dules\jsdom\lib\jsdom\living\events\EventTarget-impl.js:296:3)
    at EventTargetImpl._dispatch (D:\PROYEK WEB MASTER\APLIKASI\seat-shuttle\no
de_modules\jsdom\lib\jsdom\living\events\EventTarget-impl.js:243:9)
    at EventTargetImpl.dispatchEvent (D:\PROYEK WEB MASTER\APLIKASI\seat-shuttl
e\node_modules\jsdom\lib\jsdom\living\events\EventTarget-impl.js:114:17)
    at dispatchEvent (D:\PROYEK WEB MASTER\APLIKASI\seat-shuttle\node_modules\j
sdom\lib\generated\idl\EventTarget.js:241:34)
Error: Listener error
    at D:\PROYEK WEB MASTER\APLIKASI\seat-shuttle\src\test\realtimeTracking.tes
t.ts:201:15
    at mockCall (file:///D:/PROYEK%20WEB%20MASTER/APLIKASI/seat-shuttle/node_mo
dules/@vitest/spy/dist/index.js:96:15)
    at listener (file:///D:/PROYEK%20WEB%20MASTER/APLIKASI/seat-shuttle/node_mo
dules/tinyspy/dist/index.js:47:80)
    at pollingListener (D:\PROYEK WEB MASTER\APLIKASI\seat-shuttle\src\services
\realtimeTrackingService.ts:461:11)
    at callTheUserObjectsOperation (D:\PROYEK WEB MASTER\APLIKASI\seat-shuttle\
node_modules\jsdom\lib\generated\idl\EventListener.js:26:30)
    at innerInvokeEventListeners (D:\PROYEK WEB MASTER\APLIKASI\seat-shuttle\no
de_modules\jsdom\lib\jsdom\living\events\EventTarget-impl.js:360:16)
    at invokeEventListeners (D:\PROYEK WEB MASTER\APLIKASI\seat-shuttle\node_mo
dules\jsdom\lib\jsdom\living\events\EventTarget-impl.js:296:3)
    at EventTargetImpl._dispatch (D:\PROYEK WEB MASTER\APLIKASI\seat-shuttle\no
de_modules\jsdom\lib\jsdom\living\events\EventTarget-impl.js:243:9)
    at EventTargetImpl.dispatchEvent (D:\PROYEK WEB MASTER\APLIKASI\seat-shuttl
e\node_modules\jsdom\lib\jsdom\living\events\EventTarget-impl.js:114:17)
    at dispatchEvent (D:\PROYEK WEB MASTER\APLIKASI\seat-shuttle\node_modules\j
sdom\lib\generated\idl\EventTarget.js:241:34)
Error: Listener error
    at D:\PROYEK WEB MASTER\APLIKASI\seat-shuttle\src\test\realtimeTracking.tes
t.ts:201:15
    at mockCall (file:///D:/PROYEK%20WEB%20MASTER/APLIKASI/seat-shuttle/node_mo
dules/@vitest/spy/dist/index.js:96:15)
    at listener (file:///D:/PROYEK%20WEB%20MASTER/APLIKASI/seat-shuttle/node_mo
dules/tinyspy/dist/index.js:47:80)
    at pollingListener (D:\PROYEK WEB MASTER\APLIKASI\seat-shuttle\src\services
\realtimeTrackingService.ts:461:11)
    at callTheUserObjectsOperation (D:\PROYEK WEB MASTER\APLIKASI\seat-shuttle\
node_modules\jsdom\lib\generated\idl\EventListener.js:26:30)
    at innerInvokeEventListeners (D:\PROYEK WEB MASTER\APLIKASI\seat-shuttle\no
de_modules\jsdom\lib\jsdom\living\events\EventTarget-impl.js:360:16)
    at invokeEventListeners (D:\PROYEK WEB MASTER\APLIKASI\seat-shuttle\node_mo
dules\jsdom\lib\jsdom\living\events\EventTarget-impl.js:296:3)
    at EventTargetImpl._dispatch (D:\PROYEK WEB MASTER\APLIKASI\seat-shuttle\no
de_modules\jsdom\lib\jsdom\living\events\EventTarget-impl.js:243:9)
    at EventTargetImpl.dispatchEvent (D:\PROYEK WEB MASTER\APLIKASI\seat-shuttl
e\node_modules\jsdom\lib\jsdom\living\events\EventTarget-impl.js:114:17)
    at dispatchEvent (D:\PROYEK WEB MASTER\APLIKASI\seat-shuttle\node_modules\j
sdom\lib\generated\idl\EventTarget.js:241:34)
Error: Listener error
    at D:\PROYEK WEB MASTER\APLIKASI\seat-shuttle\src\test\realtimeTracking.tes
t.ts:201:15
    at mockCall (file:///D:/PROYEK%20WEB%20MASTER/APLIKASI/seat-shuttle/node_mo
dules/@vitest/spy/dist/index.js:96:15)
    at listener (file:///D:/PROYEK%20WEB%20MASTER/APLIKASI/seat-shuttle/node_mo
dules/tinyspy/dist/index.js:47:80)
    at pollingListener (D:\PROYEK WEB MASTER\APLIKASI\seat-shuttle\src\services
\realtimeTrackingService.ts:461:11)
    at callTheUserObjectsOperation (D:\PROYEK WEB MASTER\APLIKASI\seat-shuttle\
node_modules\jsdom\lib\generated\idl\EventListener.js:26:30)
    at innerInvokeEventListeners (D:\PROYEK WEB MASTER\APLIKASI\seat-shuttle\no
de_modules\jsdom\lib\jsdom\living\events\EventTarget-impl.js:360:16)
    at invokeEventListeners (D:\PROYEK WEB MASTER\APLIKASI\seat-shuttle\node_mo
dules\jsdom\lib\jsdom\living\events\EventTarget-impl.js:296:3)
    at EventTargetImpl._dispatch (D:\PROYEK WEB MASTER\APLIKASI\seat-shuttle\no
de_modules\jsdom\lib\jsdom\living\events\EventTarget-impl.js:243:9)
    at EventTargetImpl.dispatchEvent (D:\PROYEK WEB MASTER\APLIKASI\seat-shuttl
e\node_modules\jsdom\lib\jsdom\living\events\EventTarget-impl.js:114:17)
    at dispatchEvent (D:\PROYEK WEB MASTER\APLIKASI\seat-shuttle\node_modules\j
sdom\lib\generated\idl\EventTarget.js:241:34)
Error: Listener error
    at D:\PROYEK WEB MASTER\APLIKASI\seat-shuttle\src\test\realtimeTracking.tes
t.ts:201:15
    at mockCall (file:///D:/PROYEK%20WEB%20MASTER/APLIKASI/seat-shuttle/node_mo
dules/@vitest/spy/dist/index.js:96:15)
    at listener (file:///D:/PROYEK%20WEB%20MASTER/APLIKASI/seat-shuttle/node_mo
dules/tinyspy/dist/index.js:47:80)
    at pollingListener (D:\PROYEK WEB MASTER\APLIKASI\seat-shuttle\src\services
\realtimeTrackingService.ts:461:11)
    at callTheUserObjectsOperation (D:\PROYEK WEB MASTER\APLIKASI\seat-shuttle\
node_modules\jsdom\lib\generated\idl\EventListener.js:26:30)
    at innerInvokeEventListeners (D:\PROYEK WEB MASTER\APLIKASI\seat-shuttle\no
de_modules\jsdom\lib\jsdom\living\events\EventTarget-impl.js:360:16)
    at invokeEventListeners (D:\PROYEK WEB MASTER\APLIKASI\seat-shuttle\node_mo
dules\jsdom\lib\jsdom\living\events\EventTarget-impl.js:296:3)
    at EventTargetImpl._dispatch (D:\PROYEK WEB MASTER\APLIKASI\seat-shuttle\no
de_modules\jsdom\lib\jsdom\living\events\EventTarget-impl.js:243:9)
    at EventTargetImpl.dispatchEvent (D:\PROYEK WEB MASTER\APLIKASI\seat-shuttl
e\node_modules\jsdom\lib\jsdom\living\events\EventTarget-impl.js:114:17)
    at dispatchEvent (D:\PROYEK WEB MASTER\APLIKASI\seat-shuttle\node_modules\j
sdom\lib\generated\idl\EventTarget.js:241:34)
Error: Listener error
    at D:\PROYEK WEB MASTER\APLIKASI\seat-shuttle\src\test\realtimeTracking.tes
t.ts:201:15
    at mockCall (file:///D:/PROYEK%20WEB%20MASTER/APLIKASI/seat-shuttle/node_mo
dules/@vitest/spy/dist/index.js:96:15)
    at listener (file:///D:/PROYEK%20WEB%20MASTER/APLIKASI/seat-shuttle/node_mo
dules/tinyspy/dist/index.js:47:80)
    at pollingListener (D:\PROYEK WEB MASTER\APLIKASI\seat-shuttle\src\services
\realtimeTrackingService.ts:461:11)
    at callTheUserObjectsOperation (D:\PROYEK WEB MASTER\APLIKASI\seat-shuttle\
node_modules\jsdom\lib\generated\idl\EventListener.js:26:30)
    at innerInvokeEventListeners (D:\PROYEK WEB MASTER\APLIKASI\seat-shuttle\no
de_modules\jsdom\lib\jsdom\living\events\EventTarget-impl.js:360:16)
    at invokeEventListeners (D:\PROYEK WEB MASTER\APLIKASI\seat-shuttle\node_mo
dules\jsdom\lib\jsdom\living\events\EventTarget-impl.js:296:3)
    at EventTargetImpl._dispatch (D:\PROYEK WEB MASTER\APLIKASI\seat-shuttle\no
de_modules\jsdom\lib\jsdom\living\events\EventTarget-impl.js:243:9)
    at EventTargetImpl.dispatchEvent (D:\PROYEK WEB MASTER\APLIKASI\seat-shuttl
e\node_modules\jsdom\lib\jsdom\living\events\EventTarget-impl.js:114:17)
    at dispatchEvent (D:\PROYEK WEB MASTER\APLIKASI\seat-shuttle\node_modules\j
sdom\lib\generated\idl\EventTarget.js:241:34)
Error: Listener error
    at D:\PROYEK WEB MASTER\APLIKASI\seat-shuttle\src\test\realtimeTracking.tes
t.ts:201:15
    at mockCall (file:///D:/PROYEK%20WEB%20MASTER/APLIKASI/seat-shuttle/node_mo
dules/@vitest/spy/dist/index.js:96:15)
    at listener (file:///D:/PROYEK%20WEB%20MASTER/APLIKASI/seat-shuttle/node_mo
dules/tinyspy/dist/index.js:47:80)
    at pollingListener (D:\PROYEK WEB MASTER\APLIKASI\seat-shuttle\src\services
\realtimeTrackingService.ts:461:11)
    at callTheUserObjectsOperation (D:\PROYEK WEB MASTER\APLIKASI\seat-shuttle\
node_modules\jsdom\lib\generated\idl\EventListener.js:26:30)
    at innerInvokeEventListeners (D:\PROYEK WEB MASTER\APLIKASI\seat-shuttle\no
de_modules\jsdom\lib\jsdom\living\events\EventTarget-impl.js:360:16)
    at invokeEventListeners (D:\PROYEK WEB MASTER\APLIKASI\seat-shuttle\node_mo
dules\jsdom\lib\jsdom\living\events\EventTarget-impl.js:296:3)
    at EventTargetImpl._dispatch (D:\PROYEK WEB MASTER\APLIKASI\seat-shuttle\no
de_modules\jsdom\lib\jsdom\living\events\EventTarget-impl.js:243:9)
    at EventTargetImpl.dispatchEvent (D:\PROYEK WEB MASTER\APLIKASI\seat-shuttl
e\node_modules\jsdom\lib\jsdom\living\events\EventTarget-impl.js:114:17)
    at dispatchEvent (D:\PROYEK WEB MASTER\APLIKASI\seat-shuttle\node_modules\j
sdom\lib\generated\idl\EventTarget.js:241:34)
Error: Listener error
    at D:\PROYEK WEB MASTER\APLIKASI\seat-shuttle\src\test\realtimeTracking.tes
t.ts:201:15
    at mockCall (file:///D:/PROYEK%20WEB%20MASTER/APLIKASI/seat-shuttle/node_mo
dules/@vitest/spy/dist/index.js:96:15)
    at listener (file:///D:/PROYEK%20WEB%20MASTER/APLIKASI/seat-shuttle/node_mo
dules/tinyspy/dist/index.js:47:80)
    at pollingListener (D:\PROYEK WEB MASTER\APLIKASI\seat-shuttle\src\services
\realtimeTrackingService.ts:461:11)
    at callTheUserObjectsOperation (D:\PROYEK WEB MASTER\APLIKASI\seat-shuttle\
node_modules\jsdom\lib\generated\idl\EventListener.js:26:30)
    at innerInvokeEventListeners (D:\PROYEK WEB MASTER\APLIKASI\seat-shuttle\no
de_modules\jsdom\lib\jsdom\living\events\EventTarget-impl.js:360:16)
    at invokeEventListeners (D:\PROYEK WEB MASTER\APLIKASI\seat-shuttle\node_mo
dules\jsdom\lib\jsdom\living\events\EventTarget-impl.js:296:3)
    at EventTargetImpl._dispatch (D:\PROYEK WEB MASTER\APLIKASI\seat-shuttle\no
de_modules\jsdom\lib\jsdom\living\events\EventTarget-impl.js:243:9)
    at EventTargetImpl.dispatchEvent (D:\PROYEK WEB MASTER\APLIKASI\seat-shuttl
e\node_modules\jsdom\lib\jsdom\living\events\EventTarget-impl.js:114:17)
    at dispatchEvent (D:\PROYEK WEB MASTER\APLIKASI\seat-shuttle\node_modules\j
sdom\lib\generated\idl\EventTarget.js:241:34)
Error: Listener error
    at D:\PROYEK WEB MASTER\APLIKASI\seat-shuttle\src\test\realtimeTracking.tes
t.ts:201:15
    at mockCall (file:///D:/PROYEK%20WEB%20MASTER/APLIKASI/seat-shuttle/node_mo
dules/@vitest/spy/dist/index.js:96:15)
    at listener (file:///D:/PROYEK%20WEB%20MASTER/APLIKASI/seat-shuttle/node_mo
dules/tinyspy/dist/index.js:47:80)
    at pollingListener (D:\PROYEK WEB MASTER\APLIKASI\seat-shuttle\src\services
\realtimeTrackingService.ts:461:11)
    at callTheUserObjectsOperation (D:\PROYEK WEB MASTER\APLIKASI\seat-shuttle\
node_modules\jsdom\lib\generated\idl\EventListener.js:26:30)
    at innerInvokeEventListeners (D:\PROYEK WEB MASTER\APLIKASI\seat-shuttle\no
de_modules\jsdom\lib\jsdom\living\events\EventTarget-impl.js:360:16)
    at invokeEventListeners (D:\PROYEK WEB MASTER\APLIKASI\seat-shuttle\node_mo
dules\jsdom\lib\jsdom\living\events\EventTarget-impl.js:296:3)
    at EventTargetImpl._dispatch (D:\PROYEK WEB MASTER\APLIKASI\seat-shuttle\no
de_modules\jsdom\lib\jsdom\living\events\EventTarget-impl.js:243:9)
    at EventTargetImpl.dispatchEvent (D:\PROYEK WEB MASTER\APLIKASI\seat-shuttl
e\node_modules\jsdom\lib\jsdom\living\events\EventTarget-impl.js:114:17)
    at dispatchEvent (D:\PROYEK WEB MASTER\APLIKASI\seat-shuttle\node_modules\j
sdom\lib\generated\idl\EventTarget.js:241:34)
Error: Listener error
    at D:\PROYEK WEB MASTER\APLIKASI\seat-shuttle\src\test\realtimeTracking.tes
t.ts:201:15
    at mockCall (file:///D:/PROYEK%20WEB%20MASTER/APLIKASI/seat-shuttle/node_mo
dules/@vitest/spy/dist/index.js:96:15)
    at listener (file:///D:/PROYEK%20WEB%20MASTER/APLIKASI/seat-shuttle/node_mo
dules/tinyspy/dist/index.js:47:80)
    at pollingListener (D:\PROYEK WEB MASTER\APLIKASI\seat-shuttle\src\services
\realtimeTrackingService.ts:461:11)
    at callTheUserObjectsOperation (D:\PROYEK WEB MASTER\APLIKASI\seat-shuttle\
node_modules\jsdom\lib\generated\idl\EventListener.js:26:30)
    at innerInvokeEventListeners (D:\PROYEK WEB MASTER\APLIKASI\seat-shuttle\no
de_modules\jsdom\lib\jsdom\living\events\EventTarget-impl.js:360:16)
    at invokeEventListeners (D:\PROYEK WEB MASTER\APLIKASI\seat-shuttle\node_mo
dules\jsdom\lib\jsdom\living\events\EventTarget-impl.js:296:3)
    at EventTargetImpl._dispatch (D:\PROYEK WEB MASTER\APLIKASI\seat-shuttle\no
de_modules\jsdom\lib\jsdom\living\events\EventTarget-impl.js:243:9)
    at EventTargetImpl.dispatchEvent (D:\PROYEK WEB MASTER\APLIKASI\seat-shuttl
e\node_modules\jsdom\lib\jsdom\living\events\EventTarget-impl.js:114:17)
    at dispatchEvent (D:\PROYEK WEB MASTER\APLIKASI\seat-shuttle\node_modules\j
sdom\lib\generated\idl\EventTarget.js:241:34)
Error: Listener error
    at D:\PROYEK WEB MASTER\APLIKASI\seat-shuttle\src\test\realtimeTracking.tes
t.ts:201:15
    at mockCall (file:///D:/PROYEK%20WEB%20MASTER/APLIKASI/seat-shuttle/node_mo
dules/@vitest/spy/dist/index.js:96:15)
    at listener (file:///D:/PROYEK%20WEB%20MASTER/APLIKASI/seat-shuttle/node_mo
dules/tinyspy/dist/index.js:47:80)
    at pollingListener (D:\PROYEK WEB MASTER\APLIKASI\seat-shuttle\src\services
\realtimeTrackingService.ts:461:11)
    at callTheUserObjectsOperation (D:\PROYEK WEB MASTER\APLIKASI\seat-shuttle\
node_modules\jsdom\lib\generated\idl\EventListener.js:26:30)
    at innerInvokeEventListeners (D:\PROYEK WEB MASTER\APLIKASI\seat-shuttle\no
de_modules\jsdom\lib\jsdom\living\events\EventTarget-impl.js:360:16)
    at invokeEventListeners (D:\PROYEK WEB MASTER\APLIKASI\seat-shuttle\node_mo
dules\jsdom\lib\jsdom\living\events\EventTarget-impl.js:296:3)
    at EventTargetImpl._dispatch (D:\PROYEK WEB MASTER\APLIKASI\seat-shuttle\no
de_modules\jsdom\lib\jsdom\living\events\EventTarget-impl.js:243:9)
    at EventTargetImpl.dispatchEvent (D:\PROYEK WEB MASTER\APLIKASI\seat-shuttl
e\node_modules\jsdom\lib\jsdom\living\events\EventTarget-impl.js:114:17)
    at dispatchEvent (D:\PROYEK WEB MASTER\APLIKASI\seat-shuttle\node_modules\j
sdom\lib\generated\idl\EventTarget.js:241:34)
Error: Listener error
    at D:\PROYEK WEB MASTER\APLIKASI\seat-shuttle\src\test\realtimeTracking.tes
t.ts:201:15
    at mockCall (file:///D:/PROYEK%20WEB%20MASTER/APLIKASI/seat-shuttle/node_mo
dules/@vitest/spy/dist/index.js:96:15)
    at listener (file:///D:/PROYEK%20WEB%20MASTER/APLIKASI/seat-shuttle/node_mo
dules/tinyspy/dist/index.js:47:80)
    at pollingListener (D:\PROYEK WEB MASTER\APLIKASI\seat-shuttle\src\services
\realtimeTrackingService.ts:461:11)
    at callTheUserObjectsOperation (D:\PROYEK WEB MASTER\APLIKASI\seat-shuttle\
node_modules\jsdom\lib\generated\idl\EventListener.js:26:30)
    at innerInvokeEventListeners (D:\PROYEK WEB MASTER\APLIKASI\seat-shuttle\no
de_modules\jsdom\lib\jsdom\living\events\EventTarget-impl.js:360:16)
    at invokeEventListeners (D:\PROYEK WEB MASTER\APLIKASI\seat-shuttle\node_mo
dules\jsdom\lib\jsdom\living\events\EventTarget-impl.js:296:3)
    at EventTargetImpl._dispatch (D:\PROYEK WEB MASTER\APLIKASI\seat-shuttle\no
de_modules\jsdom\lib\jsdom\living\events\EventTarget-impl.js:243:9)
    at EventTargetImpl.dispatchEvent (D:\PROYEK WEB MASTER\APLIKASI\seat-shuttl
e\node_modules\jsdom\lib\jsdom\living\events\EventTarget-impl.js:114:17)
    at dispatchEvent (D:\PROYEK WEB MASTER\APLIKASI\seat-shuttle\node_modules\j
sdom\lib\generated\idl\EventTarget.js:241:34)
Error: Listener error
    at D:\PROYEK WEB MASTER\APLIKASI\seat-shuttle\src\test\realtimeTracking.tes
t.ts:201:15
    at mockCall (file:///D:/PROYEK%20WEB%20MASTER/APLIKASI/seat-shuttle/node_mo
dules/@vitest/spy/dist/index.js:96:15)
    at listener (file:///D:/PROYEK%20WEB%20MASTER/APLIKASI/seat-shuttle/node_mo
dules/tinyspy/dist/index.js:47:80)
    at pollingListener (D:\PROYEK WEB MASTER\APLIKASI\seat-shuttle\src\services
\realtimeTrackingService.ts:461:11)
    at callTheUserObjectsOperation (D:\PROYEK WEB MASTER\APLIKASI\seat-shuttle\
node_modules\jsdom\lib\generated\idl\EventListener.js:26:30)
    at innerInvokeEventListeners (D:\PROYEK WEB MASTER\APLIKASI\seat-shuttle\no
de_modules\jsdom\lib\jsdom\living\events\EventTarget-impl.js:360:16)
    at invokeEventListeners (D:\PROYEK WEB MASTER\APLIKASI\seat-shuttle\node_mo
dules\jsdom\lib\jsdom\living\events\EventTarget-impl.js:296:3)
    at EventTargetImpl._dispatch (D:\PROYEK WEB MASTER\APLIKASI\seat-shuttle\no
de_modules\jsdom\lib\jsdom\living\events\EventTarget-impl.js:243:9)
    at EventTargetImpl.dispatchEvent (D:\PROYEK WEB MASTER\APLIKASI\seat-shuttl
e\node_modules\jsdom\lib\jsdom\living\events\EventTarget-impl.js:114:17)
    at dispatchEvent (D:\PROYEK WEB MASTER\APLIKASI\seat-shuttle\node_modules\j
sdom\lib\generated\idl\EventTarget.js:241:34)
Error: Listener error
    at D:\PROYEK WEB MASTER\APLIKASI\seat-shuttle\src\test\realtimeTracking.tes
t.ts:201:15
    at mockCall (file:///D:/PROYEK%20WEB%20MASTER/APLIKASI/seat-shuttle/node_mo
dules/@vitest/spy/dist/index.js:96:15)
    at listener (file:///D:/PROYEK%20WEB%20MASTER/APLIKASI/seat-shuttle/node_mo
dules/tinyspy/dist/index.js:47:80)
    at pollingListener (D:\PROYEK WEB MASTER\APLIKASI\seat-shuttle\src\services
\realtimeTrackingService.ts:461:11)
    at callTheUserObjectsOperation (D:\PROYEK WEB MASTER\APLIKASI\seat-shuttle\
node_modules\jsdom\lib\generated\idl\EventListener.js:26:30)
    at innerInvokeEventListeners (D:\PROYEK WEB MASTER\APLIKASI\seat-shuttle\no
de_modules\jsdom\lib\jsdom\living\events\EventTarget-impl.js:360:16)
    at invokeEventListeners (D:\PROYEK WEB MASTER\APLIKASI\seat-shuttle\node_mo
dules\jsdom\lib\jsdom\living\events\EventTarget-impl.js:296:3)
    at EventTargetImpl._dispatch (D:\PROYEK WEB MASTER\APLIKASI\seat-shuttle\no
de_modules\jsdom\lib\jsdom\living\events\EventTarget-impl.js:243:9)
    at EventTargetImpl.dispatchEvent (D:\PROYEK WEB MASTER\APLIKASI\seat-shuttl
e\node_modules\jsdom\lib\jsdom\living\events\EventTarget-impl.js:114:17)
    at dispatchEvent (D:\PROYEK WEB MASTER\APLIKASI\seat-shuttle\node_modules\j
sdom\lib\generated\idl\EventTarget.js:241:34)
Error: Listener error
    at D:\PROYEK WEB MASTER\APLIKASI\seat-shuttle\src\test\realtimeTracking.tes
t.ts:201:15
    at mockCall (file:///D:/PROYEK%20WEB%20MASTER/APLIKASI/seat-shuttle/node_mo
dules/@vitest/spy/dist/index.js:96:15)
    at listener (file:///D:/PROYEK%20WEB%20MASTER/APLIKASI/seat-shuttle/node_mo
dules/tinyspy/dist/index.js:47:80)
    at pollingListener (D:\PROYEK WEB MASTER\APLIKASI\seat-shuttle\src\services
\realtimeTrackingService.ts:461:11)
    at callTheUserObjectsOperation (D:\PROYEK WEB MASTER\APLIKASI\seat-shuttle\
node_modules\jsdom\lib\generated\idl\EventListener.js:26:30)
    at innerInvokeEventListeners (D:\PROYEK WEB MASTER\APLIKASI\seat-shuttle\no
de_modules\jsdom\lib\jsdom\living\events\EventTarget-impl.js:360:16)
    at invokeEventListeners (D:\PROYEK WEB MASTER\APLIKASI\seat-shuttle\node_mo
dules\jsdom\lib\jsdom\living\events\EventTarget-impl.js:296:3)
    at EventTargetImpl._dispatch (D:\PROYEK WEB MASTER\APLIKASI\seat-shuttle\no
de_modules\jsdom\lib\jsdom\living\events\EventTarget-impl.js:243:9)
    at EventTargetImpl.dispatchEvent (D:\PROYEK WEB MASTER\APLIKASI\seat-shuttl
e\node_modules\jsdom\lib\jsdom\living\events\EventTarget-impl.js:114:17)
    at dispatchEvent (D:\PROYEK WEB MASTER\APLIKASI\seat-shuttle\node_modules\j
sdom\lib\generated\idl\EventTarget.js:241:34)
Error: Listener error
    at D:\PROYEK WEB MASTER\APLIKASI\seat-shuttle\src\test\realtimeTracking.tes
t.ts:201:15
    at mockCall (file:///D:/PROYEK%20WEB%20MASTER/APLIKASI/seat-shuttle/node_mo
dules/@vitest/spy/dist/index.js:96:15)
    at listener (file:///D:/PROYEK%20WEB%20MASTER/APLIKASI/seat-shuttle/node_mo
dules/tinyspy/dist/index.js:47:80)
    at pollingListener (D:\PROYEK WEB MASTER\APLIKASI\seat-shuttle\src\services
\realtimeTrackingService.ts:461:11)
    at callTheUserObjectsOperation (D:\PROYEK WEB MASTER\APLIKASI\seat-shuttle\
node_modules\jsdom\lib\generated\idl\EventListener.js:26:30)
    at innerInvokeEventListeners (D:\PROYEK WEB MASTER\APLIKASI\seat-shuttle\no
de_modules\jsdom\lib\jsdom\living\events\EventTarget-impl.js:360:16)
    at invokeEventListeners (D:\PROYEK WEB MASTER\APLIKASI\seat-shuttle\node_mo
dules\jsdom\lib\jsdom\living\events\EventTarget-impl.js:296:3)
    at EventTargetImpl._dispatch (D:\PROYEK WEB MASTER\APLIKASI\seat-shuttle\no
de_modules\jsdom\lib\jsdom\living\events\EventTarget-impl.js:243:9)
    at EventTargetImpl.dispatchEvent (D:\PROYEK WEB MASTER\APLIKASI\seat-shuttl
e\node_modules\jsdom\lib\jsdom\living\events\EventTarget-impl.js:114:17)
    at dispatchEvent (D:\PROYEK WEB MASTER\APLIKASI\seat-shuttle\node_modules\j
sdom\lib\generated\idl\EventTarget.js:241:34)
Error: Listener error
    at D:\PROYEK WEB MASTER\APLIKASI\seat-shuttle\src\test\realtimeTracking.tes
t.ts:201:15
    at mockCall (file:///D:/PROYEK%20WEB%20MASTER/APLIKASI/seat-shuttle/node_mo
dules/@vitest/spy/dist/index.js:96:15)
    at listener (file:///D:/PROYEK%20WEB%20MASTER/APLIKASI/seat-shuttle/node_mo
dules/tinyspy/dist/index.js:47:80)
    at pollingListener (D:\PROYEK WEB MASTER\APLIKASI\seat-shuttle\src\services
\realtimeTrackingService.ts:461:11)
    at callTheUserObjectsOperation (D:\PROYEK WEB MASTER\APLIKASI\seat-shuttle\
node_modules\jsdom\lib\generated\idl\EventListener.js:26:30)
    at innerInvokeEventListeners (D:\PROYEK WEB MASTER\APLIKASI\seat-shuttle\no
de_modules\jsdom\lib\jsdom\living\events\EventTarget-impl.js:360:16)
    at invokeEventListeners (D:\PROYEK WEB MASTER\APLIKASI\seat-shuttle\node_mo
dules\jsdom\lib\jsdom\living\events\EventTarget-impl.js:296:3)
    at EventTargetImpl._dispatch (D:\PROYEK WEB MASTER\APLIKASI\seat-shuttle\no
de_modules\jsdom\lib\jsdom\living\events\EventTarget-impl.js:243:9)
    at EventTargetImpl.dispatchEvent (D:\PROYEK WEB MASTER\APLIKASI\seat-shuttl
e\node_modules\jsdom\lib\jsdom\living\events\EventTarget-impl.js:114:17)
    at dispatchEvent (D:\PROYEK WEB MASTER\APLIKASI\seat-shuttle\node_modules\j
sdom\lib\generated\idl\EventTarget.js:241:34)
Error: Listener error
    at D:\PROYEK WEB MASTER\APLIKASI\seat-shuttle\src\test\realtimeTracking.tes
t.ts:201:15
    at mockCall (file:///D:/PROYEK%20WEB%20MASTER/APLIKASI/seat-shuttle/node_mo
dules/@vitest/spy/dist/index.js:96:15)
    at listener (file:///D:/PROYEK%20WEB%20MASTER/APLIKASI/seat-shuttle/node_mo
dules/tinyspy/dist/index.js:47:80)
    at pollingListener (D:\PROYEK WEB MASTER\APLIKASI\seat-shuttle\src\services
\realtimeTrackingService.ts:461:11)
    at callTheUserObjectsOperation (D:\PROYEK WEB MASTER\APLIKASI\seat-shuttle\
node_modules\jsdom\lib\generated\idl\EventListener.js:26:30)
    at innerInvokeEventListeners (D:\PROYEK WEB MASTER\APLIKASI\seat-shuttle\no
de_modules\jsdom\lib\jsdom\living\events\EventTarget-impl.js:360:16)
    at invokeEventListeners (D:\PROYEK WEB MASTER\APLIKASI\seat-shuttle\node_mo
dules\jsdom\lib\jsdom\living\events\EventTarget-impl.js:296:3)
    at EventTargetImpl._dispatch (D:\PROYEK WEB MASTER\APLIKASI\seat-shuttle\no
de_modules\jsdom\lib\jsdom\living\events\EventTarget-impl.js:243:9)
    at EventTargetImpl.dispatchEvent (D:\PROYEK WEB MASTER\APLIKASI\seat-shuttl
e\node_modules\jsdom\lib\jsdom\living\events\EventTarget-impl.js:114:17)
    at dispatchEvent (D:\PROYEK WEB MASTER\APLIKASI\seat-shuttle\node_modules\j
sdom\lib\generated\idl\EventTarget.js:241:34)
Error: Listener error
    at D:\PROYEK WEB MASTER\APLIKASI\seat-shuttle\src\test\realtimeTracking.tes
t.ts:201:15
    at mockCall (file:///D:/PROYEK%20WEB%20MASTER/APLIKASI/seat-shuttle/node_mo
dules/@vitest/spy/dist/index.js:96:15)
    at listener (file:///D:/PROYEK%20WEB%20MASTER/APLIKASI/seat-shuttle/node_mo
dules/tinyspy/dist/index.js:47:80)
    at pollingListener (D:\PROYEK WEB MASTER\APLIKASI\seat-shuttle\src\services
\realtimeTrackingService.ts:461:11)
    at callTheUserObjectsOperation (D:\PROYEK WEB MASTER\APLIKASI\seat-shuttle\
node_modules\jsdom\lib\generated\idl\EventListener.js:26:30)
    at innerInvokeEventListeners (D:\PROYEK WEB MASTER\APLIKASI\seat-shuttle\no
de_modules\jsdom\lib\jsdom\living\events\EventTarget-impl.js:360:16)
    at invokeEventListeners (D:\PROYEK WEB MASTER\APLIKASI\seat-shuttle\node_mo
dules\jsdom\lib\jsdom\living\events\EventTarget-impl.js:296:3)
    at EventTargetImpl._dispatch (D:\PROYEK WEB MASTER\APLIKASI\seat-shuttle\no
de_modules\jsdom\lib\jsdom\living\events\EventTarget-impl.js:243:9)
    at EventTargetImpl.dispatchEvent (D:\PROYEK WEB MASTER\APLIKASI\seat-shuttl
e\node_modules\jsdom\lib\jsdom\living\events\EventTarget-impl.js:114:17)
    at dispatchEvent (D:\PROYEK WEB MASTER\APLIKASI\seat-shuttle\node_modules\j
sdom\lib\generated\idl\EventTarget.js:241:34)
Error: Listener error
    at D:\PROYEK WEB MASTER\APLIKASI\seat-shuttle\src\test\realtimeTracking.tes
t.ts:201:15
    at mockCall (file:///D:/PROYEK%20WEB%20MASTER/APLIKASI/seat-shuttle/node_mo
dules/@vitest/spy/dist/index.js:96:15)
    at listener (file:///D:/PROYEK%20WEB%20MASTER/APLIKASI/seat-shuttle/node_mo
dules/tinyspy/dist/index.js:47:80)
    at pollingListener (D:\PROYEK WEB MASTER\APLIKASI\seat-shuttle\src\services
\realtimeTrackingService.ts:461:11)
    at callTheUserObjectsOperation (D:\PROYEK WEB MASTER\APLIKASI\seat-shuttle\
node_modules\jsdom\lib\generated\idl\EventListener.js:26:30)
    at innerInvokeEventListeners (D:\PROYEK WEB MASTER\APLIKASI\seat-shuttle\no
de_modules\jsdom\lib\jsdom\living\events\EventTarget-impl.js:360:16)
    at invokeEventListeners (D:\PROYEK WEB MASTER\APLIKASI\seat-shuttle\node_mo
dules\jsdom\lib\jsdom\living\events\EventTarget-impl.js:296:3)
    at EventTargetImpl._dispatch (D:\PROYEK WEB MASTER\APLIKASI\seat-shuttle\no
de_modules\jsdom\lib\jsdom\living\events\EventTarget-impl.js:243:9)
    at EventTargetImpl.dispatchEvent (D:\PROYEK WEB MASTER\APLIKASI\seat-shuttl
e\node_modules\jsdom\lib\jsdom\living\events\EventTarget-impl.js:114:17)
    at dispatchEvent (D:\PROYEK WEB MASTER\APLIKASI\seat-shuttle\node_modules\j
sdom\lib\generated\idl\EventTarget.js:241:34)
Error: Listener error
    at D:\PROYEK WEB MASTER\APLIKASI\seat-shuttle\src\test\realtimeTracking.tes
t.ts:201:15
    at mockCall (file:///D:/PROYEK%20WEB%20MASTER/APLIKASI/seat-shuttle/node_mo
dules/@vitest/spy/dist/index.js:96:15)
    at listener (file:///D:/PROYEK%20WEB%20MASTER/APLIKASI/seat-shuttle/node_mo
dules/tinyspy/dist/index.js:47:80)
    at pollingListener (D:\PROYEK WEB MASTER\APLIKASI\seat-shuttle\src\services
\realtimeTrackingService.ts:461:11)
    at callTheUserObjectsOperation (D:\PROYEK WEB MASTER\APLIKASI\seat-shuttle\
node_modules\jsdom\lib\generated\idl\EventListener.js:26:30)
    at innerInvokeEventListeners (D:\PROYEK WEB MASTER\APLIKASI\seat-shuttle\no
de_modules\jsdom\lib\jsdom\living\events\EventTarget-impl.js:360:16)
    at invokeEventListeners (D:\PROYEK WEB MASTER\APLIKASI\seat-shuttle\node_mo
dules\jsdom\lib\jsdom\living\events\EventTarget-impl.js:296:3)
    at EventTargetImpl._dispatch (D:\PROYEK WEB MASTER\APLIKASI\seat-shuttle\no
de_modules\jsdom\lib\jsdom\living\events\EventTarget-impl.js:243:9)
    at EventTargetImpl.dispatchEvent (D:\PROYEK WEB MASTER\APLIKASI\seat-shuttl
e\node_modules\jsdom\lib\jsdom\living\events\EventTarget-impl.js:114:17)
    at dispatchEvent (D:\PROYEK WEB MASTER\APLIKASI\seat-shuttle\node_modules\j
sdom\lib\generated\idl\EventTarget.js:241:34)
Error: Listener error
    at D:\PROYEK WEB MASTER\APLIKASI\seat-shuttle\src\test\realtimeTracking.tes
t.ts:201:15
    at mockCall (file:///D:/PROYEK%20WEB%20MASTER/APLIKASI/seat-shuttle/node_mo
dules/@vitest/spy/dist/index.js:96:15)
    at listener (file:///D:/PROYEK%20WEB%20MASTER/APLIKASI/seat-shuttle/node_mo
dules/tinyspy/dist/index.js:47:80)
    at pollingListener (D:\PROYEK WEB MASTER\APLIKASI\seat-shuttle\src\services
\realtimeTrackingService.ts:461:11)
    at callTheUserObjectsOperation (D:\PROYEK WEB MASTER\APLIKASI\seat-shuttle\
node_modules\jsdom\lib\generated\idl\EventListener.js:26:30)
    at innerInvokeEventListeners (D:\PROYEK WEB MASTER\APLIKASI\seat-shuttle\no
de_modules\jsdom\lib\jsdom\living\events\EventTarget-impl.js:360:16)
    at invokeEventListeners (D:\PROYEK WEB MASTER\APLIKASI\seat-shuttle\node_mo
dules\jsdom\lib\jsdom\living\events\EventTarget-impl.js:296:3)
    at EventTargetImpl._dispatch (D:\PROYEK WEB MASTER\APLIKASI\seat-shuttle\no
de_modules\jsdom\lib\jsdom\living\events\EventTarget-impl.js:243:9)
    at EventTargetImpl.dispatchEvent (D:\PROYEK WEB MASTER\APLIKASI\seat-shuttl
e\node_modules\jsdom\lib\jsdom\living\events\EventTarget-impl.js:114:17)
    at dispatchEvent (D:\PROYEK WEB MASTER\APLIKASI\seat-shuttle\node_modules\j
sdom\lib\generated\idl\EventTarget.js:241:34)
Error: Listener error
    at D:\PROYEK WEB MASTER\APLIKASI\seat-shuttle\src\test\realtimeTracking.tes
t.ts:201:15
    at mockCall (file:///D:/PROYEK%20WEB%20MASTER/APLIKASI/seat-shuttle/node_mo
dules/@vitest/spy/dist/index.js:96:15)
    at listener (file:///D:/PROYEK%20WEB%20MASTER/APLIKASI/seat-shuttle/node_mo
dules/tinyspy/dist/index.js:47:80)
    at pollingListener (D:\PROYEK WEB MASTER\APLIKASI\seat-shuttle\src\services
\realtimeTrackingService.ts:461:11)
    at callTheUserObjectsOperation (D:\PROYEK WEB MASTER\APLIKASI\seat-shuttle\
node_modules\jsdom\lib\generated\idl\EventListener.js:26:30)
    at innerInvokeEventListeners (D:\PROYEK WEB MASTER\APLIKASI\seat-shuttle\no
de_modules\jsdom\lib\jsdom\living\events\EventTarget-impl.js:360:16)
    at invokeEventListeners (D:\PROYEK WEB MASTER\APLIKASI\seat-shuttle\node_mo
dules\jsdom\lib\jsdom\living\events\EventTarget-impl.js:296:3)
    at EventTargetImpl._dispatch (D:\PROYEK WEB MASTER\APLIKASI\seat-shuttle\no
de_modules\jsdom\lib\jsdom\living\events\EventTarget-impl.js:243:9)
    at EventTargetImpl.dispatchEvent (D:\PROYEK WEB MASTER\APLIKASI\seat-shuttl
e\node_modules\jsdom\lib\jsdom\living\events\EventTarget-impl.js:114:17)
    at dispatchEvent (D:\PROYEK WEB MASTER\APLIKASI\seat-shuttle\node_modules\j
sdom\lib\generated\idl\EventTarget.js:241:34)
Error: Listener error
    at D:\PROYEK WEB MASTER\APLIKASI\seat-shuttle\src\test\realtimeTracking.tes
t.ts:201:15
    at mockCall (file:///D:/PROYEK%20WEB%20MASTER/APLIKASI/seat-shuttle/node_mo
dules/@vitest/spy/dist/index.js:96:15)
    at listener (file:///D:/PROYEK%20WEB%20MASTER/APLIKASI/seat-shuttle/node_mo
dules/tinyspy/dist/index.js:47:80)
    at pollingListener (D:\PROYEK WEB MASTER\APLIKASI\seat-shuttle\src\services
\realtimeTrackingService.ts:461:11)
    at callTheUserObjectsOperation (D:\PROYEK WEB MASTER\APLIKASI\seat-shuttle\
node_modules\jsdom\lib\generated\idl\EventListener.js:26:30)
    at innerInvokeEventListeners (D:\PROYEK WEB MASTER\APLIKASI\seat-shuttle\no
de_modules\jsdom\lib\jsdom\living\events\EventTarget-impl.js:360:16)
    at invokeEventListeners (D:\PROYEK WEB MASTER\APLIKASI\seat-shuttle\node_mo
dules\jsdom\lib\jsdom\living\events\EventTarget-impl.js:296:3)
    at EventTargetImpl._dispatch (D:\PROYEK WEB MASTER\APLIKASI\seat-shuttle\no
de_modules\jsdom\lib\jsdom\living\events\EventTarget-impl.js:243:9)
    at EventTargetImpl.dispatchEvent (D:\PROYEK WEB MASTER\APLIKASI\seat-shuttl
e\node_modules\jsdom\lib\jsdom\living\events\EventTarget-impl.js:114:17)
    at dispatchEvent (D:\PROYEK WEB MASTER\APLIKASI\seat-shuttle\node_modules\j
sdom\lib\generated\idl\EventTarget.js:241:34)
Error: Listener error
    at D:\PROYEK WEB MASTER\APLIKASI\seat-shuttle\src\test\realtimeTracking.tes
t.ts:201:15
    at mockCall (file:///D:/PROYEK%20WEB%20MASTER/APLIKASI/seat-shuttle/node_mo
dules/@vitest/spy/dist/index.js:96:15)
    at listener (file:///D:/PROYEK%20WEB%20MASTER/APLIKASI/seat-shuttle/node_mo
dules/tinyspy/dist/index.js:47:80)
    at pollingListener (D:\PROYEK WEB MASTER\APLIKASI\seat-shuttle\src\services
\realtimeTrackingService.ts:461:11)
    at callTheUserObjectsOperation (D:\PROYEK WEB MASTER\APLIKASI\seat-shuttle\
node_modules\jsdom\lib\generated\idl\EventListener.js:26:30)
    at innerInvokeEventListeners (D:\PROYEK WEB MASTER\APLIKASI\seat-shuttle\no
de_modules\jsdom\lib\jsdom\living\events\EventTarget-impl.js:360:16)
    at invokeEventListeners (D:\PROYEK WEB MASTER\APLIKASI\seat-shuttle\node_mo
dules\jsdom\lib\jsdom\living\events\EventTarget-impl.js:296:3)
    at EventTargetImpl._dispatch (D:\PROYEK WEB MASTER\APLIKASI\seat-shuttle\no
de_modules\jsdom\lib\jsdom\living\events\EventTarget-impl.js:243:9)
    at EventTargetImpl.dispatchEvent (D:\PROYEK WEB MASTER\APLIKASI\seat-shuttl
e\node_modules\jsdom\lib\jsdom\living\events\EventTarget-impl.js:114:17)
    at dispatchEvent (D:\PROYEK WEB MASTER\APLIKASI\seat-shuttle\node_modules\j
sdom\lib\generated\idl\EventTarget.js:241:34)
Error: Listener error
    at D:\PROYEK WEB MASTER\APLIKASI\seat-shuttle\src\test\realtimeTracking.tes
t.ts:201:15
    at mockCall (file:///D:/PROYEK%20WEB%20MASTER/APLIKASI/seat-shuttle/node_mo
dules/@vitest/spy/dist/index.js:96:15)
    at listener (file:///D:/PROYEK%20WEB%20MASTER/APLIKASI/seat-shuttle/node_mo
dules/tinyspy/dist/index.js:47:80)
    at pollingListener (D:\PROYEK WEB MASTER\APLIKASI\seat-shuttle\src\services
\realtimeTrackingService.ts:461:11)
    at callTheUserObjectsOperation (D:\PROYEK WEB MASTER\APLIKASI\seat-shuttle\
node_modules\jsdom\lib\generated\idl\EventListener.js:26:30)
    at innerInvokeEventListeners (D:\PROYEK WEB MASTER\APLIKASI\seat-shuttle\no
de_modules\jsdom\lib\jsdom\living\events\EventTarget-impl.js:360:16)
    at invokeEventListeners (D:\PROYEK WEB MASTER\APLIKASI\seat-shuttle\node_mo
dules\jsdom\lib\jsdom\living\events\EventTarget-impl.js:296:3)
    at EventTargetImpl._dispatch (D:\PROYEK WEB MASTER\APLIKASI\seat-shuttle\no
de_modules\jsdom\lib\jsdom\living\events\EventTarget-impl.js:243:9)
    at EventTargetImpl.dispatchEvent (D:\PROYEK WEB MASTER\APLIKASI\seat-shuttl
e\node_modules\jsdom\lib\jsdom\living\events\EventTarget-impl.js:114:17)
    at dispatchEvent (D:\PROYEK WEB MASTER\APLIKASI\seat-shuttle\node_modules\j
sdom\lib\generated\idl\EventTarget.js:241:34)
Error: Listener error
    at D:\PROYEK WEB MASTER\APLIKASI\seat-shuttle\src\test\realtimeTracking.tes
t.ts:201:15
    at mockCall (file:///D:/PROYEK%20WEB%20MASTER/APLIKASI/seat-shuttle/node_mo
dules/@vitest/spy/dist/index.js:96:15)
    at listener (file:///D:/PROYEK%20WEB%20MASTER/APLIKASI/seat-shuttle/node_mo
dules/tinyspy/dist/index.js:47:80)
    at pollingListener (D:\PROYEK WEB MASTER\APLIKASI\seat-shuttle\src\services
\realtimeTrackingService.ts:461:11)
    at callTheUserObjectsOperation (D:\PROYEK WEB MASTER\APLIKASI\seat-shuttle\
node_modules\jsdom\lib\generated\idl\EventListener.js:26:30)
    at innerInvokeEventListeners (D:\PROYEK WEB MASTER\APLIKASI\seat-shuttle\no
de_modules\jsdom\lib\jsdom\living\events\EventTarget-impl.js:360:16)
    at invokeEventListeners (D:\PROYEK WEB MASTER\APLIKASI\seat-shuttle\node_mo
dules\jsdom\lib\jsdom\living\events\EventTarget-impl.js:296:3)
    at EventTargetImpl._dispatch (D:\PROYEK WEB MASTER\APLIKASI\seat-shuttle\no
de_modules\jsdom\lib\jsdom\living\events\EventTarget-impl.js:243:9)
    at EventTargetImpl.dispatchEvent (D:\PROYEK WEB MASTER\APLIKASI\seat-shuttl
e\node_modules\jsdom\lib\jsdom\living\events\EventTarget-impl.js:114:17)
    at dispatchEvent (D:\PROYEK WEB MASTER\APLIKASI\seat-shuttle\node_modules\j
sdom\lib\generated\idl\EventTarget.js:241:34)
Error: Listener error
    at D:\PROYEK WEB MASTER\APLIKASI\seat-shuttle\src\test\realtimeTracking.tes
t.ts:201:15
    at mockCall (file:///D:/PROYEK%20WEB%20MASTER/APLIKASI/seat-shuttle/node_mo
dules/@vitest/spy/dist/index.js:96:15)
    at listener (file:///D:/PROYEK%20WEB%20MASTER/APLIKASI/seat-shuttle/node_mo
dules/tinyspy/dist/index.js:47:80)
    at pollingListener (D:\PROYEK WEB MASTER\APLIKASI\seat-shuttle\src\services
\realtimeTrackingService.ts:461:11)
    at callTheUserObjectsOperation (D:\PROYEK WEB MASTER\APLIKASI\seat-shuttle\
node_modules\jsdom\lib\generated\idl\EventListener.js:26:30)
    at innerInvokeEventListeners (D:\PROYEK WEB MASTER\APLIKASI\seat-shuttle\no
de_modules\jsdom\lib\jsdom\living\events\EventTarget-impl.js:360:16)
    at invokeEventListeners (D:\PROYEK WEB MASTER\APLIKASI\seat-shuttle\node_mo
dules\jsdom\lib\jsdom\living\events\EventTarget-impl.js:296:3)
    at EventTargetImpl._dispatch (D:\PROYEK WEB MASTER\APLIKASI\seat-shuttle\no
de_modules\jsdom\lib\jsdom\living\events\EventTarget-impl.js:243:9)
    at EventTargetImpl.dispatchEvent (D:\PROYEK WEB MASTER\APLIKASI\seat-shuttl
e\node_modules\jsdom\lib\jsdom\living\events\EventTarget-impl.js:114:17)
    at dispatchEvent (D:\PROYEK WEB MASTER\APLIKASI\seat-shuttle\node_modules\j
sdom\lib\generated\idl\EventTarget.js:241:34)
Error: Listener error
    at D:\PROYEK WEB MASTER\APLIKASI\seat-shuttle\src\test\realtimeTracking.tes
t.ts:201:15
    at mockCall (file:///D:/PROYEK%20WEB%20MASTER/APLIKASI/seat-shuttle/node_mo
dules/@vitest/spy/dist/index.js:96:15)
    at listener (file:///D:/PROYEK%20WEB%20MASTER/APLIKASI/seat-shuttle/node_mo
dules/tinyspy/dist/index.js:47:80)
    at pollingListener (D:\PROYEK WEB MASTER\APLIKASI\seat-shuttle\src\services
\realtimeTrackingService.ts:461:11)
    at callTheUserObjectsOperation (D:\PROYEK WEB MASTER\APLIKASI\seat-shuttle\
node_modules\jsdom\lib\generated\idl\EventListener.js:26:30)
    at innerInvokeEventListeners (D:\PROYEK WEB MASTER\APLIKASI\seat-shuttle\no
de_modules\jsdom\lib\jsdom\living\events\EventTarget-impl.js:360:16)
    at invokeEventListeners (D:\PROYEK WEB MASTER\APLIKASI\seat-shuttle\node_mo
dules\jsdom\lib\jsdom\living\events\EventTarget-impl.js:296:3)
    at EventTargetImpl._dispatch (D:\PROYEK WEB MASTER\APLIKASI\seat-shuttle\no
de_modules\jsdom\lib\jsdom\living\events\EventTarget-impl.js:243:9)
    at EventTargetImpl.dispatchEvent (D:\PROYEK WEB MASTER\APLIKASI\seat-shuttl
e\node_modules\jsdom\lib\jsdom\living\events\EventTarget-impl.js:114:17)
    at dispatchEvent (D:\PROYEK WEB MASTER\APLIKASI\seat-shuttle\node_modules\j
sdom\lib\generated\idl\EventTarget.js:241:34)
Error: Listener error
    at D:\PROYEK WEB MASTER\APLIKASI\seat-shuttle\src\test\realtimeTracking.tes
t.ts:201:15
    at mockCall (file:///D:/PROYEK%20WEB%20MASTER/APLIKASI/seat-shuttle/node_mo
dules/@vitest/spy/dist/index.js:96:15)
    at listener (file:///D:/PROYEK%20WEB%20MASTER/APLIKASI/seat-shuttle/node_mo
dules/tinyspy/dist/index.js:47:80)
    at pollingListener (D:\PROYEK WEB MASTER\APLIKASI\seat-shuttle\src\services
\realtimeTrackingService.ts:461:11)
    at callTheUserObjectsOperation (D:\PROYEK WEB MASTER\APLIKASI\seat-shuttle\
node_modules\jsdom\lib\generated\idl\EventListener.js:26:30)
    at innerInvokeEventListeners (D:\PROYEK WEB MASTER\APLIKASI\seat-shuttle\no
de_modules\jsdom\lib\jsdom\living\events\EventTarget-impl.js:360:16)
    at invokeEventListeners (D:\PROYEK WEB MASTER\APLIKASI\seat-shuttle\node_mo
dules\jsdom\lib\jsdom\living\events\EventTarget-impl.js:296:3)
    at EventTargetImpl._dispatch (D:\PROYEK WEB MASTER\APLIKASI\seat-shuttle\no
de_modules\jsdom\lib\jsdom\living\events\EventTarget-impl.js:243:9)
    at EventTargetImpl.dispatchEvent (D:\PROYEK WEB MASTER\APLIKASI\seat-shuttl
e\node_modules\jsdom\lib\jsdom\living\events\EventTarget-impl.js:114:17)
    at dispatchEvent (D:\PROYEK WEB MASTER\APLIKASI\seat-shuttle\node_modules\j
sdom\lib\generated\idl\EventTarget.js:241:34)
Error: Listener error
    at D:\PROYEK WEB MASTER\APLIKASI\seat-shuttle\src\test\realtimeTracking.tes
t.ts:201:15
    at mockCall (file:///D:/PROYEK%20WEB%20MASTER/APLIKASI/seat-shuttle/node_mo
dules/@vitest/spy/dist/index.js:96:15)
    at listener (file:///D:/PROYEK%20WEB%20MASTER/APLIKASI/seat-shuttle/node_mo
dules/tinyspy/dist/index.js:47:80)
    at pollingListener (D:\PROYEK WEB MASTER\APLIKASI\seat-shuttle\src\services
\realtimeTrackingService.ts:461:11)
    at callTheUserObjectsOperation (D:\PROYEK WEB MASTER\APLIKASI\seat-shuttle\
node_modules\jsdom\lib\generated\idl\EventListener.js:26:30)
    at innerInvokeEventListeners (D:\PROYEK WEB MASTER\APLIKASI\seat-shuttle\no
de_modules\jsdom\lib\jsdom\living\events\EventTarget-impl.js:360:16)
    at invokeEventListeners (D:\PROYEK WEB MASTER\APLIKASI\seat-shuttle\node_mo
dules\jsdom\lib\jsdom\living\events\EventTarget-impl.js:296:3)
    at EventTargetImpl._dispatch (D:\PROYEK WEB MASTER\APLIKASI\seat-shuttle\no
de_modules\jsdom\lib\jsdom\living\events\EventTarget-impl.js:243:9)
    at EventTargetImpl.dispatchEvent (D:\PROYEK WEB MASTER\APLIKASI\seat-shuttl
e\node_modules\jsdom\lib\jsdom\living\events\EventTarget-impl.js:114:17)
    at dispatchEvent (D:\PROYEK WEB MASTER\APLIKASI\seat-shuttle\node_modules\j
sdom\lib\generated\idl\EventTarget.js:241:34)
Error: Listener error
    at D:\PROYEK WEB MASTER\APLIKASI\seat-shuttle\src\test\realtimeTracking.tes
t.ts:201:15
    at mockCall (file:///D:/PROYEK%20WEB%20MASTER/APLIKASI/seat-shuttle/node_mo
dules/@vitest/spy/dist/index.js:96:15)
    at listener (file:///D:/PROYEK%20WEB%20MASTER/APLIKASI/seat-shuttle/node_mo
dules/tinyspy/dist/index.js:47:80)
    at pollingListener (D:\PROYEK WEB MASTER\APLIKASI\seat-shuttle\src\services
\realtimeTrackingService.ts:461:11)
    at callTheUserObjectsOperation (D:\PROYEK WEB MASTER\APLIKASI\seat-shuttle\
node_modules\jsdom\lib\generated\idl\EventListener.js:26:30)
    at innerInvokeEventListeners (D:\PROYEK WEB MASTER\APLIKASI\seat-shuttle\no
de_modules\jsdom\lib\jsdom\living\events\EventTarget-impl.js:360:16)
    at invokeEventListeners (D:\PROYEK WEB MASTER\APLIKASI\seat-shuttle\node_mo
dules\jsdom\lib\jsdom\living\events\EventTarget-impl.js:296:3)
    at EventTargetImpl._dispatch (D:\PROYEK WEB MASTER\APLIKASI\seat-shuttle\no
de_modules\jsdom\lib\jsdom\living\events\EventTarget-impl.js:243:9)
    at EventTargetImpl.dispatchEvent (D:\PROYEK WEB MASTER\APLIKASI\seat-shuttl
e\node_modules\jsdom\lib\jsdom\living\events\EventTarget-impl.js:114:17)
    at dispatchEvent (D:\PROYEK WEB MASTER\APLIKASI\seat-shuttle\node_modules\j
sdom\lib\generated\idl\EventTarget.js:241:34)
Error: Listener error
    at D:\PROYEK WEB MASTER\APLIKASI\seat-shuttle\src\test\realtimeTracking.tes
t.ts:201:15
    at mockCall (file:///D:/PROYEK%20WEB%20MASTER/APLIKASI/seat-shuttle/node_mo
dules/@vitest/spy/dist/index.js:96:15)
    at listener (file:///D:/PROYEK%20WEB%20MASTER/APLIKASI/seat-shuttle/node_mo
dules/tinyspy/dist/index.js:47:80)
    at pollingListener (D:\PROYEK WEB MASTER\APLIKASI\seat-shuttle\src\services
\realtimeTrackingService.ts:461:11)
    at callTheUserObjectsOperation (D:\PROYEK WEB MASTER\APLIKASI\seat-shuttle\
node_modules\jsdom\lib\generated\idl\EventListener.js:26:30)
    at innerInvokeEventListeners (D:\PROYEK WEB MASTER\APLIKASI\seat-shuttle\no
de_modules\jsdom\lib\jsdom\living\events\EventTarget-impl.js:360:16)
    at invokeEventListeners (D:\PROYEK WEB MASTER\APLIKASI\seat-shuttle\node_mo
dules\jsdom\lib\jsdom\living\events\EventTarget-impl.js:296:3)
    at EventTargetImpl._dispatch (D:\PROYEK WEB MASTER\APLIKASI\seat-shuttle\no
de_modules\jsdom\lib\jsdom\living\events\EventTarget-impl.js:243:9)
    at EventTargetImpl.dispatchEvent (D:\PROYEK WEB MASTER\APLIKASI\seat-shuttl
e\node_modules\jsdom\lib\jsdom\living\events\EventTarget-impl.js:114:17)
    at dispatchEvent (D:\PROYEK WEB MASTER\APLIKASI\seat-shuttle\node_modules\j
sdom\lib\generated\idl\EventTarget.js:241:34)
Error: Listener error
    at D:\PROYEK WEB MASTER\APLIKASI\seat-shuttle\src\test\realtimeTracking.tes
t.ts:201:15
    at mockCall (file:///D:/PROYEK%20WEB%20MASTER/APLIKASI/seat-shuttle/node_mo
dules/@vitest/spy/dist/index.js:96:15)
    at listener (file:///D:/PROYEK%20WEB%20MASTER/APLIKASI/seat-shuttle/node_mo
dules/tinyspy/dist/index.js:47:80)
    at pollingListener (D:\PROYEK WEB MASTER\APLIKASI\seat-shuttle\src\services
\realtimeTrackingService.ts:461:11)
    at callTheUserObjectsOperation (D:\PROYEK WEB MASTER\APLIKASI\seat-shuttle\
node_modules\jsdom\lib\generated\idl\EventListener.js:26:30)
    at innerInvokeEventListeners (D:\PROYEK WEB MASTER\APLIKASI\seat-shuttle\no
de_modules\jsdom\lib\jsdom\living\events\EventTarget-impl.js:360:16)
    at invokeEventListeners (D:\PROYEK WEB MASTER\APLIKASI\seat-shuttle\node_mo
dules\jsdom\lib\jsdom\living\events\EventTarget-impl.js:296:3)
    at EventTargetImpl._dispatch (D:\PROYEK WEB MASTER\APLIKASI\seat-shuttle\no
de_modules\jsdom\lib\jsdom\living\events\EventTarget-impl.js:243:9)
    at EventTargetImpl.dispatchEvent (D:\PROYEK WEB MASTER\APLIKASI\seat-shuttl
e\node_modules\jsdom\lib\jsdom\living\events\EventTarget-impl.js:114:17)
    at dispatchEvent (D:\PROYEK WEB MASTER\APLIKASI\seat-shuttle\node_modules\j
sdom\lib\generated\idl\EventTarget.js:241:34)
Error: Listener error
    at D:\PROYEK WEB MASTER\APLIKASI\seat-shuttle\src\test\realtimeTracking.tes
t.ts:201:15
    at mockCall (file:///D:/PROYEK%20WEB%20MASTER/APLIKASI/seat-shuttle/node_mo
dules/@vitest/spy/dist/index.js:96:15)
    at listener (file:///D:/PROYEK%20WEB%20MASTER/APLIKASI/seat-shuttle/node_mo
dules/tinyspy/dist/index.js:47:80)
    at pollingListener (D:\PROYEK WEB MASTER\APLIKASI\seat-shuttle\src\services
\realtimeTrackingService.ts:461:11)
    at callTheUserObjectsOperation (D:\PROYEK WEB MASTER\APLIKASI\seat-shuttle\
node_modules\jsdom\lib\generated\idl\EventListener.js:26:30)
    at innerInvokeEventListeners (D:\PROYEK WEB MASTER\APLIKASI\seat-shuttle\no
de_modules\jsdom\lib\jsdom\living\events\EventTarget-impl.js:360:16)
    at invokeEventListeners (D:\PROYEK WEB MASTER\APLIKASI\seat-shuttle\node_mo
dules\jsdom\lib\jsdom\living\events\EventTarget-impl.js:296:3)
    at EventTargetImpl._dispatch (D:\PROYEK WEB MASTER\APLIKASI\seat-shuttle\no
de_modules\jsdom\lib\jsdom\living\events\EventTarget-impl.js:243:9)
    at EventTargetImpl.dispatchEvent (D:\PROYEK WEB MASTER\APLIKASI\seat-shuttl
e\node_modules\jsdom\lib\jsdom\living\events\EventTarget-impl.js:114:17)
    at dispatchEvent (D:\PROYEK WEB MASTER\APLIKASI\seat-shuttle\node_modules\j
sdom\lib\generated\idl\EventTarget.js:241:34)
Error: Listener error
    at D:\PROYEK WEB MASTER\APLIKASI\seat-shuttle\src\test\realtimeTracking.tes
t.ts:201:15
    at mockCall (file:///D:/PROYEK%20WEB%20MASTER/APLIKASI/seat-shuttle/node_mo
dules/@vitest/spy/dist/index.js:96:15)
    at listener (file:///D:/PROYEK%20WEB%20MASTER/APLIKASI/seat-shuttle/node_mo
dules/tinyspy/dist/index.js:47:80)
    at pollingListener (D:\PROYEK WEB MASTER\APLIKASI\seat-shuttle\src\services
\realtimeTrackingService.ts:461:11)
    at callTheUserObjectsOperation (D:\PROYEK WEB MASTER\APLIKASI\seat-shuttle\
node_modules\jsdom\lib\generated\idl\EventListener.js:26:30)
    at innerInvokeEventListeners (D:\PROYEK WEB MASTER\APLIKASI\seat-shuttle\no
de_modules\jsdom\lib\jsdom\living\events\EventTarget-impl.js:360:16)
    at invokeEventListeners (D:\PROYEK WEB MASTER\APLIKASI\seat-shuttle\node_mo
dules\jsdom\lib\jsdom\living\events\EventTarget-impl.js:296:3)
    at EventTargetImpl._dispatch (D:\PROYEK WEB MASTER\APLIKASI\seat-shuttle\no
de_modules\jsdom\lib\jsdom\living\events\EventTarget-impl.js:243:9)
    at EventTargetImpl.dispatchEvent (D:\PROYEK WEB MASTER\APLIKASI\seat-shuttl
e\node_modules\jsdom\lib\jsdom\living\events\EventTarget-impl.js:114:17)
    at dispatchEvent (D:\PROYEK WEB MASTER\APLIKASI\seat-shuttle\node_modules\j
sdom\lib\generated\idl\EventTarget.js:241:34)
Error: Listener error
    at D:\PROYEK WEB MASTER\APLIKASI\seat-shuttle\src\test\realtimeTracking.tes
t.ts:201:15
    at mockCall (file:///D:/PROYEK%20WEB%20MASTER/APLIKASI/seat-shuttle/node_mo
dules/@vitest/spy/dist/index.js:96:15)
    at listener (file:///D:/PROYEK%20WEB%20MASTER/APLIKASI/seat-shuttle/node_mo
dules/tinyspy/dist/index.js:47:80)
    at pollingListener (D:\PROYEK WEB MASTER\APLIKASI\seat-shuttle\src\services
\realtimeTrackingService.ts:461:11)
    at callTheUserObjectsOperation (D:\PROYEK WEB MASTER\APLIKASI\seat-shuttle\
node_modules\jsdom\lib\generated\idl\EventListener.js:26:30)
    at innerInvokeEventListeners (D:\PROYEK WEB MASTER\APLIKASI\seat-shuttle\no
de_modules\jsdom\lib\jsdom\living\events\EventTarget-impl.js:360:16)
    at invokeEventListeners (D:\PROYEK WEB MASTER\APLIKASI\seat-shuttle\node_mo
dules\jsdom\lib\jsdom\living\events\EventTarget-impl.js:296:3)
    at EventTargetImpl._dispatch (D:\PROYEK WEB MASTER\APLIKASI\seat-shuttle\no
de_modules\jsdom\lib\jsdom\living\events\EventTarget-impl.js:243:9)
    at EventTargetImpl.dispatchEvent (D:\PROYEK WEB MASTER\APLIKASI\seat-shuttl
e\node_modules\jsdom\lib\jsdom\living\events\EventTarget-impl.js:114:17)
    at dispatchEvent (D:\PROYEK WEB MASTER\APLIKASI\seat-shuttle\node_modules\j
sdom\lib\generated\idl\EventTarget.js:241:34)
Error: Listener error
    at D:\PROYEK WEB MASTER\APLIKASI\seat-shuttle\src\test\realtimeTracking.tes
t.ts:201:15
    at mockCall (file:///D:/PROYEK%20WEB%20MASTER/APLIKASI/seat-shuttle/node_mo
dules/@vitest/spy/dist/index.js:96:15)
    at listener (file:///D:/PROYEK%20WEB%20MASTER/APLIKASI/seat-shuttle/node_mo
dules/tinyspy/dist/index.js:47:80)
    at pollingListener (D:\PROYEK WEB MASTER\APLIKASI\seat-shuttle\src\services
\realtimeTrackingService.ts:461:11)
    at callTheUserObjectsOperation (D:\PROYEK WEB MASTER\APLIKASI\seat-shuttle\
node_modules\jsdom\lib\generated\idl\EventListener.js:26:30)
    at innerInvokeEventListeners (D:\PROYEK WEB MASTER\APLIKASI\seat-shuttle\no
de_modules\jsdom\lib\jsdom\living\events\EventTarget-impl.js:360:16)
    at invokeEventListeners (D:\PROYEK WEB MASTER\APLIKASI\seat-shuttle\node_mo
dules\jsdom\lib\jsdom\living\events\EventTarget-impl.js:296:3)
    at EventTargetImpl._dispatch (D:\PROYEK WEB MASTER\APLIKASI\seat-shuttle\no
de_modules\jsdom\lib\jsdom\living\events\EventTarget-impl.js:243:9)
    at EventTargetImpl.dispatchEvent (D:\PROYEK WEB MASTER\APLIKASI\seat-shuttl
e\node_modules\jsdom\lib\jsdom\living\events\EventTarget-impl.js:114:17)
    at dispatchEvent (D:\PROYEK WEB MASTER\APLIKASI\seat-shuttle\node_modules\j
sdom\lib\generated\idl\EventTarget.js:241:34)
Error: Listener error
    at D:\PROYEK WEB MASTER\APLIKASI\seat-shuttle\src\test\realtimeTracking.tes
t.ts:201:15
    at mockCall (file:///D:/PROYEK%20WEB%20MASTER/APLIKASI/seat-shuttle/node_mo
dules/@vitest/spy/dist/index.js:96:15)
    at listener (file:///D:/PROYEK%20WEB%20MASTER/APLIKASI/seat-shuttle/node_mo
dules/tinyspy/dist/index.js:47:80)
    at pollingListener (D:\PROYEK WEB MASTER\APLIKASI\seat-shuttle\src\services
\realtimeTrackingService.ts:461:11)
    at callTheUserObjectsOperation (D:\PROYEK WEB MASTER\APLIKASI\seat-shuttle\
node_modules\jsdom\lib\generated\idl\EventListener.js:26:30)
    at innerInvokeEventListeners (D:\PROYEK WEB MASTER\APLIKASI\seat-shuttle\no
de_modules\jsdom\lib\jsdom\living\events\EventTarget-impl.js:360:16)
    at invokeEventListeners (D:\PROYEK WEB MASTER\APLIKASI\seat-shuttle\node_mo
dules\jsdom\lib\jsdom\living\events\EventTarget-impl.js:296:3)
    at EventTargetImpl._dispatch (D:\PROYEK WEB MASTER\APLIKASI\seat-shuttle\no
de_modules\jsdom\lib\jsdom\living\events\EventTarget-impl.js:243:9)
    at EventTargetImpl.dispatchEvent (D:\PROYEK WEB MASTER\APLIKASI\seat-shuttl
e\node_modules\jsdom\lib\jsdom\living\events\EventTarget-impl.js:114:17)
    at dispatchEvent (D:\PROYEK WEB MASTER\APLIKASI\seat-shuttle\node_modules\j
sdom\lib\generated\idl\EventTarget.js:241:34)
Error: Listener error
    at D:\PROYEK WEB MASTER\APLIKASI\seat-shuttle\src\test\realtimeTracking.tes
t.ts:201:15
    at mockCall (file:///D:/PROYEK%20WEB%20MASTER/APLIKASI/seat-shuttle/node_mo
dules/@vitest/spy/dist/index.js:96:15)
    at listener (file:///D:/PROYEK%20WEB%20MASTER/APLIKASI/seat-shuttle/node_mo
dules/tinyspy/dist/index.js:47:80)
    at pollingListener (D:\PROYEK WEB MASTER\APLIKASI\seat-shuttle\src\services
\realtimeTrackingService.ts:461:11)
    at callTheUserObjectsOperation (D:\PROYEK WEB MASTER\APLIKASI\seat-shuttle\
node_modules\jsdom\lib\generated\idl\EventListener.js:26:30)
    at innerInvokeEventListeners (D:\PROYEK WEB MASTER\APLIKASI\seat-shuttle\no
de_modules\jsdom\lib\jsdom\living\events\EventTarget-impl.js:360:16)
    at invokeEventListeners (D:\PROYEK WEB MASTER\APLIKASI\seat-shuttle\node_mo
dules\jsdom\lib\jsdom\living\events\EventTarget-impl.js:296:3)
    at EventTargetImpl._dispatch (D:\PROYEK WEB MASTER\APLIKASI\seat-shuttle\no
de_modules\jsdom\lib\jsdom\living\events\EventTarget-impl.js:243:9)
    at EventTargetImpl.dispatchEvent (D:\PROYEK WEB MASTER\APLIKASI\seat-shuttl
e\node_modules\jsdom\lib\jsdom\living\events\EventTarget-impl.js:114:17)
    at dispatchEvent (D:\PROYEK WEB MASTER\APLIKASI\seat-shuttle\node_modules\j
sdom\lib\generated\idl\EventTarget.js:241:34)
Error: Listener error
    at D:\PROYEK WEB MASTER\APLIKASI\seat-shuttle\src\test\realtimeTracking.tes
t.ts:201:15
    at mockCall (file:///D:/PROYEK%20WEB%20MASTER/APLIKASI/seat-shuttle/node_mo
dules/@vitest/spy/dist/index.js:96:15)
    at listener (file:///D:/PROYEK%20WEB%20MASTER/APLIKASI/seat-shuttle/node_mo
dules/tinyspy/dist/index.js:47:80)
    at pollingListener (D:\PROYEK WEB MASTER\APLIKASI\seat-shuttle\src\services
\realtimeTrackingService.ts:461:11)
    at callTheUserObjectsOperation (D:\PROYEK WEB MASTER\APLIKASI\seat-shuttle\
node_modules\jsdom\lib\generated\idl\EventListener.js:26:30)
    at innerInvokeEventListeners (D:\PROYEK WEB MASTER\APLIKASI\seat-shuttle\no
de_modules\jsdom\lib\jsdom\living\events\EventTarget-impl.js:360:16)
    at invokeEventListeners (D:\PROYEK WEB MASTER\APLIKASI\seat-shuttle\node_mo
dules\jsdom\lib\jsdom\living\events\EventTarget-impl.js:296:3)
    at EventTargetImpl._dispatch (D:\PROYEK WEB MASTER\APLIKASI\seat-shuttle\no
de_modules\jsdom\lib\jsdom\living\events\EventTarget-impl.js:243:9)
    at EventTargetImpl.dispatchEvent (D:\PROYEK WEB MASTER\APLIKASI\seat-shuttl
e\node_modules\jsdom\lib\jsdom\living\events\EventTarget-impl.js:114:17)
    at dispatchEvent (D:\PROYEK WEB MASTER\APLIKASI\seat-shuttle\node_modules\j
sdom\lib\generated\idl\EventTarget.js:241:34)
Error: Listener error
    at D:\PROYEK WEB MASTER\APLIKASI\seat-shuttle\src\test\realtimeTracking.tes
t.ts:201:15
    at mockCall (file:///D:/PROYEK%20WEB%20MASTER/APLIKASI/seat-shuttle/node_mo
dules/@vitest/spy/dist/index.js:96:15)
    at listener (file:///D:/PROYEK%20WEB%20MASTER/APLIKASI/seat-shuttle/node_mo
dules/tinyspy/dist/index.js:47:80)
    at pollingListener (D:\PROYEK WEB MASTER\APLIKASI\seat-shuttle\src\services
\realtimeTrackingService.ts:461:11)
    at callTheUserObjectsOperation (D:\PROYEK WEB MASTER\APLIKASI\seat-shuttle\
node_modules\jsdom\lib\generated\idl\EventListener.js:26:30)
    at innerInvokeEventListeners (D:\PROYEK WEB MASTER\APLIKASI\seat-shuttle\no
de_modules\jsdom\lib\jsdom\living\events\EventTarget-impl.js:360:16)
    at invokeEventListeners (D:\PROYEK WEB MASTER\APLIKASI\seat-shuttle\node_mo
dules\jsdom\lib\jsdom\living\events\EventTarget-impl.js:296:3)
    at EventTargetImpl._dispatch (D:\PROYEK WEB MASTER\APLIKASI\seat-shuttle\no
de_modules\jsdom\lib\jsdom\living\events\EventTarget-impl.js:243:9)
    at EventTargetImpl.dispatchEvent (D:\PROYEK WEB MASTER\APLIKASI\seat-shuttl
e\node_modules\jsdom\lib\jsdom\living\events\EventTarget-impl.js:114:17)
    at dispatchEvent (D:\PROYEK WEB MASTER\APLIKASI\seat-shuttle\node_modules\j
sdom\lib\generated\idl\EventTarget.js:241:34)
Error: Listener error
    at D:\PROYEK WEB MASTER\APLIKASI\seat-shuttle\src\test\realtimeTracking.tes
t.ts:201:15
    at mockCall (file:///D:/PROYEK%20WEB%20MASTER/APLIKASI/seat-shuttle/node_mo
dules/@vitest/spy/dist/index.js:96:15)
    at listener (file:///D:/PROYEK%20WEB%20MASTER/APLIKASI/seat-shuttle/node_mo
dules/tinyspy/dist/index.js:47:80)
    at pollingListener (D:\PROYEK WEB MASTER\APLIKASI\seat-shuttle\src\services
\realtimeTrackingService.ts:461:11)
    at callTheUserObjectsOperation (D:\PROYEK WEB MASTER\APLIKASI\seat-shuttle\
node_modules\jsdom\lib\generated\idl\EventListener.js:26:30)
    at innerInvokeEventListeners (D:\PROYEK WEB MASTER\APLIKASI\seat-shuttle\no
de_modules\jsdom\lib\jsdom\living\events\EventTarget-impl.js:360:16)
    at invokeEventListeners (D:\PROYEK WEB MASTER\APLIKASI\seat-shuttle\node_mo
dules\jsdom\lib\jsdom\living\events\EventTarget-impl.js:296:3)
    at EventTargetImpl._dispatch (D:\PROYEK WEB MASTER\APLIKASI\seat-shuttle\no
de_modules\jsdom\lib\jsdom\living\events\EventTarget-impl.js:243:9)
    at EventTargetImpl.dispatchEvent (D:\PROYEK WEB MASTER\APLIKASI\seat-shuttl
e\node_modules\jsdom\lib\jsdom\living\events\EventTarget-impl.js:114:17)
    at dispatchEvent (D:\PROYEK WEB MASTER\APLIKASI\seat-shuttle\node_modules\j
sdom\lib\generated\idl\EventTarget.js:241:34)
Error: Listener error
    at D:\PROYEK WEB MASTER\APLIKASI\seat-shuttle\src\test\realtimeTracking.tes
t.ts:201:15
    at mockCall (file:///D:/PROYEK%20WEB%20MASTER/APLIKASI/seat-shuttle/node_mo
dules/@vitest/spy/dist/index.js:96:15)
    at listener (file:///D:/PROYEK%20WEB%20MASTER/APLIKASI/seat-shuttle/node_mo
dules/tinyspy/dist/index.js:47:80)
    at pollingListener (D:\PROYEK WEB MASTER\APLIKASI\seat-shuttle\src\services
\realtimeTrackingService.ts:461:11)
    at callTheUserObjectsOperation (D:\PROYEK WEB MASTER\APLIKASI\seat-shuttle\
node_modules\jsdom\lib\generated\idl\EventListener.js:26:30)
    at innerInvokeEventListeners (D:\PROYEK WEB MASTER\APLIKASI\seat-shuttle\no
de_modules\jsdom\lib\jsdom\living\events\EventTarget-impl.js:360:16)
    at invokeEventListeners (D:\PROYEK WEB MASTER\APLIKASI\seat-shuttle\node_mo
dules\jsdom\lib\jsdom\living\events\EventTarget-impl.js:296:3)
    at EventTargetImpl._dispatch (D:\PROYEK WEB MASTER\APLIKASI\seat-shuttle\no
de_modules\jsdom\lib\jsdom\living\events\EventTarget-impl.js:243:9)
    at EventTargetImpl.dispatchEvent (D:\PROYEK WEB MASTER\APLIKASI\seat-shuttl
e\node_modules\jsdom\lib\jsdom\living\events\EventTarget-impl.js:114:17)
    at dispatchEvent (D:\PROYEK WEB MASTER\APLIKASI\seat-shuttle\node_modules\j
sdom\lib\generated\idl\EventTarget.js:241:34)
Error: Listener error
    at D:\PROYEK WEB MASTER\APLIKASI\seat-shuttle\src\test\realtimeTracking.tes
t.ts:201:15
    at mockCall (file:///D:/PROYEK%20WEB%20MASTER/APLIKASI/seat-shuttle/node_mo
dules/@vitest/spy/dist/index.js:96:15)
    at listener (file:///D:/PROYEK%20WEB%20MASTER/APLIKASI/seat-shuttle/node_mo
dules/tinyspy/dist/index.js:47:80)
    at pollingListener (D:\PROYEK WEB MASTER\APLIKASI\seat-shuttle\src\services
\realtimeTrackingService.ts:461:11)
    at callTheUserObjectsOperation (D:\PROYEK WEB MASTER\APLIKASI\seat-shuttle\
node_modules\jsdom\lib\generated\idl\EventListener.js:26:30)
    at innerInvokeEventListeners (D:\PROYEK WEB MASTER\APLIKASI\seat-shuttle\no
de_modules\jsdom\lib\jsdom\living\events\EventTarget-impl.js:360:16)
    at invokeEventListeners (D:\PROYEK WEB MASTER\APLIKASI\seat-shuttle\node_mo
dules\jsdom\lib\jsdom\living\events\EventTarget-impl.js:296:3)
    at EventTargetImpl._dispatch (D:\PROYEK WEB MASTER\APLIKASI\seat-shuttle\no
de_modules\jsdom\lib\jsdom\living\events\EventTarget-impl.js:243:9)
    at EventTargetImpl.dispatchEvent (D:\PROYEK WEB MASTER\APLIKASI\seat-shuttl
e\node_modules\jsdom\lib\jsdom\living\events\EventTarget-impl.js:114:17)
    at dispatchEvent (D:\PROYEK WEB MASTER\APLIKASI\seat-shuttle\node_modules\j
sdom\lib\generated\idl\EventTarget.js:241:34)
Error: Listener error
    at D:\PROYEK WEB MASTER\APLIKASI\seat-shuttle\src\test\realtimeTracking.tes
t.ts:201:15
    at mockCall (file:///D:/PROYEK%20WEB%20MASTER/APLIKASI/seat-shuttle/node_mo
dules/@vitest/spy/dist/index.js:96:15)
    at listener (file:///D:/PROYEK%20WEB%20MASTER/APLIKASI/seat-shuttle/node_mo
dules/tinyspy/dist/index.js:47:80)
    at pollingListener (D:\PROYEK WEB MASTER\APLIKASI\seat-shuttle\src\services
\realtimeTrackingService.ts:461:11)
    at callTheUserObjectsOperation (D:\PROYEK WEB MASTER\APLIKASI\seat-shuttle\
node_modules\jsdom\lib\generated\idl\EventListener.js:26:30)
    at innerInvokeEventListeners (D:\PROYEK WEB MASTER\APLIKASI\seat-shuttle\no
de_modules\jsdom\lib\jsdom\living\events\EventTarget-impl.js:360:16)
    at invokeEventListeners (D:\PROYEK WEB MASTER\APLIKASI\seat-shuttle\node_mo
dules\jsdom\lib\jsdom\living\events\EventTarget-impl.js:296:3)
    at EventTargetImpl._dispatch (D:\PROYEK WEB MASTER\APLIKASI\seat-shuttle\no
de_modules\jsdom\lib\jsdom\living\events\EventTarget-impl.js:243:9)
    at EventTargetImpl.dispatchEvent (D:\PROYEK WEB MASTER\APLIKASI\seat-shuttl
e\node_modules\jsdom\lib\jsdom\living\events\EventTarget-impl.js:114:17)
    at dispatchEvent (D:\PROYEK WEB MASTER\APLIKASI\seat-shuttle\node_modules\j
sdom\lib\generated\idl\EventTarget.js:241:34)
Error: Listener error
    at D:\PROYEK WEB MASTER\APLIKASI\seat-shuttle\src\test\realtimeTracking.tes
t.ts:201:15
    at mockCall (file:///D:/PROYEK%20WEB%20MASTER/APLIKASI/seat-shuttle/node_mo
dules/@vitest/spy/dist/index.js:96:15)
    at listener (file:///D:/PROYEK%20WEB%20MASTER/APLIKASI/seat-shuttle/node_mo
dules/tinyspy/dist/index.js:47:80)
    at pollingListener (D:\PROYEK WEB MASTER\APLIKASI\seat-shuttle\src\services
\realtimeTrackingService.ts:461:11)
    at callTheUserObjectsOperation (D:\PROYEK WEB MASTER\APLIKASI\seat-shuttle\
node_modules\jsdom\lib\generated\idl\EventListener.js:26:30)
    at innerInvokeEventListeners (D:\PROYEK WEB MASTER\APLIKASI\seat-shuttle\no
de_modules\jsdom\lib\jsdom\living\events\EventTarget-impl.js:360:16)
    at invokeEventListeners (D:\PROYEK WEB MASTER\APLIKASI\seat-shuttle\node_mo
dules\jsdom\lib\jsdom\living\events\EventTarget-impl.js:296:3)
    at EventTargetImpl._dispatch (D:\PROYEK WEB MASTER\APLIKASI\seat-shuttle\no
de_modules\jsdom\lib\jsdom\living\events\EventTarget-impl.js:243:9)
    at EventTargetImpl.dispatchEvent (D:\PROYEK WEB MASTER\APLIKASI\seat-shuttl
e\node_modules\jsdom\lib\jsdom\living\events\EventTarget-impl.js:114:17)
    at dispatchEvent (D:\PROYEK WEB MASTER\APLIKASI\seat-shuttle\node_modules\j
sdom\lib\generated\idl\EventTarget.js:241:34)
Error: Listener error
    at D:\PROYEK WEB MASTER\APLIKASI\seat-shuttle\src\test\realtimeTracking.tes
t.ts:201:15
    at mockCall (file:///D:/PROYEK%20WEB%20MASTER/APLIKASI/seat-shuttle/node_mo
dules/@vitest/spy/dist/index.js:96:15)
    at listener (file:///D:/PROYEK%20WEB%20MASTER/APLIKASI/seat-shuttle/node_mo
dules/tinyspy/dist/index.js:47:80)
    at pollingListener (D:\PROYEK WEB MASTER\APLIKASI\seat-shuttle\src\services
\realtimeTrackingService.ts:461:11)
    at callTheUserObjectsOperation (D:\PROYEK WEB MASTER\APLIKASI\seat-shuttle\
node_modules\jsdom\lib\generated\idl\EventListener.js:26:30)
    at innerInvokeEventListeners (D:\PROYEK WEB MASTER\APLIKASI\seat-shuttle\no
de_modules\jsdom\lib\jsdom\living\events\EventTarget-impl.js:360:16)
    at invokeEventListeners (D:\PROYEK WEB MASTER\APLIKASI\seat-shuttle\node_mo
dules\jsdom\lib\jsdom\living\events\EventTarget-impl.js:296:3)
    at EventTargetImpl._dispatch (D:\PROYEK WEB MASTER\APLIKASI\seat-shuttle\no
de_modules\jsdom\lib\jsdom\living\events\EventTarget-impl.js:243:9)
    at EventTargetImpl.dispatchEvent (D:\PROYEK WEB MASTER\APLIKASI\seat-shuttl
e\node_modules\jsdom\lib\jsdom\living\events\EventTarget-impl.js:114:17)
    at dispatchEvent (D:\PROYEK WEB MASTER\APLIKASI\seat-shuttle\node_modules\j
sdom\lib\generated\idl\EventTarget.js:241:34)
Error: Listener error
    at D:\PROYEK WEB MASTER\APLIKASI\seat-shuttle\src\test\realtimeTracking.tes
t.ts:201:15
    at mockCall (file:///D:/PROYEK%20WEB%20MASTER/APLIKASI/seat-shuttle/node_mo
dules/@vitest/spy/dist/index.js:96:15)
    at listener (file:///D:/PROYEK%20WEB%20MASTER/APLIKASI/seat-shuttle/node_mo
dules/tinyspy/dist/index.js:47:80)
    at pollingListener (D:\PROYEK WEB MASTER\APLIKASI\seat-shuttle\src\services
\realtimeTrackingService.ts:461:11)
    at callTheUserObjectsOperation (D:\PROYEK WEB MASTER\APLIKASI\seat-shuttle\
node_modules\jsdom\lib\generated\idl\EventListener.js:26:30)
    at innerInvokeEventListeners (D:\PROYEK WEB MASTER\APLIKASI\seat-shuttle\no
de_modules\jsdom\lib\jsdom\living\events\EventTarget-impl.js:360:16)
    at invokeEventListeners (D:\PROYEK WEB MASTER\APLIKASI\seat-shuttle\node_mo
dules\jsdom\lib\jsdom\living\events\EventTarget-impl.js:296:3)
    at EventTargetImpl._dispatch (D:\PROYEK WEB MASTER\APLIKASI\seat-shuttle\no
de_modules\jsdom\lib\jsdom\living\events\EventTarget-impl.js:243:9)
    at EventTargetImpl.dispatchEvent (D:\PROYEK WEB MASTER\APLIKASI\seat-shuttl
e\node_modules\jsdom\lib\jsdom\living\events\EventTarget-impl.js:114:17)
    at dispatchEvent (D:\PROYEK WEB MASTER\APLIKASI\seat-shuttle\node_modules\j
sdom\lib\generated\idl\EventTarget.js:241:34)
Error: Listener error
    at D:\PROYEK WEB MASTER\APLIKASI\seat-shuttle\src\test\realtimeTracking.tes
t.ts:201:15
    at mockCall (file:///D:/PROYEK%20WEB%20MASTER/APLIKASI/seat-shuttle/node_mo
dules/@vitest/spy/dist/index.js:96:15)
    at listener (file:///D:/PROYEK%20WEB%20MASTER/APLIKASI/seat-shuttle/node_mo
dules/tinyspy/dist/index.js:47:80)
    at pollingListener (D:\PROYEK WEB MASTER\APLIKASI\seat-shuttle\src\services
\realtimeTrackingService.ts:461:11)
    at callTheUserObjectsOperation (D:\PROYEK WEB MASTER\APLIKASI\seat-shuttle\
node_modules\jsdom\lib\generated\idl\EventListener.js:26:30)
    at innerInvokeEventListeners (D:\PROYEK WEB MASTER\APLIKASI\seat-shuttle\no
de_modules\jsdom\lib\jsdom\living\events\EventTarget-impl.js:360:16)
    at invokeEventListeners (D:\PROYEK WEB MASTER\APLIKASI\seat-shuttle\node_mo
dules\jsdom\lib\jsdom\living\events\EventTarget-impl.js:296:3)
    at EventTargetImpl._dispatch (D:\PROYEK WEB MASTER\APLIKASI\seat-shuttle\no
de_modules\jsdom\lib\jsdom\living\events\EventTarget-impl.js:243:9)
    at EventTargetImpl.dispatchEvent (D:\PROYEK WEB MASTER\APLIKASI\seat-shuttl
e\node_modules\jsdom\lib\jsdom\living\events\EventTarget-impl.js:114:17)
    at dispatchEvent (D:\PROYEK WEB MASTER\APLIKASI\seat-shuttle\node_modules\j
sdom\lib\generated\idl\EventTarget.js:241:34)
Error: Listener error
    at D:\PROYEK WEB MASTER\APLIKASI\seat-shuttle\src\test\realtimeTracking.tes
t.ts:201:15
    at mockCall (file:///D:/PROYEK%20WEB%20MASTER/APLIKASI/seat-shuttle/node_mo
dules/@vitest/spy/dist/index.js:96:15)
    at listener (file:///D:/PROYEK%20WEB%20MASTER/APLIKASI/seat-shuttle/node_mo
dules/tinyspy/dist/index.js:47:80)
    at pollingListener (D:\PROYEK WEB MASTER\APLIKASI\seat-shuttle\src\services
\realtimeTrackingService.ts:461:11)
    at callTheUserObjectsOperation (D:\PROYEK WEB MASTER\APLIKASI\seat-shuttle\
node_modules\jsdom\lib\generated\idl\EventListener.js:26:30)
    at innerInvokeEventListeners (D:\PROYEK WEB MASTER\APLIKASI\seat-shuttle\no
de_modules\jsdom\lib\jsdom\living\events\EventTarget-impl.js:360:16)
    at invokeEventListeners (D:\PROYEK WEB MASTER\APLIKASI\seat-shuttle\node_mo
dules\jsdom\lib\jsdom\living\events\EventTarget-impl.js:296:3)
    at EventTargetImpl._dispatch (D:\PROYEK WEB MASTER\APLIKASI\seat-shuttle\no
de_modules\jsdom\lib\jsdom\living\events\EventTarget-impl.js:243:9)
    at EventTargetImpl.dispatchEvent (D:\PROYEK WEB MASTER\APLIKASI\seat-shuttl
e\node_modules\jsdom\lib\jsdom\living\events\EventTarget-impl.js:114:17)
    at dispatchEvent (D:\PROYEK WEB MASTER\APLIKASI\seat-shuttle\node_modules\j
sdom\lib\generated\idl\EventTarget.js:241:34)
Error: Listener error
    at D:\PROYEK WEB MASTER\APLIKASI\seat-shuttle\src\test\realtimeTracking.tes
t.ts:201:15
    at mockCall (file:///D:/PROYEK%20WEB%20MASTER/APLIKASI/seat-shuttle/node_mo
dules/@vitest/spy/dist/index.js:96:15)
    at listener (file:///D:/PROYEK%20WEB%20MASTER/APLIKASI/seat-shuttle/node_mo
dules/tinyspy/dist/index.js:47:80)
    at pollingListener (D:\PROYEK WEB MASTER\APLIKASI\seat-shuttle\src\services
\realtimeTrackingService.ts:461:11)
    at callTheUserObjectsOperation (D:\PROYEK WEB MASTER\APLIKASI\seat-shuttle\
node_modules\jsdom\lib\generated\idl\EventListener.js:26:30)
    at innerInvokeEventListeners (D:\PROYEK WEB MASTER\APLIKASI\seat-shuttle\no
de_modules\jsdom\lib\jsdom\living\events\EventTarget-impl.js:360:16)
    at invokeEventListeners (D:\PROYEK WEB MASTER\APLIKASI\seat-shuttle\node_mo
dules\jsdom\lib\jsdom\living\events\EventTarget-impl.js:296:3)
    at EventTargetImpl._dispatch (D:\PROYEK WEB MASTER\APLIKASI\seat-shuttle\no
de_modules\jsdom\lib\jsdom\living\events\EventTarget-impl.js:243:9)
    at EventTargetImpl.dispatchEvent (D:\PROYEK WEB MASTER\APLIKASI\seat-shuttl
e\node_modules\jsdom\lib\jsdom\living\events\EventTarget-impl.js:114:17)
    at dispatchEvent (D:\PROYEK WEB MASTER\APLIKASI\seat-shuttle\node_modules\j
sdom\lib\generated\idl\EventTarget.js:241:34)
Error: Listener error
    at D:\PROYEK WEB MASTER\APLIKASI\seat-shuttle\src\test\realtimeTracking.tes
t.ts:201:15
    at mockCall (file:///D:/PROYEK%20WEB%20MASTER/APLIKASI/seat-shuttle/node_mo
dules/@vitest/spy/dist/index.js:96:15)
    at listener (file:///D:/PROYEK%20WEB%20MASTER/APLIKASI/seat-shuttle/node_mo
dules/tinyspy/dist/index.js:47:80)
    at pollingListener (D:\PROYEK WEB MASTER\APLIKASI\seat-shuttle\src\services
\realtimeTrackingService.ts:461:11)
    at callTheUserObjectsOperation (D:\PROYEK WEB MASTER\APLIKASI\seat-shuttle\
node_modules\jsdom\lib\generated\idl\EventListener.js:26:30)
    at innerInvokeEventListeners (D:\PROYEK WEB MASTER\APLIKASI\seat-shuttle\no
de_modules\jsdom\lib\jsdom\living\events\EventTarget-impl.js:360:16)
    at invokeEventListeners (D:\PROYEK WEB MASTER\APLIKASI\seat-shuttle\node_mo
dules\jsdom\lib\jsdom\living\events\EventTarget-impl.js:296:3)
    at EventTargetImpl._dispatch (D:\PROYEK WEB MASTER\APLIKASI\seat-shuttle\no
de_modules\jsdom\lib\jsdom\living\events\EventTarget-impl.js:243:9)
    at EventTargetImpl.dispatchEvent (D:\PROYEK WEB MASTER\APLIKASI\seat-shuttl
e\node_modules\jsdom\lib\jsdom\living\events\EventTarget-impl.js:114:17)
    at dispatchEvent (D:\PROYEK WEB MASTER\APLIKASI\seat-shuttle\node_modules\j
sdom\lib\generated\idl\EventTarget.js:241:34)
Error: Listener error
    at D:\PROYEK WEB MASTER\APLIKASI\seat-shuttle\src\test\realtimeTracking.tes
t.ts:201:15
    at mockCall (file:///D:/PROYEK%20WEB%20MASTER/APLIKASI/seat-shuttle/node_mo
dules/@vitest/spy/dist/index.js:96:15)
    at listener (file:///D:/PROYEK%20WEB%20MASTER/APLIKASI/seat-shuttle/node_mo
dules/tinyspy/dist/index.js:47:80)
    at pollingListener (D:\PROYEK WEB MASTER\APLIKASI\seat-shuttle\src\services
\realtimeTrackingService.ts:461:11)
    at callTheUserObjectsOperation (D:\PROYEK WEB MASTER\APLIKASI\seat-shuttle\
node_modules\jsdom\lib\generated\idl\EventListener.js:26:30)
    at innerInvokeEventListeners (D:\PROYEK WEB MASTER\APLIKASI\seat-shuttle\no
de_modules\jsdom\lib\jsdom\living\events\EventTarget-impl.js:360:16)
    at invokeEventListeners (D:\PROYEK WEB MASTER\APLIKASI\seat-shuttle\node_mo
dules\jsdom\lib\jsdom\living\events\EventTarget-impl.js:296:3)
    at EventTargetImpl._dispatch (D:\PROYEK WEB MASTER\APLIKASI\seat-shuttle\no
de_modules\jsdom\lib\jsdom\living\events\EventTarget-impl.js:243:9)
    at EventTargetImpl.dispatchEvent (D:\PROYEK WEB MASTER\APLIKASI\seat-shuttl
e\node_modules\jsdom\lib\jsdom\living\events\EventTarget-impl.js:114:17)
    at dispatchEvent (D:\PROYEK WEB MASTER\APLIKASI\seat-shuttle\node_modules\j
sdom\lib\generated\idl\EventTarget.js:241:34)
Error: Listener error
    at D:\PROYEK WEB MASTER\APLIKASI\seat-shuttle\src\test\realtimeTracking.tes
t.ts:201:15
    at mockCall (file:///D:/PROYEK%20WEB%20MASTER/APLIKASI/seat-shuttle/node_mo
dules/@vitest/spy/dist/index.js:96:15)
    at listener (file:///D:/PROYEK%20WEB%20MASTER/APLIKASI/seat-shuttle/node_mo
dules/tinyspy/dist/index.js:47:80)
    at pollingListener (D:\PROYEK WEB MASTER\APLIKASI\seat-shuttle\src\services
\realtimeTrackingService.ts:461:11)
    at callTheUserObjectsOperation (D:\PROYEK WEB MASTER\APLIKASI\seat-shuttle\
node_modules\jsdom\lib\generated\idl\EventListener.js:26:30)
    at innerInvokeEventListeners (D:\PROYEK WEB MASTER\APLIKASI\seat-shuttle\no
de_modules\jsdom\lib\jsdom\living\events\EventTarget-impl.js:360:16)
    at invokeEventListeners (D:\PROYEK WEB MASTER\APLIKASI\seat-shuttle\node_mo
dules\jsdom\lib\jsdom\living\events\EventTarget-impl.js:296:3)
    at EventTargetImpl._dispatch (D:\PROYEK WEB MASTER\APLIKASI\seat-shuttle\no
de_modules\jsdom\lib\jsdom\living\events\EventTarget-impl.js:243:9)
    at EventTargetImpl.dispatchEvent (D:\PROYEK WEB MASTER\APLIKASI\seat-shuttl
e\node_modules\jsdom\lib\jsdom\living\events\EventTarget-impl.js:114:17)
    at dispatchEvent (D:\PROYEK WEB MASTER\APLIKASI\seat-shuttle\node_modules\j
sdom\lib\generated\idl\EventTarget.js:241:34)
Error: Listener error
    at D:\PROYEK WEB MASTER\APLIKASI\seat-shuttle\src\test\realtimeTracking.tes
t.ts:201:15
    at mockCall (file:///D:/PROYEK%20WEB%20MASTER/APLIKASI/seat-shuttle/node_mo
dules/@vitest/spy/dist/index.js:96:15)
    at listener (file:///D:/PROYEK%20WEB%20MASTER/APLIKASI/seat-shuttle/node_mo
dules/tinyspy/dist/index.js:47:80)
    at pollingListener (D:\PROYEK WEB MASTER\APLIKASI\seat-shuttle\src\services
\realtimeTrackingService.ts:461:11)
    at callTheUserObjectsOperation (D:\PROYEK WEB MASTER\APLIKASI\seat-shuttle\
node_modules\jsdom\lib\generated\idl\EventListener.js:26:30)
    at innerInvokeEventListeners (D:\PROYEK WEB MASTER\APLIKASI\seat-shuttle\no
de_modules\jsdom\lib\jsdom\living\events\EventTarget-impl.js:360:16)
    at invokeEventListeners (D:\PROYEK WEB MASTER\APLIKASI\seat-shuttle\node_mo
dules\jsdom\lib\jsdom\living\events\EventTarget-impl.js:296:3)
    at EventTargetImpl._dispatch (D:\PROYEK WEB MASTER\APLIKASI\seat-shuttle\no
de_modules\jsdom\lib\jsdom\living\events\EventTarget-impl.js:243:9)
    at EventTargetImpl.dispatchEvent (D:\PROYEK WEB MASTER\APLIKASI\seat-shuttl
e\node_modules\jsdom\lib\jsdom\living\events\EventTarget-impl.js:114:17)
    at dispatchEvent (D:\PROYEK WEB MASTER\APLIKASI\seat-shuttle\node_modules\j
sdom\lib\generated\idl\EventTarget.js:241:34)
Error: Listener error
    at D:\PROYEK WEB MASTER\APLIKASI\seat-shuttle\src\test\realtimeTracking.tes
t.ts:201:15
    at mockCall (file:///D:/PROYEK%20WEB%20MASTER/APLIKASI/seat-shuttle/node_mo
dules/@vitest/spy/dist/index.js:96:15)
    at listener (file:///D:/PROYEK%20WEB%20MASTER/APLIKASI/seat-shuttle/node_mo
dules/tinyspy/dist/index.js:47:80)
    at pollingListener (D:\PROYEK WEB MASTER\APLIKASI\seat-shuttle\src\services
\realtimeTrackingService.ts:461:11)
    at callTheUserObjectsOperation (D:\PROYEK WEB MASTER\APLIKASI\seat-shuttle\
node_modules\jsdom\lib\generated\idl\EventListener.js:26:30)
    at innerInvokeEventListeners (D:\PROYEK WEB MASTER\APLIKASI\seat-shuttle\no
de_modules\jsdom\lib\jsdom\living\events\EventTarget-impl.js:360:16)
    at invokeEventListeners (D:\PROYEK WEB MASTER\APLIKASI\seat-shuttle\node_mo
dules\jsdom\lib\jsdom\living\events\EventTarget-impl.js:296:3)
    at EventTargetImpl._dispatch (D:\PROYEK WEB MASTER\APLIKASI\seat-shuttle\no
de_modules\jsdom\lib\jsdom\living\events\EventTarget-impl.js:243:9)
    at EventTargetImpl.dispatchEvent (D:\PROYEK WEB MASTER\APLIKASI\seat-shuttl
e\node_modules\jsdom\lib\jsdom\living\events\EventTarget-impl.js:114:17)
    at dispatchEvent (D:\PROYEK WEB MASTER\APLIKASI\seat-shuttle\node_modules\j
sdom\lib\generated\idl\EventTarget.js:241:34)
Error: Listener error
    at D:\PROYEK WEB MASTER\APLIKASI\seat-shuttle\src\test\realtimeTracking.tes
t.ts:201:15
    at mockCall (file:///D:/PROYEK%20WEB%20MASTER/APLIKASI/seat-shuttle/node_mo
dules/@vitest/spy/dist/index.js:96:15)
    at listener (file:///D:/PROYEK%20WEB%20MASTER/APLIKASI/seat-shuttle/node_mo
dules/tinyspy/dist/index.js:47:80)
    at pollingListener (D:\PROYEK WEB MASTER\APLIKASI\seat-shuttle\src\services
\realtimeTrackingService.ts:461:11)
    at callTheUserObjectsOperation (D:\PROYEK WEB MASTER\APLIKASI\seat-shuttle\
node_modules\jsdom\lib\generated\idl\EventListener.js:26:30)
    at innerInvokeEventListeners (D:\PROYEK WEB MASTER\APLIKASI\seat-shuttle\no
de_modules\jsdom\lib\jsdom\living\events\EventTarget-impl.js:360:16)
    at invokeEventListeners (D:\PROYEK WEB MASTER\APLIKASI\seat-shuttle\node_mo
dules\jsdom\lib\jsdom\living\events\EventTarget-impl.js:296:3)
    at EventTargetImpl._dispatch (D:\PROYEK WEB MASTER\APLIKASI\seat-shuttle\no
de_modules\jsdom\lib\jsdom\living\events\EventTarget-impl.js:243:9)
    at EventTargetImpl.dispatchEvent (D:\PROYEK WEB MASTER\APLIKASI\seat-shuttl
e\node_modules\jsdom\lib\jsdom\living\events\EventTarget-impl.js:114:17)
    at dispatchEvent (D:\PROYEK WEB MASTER\APLIKASI\seat-shuttle\node_modules\j
sdom\lib\generated\idl\EventTarget.js:241:34)
Error: Listener error
    at D:\PROYEK WEB MASTER\APLIKASI\seat-shuttle\src\test\realtimeTracking.tes
t.ts:201:15
    at mockCall (file:///D:/PROYEK%20WEB%20MASTER/APLIKASI/seat-shuttle/node_mo
dules/@vitest/spy/dist/index.js:96:15)
    at listener (file:///D:/PROYEK%20WEB%20MASTER/APLIKASI/seat-shuttle/node_mo
dules/tinyspy/dist/index.js:47:80)
    at pollingListener (D:\PROYEK WEB MASTER\APLIKASI\seat-shuttle\src\services
\realtimeTrackingService.ts:461:11)
    at callTheUserObjectsOperation (D:\PROYEK WEB MASTER\APLIKASI\seat-shuttle\
node_modules\jsdom\lib\generated\idl\EventListener.js:26:30)
    at innerInvokeEventListeners (D:\PROYEK WEB MASTER\APLIKASI\seat-shuttle\no
de_modules\jsdom\lib\jsdom\living\events\EventTarget-impl.js:360:16)
    at invokeEventListeners (D:\PROYEK WEB MASTER\APLIKASI\seat-shuttle\node_mo
dules\jsdom\lib\jsdom\living\events\EventTarget-impl.js:296:3)
    at EventTargetImpl._dispatch (D:\PROYEK WEB MASTER\APLIKASI\seat-shuttle\no
de_modules\jsdom\lib\jsdom\living\events\EventTarget-impl.js:243:9)
    at EventTargetImpl.dispatchEvent (D:\PROYEK WEB MASTER\APLIKASI\seat-shuttl
e\node_modules\jsdom\lib\jsdom\living\events\EventTarget-impl.js:114:17)
    at dispatchEvent (D:\PROYEK WEB MASTER\APLIKASI\seat-shuttle\node_modules\j
sdom\lib\generated\idl\EventTarget.js:241:34)
Error: Listener error
    at D:\PROYEK WEB MASTER\APLIKASI\seat-shuttle\src\test\realtimeTracking.tes
t.ts:201:15
    at mockCall (file:///D:/PROYEK%20WEB%20MASTER/APLIKASI/seat-shuttle/node_mo
dules/@vitest/spy/dist/index.js:96:15)
    at listener (file:///D:/PROYEK%20WEB%20MASTER/APLIKASI/seat-shuttle/node_mo
dules/tinyspy/dist/index.js:47:80)
    at pollingListener (D:\PROYEK WEB MASTER\APLIKASI\seat-shuttle\src\services
\realtimeTrackingService.ts:461:11)
    at callTheUserObjectsOperation (D:\PROYEK WEB MASTER\APLIKASI\seat-shuttle\
node_modules\jsdom\lib\generated\idl\EventListener.js:26:30)
    at innerInvokeEventListeners (D:\PROYEK WEB MASTER\APLIKASI\seat-shuttle\no
de_modules\jsdom\lib\jsdom\living\events\EventTarget-impl.js:360:16)
    at invokeEventListeners (D:\PROYEK WEB MASTER\APLIKASI\seat-shuttle\node_mo
dules\jsdom\lib\jsdom\living\events\EventTarget-impl.js:296:3)
    at EventTargetImpl._dispatch (D:\PROYEK WEB MASTER\APLIKASI\seat-shuttle\no
de_modules\jsdom\lib\jsdom\living\events\EventTarget-impl.js:243:9)
    at EventTargetImpl.dispatchEvent (D:\PROYEK WEB MASTER\APLIKASI\seat-shuttl
e\node_modules\jsdom\lib\jsdom\living\events\EventTarget-impl.js:114:17)
    at dispatchEvent (D:\PROYEK WEB MASTER\APLIKASI\seat-shuttle\node_modules\j
sdom\lib\generated\idl\EventTarget.js:241:34)
Error: Listener error
    at D:\PROYEK WEB MASTER\APLIKASI\seat-shuttle\src\test\realtimeTracking.tes
t.ts:201:15
    at mockCall (file:///D:/PROYEK%20WEB%20MASTER/APLIKASI/seat-shuttle/node_mo
dules/@vitest/spy/dist/index.js:96:15)
    at listener (file:///D:/PROYEK%20WEB%20MASTER/APLIKASI/seat-shuttle/node_mo
dules/tinyspy/dist/index.js:47:80)
    at pollingListener (D:\PROYEK WEB MASTER\APLIKASI\seat-shuttle\src\services
\realtimeTrackingService.ts:461:11)
    at callTheUserObjectsOperation (D:\PROYEK WEB MASTER\APLIKASI\seat-shuttle\
node_modules\jsdom\lib\generated\idl\EventListener.js:26:30)
    at innerInvokeEventListeners (D:\PROYEK WEB MASTER\APLIKASI\seat-shuttle\no
de_modules\jsdom\lib\jsdom\living\events\EventTarget-impl.js:360:16)
    at invokeEventListeners (D:\PROYEK WEB MASTER\APLIKASI\seat-shuttle\node_mo
dules\jsdom\lib\jsdom\living\events\EventTarget-impl.js:296:3)
    at EventTargetImpl._dispatch (D:\PROYEK WEB MASTER\APLIKASI\seat-shuttle\no
de_modules\jsdom\lib\jsdom\living\events\EventTarget-impl.js:243:9)
    at EventTargetImpl.dispatchEvent (D:\PROYEK WEB MASTER\APLIKASI\seat-shuttl
e\node_modules\jsdom\lib\jsdom\living\events\EventTarget-impl.js:114:17)
    at dispatchEvent (D:\PROYEK WEB MASTER\APLIKASI\seat-shuttle\node_modules\j
sdom\lib\generated\idl\EventTarget.js:241:34)
Error: Listener error
    at D:\PROYEK WEB MASTER\APLIKASI\seat-shuttle\src\test\realtimeTracking.tes
t.ts:201:15
    at mockCall (file:///D:/PROYEK%20WEB%20MASTER/APLIKASI/seat-shuttle/node_mo
dules/@vitest/spy/dist/index.js:96:15)
    at listener (file:///D:/PROYEK%20WEB%20MASTER/APLIKASI/seat-shuttle/node_mo
dules/tinyspy/dist/index.js:47:80)
    at pollingListener (D:\PROYEK WEB MASTER\APLIKASI\seat-shuttle\src\services
\realtimeTrackingService.ts:461:11)
    at callTheUserObjectsOperation (D:\PROYEK WEB MASTER\APLIKASI\seat-shuttle\
node_modules\jsdom\lib\generated\idl\EventListener.js:26:30)
    at innerInvokeEventListeners (D:\PROYEK WEB MASTER\APLIKASI\seat-shuttle\no
de_modules\jsdom\lib\jsdom\living\events\EventTarget-impl.js:360:16)
    at invokeEventListeners (D:\PROYEK WEB MASTER\APLIKASI\seat-shuttle\node_mo
dules\jsdom\lib\jsdom\living\events\EventTarget-impl.js:296:3)
    at EventTargetImpl._dispatch (D:\PROYEK WEB MASTER\APLIKASI\seat-shuttle\no
de_modules\jsdom\lib\jsdom\living\events\EventTarget-impl.js:243:9)
    at EventTargetImpl.dispatchEvent (D:\PROYEK WEB MASTER\APLIKASI\seat-shuttl
e\node_modules\jsdom\lib\jsdom\living\events\EventTarget-impl.js:114:17)
    at dispatchEvent (D:\PROYEK WEB MASTER\APLIKASI\seat-shuttle\node_modules\j
sdom\lib\generated\idl\EventTarget.js:241:34)
Error: Listener error
    at D:\PROYEK WEB MASTER\APLIKASI\seat-shuttle\src\test\realtimeTracking.tes
t.ts:201:15
    at mockCall (file:///D:/PROYEK%20WEB%20MASTER/APLIKASI/seat-shuttle/node_mo
dules/@vitest/spy/dist/index.js:96:15)
    at listener (file:///D:/PROYEK%20WEB%20MASTER/APLIKASI/seat-shuttle/node_mo
dules/tinyspy/dist/index.js:47:80)
    at pollingListener (D:\PROYEK WEB MASTER\APLIKASI\seat-shuttle\src\services
\realtimeTrackingService.ts:461:11)
    at callTheUserObjectsOperation (D:\PROYEK WEB MASTER\APLIKASI\seat-shuttle\
node_modules\jsdom\lib\generated\idl\EventListener.js:26:30)
    at innerInvokeEventListeners (D:\PROYEK WEB MASTER\APLIKASI\seat-shuttle\no
de_modules\jsdom\lib\jsdom\living\events\EventTarget-impl.js:360:16)
    at invokeEventListeners (D:\PROYEK WEB MASTER\APLIKASI\seat-shuttle\node_mo
dules\jsdom\lib\jsdom\living\events\EventTarget-impl.js:296:3)
    at EventTargetImpl._dispatch (D:\PROYEK WEB MASTER\APLIKASI\seat-shuttle\no
de_modules\jsdom\lib\jsdom\living\events\EventTarget-impl.js:243:9)
    at EventTargetImpl.dispatchEvent (D:\PROYEK WEB MASTER\APLIKASI\seat-shuttl
e\node_modules\jsdom\lib\jsdom\living\events\EventTarget-impl.js:114:17)
    at dispatchEvent (D:\PROYEK WEB MASTER\APLIKASI\seat-shuttle\node_modules\j
sdom\lib\generated\idl\EventTarget.js:241:34)
Error: Listener error
    at D:\PROYEK WEB MASTER\APLIKASI\seat-shuttle\src\test\realtimeTracking.tes
t.ts:201:15
    at mockCall (file:///D:/PROYEK%20WEB%20MASTER/APLIKASI/seat-shuttle/node_mo
dules/@vitest/spy/dist/index.js:96:15)
    at listener (file:///D:/PROYEK%20WEB%20MASTER/APLIKASI/seat-shuttle/node_mo
dules/tinyspy/dist/index.js:47:80)
    at pollingListener (D:\PROYEK WEB MASTER\APLIKASI\seat-shuttle\src\services
\realtimeTrackingService.ts:461:11)
    at callTheUserObjectsOperation (D:\PROYEK WEB MASTER\APLIKASI\seat-shuttle\
node_modules\jsdom\lib\generated\idl\EventListener.js:26:30)
    at innerInvokeEventListeners (D:\PROYEK WEB MASTER\APLIKASI\seat-shuttle\no
de_modules\jsdom\lib\jsdom\living\events\EventTarget-impl.js:360:16)
    at invokeEventListeners (D:\PROYEK WEB MASTER\APLIKASI\seat-shuttle\node_mo
dules\jsdom\lib\jsdom\living\events\EventTarget-impl.js:296:3)
    at EventTargetImpl._dispatch (D:\PROYEK WEB MASTER\APLIKASI\seat-shuttle\no
de_modules\jsdom\lib\jsdom\living\events\EventTarget-impl.js:243:9)
    at EventTargetImpl.dispatchEvent (D:\PROYEK WEB MASTER\APLIKASI\seat-shuttl
e\node_modules\jsdom\lib\jsdom\living\events\EventTarget-impl.js:114:17)
    at dispatchEvent (D:\PROYEK WEB MASTER\APLIKASI\seat-shuttle\node_modules\j
sdom\lib\generated\idl\EventTarget.js:241:34)
Error: Listener error
    at D:\PROYEK WEB MASTER\APLIKASI\seat-shuttle\src\test\realtimeTracking.tes
t.ts:201:15
    at mockCall (file:///D:/PROYEK%20WEB%20MASTER/APLIKASI/seat-shuttle/node_mo
dules/@vitest/spy/dist/index.js:96:15)
    at listener (file:///D:/PROYEK%20WEB%20MASTER/APLIKASI/seat-shuttle/node_mo
dules/tinyspy/dist/index.js:47:80)
    at pollingListener (D:\PROYEK WEB MASTER\APLIKASI\seat-shuttle\src\services
\realtimeTrackingService.ts:461:11)
    at callTheUserObjectsOperation (D:\PROYEK WEB MASTER\APLIKASI\seat-shuttle\
node_modules\jsdom\lib\generated\idl\EventListener.js:26:30)
    at innerInvokeEventListeners (D:\PROYEK WEB MASTER\APLIKASI\seat-shuttle\no
de_modules\jsdom\lib\jsdom\living\events\EventTarget-impl.js:360:16)
    at invokeEventListeners (D:\PROYEK WEB MASTER\APLIKASI\seat-shuttle\node_mo
dules\jsdom\lib\jsdom\living\events\EventTarget-impl.js:296:3)
    at EventTargetImpl._dispatch (D:\PROYEK WEB MASTER\APLIKASI\seat-shuttle\no
de_modules\jsdom\lib\jsdom\living\events\EventTarget-impl.js:243:9)
    at EventTargetImpl.dispatchEvent (D:\PROYEK WEB MASTER\APLIKASI\seat-shuttl
e\node_modules\jsdom\lib\jsdom\living\events\EventTarget-impl.js:114:17)
    at dispatchEvent (D:\PROYEK WEB MASTER\APLIKASI\seat-shuttle\node_modules\j
sdom\lib\generated\idl\EventTarget.js:241:34)
Error: Listener error
    at D:\PROYEK WEB MASTER\APLIKASI\seat-shuttle\src\test\realtimeTracking.tes
t.ts:201:15
    at mockCall (file:///D:/PROYEK%20WEB%20MASTER/APLIKASI/seat-shuttle/node_mo
dules/@vitest/spy/dist/index.js:96:15)
    at listener (file:///D:/PROYEK%20WEB%20MASTER/APLIKASI/seat-shuttle/node_mo
dules/tinyspy/dist/index.js:47:80)
    at pollingListener (D:\PROYEK WEB MASTER\APLIKASI\seat-shuttle\src\services
\realtimeTrackingService.ts:461:11)
    at callTheUserObjectsOperation (D:\PROYEK WEB MASTER\APLIKASI\seat-shuttle\
node_modules\jsdom\lib\generated\idl\EventListener.js:26:30)
    at innerInvokeEventListeners (D:\PROYEK WEB MASTER\APLIKASI\seat-shuttle\no
de_modules\jsdom\lib\jsdom\living\events\EventTarget-impl.js:360:16)
    at invokeEventListeners (D:\PROYEK WEB MASTER\APLIKASI\seat-shuttle\node_mo
dules\jsdom\lib\jsdom\living\events\EventTarget-impl.js:296:3)
    at EventTargetImpl._dispatch (D:\PROYEK WEB MASTER\APLIKASI\seat-shuttle\no
de_modules\jsdom\lib\jsdom\living\events\EventTarget-impl.js:243:9)
    at EventTargetImpl.dispatchEvent (D:\PROYEK WEB MASTER\APLIKASI\seat-shuttl
e\node_modules\jsdom\lib\jsdom\living\events\EventTarget-impl.js:114:17)
    at dispatchEvent (D:\PROYEK WEB MASTER\APLIKASI\seat-shuttle\node_modules\j
sdom\lib\generated\idl\EventTarget.js:241:34)
Error: Listener error
    at D:\PROYEK WEB MASTER\APLIKASI\seat-shuttle\src\test\realtimeTracking.tes
t.ts:201:15
    at mockCall (file:///D:/PROYEK%20WEB%20MASTER/APLIKASI/seat-shuttle/node_mo
dules/@vitest/spy/dist/index.js:96:15)
    at listener (file:///D:/PROYEK%20WEB%20MASTER/APLIKASI/seat-shuttle/node_mo
dules/tinyspy/dist/index.js:47:80)
    at pollingListener (D:\PROYEK WEB MASTER\APLIKASI\seat-shuttle\src\services
\realtimeTrackingService.ts:461:11)
    at callTheUserObjectsOperation (D:\PROYEK WEB MASTER\APLIKASI\seat-shuttle\
node_modules\jsdom\lib\generated\idl\EventListener.js:26:30)
    at innerInvokeEventListeners (D:\PROYEK WEB MASTER\APLIKASI\seat-shuttle\no
de_modules\jsdom\lib\jsdom\living\events\EventTarget-impl.js:360:16)
    at invokeEventListeners (D:\PROYEK WEB MASTER\APLIKASI\seat-shuttle\node_mo
dules\jsdom\lib\jsdom\living\events\EventTarget-impl.js:296:3)
    at EventTargetImpl._dispatch (D:\PROYEK WEB MASTER\APLIKASI\seat-shuttle\no
de_modules\jsdom\lib\jsdom\living\events\EventTarget-impl.js:243:9)
    at EventTargetImpl.dispatchEvent (D:\PROYEK WEB MASTER\APLIKASI\seat-shuttl
e\node_modules\jsdom\lib\jsdom\living\events\EventTarget-impl.js:114:17)
    at dispatchEvent (D:\PROYEK WEB MASTER\APLIKASI\seat-shuttle\node_modules\j
sdom\lib\generated\idl\EventTarget.js:241:34)
Error: Listener error
    at D:\PROYEK WEB MASTER\APLIKASI\seat-shuttle\src\test\realtimeTracking.tes
t.ts:201:15
    at mockCall (file:///D:/PROYEK%20WEB%20MASTER/APLIKASI/seat-shuttle/node_mo
dules/@vitest/spy/dist/index.js:96:15)
    at listener (file:///D:/PROYEK%20WEB%20MASTER/APLIKASI/seat-shuttle/node_mo
dules/tinyspy/dist/index.js:47:80)
    at pollingListener (D:\PROYEK WEB MASTER\APLIKASI\seat-shuttle\src\services
\realtimeTrackingService.ts:461:11)
    at callTheUserObjectsOperation (D:\PROYEK WEB MASTER\APLIKASI\seat-shuttle\
node_modules\jsdom\lib\generated\idl\EventListener.js:26:30)
    at innerInvokeEventListeners (D:\PROYEK WEB MASTER\APLIKASI\seat-shuttle\no
de_modules\jsdom\lib\jsdom\living\events\EventTarget-impl.js:360:16)
    at invokeEventListeners (D:\PROYEK WEB MASTER\APLIKASI\seat-shuttle\node_mo
dules\jsdom\lib\jsdom\living\events\EventTarget-impl.js:296:3)
    at EventTargetImpl._dispatch (D:\PROYEK WEB MASTER\APLIKASI\seat-shuttle\no
de_modules\jsdom\lib\jsdom\living\events\EventTarget-impl.js:243:9)
    at EventTargetImpl.dispatchEvent (D:\PROYEK WEB MASTER\APLIKASI\seat-shuttl
e\node_modules\jsdom\lib\jsdom\living\events\EventTarget-impl.js:114:17)
    at dispatchEvent (D:\PROYEK WEB MASTER\APLIKASI\seat-shuttle\node_modules\j
sdom\lib\generated\idl\EventTarget.js:241:34)
Error: Listener error
    at D:\PROYEK WEB MASTER\APLIKASI\seat-shuttle\src\test\realtimeTracking.tes
t.ts:201:15
    at mockCall (file:///D:/PROYEK%20WEB%20MASTER/APLIKASI/seat-shuttle/node_mo
dules/@vitest/spy/dist/index.js:96:15)
    at listener (file:///D:/PROYEK%20WEB%20MASTER/APLIKASI/seat-shuttle/node_mo
dules/tinyspy/dist/index.js:47:80)
    at pollingListener (D:\PROYEK WEB MASTER\APLIKASI\seat-shuttle\src\services
\realtimeTrackingService.ts:461:11)
    at callTheUserObjectsOperation (D:\PROYEK WEB MASTER\APLIKASI\seat-shuttle\
node_modules\jsdom\lib\generated\idl\EventListener.js:26:30)
    at innerInvokeEventListeners (D:\PROYEK WEB MASTER\APLIKASI\seat-shuttle\no
de_modules\jsdom\lib\jsdom\living\events\EventTarget-impl.js:360:16)
    at invokeEventListeners (D:\PROYEK WEB MASTER\APLIKASI\seat-shuttle\node_mo
dules\jsdom\lib\jsdom\living\events\EventTarget-impl.js:296:3)
    at EventTargetImpl._dispatch (D:\PROYEK WEB MASTER\APLIKASI\seat-shuttle\no
de_modules\jsdom\lib\jsdom\living\events\EventTarget-impl.js:243:9)
    at EventTargetImpl.dispatchEvent (D:\PROYEK WEB MASTER\APLIKASI\seat-shuttl
e\node_modules\jsdom\lib\jsdom\living\events\EventTarget-impl.js:114:17)
    at dispatchEvent (D:\PROYEK WEB MASTER\APLIKASI\seat-shuttle\node_modules\j
sdom\lib\generated\idl\EventTarget.js:241:34)
Error: Listener error
    at D:\PROYEK WEB MASTER\APLIKASI\seat-shuttle\src\test\realtimeTracking.tes
t.ts:201:15
    at mockCall (file:///D:/PROYEK%20WEB%20MASTER/APLIKASI/seat-shuttle/node_mo
dules/@vitest/spy/dist/index.js:96:15)
    at listener (file:///D:/PROYEK%20WEB%20MASTER/APLIKASI/seat-shuttle/node_mo
dules/tinyspy/dist/index.js:47:80)
    at pollingListener (D:\PROYEK WEB MASTER\APLIKASI\seat-shuttle\src\services
\realtimeTrackingService.ts:461:11)
    at callTheUserObjectsOperation (D:\PROYEK WEB MASTER\APLIKASI\seat-shuttle\
node_modules\jsdom\lib\generated\idl\EventListener.js:26:30)
    at innerInvokeEventListeners (D:\PROYEK WEB MASTER\APLIKASI\seat-shuttle\no
de_modules\jsdom\lib\jsdom\living\events\EventTarget-impl.js:360:16)
    at invokeEventListeners (D:\PROYEK WEB MASTER\APLIKASI\seat-shuttle\node_mo
dules\jsdom\lib\jsdom\living\events\EventTarget-impl.js:296:3)
    at EventTargetImpl._dispatch (D:\PROYEK WEB MASTER\APLIKASI\seat-shuttle\no
de_modules\jsdom\lib\jsdom\living\events\EventTarget-impl.js:243:9)
    at EventTargetImpl.dispatchEvent (D:\PROYEK WEB MASTER\APLIKASI\seat-shuttl
e\node_modules\jsdom\lib\jsdom\living\events\EventTarget-impl.js:114:17)
    at dispatchEvent (D:\PROYEK WEB MASTER\APLIKASI\seat-shuttle\node_modules\j
sdom\lib\generated\idl\EventTarget.js:241:34)
Error: Listener error
    at D:\PROYEK WEB MASTER\APLIKASI\seat-shuttle\src\test\realtimeTracking.tes
t.ts:201:15
    at mockCall (file:///D:/PROYEK%20WEB%20MASTER/APLIKASI/seat-shuttle/node_mo
dules/@vitest/spy/dist/index.js:96:15)
    at listener (file:///D:/PROYEK%20WEB%20MASTER/APLIKASI/seat-shuttle/node_mo
dules/tinyspy/dist/index.js:47:80)
    at pollingListener (D:\PROYEK WEB MASTER\APLIKASI\seat-shuttle\src\services
\realtimeTrackingService.ts:461:11)
    at callTheUserObjectsOperation (D:\PROYEK WEB MASTER\APLIKASI\seat-shuttle\
node_modules\jsdom\lib\generated\idl\EventListener.js:26:30)
    at innerInvokeEventListeners (D:\PROYEK WEB MASTER\APLIKASI\seat-shuttle\no
de_modules\jsdom\lib\jsdom\living\events\EventTarget-impl.js:360:16)
    at invokeEventListeners (D:\PROYEK WEB MASTER\APLIKASI\seat-shuttle\node_mo
dules\jsdom\lib\jsdom\living\events\EventTarget-impl.js:296:3)
    at EventTargetImpl._dispatch (D:\PROYEK WEB MASTER\APLIKASI\seat-shuttle\no
de_modules\jsdom\lib\jsdom\living\events\EventTarget-impl.js:243:9)
    at EventTargetImpl.dispatchEvent (D:\PROYEK WEB MASTER\APLIKASI\seat-shuttl
e\node_modules\jsdom\lib\jsdom\living\events\EventTarget-impl.js:114:17)
    at dispatchEvent (D:\PROYEK WEB MASTER\APLIKASI\seat-shuttle\node_modules\j
sdom\lib\generated\idl\EventTarget.js:241:34)
Error: Listener error
    at D:\PROYEK WEB MASTER\APLIKASI\seat-shuttle\src\test\realtimeTracking.tes
t.ts:201:15
    at mockCall (file:///D:/PROYEK%20WEB%20MASTER/APLIKASI/seat-shuttle/node_mo
dules/@vitest/spy/dist/index.js:96:15)
    at listener (file:///D:/PROYEK%20WEB%20MASTER/APLIKASI/seat-shuttle/node_mo
dules/tinyspy/dist/index.js:47:80)
    at pollingListener (D:\PROYEK WEB MASTER\APLIKASI\seat-shuttle\src\services
\realtimeTrackingService.ts:461:11)
    at callTheUserObjectsOperation (D:\PROYEK WEB MASTER\APLIKASI\seat-shuttle\
node_modules\jsdom\lib\generated\idl\EventListener.js:26:30)
    at innerInvokeEventListeners (D:\PROYEK WEB MASTER\APLIKASI\seat-shuttle\no
de_modules\jsdom\lib\jsdom\living\events\EventTarget-impl.js:360:16)
    at invokeEventListeners (D:\PROYEK WEB MASTER\APLIKASI\seat-shuttle\node_mo
dules\jsdom\lib\jsdom\living\events\EventTarget-impl.js:296:3)
    at EventTargetImpl._dispatch (D:\PROYEK WEB MASTER\APLIKASI\seat-shuttle\no
de_modules\jsdom\lib\jsdom\living\events\EventTarget-impl.js:243:9)
    at EventTargetImpl.dispatchEvent (D:\PROYEK WEB MASTER\APLIKASI\seat-shuttl
e\node_modules\jsdom\lib\jsdom\living\events\EventTarget-impl.js:114:17)
    at dispatchEvent (D:\PROYEK WEB MASTER\APLIKASI\seat-shuttle\node_modules\j
sdom\lib\generated\idl\EventTarget.js:241:34)
Error: Listener error
    at D:\PROYEK WEB MASTER\APLIKASI\seat-shuttle\src\test\realtimeTracking.tes
t.ts:201:15
    at mockCall (file:///D:/PROYEK%20WEB%20MASTER/APLIKASI/seat-shuttle/node_mo
dules/@vitest/spy/dist/index.js:96:15)
    at listener (file:///D:/PROYEK%20WEB%20MASTER/APLIKASI/seat-shuttle/node_mo
dules/tinyspy/dist/index.js:47:80)
    at pollingListener (D:\PROYEK WEB MASTER\APLIKASI\seat-shuttle\src\services
\realtimeTrackingService.ts:461:11)
    at callTheUserObjectsOperation (D:\PROYEK WEB MASTER\APLIKASI\seat-shuttle\
node_modules\jsdom\lib\generated\idl\EventListener.js:26:30)
    at innerInvokeEventListeners (D:\PROYEK WEB MASTER\APLIKASI\seat-shuttle\no
de_modules\jsdom\lib\jsdom\living\events\EventTarget-impl.js:360:16)
    at invokeEventListeners (D:\PROYEK WEB MASTER\APLIKASI\seat-shuttle\node_mo
dules\jsdom\lib\jsdom\living\events\EventTarget-impl.js:296:3)
    at EventTargetImpl._dispatch (D:\PROYEK WEB MASTER\APLIKASI\seat-shuttle\no
de_modules\jsdom\lib\jsdom\living\events\EventTarget-impl.js:243:9)
    at EventTargetImpl.dispatchEvent (D:\PROYEK WEB MASTER\APLIKASI\seat-shuttl
e\node_modules\jsdom\lib\jsdom\living\events\EventTarget-impl.js:114:17)
    at dispatchEvent (D:\PROYEK WEB MASTER\APLIKASI\seat-shuttle\node_modules\j
sdom\lib\generated\idl\EventTarget.js:241:34)
Error: Listener error
    at D:\PROYEK WEB MASTER\APLIKASI\seat-shuttle\src\test\realtimeTracking.tes
t.ts:201:15
    at mockCall (file:///D:/PROYEK%20WEB%20MASTER/APLIKASI/seat-shuttle/node_mo
dules/@vitest/spy/dist/index.js:96:15)
    at listener (file:///D:/PROYEK%20WEB%20MASTER/APLIKASI/seat-shuttle/node_mo
dules/tinyspy/dist/index.js:47:80)
    at pollingListener (D:\PROYEK WEB MASTER\APLIKASI\seat-shuttle\src\services
\realtimeTrackingService.ts:461:11)
    at callTheUserObjectsOperation (D:\PROYEK WEB MASTER\APLIKASI\seat-shuttle\
node_modules\jsdom\lib\generated\idl\EventListener.js:26:30)
    at innerInvokeEventListeners (D:\PROYEK WEB MASTER\APLIKASI\seat-shuttle\no
de_modules\jsdom\lib\jsdom\living\events\EventTarget-impl.js:360:16)
[90mstdout[2m | src/test/tracking.test.ts[2m > [22m[2mTrackingService - Enhanced Validation[2m > [22m[2mgetLastKnownLocation[2m > [22m[2mshould return null if no location is cached
[22m[39m[TrackingService] No valid cache for non-existent-driver

[90mstdout[2m | src/test/realtimeTracking.test.ts[2m > [22m[2mPerformance & Scale[2m > [22m[2mshould handle high-frequency location updates
[22m[39m[TrackingService] Location cached for DRV-001 (expires in 5 min)
    at invokeEventListeners (D:\PROYEK WEB MASTER\APLIKASI\seat-shuttle\node_mo
dules\jsdom\lib\jsdom\living\events\EventTarget-impl.js:296:3)
    at EventTargetImpl._dispatch (D:\PROYEK WEB MASTER\APLIKASI\seat-shuttle\no
de_modules\jsdom\lib\jsdom\living\events\EventTarget-impl.js:243:9)
    at EventTargetImpl.dispatchEvent (D:\PROYEK WEB MASTER\APLIKASI\seat-shuttl
e\node_modules\jsdom\lib\jsdom\living\events\EventTarget-impl.js:114:17)
[API] Location updated for driver DRV-001: {
  lat: [33m-6.2088[39m,
  lng: [33m106.8456[39m,
  timestamp: [32m'2026-03-25T19:24:11.900Z'[39m,
    at dispatchEvent (D:\PROYEK WEB MASTER\APLIKASI\seat-shuttle\node_modules\j
sdom\lib\generated\idl\EventTarget.js:241:34)
Error: Listener error
    at D:\PROYEK WEB MASTER\APLIKASI\seat-shuttle\src\test\realtimeTracking.tes
t.ts:201:15
    at mockCall (file:///D:/PROYEK%20WEB%20MASTER/APLIKASI/seat-shuttle/node_mo
dules/@vitest/spy/dist/index.js:96:15)
  validatedAt: [32m'2026-03-25T19:24:12.286Z'[39m
}
[TrackingService] Notification triggered for DRV-001
    at listener (file:///D:/PROYEK%20WEB%20MASTER/APLIKASI/seat-shuttle/node_mo
dules/tinyspy/dist/index.js:47:80)

    at pollingListener (D:\PROYEK WEB MASTER\APLIKASI\seat-shuttle\src\services
\realtimeTrackingService.ts:461:11)
    at callTheUserObjectsOperation (D:\PROYEK WEB MASTER\APLIKASI\seat-shuttle\
node_modules\jsdom\lib\generated\idl\EventListener.js:26:30)
    at innerInvokeEventListeners (D:\PROYEK WEB MASTER\APLIKASI\seat-shuttle\no
de_modules\jsdom\lib\jsdom\living\events\EventTarget-impl.js:360:16)
    at invokeEventListeners (D:\PROYEK WEB MASTER\APLIKASI\seat-shuttle\node_mo
dules\jsdom\lib\jsdom\living\events\EventTarget-impl.js:296:3)
    at EventTargetImpl._dispatch (D:\PROYEK WEB MASTER\APLIKASI\seat-shuttle\no
de_modules\jsdom\lib\jsdom\living\events\EventTarget-impl.js:243:9)
[90mstdout[2m | src/test/tracking.test.ts[2m > [22m[2mTrackingService - Enhanced Validation[2m > [22m[2mgetLastKnownLocation[2m > [22m[2mshould return cached location if available and not expired
[22m[39m[TrackingService] Location cached for test-driver-001 (expires in 5 min)
[API] Location updated for driver test-driver-001: {
  lat: [33m-6.2088[39m,
    at EventTargetImpl.dispatchEvent (D:\PROYEK WEB MASTER\APLIKASI\seat-shuttl
e\node_modules\jsdom\lib\jsdom\living\events\EventTarget-impl.js:114:17)
    at dispatchEvent (D:\PROYEK WEB MASTER\APLIKASI\seat-shuttle\node_modules\j
sdom\lib\generated\idl\EventTarget.js:241:34)
Error: Listener error
    at D:\PROYEK WEB MASTER\APLIKASI\seat-shuttle\src\test\realtimeTracking.tes
t.ts:201:15
  lng: [33m106.8456[39m,
  timestamp: [32m'2026-03-25T19:24:11.166Z'[39m,
  validatedAt: [32m'2026-03-25T19:24:12.626Z'[39m
    at mockCall (file:///D:/PROYEK%20WEB%20MASTER/APLIKASI/seat-shuttle/node_mo
dules/@vitest/spy/dist/index.js:96:15)
    at listener (file:///D:/PROYEK%20WEB%20MASTER/APLIKASI/seat-shuttle/node_mo
dules/tinyspy/dist/index.js:47:80)
    at pollingListener (D:\PROYEK WEB MASTER\APLIKASI\seat-shuttle\src\services
\realtimeTrackingService.ts:461:11)
    at callTheUserObjectsOperation (D:\PROYEK WEB MASTER\APLIKASI\seat-shuttle\
node_modules\jsdom\lib\generated\idl\EventListener.js:26:30)
}
[TrackingService] Notification triggered for test-driver-001

[90mstdout[2m | src/test/realtimeTracking.test.ts[2m > [22m[2mPerformance & Scale[2m > [22m[2mshould handle high-frequency location updates
    at innerInvokeEventListeners (D:\PROYEK WEB MASTER\APLIKASI\seat-shuttle\no
de_modules\jsdom\lib\jsdom\living\events\EventTarget-impl.js:360:16)
    at invokeEventListeners (D:\PROYEK WEB MASTER\APLIKASI\seat-shuttle\node_mo
dules\jsdom\lib\jsdom\living\events\EventTarget-impl.js:296:3)
    at EventTargetImpl._dispatch (D:\PROYEK WEB MASTER\APLIKASI\seat-shuttle\no
de_modules\jsdom\lib\jsdom\living\events\EventTarget-impl.js:243:9)
    at EventTargetImpl.dispatchEvent (D:\PROYEK WEB MASTER\APLIKASI\seat-shuttl
e\node_modules\jsdom\lib\jsdom\living\events\EventTarget-impl.js:114:17)
    at dispatchEvent (D:\PROYEK WEB MASTER\APLIKASI\seat-shuttle\node_modules\j
sdom\lib\generated\idl\EventTarget.js:241:34)
[22m[39m[TrackingService] Location cached for DRV-000 (expires in 5 min)
[API] Location updated for driver DRV-000: {
  lat: [33m-6.2[39m,
  lng: [33m106.8[39m,
Error: Listener error
    at D:\PROYEK WEB MASTER\APLIKASI\seat-shuttle\src\test\realtimeTracking.tes
t.ts:201:15
    at mockCall (file:///D:/PROYEK%20WEB%20MASTER/APLIKASI/seat-shuttle/node_mo
dules/@vitest/spy/dist/index.js:96:15)
    at listener (file:///D:/PROYEK%20WEB%20MASTER/APLIKASI/seat-shuttle/node_mo
dules/tinyspy/dist/index.js:47:80)
  timestamp: [32m'2026-03-25T19:24:12.005Z'[39m,
  validatedAt: [32m'2026-03-25T19:24:12.305Z'[39m
    at pollingListener (D:\PROYEK WEB MASTER\APLIKASI\seat-shuttle\src\services
\realtimeTrackingService.ts:461:11)
}
[TrackingService] Notification triggered for DRV-000

[90mstdout[2m | src/test/tracking.test.ts[2m > [22m[2mTrackingService - Enhanced Validation[2m > [22m[2mgetLastKnownLocation[2m > [22m[2mshould return cached location if available and not expired
    at callTheUserObjectsOperation (D:\PROYEK WEB MASTER\APLIKASI\seat-shuttle\
node_modules\jsdom\lib\generated\idl\EventListener.js:26:30)
    at innerInvokeEventListeners (D:\PROYEK WEB MASTER\APLIKASI\seat-shuttle\no
de_modules\jsdom\lib\jsdom\living\events\EventTarget-impl.js:360:16)
    at invokeEventListeners (D:\PROYEK WEB MASTER\APLIKASI\seat-shuttle\node_mo
dules\jsdom\lib\jsdom\living\events\EventTarget-impl.js:296:3)
    at EventTargetImpl._dispatch (D:\PROYEK WEB MASTER\APLIKASI\seat-shuttle\no
de_modules\jsdom\lib\jsdom\living\events\EventTarget-impl.js:243:9)
[22m[39m[TrackingService] Cache hit for test-driver-001 (expires in 300s)

[90mstdout[2m | src/test/realtimeTracking.test.ts[2m > [22m[2mPerformance & Scale[2m > [22m[2mshould handle high-frequency location updates
    at EventTargetImpl.dispatchEvent (D:\PROYEK WEB MASTER\APLIKASI\seat-shuttl
e\node_modules\jsdom\lib\jsdom\living\events\EventTarget-impl.js:114:17)
    at dispatchEvent (D:\PROYEK WEB MASTER\APLIKASI\seat-shuttle\node_modules\j
sdom\lib\generated\idl\EventTarget.js:241:34)

[90mstderr[2m | src/test/tracking.test.ts[2m > [22m[2mTrackingService - En
hanced Validation[2m > [22m[2mgetLastKnownLocation[2m > [22m[2mshould thr
ow error for invalid driver ID when retrieving
[22m[39m[TrackingService] Location cached for DRV-001 (expires in 5 min)
[API] Location updated for driver DRV-001: {
  lat: [33m-6.190940766842203[39m,
  lng: [33m106.80528514861811[39m,
[22m[39m[TrackingService] Get location failed: Format ID Driver tidak valid. 
Hanya alphanumeric, underscore, dan hyphen yang diizinkan

  timestamp: [32m'2026-03-25T19:24:12.110Z'[39m,
  validatedAt: [32m'2026-03-25T19:24:12.418Z'[39m
}
[TrackingService] Notification triggered for DRV-001

[90mstdout[2m | src/test/realtimeTracking.test.ts[2m > [22m[2mPerformance & Scale[2m > [22m[2mshould handle high-frequency location updates
[22m[39m[TrackingService] Location cached for DRV-001 (expires in 5 min)
[API] Location updated for driver DRV-001: {
  lat: [33m-6.198039715849659[39m,
  lng: [33m106.80974054622348[39m,
  timestamp: [32m'2026-03-25T19:24:12.117Z'[39m,
  validatedAt: [32m'2026-03-25T19:24:12.420Z'[39m
}
[TrackingService] Notification triggered for DRV-001

[90mstdout[2m | src/test/tracking.test.ts[2m > [22m[2mTrackingService - Enhanced Validation[2m > [22m[2mgetLastKnownLocation[2m > [22m[2mshould return null if cached location has expired
[22m[39m[TrackingService] Location cached for test-driver-001 (expires in 5 min)
[API] Location updated for driver test-driver-001: {
  lat: [33m-6.2088[39m,
  lng: [33m106.8456[39m,
  timestamp: [32m'2026-03-25T19:24:11.166Z'[39m,
  validatedAt: [32m'2026-03-25T19:24:12.929Z'[39m
}
[TrackingService] Notification triggered for test-driver-001

[90mstdout[2m | src/test/realtimeTracking.test.ts[2m > [22m[2mPerformance & Scale[2m > [22m[2mshould handle high-frequency location updates
[22m[39m[TrackingService] Location cached for DRV-001 (expires in 5 min)
[API] Location updated for driver DRV-001: {
  lat: [33m-6.197436497923934[39m,
  lng: [33m106.8035021252841[39m,
  timestamp: [32m'2026-03-25T19:24:12.119Z'[39m,
  validatedAt: [32m'2026-03-25T19:24:12.422Z'[39m
}
[TrackingService] Notification triggered for DRV-001

[90mstdout[2m | src/test/tracking.test.ts[2m > [22m[2mTrackingService - Enhanced Validation[2m > [22m[2mgetLastKnownLocation[2m > [22m[2mshould return null if cached location has expired
[22m[39m[TrackingService] Cache for test-driver-001 has expired (TTL exceeded)

[90mstdout[2m | src/test/realtimeTracking.test.ts[2m > [22m[2mPerformance & Scale[2m > [22m[2mshould handle high-frequency location updates
[22m[39m[TrackingService] Location cached for DRV-001 (expires in 5 min)
[API] Location updated for driver DRV-001: {
  lat: [33m-6.1923471633913945[39m,
  lng: [33m106.80945719895804[39m,
  timestamp: [32m'2026-03-25T19:24:12.121Z'[39m,
  validatedAt: [32m'2026-03-25T19:24:12.424Z'[39m
}
[TrackingService] Notification triggered for DRV-001

[90mstdout[2m | src/test/tracking.test.ts[2m > [22m[2mTrackingService - Enhanced Validation[2m > [22m[2mgetLastKnownLocation[2m > [22m[2mshould return null if cached location has expired
[22m[39m[TrackingService] No valid cache for test-driver-001

[90mstdout[2m | src/test/realtimeTracking.test.ts[2m > [22m[2mPerformance & Scale[2m > [22m[2mshould handle high-frequency location updates
[22m[39m[TrackingService] Location cached for DRV-001 (expires in 5 min)
[API] Location updated for driver DRV-001: {
  lat: [33m-6.197133324364112[39m,
  lng: [33m106.80593246026812[39m,
  timestamp: [32m'2026-03-25T19:24:12.124Z'[39m,
  validatedAt: [32m'2026-03-25T19:24:12.425Z'[39m
}
[TrackingService] Notification triggered for DRV-001

[90mstdout[2m | src/test/realtimeTracking.test.ts[2m > [22m[2mPerformance & Scale[2m > [22m[2mshould handle high-frequency location updates
[22m[39m[TrackingService] Location cached for DRV-001 (expires in 5 min)
[API] Location updated for driver DRV-001: {
  lat: [33m-6.199027778989205[39m,
  lng: [33m106.807045004957[39m,
  timestamp: [32m'2026-03-25T19:24:12.125Z'[39m,
  validatedAt: [32m'2026-03-25T19:24:12.429Z'[39m
}
[TrackingService] Notification triggered for DRV-001

[90mstdout[2m | src/test/realtimeTracking.test.ts[2m > [22m[2mPerformance & Scale[2m > [22m[2mshould handle high-frequency location updates
[22m[39m[TrackingService] Location cached for DRV-001 (expires in 5 min)
[API] Location updated for driver DRV-001: {
  lat: [33m-6.195296057969969[39m,
  lng: [33m106.80526003801594[39m,
  timestamp: [32m'2026-03-25T19:24:12.127Z'[39m,
  validatedAt: [32m'2026-03-25T19:24:12.432Z'[39m
}
[TrackingService] Notification triggered for DRV-001

[90mstdout[2m | src/test/tracking.test.ts[2m > [22m[2mTrackingService - Enhanced Validation[2m > [22m[2mCache Cleanup[2m > [22m[2mshould clean expired cache entries
[22m[39m[TrackingService] Location cached for test-driver-001 (expires in 5 min)
[API] Location updated for driver test-driver-001: {
  lat: [33m-6.2088[39m,
  lng: [33m106.8456[39m,
  timestamp: [32m'2026-03-25T19:24:11.166Z'[39m,
  validatedAt: [32m'2026-03-25T19:24:12.937Z'[39m
}
[TrackingService] Notification triggered for test-driver-001

[90mstdout[2m | src/test/realtimeTracking.test.ts[2m > [22m[2mPerformance & Scale[2m > [22m[2mshould handle high-frequency location updates
[22m[39m[TrackingService] Location cached for DRV-001 (expires in 5 min)
[API] Location updated for driver DRV-001: {
  lat: [33m-6.190709238748607[39m,
  lng: [33m106.80227335271964[39m,
  timestamp: [32m'2026-03-25T19:24:12.131Z'[39m,
  validatedAt: [32m'2026-03-25T19:24:12.432Z'[39m
}
[TrackingService] Notification triggered for DRV-001

[90mstdout[2m | src/test/tracking.test.ts[2m > [22m[2mTrackingService - Enhanced Validation[2m > [22m[2mCache Cleanup[2m > [22m[2mshould clean expired cache entries
[22m[39m[TrackingService] Location cached for driver-002 (expires in 5 min)
[API] Location updated for driver driver-002: {
  lat: [33m-6.2088[39m,
  lng: [33m106.8456[39m,
  timestamp: [32m'2026-03-25T19:24:11.166Z'[39m,
  validatedAt: [32m'2026-03-25T19:24:13.240Z'[39m
}
[TrackingService] Notification triggered for driver-002

[90mstdout[2m | src/test/realtimeTracking.test.ts[2m > [22m[2mPerformance & Scale[2m > [22m[2mshould handle high-frequency location updates
[22m[39m[TrackingService] Location cached for DRV-001 (expires in 5 min)
[API] Location updated for driver DRV-001: {
  lat: [33m-6.19553331888562[39m,
  lng: [33m106.8070048966678[39m,
  timestamp: [32m'2026-03-25T19:24:12.132Z'[39m,
  validatedAt: [32m'2026-03-25T19:24:12.433Z'[39m
}
[TrackingService] Notification triggered for DRV-001

[90mstdout[2m | src/test/tracking.test.ts[2m > [22m[2mTrackingService - Enhanced Validation[2m > [22m[2mCache Cleanup[2m > [22m[2mshould clean expired cache entries
[22m[39m[TrackingService] Cleaned 2 expired cache entries

[90mstdout[2m | src/test/realtimeTracking.test.ts[2m > [22m[2mPerformance & Scale[2m > [22m[2mshould handle high-frequency location updates
[22m[39m[TrackingService] Location cached for DRV-001 (expires in 5 min)
[API] Location updated for driver DRV-001: {
  lat: [33m-6.193239591132119[39m,
  lng: [33m106.80351685551616[39m,
  timestamp: [32m'2026-03-25T19:24:12.133Z'[39m,
  validatedAt: [32m'2026-03-25T19:24:12.435Z'[39m
}
[TrackingService] Notification triggered for DRV-001

[90mstdout[2m | src/test/realtimeTracking.test.ts[2m > [22m[2mPerformance & Scale[2m > [22m[2mshould handle high-frequency location updates
[22m[39m[TrackingService] Location cached for DRV-001 (expires in 5 min)
[API] Location updated for driver DRV-001: {
  lat: [33m-6.199026312935532[39m,
  lng: [33m106.80982996606883[39m,
  timestamp: [32m'2026-03-25T19:24:12.134Z'[39m,
  validatedAt: [32m'2026-03-25T19:24:12.437Z'[39m
}
[TrackingService] Notification triggered for DRV-001

[90mstdout[2m | src/test/realtimeTracking.test.ts[2m > [22m[2mPerformance & Scale[2m > [22m[2mshould handle high-frequency location updates
[22m[39m[TrackingService] Location cached for DRV-001 (expires in 5 min)
[API] Location updated for driver DRV-001: {
  lat: [33m-6.190647240925961[39m,
  lng: [33m106.80708818983143[39m,
  timestamp: [32m'2026-03-25T19:24:12.136Z'[39m,
  validatedAt: [32m'2026-03-25T19:24:12.438Z'[39m
}
[TrackingService] Notification triggered for DRV-001

[90mstdout[2m | src/test/tracking.test.ts[2m > [22m[2mTrackingService - Enhanced Validation[2m > [22m[2mCache Cleanup[2m > [22m[2mshould get cache statistics
[22m[39m[TrackingService] Location cached for test-driver-001 (expires in 5 min)
[API] Location updated for driver test-driver-001: {
  lat: [33m-6.2088[39m,
  lng: [33m106.8456[39m,
  timestamp: [32m'2026-03-25T19:24:11.166Z'[39m,
  validatedAt: [32m'2026-03-25T19:24:13.545Z'[39m
}
[TrackingService] Notification triggered for test-driver-001

[90mstdout[2m | src/test/realtimeTracking.test.ts[2m > [22m[2mPerformance & Scale[2m > [22m[2mshould handle high-frequency location updates
[22m[39m[TrackingService] Location cached for DRV-001 (expires in 5 min)
[API] Location updated for driver DRV-001: {
  lat: [33m-6.199050350515144[39m,
  lng: [33m106.80191400728673[39m,
  timestamp: [32m'2026-03-25T19:24:12.137Z'[39m,
  validatedAt: [32m'2026-03-25T19:24:12.439Z'[39m
}
[TrackingService] Notification triggered for DRV-001

[90mstdout[2m | src/test/tracking.test.ts[2m > [22m[2mTrackingService - Enhanced Validation[2m > [22m[2mCache Cleanup[2m > [22m[2mshould get cache statistics
[22m[39m[TrackingService] Location cached for driver-002 (expires in 5 min)
[API] Location updated for driver driver-002: {
  lat: [33m-6.2088[39m,
  lng: [33m106.8456[39m,
  timestamp: [32m'2026-03-25T19:24:11.166Z'[39m,
  validatedAt: [32m'2026-03-25T19:24:13.847Z'[39m
}
[TrackingService] Notification triggered for driver-002

[90mstdout[2m | src/test/realtimeTracking.test.ts[2m > [22m[2mPerformance & Scale[2m > [22m[2mshould handle high-frequency location updates
[22m[39m[TrackingService] Location cached for DRV-001 (expires in 5 min)
[API] Location updated for driver DRV-001: {
  lat: [33m-6.191194082342562[39m,
  lng: [33m106.80327508946347[39m,
  timestamp: [32m'2026-03-25T19:24:12.139Z'[39m,
  validatedAt: [32m'2026-03-25T19:24:12.441Z'[39m
}
[TrackingService] Notification triggered for DRV-001

[90mstdout[2m | src/test/realtimeTracking.test.ts[2m > [22m[2mPerformance & Scale[2m > [22m[2mshould handle high-frequency location updates
[22m[39m[TrackingService] Location cached for DRV-001 (expires in 5 min)
[API] Location updated for driver DRV-001: {
  lat: [33m-6.1930054941954[39m,
  lng: [33m106.80764139253392[39m,
  timestamp: [32m'2026-03-25T19:24:12.140Z'[39m,
  validatedAt: [32m'2026-03-25T19:24:12.442Z'[39m
}
[TrackingService] Notification triggered for DRV-001

[90mstdout[2m | src/test/realtimeTracking.test.ts[2m > [22m[2mPerformance & Scale[2m > [22m[2mshould handle high-frequency location updates
[22m[39m[TrackingService] Location cached for DRV-001 (expires in 5 min)
[API] Location updated for driver DRV-001: {
  lat: [33m-6.199376211269769[39m,
  lng: [33m106.80703811359297[39m,
  timestamp: [32m'2026-03-25T19:24:12.141Z'[39m,
  validatedAt: [32m'2026-03-25T19:24:12.443Z'[39m
}
[TrackingService] Notification triggered for DRV-001

[90mstdout[2m | src/test/tracking.test.ts[2m > [22m[2mTrackingService - Enhanced Validation[2m > [22m[2mCache Cleanup[2m > [22m[2mshould report expired entries in cache stats
[22m[39m[TrackingService] Location cached for test-driver-001 (expires in 5 min)
[API] Location updated for driver test-driver-001: {
  lat: [33m-6.2088[39m,
  lng: [33m106.8456[39m,
  timestamp: [32m'2026-03-25T19:24:11.166Z'[39m,
  validatedAt: [32m'2026-03-25T19:24:14.150Z'[39m
}
[TrackingService] Notification triggered for test-driver-001

[90mstdout[2m | src/test/realtimeTracking.test.ts[2m > [22m[2mPerformance & Scale[2m > [22m[2mshould handle high-frequency location updates
[22m[39m[TrackingService] Location cached for DRV-001 (expires in 5 min)
[API] Location updated for driver DRV-001: {
  lat: [33m-6.195236376982782[39m,
  lng: [33m106.80514490566736[39m,
  timestamp: [32m'2026-03-25T19:24:12.142Z'[39m,
  validatedAt: [32m'2026-03-25T19:24:12.448Z'[39m
}
[TrackingService] Notification triggered for DRV-001

[90mstdout[2m | src/test/realtimeTracking.test.ts[2m > [22m[2mPerformance & Scale[2m > [22m[2mshould handle high-frequency location updates
[22m[39m[TrackingService] Location cached for DRV-001 (expires in 5 min)
[API] Location updated for driver DRV-001: {
  lat: [33m-6.191174530392281[39m,
  lng: [33m106.80697044119883[39m,
  timestamp: [32m'2026-03-25T19:24:12.146Z'[39m,
  validatedAt: [32m'2026-03-25T19:24:12.450Z'[39m
}
[TrackingService] Notification triggered for DRV-001

[90mstdout[2m | src/test/realtimeTracking.test.ts[2m > [22m[2mPerformance & Scale[2m > [22m[2mshould handle high-frequency location updates
[22m[39m[TrackingService] Location cached for DRV-001 (expires in 5 min)
[API] Location updated for driver DRV-001: {
  lat: [33m-6.194700466449406[39m,
  lng: [33m106.80682758614836[39m,
  timestamp: [32m'2026-03-25T19:24:12.149Z'[39m,
  validatedAt: [32m'2026-03-25T19:24:12.455Z'[39m
}
[TrackingService] Notification triggered for DRV-001

[90mstdout[2m | src/test/tracking.test.ts[2m > [22m[2mTrackingService - Enhanced Validation[2m > [22m[2mReal-time Notifications[2m > [22m[2mshould dispatch driver_location_update event
[22m[39m[TrackingService] Location cached for test-driver-001 (expires in 5 min)
[API] Location updated for driver test-driver-001: {
  lat: [33m-6.2088[39m,
  lng: [33m106.8456[39m,
  timestamp: [32m'2026-03-25T19:24:11.166Z'[39m,
  validatedAt: [32m'2026-03-25T19:24:14.454Z'[39m
}
[TrackingService] Notification triggered for test-driver-001

[90mstdout[2m | src/test/realtimeTracking.test.ts[2m > [22m[2mPerformance & Scale[2m > [22m[2mshould handle high-frequency location updates
[22m[39m[TrackingService] Location cached for DRV-001 (expires in 5 min)
[API] Location updated for driver DRV-001: {
  lat: [33m-6.195522564368843[39m,
  lng: [33m106.80194221797534[39m,
  timestamp: [32m'2026-03-25T19:24:12.156Z'[39m,
  validatedAt: [32m'2026-03-25T19:24:12.459Z'[39m
}
[TrackingService] Notification triggered for DRV-001

[90mstdout[2m | src/test/realtimeTracking.test.ts[2m > [22m[2mPerformance & Scale[2m > [22m[2mshould handle high-frequency location updates
[22m[39m[TrackingService] Location cached for DRV-001 (expires in 5 min)
[API] Location updated for driver DRV-001: {
  lat: [33m-6.195182290403359[39m,
  lng: [33m106.80842388776158[39m,
  timestamp: [32m'2026-03-25T19:24:12.157Z'[39m,
  validatedAt: [32m'2026-03-25T19:24:12.460Z'[39m
}
[TrackingService] Notification triggered for DRV-001

 [32mÔ£ô[39m src/test/tracking.test.ts [2m([22m[2m32 tests[22m[2m)[22m[33m 3292[2mms[22m[39m
   [33m[2mÔ£ô[22m[39m TrackingService - Enhanced Validation[2m > [22mupdateDriverLocation[2m > [22mshould successfully update location with valid data [33m 306[2mms[22m[39m
   [33m[2mÔ£ô[22m[39m TrackingService - Enhanced Validation[2m > [22mupdateDriverLocation[2m > [22mshould allow location update when trip is active [33m 305[2mms[22m[39m
   [33m[2mÔ£ô[22m[39m TrackingService - Enhanced Validation[2m > [22mupdateDriverLocation[2m > [22mshould cache the last location in localStorage [33m 304[2mms[22m[39m
   [33m[2mÔ£ô[22m[39m TrackingService - Enhanced Validation[2m > [22mgetLastKnownLocation[2m > [22mshould return cached location if available and not expired [33m 302[2mms[22m[39m
   [33m[2mÔ£ô[22m[39m TrackingService - Enhanced Validation[2m > [22mCache Cleanup[2m > [22mshould clean expired cache entries [33m 608[2mms[22m[39m
   [33m[2mÔ£ô[22m[39m TrackingService - Enhanced Validation[2m > [22mCache Cleanup[2m > [22mshould get cache statistics [33m 606[2mms[22m[39m
   [33m[2mÔ£ô[22m[39m TrackingService - Enhanced Validation[2m > [22mCache Cleanup[2m > [22mshould report expired entries in cache stats [33m 302[2mms[22m[39m
   [33m[2mÔ£ô[22m[39m TrackingService - Enhanced Validation[2m > [22mReal-time Notifications[2m > [22mshould dispatch driver_location_update event [33m 315[2mms[22m[39m
[90mstdout[2m | src/test/realtimeTracking.test.ts[2m > [22m[2mPerformance & Scale[2m > [22m[2mshould handle high-frequency location updates
[22m[39m[RealtimeTracking] Service destroyed

[90mstdout[2m | src/test/realtimeTracking.test.ts
[22m[39m[TrackingService] Location cached for DRV-001 (expires in 5 min)
[API] Location updated for driver DRV-001: {
  lat: [33m-6.194317077685077[39m,
  lng: [33m106.80870896507952[39m,
  timestamp: [32m'2026-03-25T19:24:12.159Z'[39m,
  validatedAt: [32m'2026-03-25T19:24:12.469Z'[39m
}
[TrackingService] Notification triggered for DRV-001

[90mstdout[2m | src/test/realtimeTracking.test.ts
[22m[39m[TrackingService] Location cached for DRV-001 (expires in 5 min)
[API] Location updated for driver DRV-001: {
  lat: [33m-6.193106006099915[39m,
  lng: [33m106.80535226325618[39m,
  timestamp: [32m'2026-03-25T19:24:12.167Z'[39m,
  validatedAt: [32m'2026-03-25T19:24:12.471Z'[39m
}
[TrackingService] Notification triggered for DRV-001

[90mstdout[2m | src/test/realtimeTracking.test.ts
[22m[39m[TrackingService] Location cached for DRV-001 (expires in 5 min)
[API] Location updated for driver DRV-001: {
  lat: [33m-6.197799085861626[39m,
  lng: [33m106.80252931538641[39m,
  timestamp: [32m'2026-03-25T19:24:12.169Z'[39m,
  validatedAt: [32m'2026-03-25T19:24:12.474Z'[39m
}
[TrackingService] Notification triggered for DRV-001

[90mstdout[2m | src/test/realtimeTracking.test.ts
[22m[39m[TrackingService] Location cached for DRV-001 (expires in 5 min)
[API] Location updated for driver DRV-001: {
  lat: [33m-6.190062232428129[39m,
  lng: [33m106.8076777450749[39m,
  timestamp: [32m'2026-03-25T19:24:12.172Z'[39m,
  validatedAt: [32m'2026-03-25T19:24:12.476Z'[39m
}
[TrackingService] Notification triggered for DRV-001

[90mstdout[2m | src/test/realtimeTracking.test.ts
[22m[39m[TrackingService] Location cached for DRV-001 (expires in 5 min)
[API] Location updated for driver DRV-001: {
  lat: [33m-6.198080568103828[39m,
  lng: [33m106.80099208208104[39m,
  timestamp: [32m'2026-03-25T19:24:12.174Z'[39m,
  validatedAt: [32m'2026-03-25T19:24:12.476Z'[39m
}
[TrackingService] Notification triggered for DRV-001

[90mstdout[2m | src/test/realtimeTracking.test.ts
[22m[39m[TrackingService] Location cached for DRV-001 (expires in 5 min)
[API] Location updated for driver DRV-001: {
  lat: [33m-6.1998941230793525[39m,
  lng: [33m106.80096651790673[39m,
  timestamp: [32m'2026-03-25T19:24:12.176Z'[39m,
  validatedAt: [32m'2026-03-25T19:24:12.479Z'[39m
}
[TrackingService] Notification triggered for DRV-001

[90mstdout[2m | src/test/realtimeTracking.test.ts
[22m[39m[TrackingService] Location cached for DRV-001 (expires in 5 min)
[API] Location updated for driver DRV-001: {
  lat: [33m-6.198257246799584[39m,
  lng: [33m106.8035749374629[39m,
  timestamp: [32m'2026-03-25T19:24:12.178Z'[39m,
  validatedAt: [32m'2026-03-25T19:24:12.482Z'[39m
}
[TrackingService] Notification triggered for DRV-001

[90mstdout[2m | src/test/realtimeTracking.test.ts
[22m[39m[TrackingService] Location cached for DRV-001 (expires in 5 min)
[API] Location updated for driver DRV-001: {
  lat: [33m-6.19324481412996[39m,
  lng: [33m106.80659804487814[39m,
  timestamp: [32m'2026-03-25T19:24:12.182Z'[39m,
  validatedAt: [32m'2026-03-25T19:24:12.485Z'[39m
}
[TrackingService] Notification triggered for DRV-001

[90mstdout[2m | src/test/realtimeTracking.test.ts
[22m[39m[TrackingService] Location cached for DRV-001 (expires in 5 min)
[API] Location updated for driver DRV-001: {
  lat: [33m-6.199486407318366[39m,
  lng: [33m106.80708199206708[39m,
  timestamp: [32m'2026-03-25T19:24:12.184Z'[39m,
  validatedAt: [32m'2026-03-25T19:24:12.486Z'[39m
}
[TrackingService] Notification triggered for DRV-001

[90mstdout[2m | src/test/realtimeTracking.test.ts
[22m[39m[TrackingService] Location cached for DRV-001 (expires in 5 min)
[API] Location updated for driver DRV-001: {
  lat: [33m-6.193737308137102[39m,
  lng: [33m106.80243086575615[39m,
  timestamp: [32m'2026-03-25T19:24:12.185Z'[39m,
  validatedAt: [32m'2026-03-25T19:24:12.487Z'[39m
}
[TrackingService] Notification triggered for DRV-001

[90mstdout[2m | src/test/realtimeTracking.test.ts
[22m[39m[TrackingService] Location cached for DRV-001 (expires in 5 min)
[API] Location updated for driver DRV-001: {
  lat: [33m-6.1982928191376[39m,
  lng: [33m106.80352694085786[39m,
  timestamp: [32m'2026-03-25T19:24:12.187Z'[39m,
  validatedAt: [32m'2026-03-25T19:24:12.488Z'[39m
}
[TrackingService] Notification triggered for DRV-001

[90mstdout[2m | src/test/realtimeTracking.test.ts
[22m[39m[TrackingService] Location cached for DRV-001 (expires in 5 min)
[API] Location updated for driver DRV-001: {
  lat: [33m-6.195190639679284[39m,
  lng: [33m106.80529724405578[39m,
  timestamp: [32m'2026-03-25T19:24:12.188Z'[39m,
  validatedAt: [32m'2026-03-25T19:24:12.489Z'[39m
}
[TrackingService] Notification triggered for DRV-001

[90mstdout[2m | src/test/realtimeTracking.test.ts
[22m[39m[TrackingService] Location cached for DRV-001 (expires in 5 min)
[API] Location updated for driver DRV-001: {
  lat: [33m-6.193468451697177[39m,
  lng: [33m106.80498052512783[39m,
  timestamp: [32m'2026-03-25T19:24:12.189Z'[39m,
  validatedAt: [32m'2026-03-25T19:24:12.490Z'[39m
}
[TrackingService] Notification triggered for DRV-001

[90mstdout[2m | src/test/realtimeTracking.test.ts
[22m[39m[TrackingService] Location cached for DRV-001 (expires in 5 min)
[API] Location updated for driver DRV-001: {
  lat: [33m-6.191274591276821[39m,
  lng: [33m106.80083296005934[39m,
  timestamp: [32m'2026-03-25T19:24:12.190Z'[39m,
  validatedAt: [32m'2026-03-25T19:24:12.493Z'[39m
}
[TrackingService] Notification triggered for DRV-001

[90mstdout[2m | src/test/realtimeTracking.test.ts
[22m[39m[TrackingService] Location cached for DRV-001 (expires in 5 min)
[API] Location updated for driver DRV-001: {
  lat: [33m-6.199091016136021[39m,
  lng: [33m106.80175237365786[39m,
  timestamp: [32m'2026-03-25T19:24:12.191Z'[39m,
  validatedAt: [32m'2026-03-25T19:24:12.495Z'[39m
}
[TrackingService] Notification triggered for DRV-001

[90mstdout[2m | src/test/realtimeTracking.test.ts
[22m[39m[TrackingService] Location cached for DRV-001 (expires in 5 min)
[API] Location updated for driver DRV-001: {
  lat: [33m-6.195504365724281[39m,
  lng: [33m106.80579983684844[39m,
  timestamp: [32m'2026-03-25T19:24:12.192Z'[39m,
  validatedAt: [32m'2026-03-25T19:24:12.496Z'[39m
}
[TrackingService] Notification triggered for DRV-001

[90mstdout[2m | src/test/realtimeTracking.test.ts
[22m[39m[TrackingService] Location cached for DRV-001 (expires in 5 min)
[API] Location updated for driver DRV-001: {
  lat: [33m-6.19158569960416[39m,
  lng: [33m106.80805375545549[39m,
  timestamp: [32m'2026-03-25T19:24:12.195Z'[39m,
  validatedAt: [32m'2026-03-25T19:24:12.499Z'[39m
}
[TrackingService] Notification triggered for DRV-001

[90mstdout[2m | src/test/realtimeTracking.test.ts
[22m[39m[TrackingService] Location cached for DRV-001 (expires in 5 min)
[API] Location updated for driver DRV-001: {
  lat: [33m-6.190615295265321[39m,
  lng: [33m106.80499467862886[39m,
  timestamp: [32m'2026-03-25T19:24:12.198Z'[39m,
  validatedAt: [32m'2026-03-25T19:24:12.502Z'[39m
}
[TrackingService] Notification triggered for DRV-001

[90mstdout[2m | src/test/realtimeTracking.test.ts
[22m[39m[TrackingService] Location cached for DRV-001 (expires in 5 min)
[API] Location updated for driver DRV-001: {
  lat: [33m-6.193880157686667[39m,
  lng: [33m106.8054271277896[39m,
  timestamp: [32m'2026-03-25T19:24:12.200Z'[39m,
  validatedAt: [32m'2026-03-25T19:24:12.505Z'[39m
}
[TrackingService] Notification triggered for DRV-001

[90mstdout[2m | src/test/realtimeTracking.test.ts
[22m[39m[TrackingService] Location cached for DRV-001 (expires in 5 min)
[API] Location updated for driver DRV-001: {
  lat: [33m-6.199659675842425[39m,
  lng: [33m106.80436201007724[39m,
  timestamp: [32m'2026-03-25T19:24:12.202Z'[39m,
  validatedAt: [32m'2026-03-25T19:24:12.506Z'[39m
}
[TrackingService] Notification triggered for DRV-001

[90mstdout[2m | src/test/realtimeTracking.test.ts
[22m[39m[TrackingService] Location cached for DRV-001 (expires in 5 min)
[API] Location updated for driver DRV-001: {
  lat: [33m-6.198399417610021[39m,
  lng: [33m106.80085238085717[39m,
  timestamp: [32m'2026-03-25T19:24:12.205Z'[39m,
  validatedAt: [32m'2026-03-25T19:24:12.507Z'[39m
}
[TrackingService] Notification triggered for DRV-001

[90mstdout[2m | src/test/realtimeTracking.test.ts
[22m[39m[TrackingService] Location cached for DRV-001 (expires in 5 min)
[API] Location updated for driver DRV-001: {
  lat: [33m-6.192881991592288[39m,
  lng: [33m106.80487164327265[39m,
  timestamp: [32m'2026-03-25T19:24:12.206Z'[39m,
  validatedAt: [32m'2026-03-25T19:24:12.507Z'[39m
}
[TrackingService] Notification triggered for DRV-001

[90mstdout[2m | src/test/realtimeTracking.test.ts
[22m[39m[TrackingService] Location cached for DRV-001 (expires in 5 min)
[API] Location updated for driver DRV-001: {
  lat: [33m-6.1971636197725815[39m,
  lng: [33m106.80240159370297[39m,
  timestamp: [32m'2026-03-25T19:24:12.207Z'[39m,
  validatedAt: [32m'2026-03-25T19:24:12.508Z'[39m
}
[TrackingService] Notification triggered for DRV-001

[90mstdout[2m | src/test/realtimeTracking.test.ts
[22m[39m[TrackingService] Location cached for DRV-001 (expires in 5 min)
[API] Location updated for driver DRV-001: {
  lat: [33m-6.194267001198124[39m,
  lng: [33m106.80484472679039[39m,
  timestamp: [32m'2026-03-25T19:24:12.208Z'[39m,
  validatedAt: [32m'2026-03-25T19:24:12.511Z'[39m
}
[TrackingService] Notification triggered for DRV-001

[90mstdout[2m | src/test/realtimeTracking.test.ts
[22m[39m[TrackingService] Location cached for DRV-001 (expires in 5 min)
[API] Location updated for driver DRV-001: {
  lat: [33m-6.192906144397997[39m,
  lng: [33m106.80268239169284[39m,
  timestamp: [32m'2026-03-25T19:24:12.211Z'[39m,
  validatedAt: [32m'2026-03-25T19:24:12.513Z'[39m
}
[TrackingService] Notification triggered for DRV-001

[90mstdout[2m | src/test/realtimeTracking.test.ts
[22m[39m[TrackingService] Location cached for DRV-001 (expires in 5 min)
[API] Location updated for driver DRV-001: {
  lat: [33m-6.192995346438751[39m,
  lng: [33m106.80370610877023[39m,
  timestamp: [32m'2026-03-25T19:24:12.213Z'[39m,
  validatedAt: [32m'2026-03-25T19:24:12.514Z'[39m
}
[TrackingService] Notification triggered for DRV-001

[90mstdout[2m | src/test/realtimeTracking.test.ts
[22m[39m[TrackingService] Location cached for DRV-001 (expires in 5 min)
[API] Location updated for driver DRV-001: {
  lat: [33m-6.191215234722529[39m,
  lng: [33m106.80720189972692[39m,
  timestamp: [32m'2026-03-25T19:24:12.214Z'[39m,
  validatedAt: [32m'2026-03-25T19:24:12.515Z'[39m
}
[TrackingService] Notification triggered for DRV-001

[90mstdout[2m | src/test/realtimeTracking.test.ts
[22m[39m[TrackingService] Location cached for DRV-001 (expires in 5 min)
[API] Location updated for driver DRV-001: {
  lat: [33m-6.194075673475147[39m,
  lng: [33m106.80834281907019[39m,
  timestamp: [32m'2026-03-25T19:24:12.215Z'[39m,
  validatedAt: [32m'2026-03-25T19:24:12.516Z'[39m
}
[TrackingService] Notification triggered for DRV-001

[90mstdout[2m | src/test/realtimeTracking.test.ts
[22m[39m[TrackingService] Location cached for DRV-001 (expires in 5 min)
[API] Location updated for driver DRV-001: {
  lat: [33m-6.199224232675307[39m,
  lng: [33m106.80018399853688[39m,
  timestamp: [32m'2026-03-25T19:24:12.217Z'[39m,
  validatedAt: [32m'2026-03-25T19:24:12.517Z'[39m
}
[TrackingService] Notification triggered for DRV-001

[90mstdout[2m | src/test/realtimeTracking.test.ts
[22m[39m[TrackingService] Location cached for DRV-001 (expires in 5 min)
[API] Location updated for driver DRV-001: {
  lat: [33m-6.198618634366935[39m,
  lng: [33m106.80161559718931[39m,
  timestamp: [32m'2026-03-25T19:24:12.217Z'[39m,
  validatedAt: [32m'2026-03-25T19:24:12.518Z'[39m
}
[TrackingService] Notification triggered for DRV-001

[90mstdout[2m | src/test/realtimeTracking.test.ts
[22m[39m[TrackingService] Location cached for DRV-001 (expires in 5 min)
[API] Location updated for driver DRV-001: {
  lat: [33m-6.190019415936524[39m,
  lng: [33m106.80947203504373[39m,
  timestamp: [32m'2026-03-25T19:24:12.219Z'[39m,
  validatedAt: [32m'2026-03-25T19:24:12.519Z'[39m
}
[TrackingService] Notification triggered for DRV-001

[90mstdout[2m | src/test/realtimeTracking.test.ts
[22m[39m[TrackingService] Location cached for DRV-001 (expires in 5 min)
[API] Location updated for driver DRV-001: {
  lat: [33m-6.19421919880595[39m,
  lng: [33m106.80775750428741[39m,
  timestamp: [32m'2026-03-25T19:24:12.220Z'[39m,
  validatedAt: [32m'2026-03-25T19:24:12.522Z'[39m
}
[TrackingService] Notification triggered for DRV-001

[90mstdout[2m | src/test/realtimeTracking.test.ts
[22m[39m[TrackingService] Location cached for DRV-001 (expires in 5 min)
[API] Location updated for driver DRV-001: {
  lat: [33m-6.192623582256545[39m,
  lng: [33m106.80434566707757[39m,
  timestamp: [32m'2026-03-25T19:24:12.220Z'[39m,
  validatedAt: [32m'2026-03-25T19:24:12.523Z'[39m
}
[TrackingService] Notification triggered for DRV-001

[90mstdout[2m | src/test/realtimeTracking.test.ts
[22m[39m[TrackingService] Location cached for DRV-001 (expires in 5 min)
[API] Location updated for driver DRV-001: {
  lat: [33m-6.196712659733737[39m,
  lng: [33m106.80713366417419[39m,
  timestamp: [32m'2026-03-25T19:24:12.221Z'[39m,
  validatedAt: [32m'2026-03-25T19:24:12.523Z'[39m
}
[TrackingService] Notification triggered for DRV-001

[90mstdout[2m | src/test/realtimeTracking.test.ts
[22m[39m[TrackingService] Location cached for DRV-001 (expires in 5 min)
[API] Location updated for driver DRV-001: {
  lat: [33m-6.199613187911546[39m,
  lng: [33m106.80990529711224[39m,
  timestamp: [32m'2026-03-25T19:24:12.222Z'[39m,
  validatedAt: [32m'2026-03-25T19:24:12.525Z'[39m
}
[TrackingService] Notification triggered for DRV-001

[90mstdout[2m | src/test/realtimeTracking.test.ts
[22m[39m[TrackingService] Location cached for DRV-001 (expires in 5 min)
[API] Location updated for driver DRV-001: {
  lat: [33m-6.196597704216615[39m,
  lng: [33m106.80829625627594[39m,
  timestamp: [32m'2026-03-25T19:24:12.223Z'[39m,
  validatedAt: [32m'2026-03-25T19:24:12.525Z'[39m
}
[TrackingService] Notification triggered for DRV-001

[90mstdout[2m | src/test/realtimeTracking.test.ts
[22m[39m[TrackingService] Location cached for DRV-001 (expires in 5 min)
[API] Location updated for driver DRV-001: {
  lat: [33m-6.194023693431246[39m,
  lng: [33m106.80451198488294[39m,
  timestamp: [32m'2026-03-25T19:24:12.224Z'[39m,
  validatedAt: [32m'2026-03-25T19:24:12.526Z'[39m
}
[TrackingService] Notification triggered for DRV-001

[90mstdout[2m | src/test/realtimeTracking.test.ts
[22m[39m[TrackingService] Location cached for DRV-001 (expires in 5 min)
[API] Location updated for driver DRV-001: {
  lat: [33m-6.196617712807005[39m,
  lng: [33m106.80205874743689[39m,
  timestamp: [32m'2026-03-25T19:24:12.224Z'[39m,
  validatedAt: [32m'2026-03-25T19:24:12.529Z'[39m
}
[TrackingService] Notification triggered for DRV-001

[90mstdout[2m | src/test/realtimeTracking.test.ts
[22m[39m[TrackingService] Location cached for DRV-001 (expires in 5 min)
[API] Location updated for driver DRV-001: {
  lat: [33m-6.191611986621254[39m,
  lng: [33m106.80763871665349[39m,
  timestamp: [32m'2026-03-25T19:24:12.225Z'[39m,
  validatedAt: [32m'2026-03-25T19:24:12.529Z'[39m
}
[TrackingService] Notification triggered for DRV-001

[90mstdout[2m | src/test/realtimeTracking.test.ts
[22m[39m[TrackingService] Location cached for DRV-001 (expires in 5 min)
[API] Location updated for driver DRV-001: {
  lat: [33m-6.192968044876896[39m,
  lng: [33m106.80138290281951[39m,
  timestamp: [32m'2026-03-25T19:24:12.226Z'[39m,
  validatedAt: [32m'2026-03-25T19:24:12.530Z'[39m
}
[TrackingService] Notification triggered for DRV-001

[90mstdout[2m | src/test/realtimeTracking.test.ts
[22m[39m[TrackingService] Location cached for DRV-001 (expires in 5 min)
[API] Location updated for driver DRV-001: {
  lat: [33m-6.191591580753535[39m,
  lng: [33m106.80358749865631[39m,
  timestamp: [32m'2026-03-25T19:24:12.227Z'[39m,
  validatedAt: [32m'2026-03-25T19:24:12.530Z'[39m
}
[TrackingService] Notification triggered for DRV-001

[90mstdout[2m | src/test/realtimeTracking.test.ts
[22m[39m[TrackingService] Location cached for DRV-001 (expires in 5 min)
[API] Location updated for driver DRV-001: {
  lat: [33m-6.196694114748895[39m,
  lng: [33m106.80592638513805[39m,
  timestamp: [32m'2026-03-25T19:24:12.228Z'[39m,
  validatedAt: [32m'2026-03-25T19:24:12.531Z'[39m
}
[TrackingService] Notification triggered for DRV-001

[90mstdout[2m | src/test/realtimeTracking.test.ts
[22m[39m[TrackingService] Location cached for DRV-001 (expires in 5 min)
[API] Location updated for driver DRV-001: {
  lat: [33m-6.1936917869226065[39m,
  lng: [33m106.8029572857233[39m,
  timestamp: [32m'2026-03-25T19:24:12.229Z'[39m,
  validatedAt: [32m'2026-03-25T19:24:12.531Z'[39m
}
[TrackingService] Notification triggered for DRV-001

[90mstdout[2m | src/test/realtimeTracking.test.ts
[22m[39m[TrackingService] Location cached for DRV-001 (expires in 5 min)
[API] Location updated for driver DRV-001: {
  lat: [33m-6.197400126925955[39m,
  lng: [33m106.80155889638766[39m,
  timestamp: [32m'2026-03-25T19:24:12.230Z'[39m,
  validatedAt: [32m'2026-03-25T19:24:12.531Z'[39m
}
[TrackingService] Notification triggered for DRV-001

[90mstdout[2m | src/test/realtimeTracking.test.ts
[22m[39m[TrackingService] Location cached for DRV-001 (expires in 5 min)
[API] Location updated for driver DRV-001: {
  lat: [33m-6.197359507454225[39m,
  lng: [33m106.80594675379122[39m,
  timestamp: [32m'2026-03-25T19:24:12.231Z'[39m,
  validatedAt: [32m'2026-03-25T19:24:12.532Z'[39m
}
[TrackingService] Notification triggered for DRV-001

[90mstdout[2m | src/test/realtimeTracking.test.ts
[22m[39m[TrackingService] Location cached for DRV-001 (expires in 5 min)
[API] Location updated for driver DRV-001: {
  lat: [33m-6.192660799797933[39m,
  lng: [33m106.80858790572047[39m,
  timestamp: [32m'2026-03-25T19:24:12.231Z'[39m,
  validatedAt: [32m'2026-03-25T19:24:12.532Z'[39m
}
[TrackingService] Notification triggered for DRV-001

[90mstdout[2m | src/test/realtimeTracking.test.ts
[22m[39m[TrackingService] Location cached for DRV-001 (expires in 5 min)
[API] Location updated for driver DRV-001: {
  lat: [33m-6.197806912744945[39m,
  lng: [33m106.80787544179859[39m,
  timestamp: [32m'2026-03-25T19:24:12.232Z'[39m,
  validatedAt: [32m'2026-03-25T19:24:12.533Z'[39m
}
[TrackingService] Notification triggered for DRV-001

[90mstdout[2m | src/test/realtimeTracking.test.ts
[22m[39m[TrackingService] Location cached for DRV-001 (expires in 5 min)
[API] Location updated for driver DRV-001: {
  lat: [33m-6.198894154975837[39m,
  lng: [33m106.8077921705793[39m,
  timestamp: [32m'2026-03-25T19:24:12.233Z'[39m,
  validatedAt: [32m'2026-03-25T19:24:12.534Z'[39m
}
[TrackingService] Notification triggered for DRV-001

[90mstdout[2m | src/test/realtimeTracking.test.ts
[22m[39m[TrackingService] Location cached for DRV-001 (expires in 5 min)
[API] Location updated for driver DRV-001: {
  lat: [33m-6.1974327696814075[39m,
  lng: [33m106.80012592090276[39m,
  timestamp: [32m'2026-03-25T19:24:12.233Z'[39m,
  validatedAt: [32m'2026-03-25T19:24:12.537Z'[39m
}
[TrackingService] Notification triggered for DRV-001

[90mstdout[2m | src/test/realtimeTracking.test.ts
[22m[39m[TrackingService] Location cached for DRV-001 (expires in 5 min)
[API] Location updated for driver DRV-001: {
  lat: [33m-6.196475948069871[39m,
  lng: [33m106.80209569228943[39m,
  timestamp: [32m'2026-03-25T19:24:12.235Z'[39m,
  validatedAt: [32m'2026-03-25T19:24:12.538Z'[39m
}
[TrackingService] Notification triggered for DRV-001

[90mstdout[2m | src/test/realtimeTracking.test.ts
[22m[39m[TrackingService] Location cached for DRV-001 (expires in 5 min)
[API] Location updated for driver DRV-001: {
  lat: [33m-6.195037727794731[39m,
  lng: [33m106.80260107728488[39m,
  timestamp: [32m'2026-03-25T19:24:12.236Z'[39m,
  validatedAt: [32m'2026-03-25T19:24:12.538Z'[39m
}
[TrackingService] Notification triggered for DRV-001

[90mstdout[2m | src/test/realtimeTracking.test.ts
[22m[39m[TrackingService] Location cached for DRV-001 (expires in 5 min)
[API] Location updated for driver DRV-001: {
  lat: [33m-6.198157195391917[39m,
  lng: [33m106.80911683432724[39m,
  timestamp: [32m'2026-03-25T19:24:12.237Z'[39m,
  validatedAt: [32m'2026-03-25T19:24:12.540Z'[39m
}
[TrackingService] Notification triggered for DRV-001

[90mstdout[2m | src/test/realtimeTracking.test.ts
[22m[39m[TrackingService] Location cached for DRV-001 (expires in 5 min)
[API] Location updated for driver DRV-001: {
  lat: [33m-6.19973288159419[39m,
  lng: [33m106.80299184188752[39m,
  timestamp: [32m'2026-03-25T19:24:12.238Z'[39m,
  validatedAt: [32m'2026-03-25T19:24:12.540Z'[39m
}
[TrackingService] Notification triggered for DRV-001

[90mstdout[2m | src/test/realtimeTracking.test.ts
[22m[39m[TrackingService] Location cached for DRV-001 (expires in 5 min)
[API] Location updated for driver DRV-001: {
  lat: [33m-6.19690487416372[39m,
  lng: [33m106.80491016418914[39m,
  timestamp: [32m'2026-03-25T19:24:12.239Z'[39m,
  validatedAt: [32m'2026-03-25T19:24:12.541Z'[39m
}
[TrackingService] Notification triggered for DRV-001

[90mstdout[2m | src/test/realtimeTracking.test.ts
[22m[39m[TrackingService] Location cached for DRV-001 (expires in 5 min)
[API] Location updated for driver DRV-001: {
  lat: [33m-6.199683752785691[39m,
  lng: [33m106.80218185343021[39m,
  timestamp: [32m'2026-03-25T19:24:12.240Z'[39m,
  validatedAt: [32m'2026-03-25T19:24:12.542Z'[39m
}
[TrackingService] Notification triggered for DRV-001

[90mstdout[2m | src/test/realtimeTracking.test.ts
[22m[39m[TrackingService] Location cached for DRV-001 (expires in 5 min)
[API] Location updated for driver DRV-001: {
  lat: [33m-6.190056896406723[39m,
  lng: [33m106.8085280879111[39m,
  timestamp: [32m'2026-03-25T19:24:12.241Z'[39m,
  validatedAt: [32m'2026-03-25T19:24:12.542Z'[39m
}
[TrackingService] Notification triggered for DRV-001

[90mstdout[2m | src/test/realtimeTracking.test.ts
[22m[39m[TrackingService] Location cached for DRV-001 (expires in 5 min)
[API] Location updated for driver DRV-001: {
  lat: [33m-6.192887908447244[39m,
  lng: [33m106.80839827491889[39m,
  timestamp: [32m'2026-03-25T19:24:12.242Z'[39m,
  validatedAt: [32m'2026-03-25T19:24:12.544Z'[39m
}
[TrackingService] Notification triggered for DRV-001

[90mstdout[2m | src/test/realtimeTracking.test.ts
[22m[39m[TrackingService] Location cached for DRV-001 (expires in 5 min)
[API] Location updated for driver DRV-001: {
  lat: [33m-6.190088639858603[39m,
  lng: [33m106.80881030689346[39m,
  timestamp: [32m'2026-03-25T19:24:12.243Z'[39m,
  validatedAt: [32m'2026-03-25T19:24:12.545Z'[39m
}
[TrackingService] Notification triggered for DRV-001

[90mstdout[2m | src/test/realtimeTracking.test.ts
[22m[39m[TrackingService] Location cached for DRV-001 (expires in 5 min)
[API] Location updated for driver DRV-001: {
  lat: [33m-6.194429491780531[39m,
  lng: [33m106.80762543301105[39m,
  timestamp: [32m'2026-03-25T19:24:12.244Z'[39m,
  validatedAt: [32m'2026-03-25T19:24:12.546Z'[39m
}
[TrackingService] Notification triggered for DRV-001

[90mstdout[2m | src/test/realtimeTracking.test.ts
[22m[39m[TrackingService] Location cached for DRV-001 (expires in 5 min)
[API] Location updated for driver DRV-001: {
  lat: [33m-6.198548628233483[39m,
  lng: [33m106.80923270873478[39m,
  timestamp: [32m'2026-03-25T19:24:12.245Z'[39m,
  validatedAt: [32m'2026-03-25T19:24:12.547Z'[39m
}
[TrackingService] Notification triggered for DRV-001

[90mstdout[2m | src/test/realtimeTracking.test.ts
[22m[39m[TrackingService] Location cached for DRV-001 (expires in 5 min)
[API] Location updated for driver DRV-001: {
  lat: [33m-6.192141140981793[39m,
  lng: [33m106.80761772924241[39m,
  timestamp: [32m'2026-03-25T19:24:12.247Z'[39m,
  validatedAt: [32m'2026-03-25T19:24:12.548Z'[39m
}
[TrackingService] Notification triggered for DRV-001

[90mstdout[2m | src/test/realtimeTracking.test.ts
[22m[39m[TrackingService] Location cached for DRV-001 (expires in 5 min)
[API] Location updated for driver DRV-001: {
  lat: [33m-6.196828219348403[39m,
  lng: [33m106.80396688177943[39m,
  timestamp: [32m'2026-03-25T19:24:12.248Z'[39m,
  validatedAt: [32m'2026-03-25T19:24:12.549Z'[39m
}
[TrackingService] Notification triggered for DRV-001

[90mstdout[2m | src/test/realtimeTracking.test.ts
[22m[39m[TrackingService] Location cached for DRV-001 (expires in 5 min)
[API] Location updated for driver DRV-001: {
  lat: [33m-6.190160672985645[39m,
  lng: [33m106.80086370356803[39m,
  timestamp: [32m'2026-03-25T19:24:12.249Z'[39m,
  validatedAt: [32m'2026-03-25T19:24:12.550Z'[39m
}
[TrackingService] Notification triggered for DRV-001

[90mstdout[2m | src/test/realtimeTracking.test.ts
[22m[39m[TrackingService] Location cached for DRV-001 (expires in 5 min)
[API] Location updated for driver DRV-001: {
  lat: [33m-6.199355584559603[39m,
  lng: [33m106.80765428999173[39m,
  timestamp: [32m'2026-03-25T19:24:12.250Z'[39m,
  validatedAt: [32m'2026-03-25T19:24:12.552Z'[39m
}
[TrackingService] Notification triggered for DRV-001

[90mstdout[2m | src/test/realtimeTracking.test.ts
[22m[39m[TrackingService] Location cached for DRV-001 (expires in 5 min)
[API] Location updated for driver DRV-001: {
  lat: [33m-6.199089767986926[39m,
  lng: [33m106.80699428285702[39m,
  timestamp: [32m'2026-03-25T19:24:12.251Z'[39m,
  validatedAt: [32m'2026-03-25T19:24:12.553Z'[39m
}
[TrackingService] Notification triggered for DRV-001

[90mstdout[2m | src/test/realtimeTracking.test.ts
[22m[39m[TrackingService] Location cached for DRV-001 (expires in 5 min)
[API] Location updated for driver DRV-001: {
  lat: [33m-6.195919961237323[39m,
  lng: [33m106.80735912288289[39m,
  timestamp: [32m'2026-03-25T19:24:12.252Z'[39m,
  validatedAt: [32m'2026-03-25T19:24:12.554Z'[39m
}
[TrackingService] Notification triggered for DRV-001

[90mstdout[2m | src/test/realtimeTracking.test.ts
[22m[39m[TrackingService] Location cached for DRV-001 (expires in 5 min)
[API] Location updated for driver DRV-001: {
  lat: [33m-6.190352512040948[39m,
  lng: [33m106.80327980702852[39m,
  timestamp: [32m'2026-03-25T19:24:12.252Z'[39m,
  validatedAt: [32m'2026-03-25T19:24:12.554Z'[39m
}
[TrackingService] Notification triggered for DRV-001

[90mstdout[2m | src/test/realtimeTracking.test.ts
[22m[39m[TrackingService] Location cached for DRV-001 (expires in 5 min)
[API] Location updated for driver DRV-001: {
  lat: [33m-6.1947574003118815[39m,
  lng: [33m106.80115105609961[39m,
  timestamp: [32m'2026-03-25T19:24:12.253Z'[39m,
  validatedAt: [32m'2026-03-25T19:24:12.554Z'[39m
}
[TrackingService] Notification triggered for DRV-001

[90mstdout[2m | src/test/realtimeTracking.test.ts
[22m[39m[TrackingService] Location cached for DRV-001 (expires in 5 min)
[API] Location updated for driver DRV-001: {
  lat: [33m-6.1952879989771725[39m,
  lng: [33m106.80455728316527[39m,
  timestamp: [32m'2026-03-25T19:24:12.254Z'[39m,
  validatedAt: [32m'2026-03-25T19:24:12.555Z'[39m
}
[TrackingService] Notification triggered for DRV-001

[90mstdout[2m | src/test/realtimeTracking.test.ts
[22m[39m[TrackingService] Location cached for DRV-001 (expires in 5 min)
[API] Location updated for driver DRV-001: {
  lat: [33m-6.191389020514977[39m,
  lng: [33m106.80225576218133[39m,
  timestamp: [32m'2026-03-25T19:24:12.254Z'[39m,
  validatedAt: [32m'2026-03-25T19:24:12.556Z'[39m
}
[TrackingService] Notification triggered for DRV-001

[90mstdout[2m | src/test/realtimeTracking.test.ts
[22m[39m[TrackingService] Location cached for DRV-001 (expires in 5 min)
[API] Location updated for driver DRV-001: {
  lat: [33m-6.198491664827389[39m,
  lng: [33m106.80331475025743[39m,
  timestamp: [32m'2026-03-25T19:24:12.255Z'[39m,
  validatedAt: [32m'2026-03-25T19:24:12.556Z'[39m
}
[TrackingService] Notification triggered for DRV-001

[90mstdout[2m | src/test/realtimeTracking.test.ts
[22m[39m[TrackingService] Location cached for DRV-001 (expires in 5 min)
[API] Location updated for driver DRV-001: {
  lat: [33m-6.197337049940097[39m,
  lng: [33m106.80195613043335[39m,
  timestamp: [32m'2026-03-25T19:24:12.256Z'[39m,
  validatedAt: [32m'2026-03-25T19:24:12.557Z'[39m
}
[TrackingService] Notification triggered for DRV-001

[90mstdout[2m | src/test/realtimeTracking.test.ts
[22m[39m[TrackingService] Location cached for DRV-001 (expires in 5 min)
[API] Location updated for driver DRV-001: {
  lat: [33m-6.190356416934797[39m,
  lng: [33m106.80276088085074[39m,
  timestamp: [32m'2026-03-25T19:24:12.257Z'[39m,
  validatedAt: [32m'2026-03-25T19:24:12.558Z'[39m
}
[TrackingService] Notification triggered for DRV-001

[90mstdout[2m | src/test/realtimeTracking.test.ts
[22m[39m[TrackingService] Location cached for DRV-001 (expires in 5 min)
[API] Location updated for driver DRV-001: {
  lat: [33m-6.19894234635988[39m,
  lng: [33m106.80258524221594[39m,
  timestamp: [32m'2026-03-25T19:24:12.258Z'[39m,
  validatedAt: [32m'2026-03-25T19:24:12.559Z'[39m
}
[TrackingService] Notification triggered for DRV-001

[90mstdout[2m | src/test/realtimeTracking.test.ts
[22m[39m[TrackingService] Location cached for DRV-001 (expires in 5 min)
[API] Location updated for driver DRV-001: {
  lat: [33m-6.19464868372376[39m,
  lng: [33m106.80105485086439[39m,
  timestamp: [32m'2026-03-25T19:24:12.259Z'[39m,
  validatedAt: [32m'2026-03-25T19:24:12.562Z'[39m
}
[TrackingService] Notification triggered for DRV-001

[90mstdout[2m | src/test/realtimeTracking.test.ts
[22m[39m[TrackingService] Location cached for DRV-001 (expires in 5 min)
[API] Location updated for driver DRV-001: {
  lat: [33m-6.198335631235662[39m,
  lng: [33m106.8049373416433[39m,
  timestamp: [32m'2026-03-25T19:24:12.261Z'[39m,
  validatedAt: [32m'2026-03-25T19:24:12.563Z'[39m
}
[TrackingService] Notification triggered for DRV-001

[90mstdout[2m | src/test/realtimeTracking.test.ts
[22m[39m[TrackingService] Location cached for DRV-001 (expires in 5 min)
[API] Location updated for driver DRV-001: {
  lat: [33m-6.191684736439056[39m,
  lng: [33m106.80033536308957[39m,
  timestamp: [32m'2026-03-25T19:24:12.263Z'[39m,
  validatedAt: [32m'2026-03-25T19:24:12.565Z'[39m
}
[TrackingService] Notification triggered for DRV-001

[90mstdout[2m | src/test/realtimeTracking.test.ts
[22m[39m[TrackingService] Location cached for DRV-001 (expires in 5 min)
[API] Location updated for driver DRV-001: {
  lat: [33m-6.195459294218953[39m,
  lng: [33m106.80157898072014[39m,
  timestamp: [32m'2026-03-25T19:24:12.264Z'[39m,
  validatedAt: [32m'2026-03-25T19:24:12.566Z'[39m
}
[TrackingService] Notification triggered for DRV-001

[90mstdout[2m | src/test/realtimeTracking.test.ts
[22m[39m[TrackingService] Location cached for DRV-001 (expires in 5 min)
[API] Location updated for driver DRV-001: {
  lat: [33m-6.191196619817344[39m,
  lng: [33m106.80789244028453[39m,
  timestamp: [32m'2026-03-25T19:24:12.266Z'[39m,
  validatedAt: [32m'2026-03-25T19:24:12.567Z'[39m
}
[TrackingService] Notification triggered for DRV-001

 [31mÔØ»[39m src/test/realtimeTracking.test.ts [2m([22m[2m22 tests[22m[2m | [22m[31m5 failed[39m[2m)[22m[33m 1298[2mms[22m[39m
   [32mÔ£ô[39m RealtimeTrackingService[2m > [22mService Initialization[2m > [22mshould initialize as singleton[32m 4[2mms[22m[39m
   [32mÔ£ô[39m RealtimeTrackingService[2m > [22mService Initialization[2m > [22mshould start polling fallback without WebSocket URL[32m 105[2mms[22m[39m
   [32mÔ£ô[39m RealtimeTrackingService[2m > [22mEvent Broadcasting[2m > [22mshould broadcast valid location updates[32m 64[2mms[22m[39m
[31m   [31m├ù[31m RealtimeTrackingService[2m > [22mEvent Broadcasting[2m > [22mshould reject invalid location updates[39m[32m 18[2mms[22m[39m
[31m     ÔåÆ Cannot read properties of undefined (reading 'value')[39m
   [32mÔ£ô[39m RealtimeTrackingService[2m > [22mEvent Broadcasting[2m > [22mshould filter updates by driver_id[32m 54[2mms[22m[39m
   [32mÔ£ô[39m RealtimeTrackingService[2m > [22mSubscription Management[2m > [22mshould subscribe to driver location updates[32m 105[2mms[22m[39m
   [32mÔ£ô[39m RealtimeTrackingService[2m > [22mSubscription Management[2m > [22mshould handle multiple subscribers to same driver[32m 56[2mms[22m[39m
   [32mÔ£ô[39m RealtimeTrackingService[2m > [22mStatistics & Monitoring[2m > [22mshould provide connection statistics[32m 3[2mms[22m[39m
   [32mÔ£ô[39m RealtimeTrackingService[2m > [22mStatistics & Monitoring[2m > [22mshould track WebSocket vs polling mode[32m 3[2mms[22m[39m
[31m   [31m├ù[31m RealtimeTrackingService[2m > [22mMessage Throttling[2m > [22mshould throttle rapid updates from same driver[39m[32m 115[2mms[22m[39m
[31m     ÔåÆ expected 5 to be less than 5[39m
   [32mÔ£ô[39m RealtimeTrackingService[2m > [22mError Handling[2m > [22mshould handle listener callback errors without crashing[32m 65[2mms[22m[39m
   [32mÔ£ô[39m MockWebSocketServer[2m > [22mServer Operations[2m > [22mshould start and stop[32m 3[2mms[22m[39m
   [32mÔ£ô[39m MockWebSocketServer[2m > [22mServer Operations[2m > [22mshould initialize drivers on startup[32m 2[2mms[22m[39m
   [32mÔ£ô[39m MockWebSocketServer[2m > [22mServer Operations[2m > [22mshould track active drivers[32m 1[2mms[22m[39m
[31m   [31m├ù[31m MockWebSocketServer[2m > [22mDriver Simulation[2m > [22mshould simulate realistic driver locations[39m[32m 10[2mms[22m[39m
[31m     ÔåÆ expected { driver_id: 'DRV-001', ÔÇª(5) } to be null[39m
   [32mÔ£ô[39m MockWebSocketServer[2m > [22mDriver Simulation[2m > [22mshould get all active driver locations[32m 3[2mms[22m[39m
   [32mÔ£ô[39m MockWebSocketServer[2m > [22mDriver Simulation[2m > [22mshould update driver active status[32m 2[2mms[22m[39m
   [32mÔ£ô[39m MockWebSocketServer[2m > [22mStatistics[2m > [22mshould provide accurate server statistics[32m 2[2mms[22m[39m
[31m   [31m├ù[31m Integration: RealtimeTrackingService + TrackingService[2m > [22mshould cache realtime updates in TrackingService[39m[32m 110[2mms[22m[39m
[31m     ÔåÆ expected -6.198 to be -6.2088 // Object.is equality[39m
   [32mÔ£ô[39m Integration: RealtimeTrackingService + TrackingService[2m > [22mshould enforce trip status before accepting realtime updates[32m 104[2mms[22m[39m
   [32mÔ£ô[39m Performance & Scale[2m > [22mshould handle multiple concurrent subscriptions[32m 106[2mms[22m[39m
[31m   [31m├ù[31m Performance & Scale[2m > [22mshould handle high-frequency location updates[39m[33m 359[2mms[22m[39m
[31m     ÔåÆ expected 100 to be less than 100[39m

[31mÔÄ»ÔÄ»ÔÄ»ÔÄ»ÔÄ»ÔÄ»ÔÄ»[39m[1m[41m Failed Tests 5 [49m[22m[31mÔÄ»ÔÄ»ÔÄ
»ÔÄ»ÔÄ»ÔÄ»ÔÄ»[39m

[41m[1m FAIL [22m[49m src/test/realtimeTracking.test.ts[2m > [22mRealtime
TrackingService[2m > [22mEvent Broadcasting[2m > [22mshould reject invalid 
location updates
[31m[1mTypeError[22m: Cannot read properties of undefined (reading 'value')
[39m
[36m [2mÔØ»[22m RealtimeTrackingService.broadcastUpdate src/services/realtim
eTrackingService.ts:[2m503:15[22m[39m
    [90m501| [39m      })[33m;[39m
    [90m502| [39m    } [35mcatch[39m (error) {
    [90m503| [39m      console.error('[RealtimeTracking] Invalid location upd
ate:', errÔÇª
    [90m   | [39m              [31m^[39m
    [90m504| [39m    }
    [90m505| [39m  }
[90m [2mÔØ»[22m src/test/realtimeTracking.test.ts:[2m71:15[22m[39m

[31m[2mÔÄ»ÔÄ»ÔÄ»ÔÄ»ÔÄ»ÔÄ»ÔÄ»ÔÄ»ÔÄ»ÔÄ»ÔÄ»ÔÄ»ÔÄ»ÔÄ»ÔÄ»ÔÄ»ÔÄ»ÔÄ»ÔÄ»ÔÄ»ÔÄ»ÔÄ»ÔÄ»Ô
Ä»[1/5]ÔÄ»[22m[39m

[41m[1m FAIL [22m[49m src/test/realtimeTracking.test.ts[2m > [22mRealtime
TrackingService[2m > [22mMessage Throttling[2m > [22mshould throttle rapid 
updates from same driver
[31m[1mAssertionError[22m: expected 5 to be less than 5[39m
[36m [2mÔØ»[22m src/test/realtimeTracking.test.ts:[2m192:42[22m[39m
    [90m190| [39m
    [90m191| [39m      [90m// Should only receive first message, others thro
ttled[39m
    [90m192| [39m      [34mexpect[39m(listener[33m.[39mmock[33m.[39mcal
ls[33m.[39mlength)[33m.[39m[34mtoBeLessThan[39m([34m5[39m)[33m;[39m
    [90m   | [39m                                         [31m^[39m
    [90m193| [39m    })[33m;[39m
    [90m194| [39m  })[33m;[39m

[31m[2mÔÄ»ÔÄ»ÔÄ»ÔÄ»ÔÄ»ÔÄ»ÔÄ»ÔÄ»ÔÄ»ÔÄ»ÔÄ»ÔÄ»ÔÄ»ÔÄ»ÔÄ»ÔÄ»ÔÄ»ÔÄ»ÔÄ»ÔÄ»ÔÄ»ÔÄ»ÔÄ»Ô
Ä»[2/5]ÔÄ»[22m[39m

[41m[1m FAIL [22m[49m src/test/realtimeTracking.test.ts[2m > [22mMockWebS
ocketServer[2m > [22mDriver Simulation[2m > [22mshould simulate realistic d
river locations
[31m[1mAssertionError[22m: expected { driver_id: 'DRV-001', ÔÇª(5) } to be n
ull[39m

[32m- Expected:[39m 
null

[31m+ Received:[39m 
{
  "driver_id": "DRV-001",
  "heading": 196.6524370883334,
  "lat": -6.205120223344193,
  "lng": 106.8730673515601,
  "speed": 57.4914095088417,
  "timestamp": "2026-03-25T19:24:11.773Z",
}

[36m [2mÔØ»[22m src/test/realtimeTracking.test.ts:[2m263:24[22m[39m
    [90m261| [39m    [34mit[39m([32m"should simulate realistic driver loca
tions"[39m[33m,[39m () [33m=>[39m {
    [90m262| [39m      [35mconst[39m location [33m=[39m server[33m.[39m
[34mgetDriverLocation[39m([32m"DRV-001"[39m)[33m;[39m
    [90m263| [39m      [34mexpect[39m(location)[33m.[39m[34mtoBeNull[39
m()[33m;[39m [90m// No location before start[39m
    [90m   | [39m                       [31m^[39m
    [90m264| [39m
    [90m265| [39m      server[33m.[39m[34mstart[39m()[33m;[39m

[31m[2mÔÄ»ÔÄ»ÔÄ»ÔÄ»ÔÄ»ÔÄ»ÔÄ»ÔÄ»ÔÄ»ÔÄ»ÔÄ»ÔÄ»ÔÄ»ÔÄ»ÔÄ»ÔÄ»ÔÄ»ÔÄ»ÔÄ»ÔÄ»ÔÄ»ÔÄ»ÔÄ»Ô
Ä»[3/5]ÔÄ»[22m[39m

[41m[1m FAIL [22m[49m src/test/realtimeTracking.test.ts[2m > [22mIntegrat
ion: RealtimeTrackingService + TrackingService[2m > [22mshould cache realtime
 updates in TrackingService
[31m[1mAssertionError[22m: expected -6.198 to be -6.2088 // Object.is equali
ty[39m

[32m- Expected[39m
[31m+ Received[39m

[32m- -6.2088[39m
[31m+ -6.198[39m

[36m [2mÔØ»[22m src/test/realtimeTracking.test.ts:[2m342:25[22m[39m
    [90m340| [39m    const cached = await TrackingService.getLastKnownLocatio
n(driver_iÔÇª
    [90m341| [39m    [34mexpect[39m(cached)[33m.[39mnot[33m.[39m[34mto
BeNull[39m()[33m;[39m
    [90m342| [39m    [34mexpect[39m(cached[33m?.[39mlat)[33m.[39m[34mt
oBe[39m([33m-[39m[34m6.2088[39m)[33m;[39m
    [90m   | [39m                        [31m^[39m
    [90m343| [39m    [34mexpect[39m(cached[33m?.[39mlng)[33m.[39m[34mt
oBe[39m([34m106.8456[39m)[33m;[39m
    [90m344| [39m  })[33m;[39m

[31m[2mÔÄ»ÔÄ»ÔÄ»ÔÄ»ÔÄ»ÔÄ»ÔÄ»ÔÄ»ÔÄ»ÔÄ»ÔÄ»ÔÄ»ÔÄ»ÔÄ»ÔÄ»ÔÄ»ÔÄ»ÔÄ»ÔÄ»ÔÄ»ÔÄ»ÔÄ»ÔÄ»Ô
Ä»[4/5]ÔÄ»[22m[39m

[41m[1m FAIL [22m[49m src/test/realtimeTracking.test.ts[2m > [22mPerforma
nce & Scale[2m > [22mshould handle high-frequency location updates
[31m[1mAssertionError[22m: expected 100 to be less than 100[39m
[36m [2mÔØ»[22m src/test/realtimeTracking.test.ts:[2m424:40[22m[39m
    [90m422| [39m
    [90m423| [39m    [90m// Throttling should prevent overwhelming listener
[39m
    [90m424| [39m    [34mexpect[39m(listener[33m.[39mmock[33m.[39mcalls
[33m.[39mlength)[33m.[39m[34mtoBeLessThan[39m([34m100[39m)[33m;[39m
    [90m   | [39m                                       [31m^[39m
    [90m425| [39m    [34mexpect[39m(listener[33m.[39mmock[33m.[39mcalls
[33m.[39mlength)[33m.[39m[34mtoBeGreaterThan[39m([34m0[39m)[33m;[39m
    [90m426| [39m  })[33m;[39m

[31m[2mÔÄ»ÔÄ»ÔÄ»ÔÄ»ÔÄ»ÔÄ»ÔÄ»ÔÄ»ÔÄ»ÔÄ»ÔÄ»ÔÄ»ÔÄ»ÔÄ»ÔÄ»ÔÄ»ÔÄ»ÔÄ»ÔÄ»ÔÄ»ÔÄ»ÔÄ»ÔÄ»Ô
Ä»[5/5]ÔÄ»[22m[39m

[31mÔÄ»ÔÄ»ÔÄ»ÔÄ»ÔÄ»ÔÄ»[39m[1m[41m Unhandled Errors [49m[22m[31mÔÄ»ÔÄ»ÔÄ»
ÔÄ»ÔÄ»ÔÄ»[39m
[31m[1m
Vitest caught 103 unhandled errors during the test run.
This might cause false positive tests. Resolve unhandled errors to make sure yo
ur tests are not affected.[22m[39m

[31mÔÄ»ÔÄ»ÔÄ»ÔÄ»ÔÄ»[39m[1m[41m Uncaught Exception [49m[22m[31mÔÄ»ÔÄ»ÔÄ»Ô
Ä»ÔÄ»[39m
[31m[1mError[22m: Listener error[39m
[36m [2mÔØ»[22m src/test/realtimeTracking.test.ts:[2m201:15[22m[39m
    [90m199| [39m      
    [90m200| [39m      [35mconst[39m badListener [33m=[39m vi[33m.[39m
[34mfn[39m(() [33m=>[39m {
    [90m201| [39m        [35mthrow[39m [35mnew[39m [33mError[39m([32m"
Listener error"[39m)[33m;[39m
    [90m   | [39m              [31m^[39m
    [90m202| [39m      })[33m;[39m
    [90m203| [39m      [35mconst[39m goodListener [33m=[39m vi[33m.[39m
[34mfn[39m()[33m;[39m
[90m [2mÔØ»[22m mockCall ../../../PROYEK%20WEB%20MASTER/APLIKASI/seat-shuttl
e/node_modules/@vitest/spy/dist/index.js:[2m96:15[22m[39m
[90m [2mÔØ»[22m listener ../../../PROYEK%20WEB%20MASTER/APLIKASI/seat-shuttl
e/node_modules/tinyspy/dist/index.js:[2m47:80[22m[39m
[90m [2mÔØ»[22m pollingListener src/services/realtimeTrackingService.ts:[2m
461:11[22m[39m
[90m [2mÔØ»[22m callTheUserObjectsOperation node_modules/jsdom/lib/generated
/idl/EventListener.js:[2m26:30[22m[39m
[90m [2mÔØ»[22m innerInvokeEventListeners node_modules/jsdom/lib/jsdom/livin
g/events/EventTarget-impl.js:[2m360:16[22m[39m
[90m [2mÔØ»[22m invokeEventListeners node_modules/jsdom/lib/jsdom/living/eve
nts/EventTarget-impl.js:[2m296:3[22m[39m
[90m [2mÔØ»[22m EventTargetImpl._dispatch node_modules/jsdom/lib/jsdom/livin
g/events/EventTarget-impl.js:[2m243:9[22m[39m
[90m [2mÔØ»[22m EventTargetImpl.dispatchEvent node_modules/jsdom/lib/jsdom/l
iving/events/EventTarget-impl.js:[2m114:17[22m[39m
[90m [2mÔØ»[22m dispatchEvent node_modules/jsdom/lib/generated/idl/EventTarg
et.js:[2m241:34[22m[39m

[31mThis error originated in "[1msrc/test/realtimeTracking.test.ts[22m" test
 file. It doesn't mean the error was thrown inside the file itself, but while i
t was running.[39m
[31mThe latest test that might've caused the error is "[1mshould handle liste
ner callback errors without crashing[22m". It might mean one of the following:
- The error was thrown, while Vitest was running this test.
- If the error occurred after the test had been completed, this was the last do
cumented test before it was thrown.[39m

[31mÔÄ»ÔÄ»ÔÄ»ÔÄ»ÔÄ»[39m[1m[41m Uncaught Exception [49m[22m[31mÔÄ»ÔÄ»ÔÄ»Ô
Ä»ÔÄ»[39m
[31m[1mError[22m: Listener error[39m
[36m [2mÔØ»[22m src/test/realtimeTracking.test.ts:[2m201:15[22m[39m
    [90m199| [39m      
    [90m200| [39m      [35mconst[39m badListener [33m=[39m vi[33m.[39m
[34mfn[39m(() [33m=>[39m {
    [90m201| [39m        [35mthrow[39m [35mnew[39m [33mError[39m([32m"
Listener error"[39m)[33m;[39m
    [90m   | [39m              [31m^[39m
    [90m202| [39m      })[33m;[39m
    [90m203| [39m      [35mconst[39m goodListener [33m=[39m vi[33m.[39m
[34mfn[39m()[33m;[39m
[90m [2mÔØ»[22m mockCall ../../../PROYEK%20WEB%20MASTER/APLIKASI/seat-shuttl
e/node_modules/@vitest/spy/dist/index.js:[2m96:15[22m[39m
[90m [2mÔØ»[22m listener ../../../PROYEK%20WEB%20MASTER/APLIKASI/seat-shuttl
e/node_modules/tinyspy/dist/index.js:[2m47:80[22m[39m
[90m [2mÔØ»[22m pollingListener src/services/realtimeTrackingService.ts:[2m
461:11[22m[39m
[90m [2mÔØ»[22m callTheUserObjectsOperation node_modules/jsdom/lib/generated
/idl/EventListener.js:[2m26:30[22m[39m
[90m [2mÔØ»[22m innerInvokeEventListeners node_modules/jsdom/lib/jsdom/livin
g/events/EventTarget-impl.js:[2m360:16[22m[39m
[90m [2mÔØ»[22m invokeEventListeners node_modules/jsdom/lib/jsdom/living/eve
nts/EventTarget-impl.js:[2m296:3[22m[39m
[90m [2mÔØ»[22m EventTargetImpl._dispatch node_modules/jsdom/lib/jsdom/livin
g/events/EventTarget-impl.js:[2m243:9[22m[39m
[90m [2mÔØ»[22m EventTargetImpl.dispatchEvent node_modules/jsdom/lib/jsdom/l
iving/events/EventTarget-impl.js:[2m114:17[22m[39m
[90m [2mÔØ»[22m dispatchEvent node_modules/jsdom/lib/generated/idl/EventTarg
et.js:[2m241:34[22m[39m

[31mThis error originated in "[1msrc/test/realtimeTracking.test.ts[22m" test
 file. It doesn't mean the error was thrown inside the file itself, but while i
t was running.[39m
[31mThe latest test that might've caused the error is "[1mshould cache realti
me updates in TrackingService[22m". It might mean one of the following:
- The error was thrown, while Vitest was running this test.
- If the error occurred after the test had been completed, this was the last do
cumented test before it was thrown.[39m

[31mÔÄ»ÔÄ»ÔÄ»ÔÄ»ÔÄ»[39m[1m[41m Uncaught Exception [49m[22m[31mÔÄ»ÔÄ»ÔÄ»Ô
Ä»ÔÄ»[39m
[31m[1mError[22m: Listener error[39m
[36m [2mÔØ»[22m src/test/realtimeTracking.test.ts:[2m201:15[22m[39m
    [90m199| [39m      
    [90m200| [39m      [35mconst[39m badListener [33m=[39m vi[33m.[39m
[34mfn[39m(() [33m=>[39m {
    [90m201| [39m        [35mthrow[39m [35mnew[39m [33mError[39m([32m"
Listener error"[39m)[33m;[39m
    [90m   | [39m              [31m^[39m
    [90m202| [39m      })[33m;[39m
    [90m203| [39m      [35mconst[39m goodListener [33m=[39m vi[33m.[39m
[34mfn[39m()[33m;[39m
[90m [2mÔØ»[22m mockCall ../../../PROYEK%20WEB%20MASTER/APLIKASI/seat-shuttl
e/node_modules/@vitest/spy/dist/index.js:[2m96:15[22m[39m
[90m [2mÔØ»[22m listener ../../../PROYEK%20WEB%20MASTER/APLIKASI/seat-shuttl
e/node_modules/tinyspy/dist/index.js:[2m47:80[22m[39m
[90m [2mÔØ»[22m pollingListener src/services/realtimeTrackingService.ts:[2m
461:11[22m[39m
[90m [2mÔØ»[22m callTheUserObjectsOperation node_modules/jsdom/lib/generated
/idl/EventListener.js:[2m26:30[22m[39m
[90m [2mÔØ»[22m innerInvokeEventListeners node_modules/jsdom/lib/jsdom/livin
g/events/EventTarget-impl.js:[2m360:16[22m[39m
[90m [2mÔØ»[22m invokeEventListeners node_modules/jsdom/lib/jsdom/living/eve
nts/EventTarget-impl.js:[2m296:3[22m[39m
[90m [2mÔØ»[22m EventTargetImpl._dispatch node_modules/jsdom/lib/jsdom/livin
g/events/EventTarget-impl.js:[2m243:9[22m[39m
[90m [2mÔØ»[22m EventTargetImpl.dispatchEvent node_modules/jsdom/lib/jsdom/l
iving/events/EventTarget-impl.js:[2m114:17[22m[39m
[90m [2mÔØ»[22m dispatchEvent node_modules/jsdom/lib/generated/idl/EventTarg
et.js:[2m241:34[22m[39m

[31mThis error originated in "[1msrc/test/realtimeTracking.test.ts[22m" test
 file. It doesn't mean the error was thrown inside the file itself, but while i
t was running.[39m
[31mThe latest test that might've caused the error is "[1mshould enforce trip
 status before accepting realtime updates[22m". It might mean one of the follo
wing:
- The error was thrown, while Vitest was running this test.
- If the error occurred after the test had been completed, this was the last do
cumented test before it was thrown.[39m

[31mÔÄ»ÔÄ»ÔÄ»ÔÄ»ÔÄ»[39m[1m[41m Uncaught Exception [49m[22m[31mÔÄ»ÔÄ»ÔÄ»Ô
Ä»ÔÄ»[39m
[31m[1mError[22m: Listener error[39m
[36m [2mÔØ»[22m src/test/realtimeTracking.test.ts:[2m201:15[22m[39m
    [90m199| [39m      
    [90m200| [39m      [35mconst[39m badListener [33m=[39m vi[33m.[39m
[34mfn[39m(() [33m=>[39m {
    [90m201| [39m        [35mthrow[39m [35mnew[39m [33mError[39m([32m"
Listener error"[39m)[33m;[39m
    [90m   | [39m              [31m^[39m
    [90m202| [39m      })[33m;[39m
    [90m203| [39m      [35mconst[39m goodListener [33m=[39m vi[33m.[39m
[34mfn[39m()[33m;[39m
[90m [2mÔØ»[22m mockCall ../../../PROYEK%20WEB%20MASTER/APLIKASI/seat-shuttl
e/node_modules/@vitest/spy/dist/index.js:[2m96:15[22m[39m
[90m [2mÔØ»[22m listener ../../../PROYEK%20WEB%20MASTER/APLIKASI/seat-shuttl
e/node_modules/tinyspy/dist/index.js:[2m47:80[22m[39m
[90m [2mÔØ»[22m pollingListener src/services/realtimeTrackingService.ts:[2m
461:11[22m[39m
[90m [2mÔØ»[22m callTheUserObjectsOperation node_modules/jsdom/lib/generated
/idl/EventListener.js:[2m26:30[22m[39m
[90m [2mÔØ»[22m innerInvokeEventListeners node_modules/jsdom/lib/jsdom/livin
g/events/EventTarget-impl.js:[2m360:16[22m[39m
[90m [2mÔØ»[22m invokeEventListeners node_modules/jsdom/lib/jsdom/living/eve
nts/EventTarget-impl.js:[2m296:3[22m[39m
[90m [2mÔØ»[22m EventTargetImpl._dispatch node_modules/jsdom/lib/jsdom/livin
g/events/EventTarget-impl.js:[2m243:9[22m[39m
[90m [2mÔØ»[22m EventTargetImpl.dispatchEvent node_modules/jsdom/lib/jsdom/l
iving/events/EventTarget-impl.js:[2m114:17[22m[39m
[90m [2mÔØ»[22m dispatchEvent node_modules/jsdom/lib/generated/idl/EventTarg
et.js:[2m241:34[22m[39m

[31mThis error originated in "[1msrc/test/realtimeTracking.test.ts[22m" test
 file. It doesn't mean the error was thrown inside the file itself, but while i
t was running.[39m
[31mThe latest test that might've caused the error is "[1mshould handle high-
frequency location updates[22m". It might mean one of the following:
- The error was thrown, while Vitest was running this test.
- If the error occurred after the test had been completed, this was the last do
cumented test before it was thrown.[39m

[31mÔÄ»ÔÄ»ÔÄ»ÔÄ»ÔÄ»[39m[1m[41m Uncaught Exception [49m[22m[31mÔÄ»ÔÄ»ÔÄ»Ô
Ä»ÔÄ»[39m
[31m[1mError[22m: Listener error[39m
[36m [2mÔØ»[22m src/test/realtimeTracking.test.ts:[2m201:15[22m[39m
    [90m199| [39m      
    [90m200| [39m      [35mconst[39m badListener [33m=[39m vi[33m.[39m
[34mfn[39m(() [33m=>[39m {
    [90m201| [39m        [35mthrow[39m [35mnew[39m [33mError[39m([32m"
Listener error"[39m)[33m;[39m
    [90m   | [39m              [31m^[39m
    [90m202| [39m      })[33m;[39m
    [90m203| [39m      [35mconst[39m goodListener [33m=[39m vi[33m.[39m
[34mfn[39m()[33m;[39m
[90m [2mÔØ»[22m mockCall ../../../PROYEK%20WEB%20MASTER/APLIKASI/seat-shuttl
e/node_modules/@vitest/spy/dist/index.js:[2m96:15[22m[39m
[90m [2mÔØ»[22m listener ../../../PROYEK%20WEB%20MASTER/APLIKASI/seat-shuttl
e/node_modules/tinyspy/dist/index.js:[2m47:80[22m[39m
[90m [2mÔØ»[22m pollingListener src/services/realtimeTrackingService.ts:[2m
461:11[22m[39m
[90m [2mÔØ»[22m callTheUserObjectsOperation node_modules/jsdom/lib/generated
/idl/EventListener.js:[2m26:30[22m[39m
[90m [2mÔØ»[22m innerInvokeEventListeners node_modules/jsdom/lib/jsdom/livin
g/events/EventTarget-impl.js:[2m360:16[22m[39m
[90m [2mÔØ»[22m invokeEventListeners node_modules/jsdom/lib/jsdom/living/eve
nts/EventTarget-impl.js:[2m296:3[22m[39m
[90m [2mÔØ»[22m EventTargetImpl._dispatch node_modules/jsdom/lib/jsdom/livin
g/events/EventTarget-impl.js:[2m243:9[22m[39m
[90m [2mÔØ»[22m EventTargetImpl.dispatchEvent node_modules/jsdom/lib/jsdom/l
iving/events/EventTarget-impl.js:[2m114:17[22m[39m
[90m [2mÔØ»[22m dispatchEvent node_modules/jsdom/lib/generated/idl/EventTarg
et.js:[2m241:34[22m[39m

[31mThis error originated in "[1msrc/test/realtimeTracking.test.ts[22m" test
 file. It doesn't mean the error was thrown inside the file itself, but while i
t was running.[39m
[31mThe latest test that might've caused the error is "[1mshould handle high-
frequency location updates[22m". It might mean one of the following:
- The error was thrown, while Vitest was running this test.
- If the error occurred after the test had been completed, this was the last do
cumented test before it was thrown.[39m

[31mÔÄ»ÔÄ»ÔÄ»ÔÄ»ÔÄ»[39m[1m[41m Uncaught Exception [49m[22m[31mÔÄ»ÔÄ»ÔÄ»Ô
Ä»ÔÄ»[39m
[31m[1mError[22m: Listener error[39m
[36m [2mÔØ»[22m src/test/realtimeTracking.test.ts:[2m201:15[22m[39m
    [90m199| [39m      
    [90m200| [39m      [35mconst[39m badListener [33m=[39m vi[33m.[39m
[34mfn[39m(() [33m=>[39m {
    [90m201| [39m        [35mthrow[39m [35mnew[39m [33mError[39m([32m"
Listener error"[39m)[33m;[39m
    [90m   | [39m              [31m^[39m
    [90m202| [39m      })[33m;[39m
    [90m203| [39m      [35mconst[39m goodListener [33m=[39m vi[33m.[39m
[34mfn[39m()[33m;[39m
[90m [2mÔØ»[22m mockCall ../../../PROYEK%20WEB%20MASTER/APLIKASI/seat-shuttl
e/node_modules/@vitest/spy/dist/index.js:[2m96:15[22m[39m
[90m [2mÔØ»[22m listener ../../../PROYEK%20WEB%20MASTER/APLIKASI/seat-shuttl
e/node_modules/tinyspy/dist/index.js:[2m47:80[22m[39m
[90m [2mÔØ»[22m pollingListener src/services/realtimeTrackingService.ts:[2m
461:11[22m[39m
[90m [2mÔØ»[22m callTheUserObjectsOperation node_modules/jsdom/lib/generated
/idl/EventListener.js:[2m26:30[22m[39m
[90m [2mÔØ»[22m innerInvokeEventListeners node_modules/jsdom/lib/jsdom/livin
g/events/EventTarget-impl.js:[2m360:16[22m[39m
[90m [2mÔØ»[22m invokeEventListeners node_modules/jsdom/lib/jsdom/living/eve
nts/EventTarget-impl.js:[2m296:3[22m[39m
[90m [2mÔØ»[22m EventTargetImpl._dispatch node_modules/jsdom/lib/jsdom/livin
g/events/EventTarget-impl.js:[2m243:9[22m[39m
[90m [2mÔØ»[22m EventTargetImpl.dispatchEvent node_modules/jsdom/lib/jsdom/l
iving/events/EventTarget-impl.js:[2m114:17[22m[39m
[90m [2mÔØ»[22m dispatchEvent node_modules/jsdom/lib/generated/idl/EventTarg
et.js:[2m241:34[22m[39m

[31mThis error originated in "[1msrc/test/realtimeTracking.test.ts[22m" test
 file. It doesn't mean the error was thrown inside the file itself, but while i
t was running.[39m
[31mThe latest test that might've caused the error is "[1mshould handle high-
frequency location updates[22m". It might mean one of the following:
- The error was thrown, while Vitest was running this test.
- If the error occurred after the test had been completed, this was the last do
cumented test before it was thrown.[39m

[31mÔÄ»ÔÄ»ÔÄ»ÔÄ»ÔÄ»[39m[1m[41m Uncaught Exception [49m[22m[31mÔÄ»ÔÄ»ÔÄ»Ô
Ä»ÔÄ»[39m
[31m[1mError[22m: Listener error[39m
[36m [2mÔØ»[22m src/test/realtimeTracking.test.ts:[2m201:15[22m[39m
    [90m199| [39m      
    [90m200| [39m      [35mconst[39m badListener [33m=[39m vi[33m.[39m
[34mfn[39m(() [33m=>[39m {
    [90m201| [39m        [35mthrow[39m [35mnew[39m [33mError[39m([32m"
Listener error"[39m)[33m;[39m
    [90m   | [39m              [31m^[39m
    [90m202| [39m      })[33m;[39m
    [90m203| [39m      [35mconst[39m goodListener [33m=[39m vi[33m.[39m
[34mfn[39m()[33m;[39m
[90m [2mÔØ»[22m mockCall ../../../PROYEK%20WEB%20MASTER/APLIKASI/seat-shuttl
e/node_modules/@vitest/spy/dist/index.js:[2m96:15[22m[39m
[90m [2mÔØ»[22m listener ../../../PROYEK%20WEB%20MASTER/APLIKASI/seat-shuttl
e/node_modules/tinyspy/dist/index.js:[2m47:80[22m[39m
[90m [2mÔØ»[22m pollingListener src/services/realtimeTrackingService.ts:[2m
461:11[22m[39m
[90m [2mÔØ»[22m callTheUserObjectsOperation node_modules/jsdom/lib/generated
/idl/EventListener.js:[2m26:30[22m[39m
[90m [2mÔØ»[22m innerInvokeEventListeners node_modules/jsdom/lib/jsdom/livin
g/events/EventTarget-impl.js:[2m360:16[22m[39m
[90m [2mÔØ»[22m invokeEventListeners node_modules/jsdom/lib/jsdom/living/eve
nts/EventTarget-impl.js:[2m296:3[22m[39m
[90m [2mÔØ»[22m EventTargetImpl._dispatch node_modules/jsdom/lib/jsdom/livin
g/events/EventTarget-impl.js:[2m243:9[22m[39m
[90m [2mÔØ»[22m EventTargetImpl.dispatchEvent node_modules/jsdom/lib/jsdom/l
iving/events/EventTarget-impl.js:[2m114:17[22m[39m
[90m [2mÔØ»[22m dispatchEvent node_modules/jsdom/lib/generated/idl/EventTarg
et.js:[2m241:34[22m[39m

[31mThis error originated in "[1msrc/test/realtimeTracking.test.ts[22m" test
 file. It doesn't mean the error was thrown inside the file itself, but while i
t was running.[39m
[31mThe latest test that might've caused the error is "[1mshould handle high-
frequency location updates[22m". It might mean one of the following:
- The error was thrown, while Vitest was running this test.
- If the error occurred after the test had been completed, this was the last do
cumented test before it was thrown.[39m

[31mÔÄ»ÔÄ»ÔÄ»ÔÄ»ÔÄ»[39m[1m[41m Uncaught Exception [49m[22m[31mÔÄ»ÔÄ»ÔÄ»Ô
Ä»ÔÄ»[39m
[31m[1mError[22m: Listener error[39m
[36m [2mÔØ»[22m src/test/realtimeTracking.test.ts:[2m201:15[22m[39m
    [90m199| [39m      
    [90m200| [39m      [35mconst[39m badListener [33m=[39m vi[33m.[39m
[34mfn[39m(() [33m=>[39m {
    [90m201| [39m        [35mthrow[39m [35mnew[39m [33mError[39m([32m"
Listener error"[39m)[33m;[39m
    [90m   | [39m              [31m^[39m
    [90m202| [39m      })[33m;[39m
    [90m203| [39m      [35mconst[39m goodListener [33m=[39m vi[33m.[39m
[34mfn[39m()[33m;[39m
[90m [2mÔØ»[22m mockCall ../../../PROYEK%20WEB%20MASTER/APLIKASI/seat-shuttl
e/node_modules/@vitest/spy/dist/index.js:[2m96:15[22m[39m
[90m [2mÔØ»[22m listener ../../../PROYEK%20WEB%20MASTER/APLIKASI/seat-shuttl
e/node_modules/tinyspy/dist/index.js:[2m47:80[22m[39m
[90m [2mÔØ»[22m pollingListener src/services/realtimeTrackingService.ts:[2m
461:11[22m[39m
[90m [2mÔØ»[22m callTheUserObjectsOperation node_modules/jsdom/lib/generated
/idl/EventListener.js:[2m26:30[22m[39m
[90m [2mÔØ»[22m innerInvokeEventListeners node_modules/jsdom/lib/jsdom/livin
g/events/EventTarget-impl.js:[2m360:16[22m[39m
[90m [2mÔØ»[22m invokeEventListeners node_modules/jsdom/lib/jsdom/living/eve
nts/EventTarget-impl.js:[2m296:3[22m[39m
[90m [2mÔØ»[22m EventTargetImpl._dispatch node_modules/jsdom/lib/jsdom/livin
g/events/EventTarget-impl.js:[2m243:9[22m[39m
[90m [2mÔØ»[22m EventTargetImpl.dispatchEvent node_modules/jsdom/lib/jsdom/l
iving/events/EventTarget-impl.js:[2m114:17[22m[39m
[90m [2mÔØ»[22m dispatchEvent node_modules/jsdom/lib/generated/idl/EventTarg
et.js:[2m241:34[22m[39m

[31mThis error originated in "[1msrc/test/realtimeTracking.test.ts[22m" test
 file. It doesn't mean the error was thrown inside the file itself, but while i
t was running.[39m
[31mThe latest test that might've caused the error is "[1mshould handle high-
frequency location updates[22m". It might mean one of the following:
- The error was thrown, while Vitest was running this test.
- If the error occurred after the test had been completed, this was the last do
cumented test before it was thrown.[39m

[31mÔÄ»ÔÄ»ÔÄ»ÔÄ»ÔÄ»[39m[1m[41m Uncaught Exception [49m[22m[31mÔÄ»ÔÄ»ÔÄ»Ô
Ä»ÔÄ»[39m
[31m[1mError[22m: Listener error[39m
[36m [2mÔØ»[22m src/test/realtimeTracking.test.ts:[2m201:15[22m[39m
    [90m199| [39m      
    [90m200| [39m      [35mconst[39m badListener [33m=[39m vi[33m.[39m
[34mfn[39m(() [33m=>[39m {
    [90m201| [39m        [35mthrow[39m [35mnew[39m [33mError[39m([32m"
Listener error"[39m)[33m;[39m
    [90m   | [39m              [31m^[39m
    [90m202| [39m      })[33m;[39m
    [90m203| [39m      [35mconst[39m goodListener [33m=[39m vi[33m.[39m
[34mfn[39m()[33m;[39m
[90m [2mÔØ»[22m mockCall ../../../PROYEK%20WEB%20MASTER/APLIKASI/seat-shuttl
e/node_modules/@vitest/spy/dist/index.js:[2m96:15[22m[39m
[90m [2mÔØ»[22m listener ../../../PROYEK%20WEB%20MASTER/APLIKASI/seat-shuttl
e/node_modules/tinyspy/dist/index.js:[2m47:80[22m[39m
[90m [2mÔØ»[22m pollingListener src/services/realtimeTrackingService.ts:[2m
461:11[22m[39m
[90m [2mÔØ»[22m callTheUserObjectsOperation node_modules/jsdom/lib/generated
/idl/EventListener.js:[2m26:30[22m[39m
[90m [2mÔØ»[22m innerInvokeEventListeners node_modules/jsdom/lib/jsdom/livin
g/events/EventTarget-impl.js:[2m360:16[22m[39m
[90m [2mÔØ»[22m invokeEventListeners node_modules/jsdom/lib/jsdom/living/eve
nts/EventTarget-impl.js:[2m296:3[22m[39m
[90m [2mÔØ»[22m EventTargetImpl._dispatch node_modules/jsdom/lib/jsdom/livin
g/events/EventTarget-impl.js:[2m243:9[22m[39m
[90m [2mÔØ»[22m EventTargetImpl.dispatchEvent node_modules/jsdom/lib/jsdom/l
iving/events/EventTarget-impl.js:[2m114:17[22m[39m
[90m [2mÔØ»[22m dispatchEvent node_modules/jsdom/lib/generated/idl/EventTarg
et.js:[2m241:34[22m[39m

[31mThis error originated in "[1msrc/test/realtimeTracking.test.ts[22m" test
 file. It doesn't mean the error was thrown inside the file itself, but while i
t was running.[39m
[31mThe latest test that might've caused the error is "[1mshould handle high-
frequency location updates[22m". It might mean one of the following:
- The error was thrown, while Vitest was running this test.
- If the error occurred after the test had been completed, this was the last do
cumented test before it was thrown.[39m

[31mÔÄ»ÔÄ»ÔÄ»ÔÄ»ÔÄ»[39m[1m[41m Uncaught Exception [49m[22m[31mÔÄ»ÔÄ»ÔÄ»Ô
Ä»ÔÄ»[39m
[31m[1mError[22m: Listener error[39m
[36m [2mÔØ»[22m src/test/realtimeTracking.test.ts:[2m201:15[22m[39m
    [90m199| [39m      
    [90m200| [39m      [35mconst[39m badListener [33m=[39m vi[33m.[39m
[34mfn[39m(() [33m=>[39m {
    [90m201| [39m        [35mthrow[39m [35mnew[39m [33mError[39m([32m"
Listener error"[39m)[33m;[39m
    [90m   | [39m              [31m^[39m
    [90m202| [39m      })[33m;[39m
    [90m203| [39m      [35mconst[39m goodListener [33m=[39m vi[33m.[39m
[34mfn[39m()[33m;[39m
[90m [2mÔØ»[22m mockCall ../../../PROYEK%20WEB%20MASTER/APLIKASI/seat-shuttl
e/node_modules/@vitest/spy/dist/index.js:[2m96:15[22m[39m
[90m [2mÔØ»[22m listener ../../../PROYEK%20WEB%20MASTER/APLIKASI/seat-shuttl
e/node_modules/tinyspy/dist/index.js:[2m47:80[22m[39m
[90m [2mÔØ»[22m pollingListener src/services/realtimeTrackingService.ts:[2m
461:11[22m[39m
[90m [2mÔØ»[22m callTheUserObjectsOperation node_modules/jsdom/lib/generated
/idl/EventListener.js:[2m26:30[22m[39m
[90m [2mÔØ»[22m innerInvokeEventListeners node_modules/jsdom/lib/jsdom/livin
g/events/EventTarget-impl.js:[2m360:16[22m[39m
[90m [2mÔØ»[22m invokeEventListeners node_modules/jsdom/lib/jsdom/living/eve
nts/EventTarget-impl.js:[2m296:3[22m[39m
[90m [2mÔØ»[22m EventTargetImpl._dispatch node_modules/jsdom/lib/jsdom/livin
g/events/EventTarget-impl.js:[2m243:9[22m[39m
[90m [2mÔØ»[22m EventTargetImpl.dispatchEvent node_modules/jsdom/lib/jsdom/l
iving/events/EventTarget-impl.js:[2m114:17[22m[39m
[90m [2mÔØ»[22m dispatchEvent node_modules/jsdom/lib/generated/idl/EventTarg
et.js:[2m241:34[22m[39m

[31mThis error originated in "[1msrc/test/realtimeTracking.test.ts[22m" test
 file. It doesn't mean the error was thrown inside the file itself, but while i
t was running.[39m
[31mThe latest test that might've caused the error is "[1mshould handle high-
frequency location updates[22m". It might mean one of the following:
- The error was thrown, while Vitest was running this test.
- If the error occurred after the test had been completed, this was the last do
cumented test before it was thrown.[39m

[31mÔÄ»ÔÄ»ÔÄ»ÔÄ»ÔÄ»[39m[1m[41m Uncaught Exception [49m[22m[31mÔÄ»ÔÄ»ÔÄ»Ô
Ä»ÔÄ»[39m
[31m[1mError[22m: Listener error[39m
[36m [2mÔØ»[22m src/test/realtimeTracking.test.ts:[2m201:15[22m[39m
    [90m199| [39m      
    [90m200| [39m      [35mconst[39m badListener [33m=[39m vi[33m.[39m
[34mfn[39m(() [33m=>[39m {
    [90m201| [39m        [35mthrow[39m [35mnew[39m [33mError[39m([32m"
Listener error"[39m)[33m;[39m
    [90m   | [39m              [31m^[39m
    [90m202| [39m      })[33m;[39m
    [90m203| [39m      [35mconst[39m goodListener [33m=[39m vi[33m.[39m
[34mfn[39m()[33m;[39m
[90m [2mÔØ»[22m mockCall ../../../PROYEK%20WEB%20MASTER/APLIKASI/seat-shuttl
e/node_modules/@vitest/spy/dist/index.js:[2m96:15[22m[39m
[90m [2mÔØ»[22m listener ../../../PROYEK%20WEB%20MASTER/APLIKASI/seat-shuttl
e/node_modules/tinyspy/dist/index.js:[2m47:80[22m[39m
[90m [2mÔØ»[22m pollingListener src/services/realtimeTrackingService.ts:[2m
461:11[22m[39m
[90m [2mÔØ»[22m callTheUserObjectsOperation node_modules/jsdom/lib/generated
/idl/EventListener.js:[2m26:30[22m[39m
[90m [2mÔØ»[22m innerInvokeEventListeners node_modules/jsdom/lib/jsdom/livin
g/events/EventTarget-impl.js:[2m360:16[22m[39m
[90m [2mÔØ»[22m invokeEventListeners node_modules/jsdom/lib/jsdom/living/eve
nts/EventTarget-impl.js:[2m296:3[22m[39m
[90m [2mÔØ»[22m EventTargetImpl._dispatch node_modules/jsdom/lib/jsdom/livin
g/events/EventTarget-impl.js:[2m243:9[22m[39m
[90m [2mÔØ»[22m EventTargetImpl.dispatchEvent node_modules/jsdom/lib/jsdom/l
iving/events/EventTarget-impl.js:[2m114:17[22m[39m
[90m [2mÔØ»[22m dispatchEvent node_modules/jsdom/lib/generated/idl/EventTarg
et.js:[2m241:34[22m[39m

[31mThis error originated in "[1msrc/test/realtimeTracking.test.ts[22m" test
 file. It doesn't mean the error was thrown inside the file itself, but while i
t was running.[39m
[31mThe latest test that might've caused the error is "[1mshould handle high-
frequency location updates[22m". It might mean one of the following:
- The error was thrown, while Vitest was running this test.
- If the error occurred after the test had been completed, this was the last do
cumented test before it was thrown.[39m

[31mÔÄ»ÔÄ»ÔÄ»ÔÄ»ÔÄ»[39m[1m[41m Uncaught Exception [49m[22m[31mÔÄ»ÔÄ»ÔÄ»Ô
Ä»ÔÄ»[39m
[31m[1mError[22m: Listener error[39m
[36m [2mÔØ»[22m src/test/realtimeTracking.test.ts:[2m201:15[22m[39m
    [90m199| [39m      
    [90m200| [39m      [35mconst[39m badListener [33m=[39m vi[33m.[39m
[34mfn[39m(() [33m=>[39m {
    [90m201| [39m        [35mthrow[39m [35mnew[39m [33mError[39m([32m"
Listener error"[39m)[33m;[39m
    [90m   | [39m              [31m^[39m
    [90m202| [39m      })[33m;[39m
    [90m203| [39m      [35mconst[39m goodListener [33m=[39m vi[33m.[39m
[34mfn[39m()[33m;[39m
[90m [2mÔØ»[22m mockCall ../../../PROYEK%20WEB%20MASTER/APLIKASI/seat-shuttl
e/node_modules/@vitest/spy/dist/index.js:[2m96:15[22m[39m
[90m [2mÔØ»[22m listener ../../../PROYEK%20WEB%20MASTER/APLIKASI/seat-shuttl
e/node_modules/tinyspy/dist/index.js:[2m47:80[22m[39m
[90m [2mÔØ»[22m pollingListener src/services/realtimeTrackingService.ts:[2m
461:11[22m[39m
[90m [2mÔØ»[22m callTheUserObjectsOperation node_modules/jsdom/lib/generated
/idl/EventListener.js:[2m26:30[22m[39m
[90m [2mÔØ»[22m innerInvokeEventListeners node_modules/jsdom/lib/jsdom/livin
g/events/EventTarget-impl.js:[2m360:16[22m[39m
[90m [2mÔØ»[22m invokeEventListeners node_modules/jsdom/lib/jsdom/living/eve
nts/EventTarget-impl.js:[2m296:3[22m[39m
[90m [2mÔØ»[22m EventTargetImpl._dispatch node_modules/jsdom/lib/jsdom/livin
g/events/EventTarget-impl.js:[2m243:9[22m[39m
[90m [2mÔØ»[22m EventTargetImpl.dispatchEvent node_modules/jsdom/lib/jsdom/l
iving/events/EventTarget-impl.js:[2m114:17[22m[39m
[90m [2mÔØ»[22m dispatchEvent node_modules/jsdom/lib/generated/idl/EventTarg
et.js:[2m241:34[22m[39m

[31mThis error originated in "[1msrc/test/realtimeTracking.test.ts[22m" test
 file. It doesn't mean the error was thrown inside the file itself, but while i
t was running.[39m
[31mThe latest test that might've caused the error is "[1mshould handle high-
frequency location updates[22m". It might mean one of the following:
- The error was thrown, while Vitest was running this test.
- If the error occurred after the test had been completed, this was the last do
cumented test before it was thrown.[39m

[31mÔÄ»ÔÄ»ÔÄ»ÔÄ»ÔÄ»[39m[1m[41m Uncaught Exception [49m[22m[31mÔÄ»ÔÄ»ÔÄ»Ô
Ä»ÔÄ»[39m
[31m[1mError[22m: Listener error[39m
[36m [2mÔØ»[22m src/test/realtimeTracking.test.ts:[2m201:15[22m[39m
    [90m199| [39m      
    [90m200| [39m      [35mconst[39m badListener [33m=[39m vi[33m.[39m
[34mfn[39m(() [33m=>[39m {
    [90m201| [39m        [35mthrow[39m [35mnew[39m [33mError[39m([32m"
Listener error"[39m)[33m;[39m
    [90m   | [39m              [31m^[39m
    [90m202| [39m      })[33m;[39m
    [90m203| [39m      [35mconst[39m goodListener [33m=[39m vi[33m.[39m
[34mfn[39m()[33m;[39m
[90m [2mÔØ»[22m mockCall ../../../PROYEK%20WEB%20MASTER/APLIKASI/seat-shuttl
e/node_modules/@vitest/spy/dist/index.js:[2m96:15[22m[39m
[90m [2mÔØ»[22m listener ../../../PROYEK%20WEB%20MASTER/APLIKASI/seat-shuttl
e/node_modules/tinyspy/dist/index.js:[2m47:80[22m[39m
[90m [2mÔØ»[22m pollingListener src/services/realtimeTrackingService.ts:[2m
461:11[22m[39m
[90m [2mÔØ»[22m callTheUserObjectsOperation node_modules/jsdom/lib/generated
/idl/EventListener.js:[2m26:30[22m[39m
[90m [2mÔØ»[22m innerInvokeEventListeners node_modules/jsdom/lib/jsdom/livin
g/events/EventTarget-impl.js:[2m360:16[22m[39m
[90m [2mÔØ»[22m invokeEventListeners node_modules/jsdom/lib/jsdom/living/eve
nts/EventTarget-impl.js:[2m296:3[22m[39m
[90m [2mÔØ»[22m EventTargetImpl._dispatch node_modules/jsdom/lib/jsdom/livin
g/events/EventTarget-impl.js:[2m243:9[22m[39m
[90m [2mÔØ»[22m EventTargetImpl.dispatchEvent node_modules/jsdom/lib/jsdom/l
iving/events/EventTarget-impl.js:[2m114:17[22m[39m
[90m [2mÔØ»[22m dispatchEvent node_modules/jsdom/lib/generated/idl/EventTarg
et.js:[2m241:34[22m[39m

[31mThis error originated in "[1msrc/test/realtimeTracking.test.ts[22m" test
 file. It doesn't mean the error was thrown inside the file itself, but while i
t was running.[39m
[31mThe latest test that might've caused the error is "[1mshould handle high-
frequency location updates[22m". It might mean one of the following:
- The error was thrown, while Vitest was running this test.
- If the error occurred after the test had been completed, this was the last do
cumented test before it was thrown.[39m

[31mÔÄ»ÔÄ»ÔÄ»ÔÄ»ÔÄ»[39m[1m[41m Uncaught Exception [49m[22m[31mÔÄ»ÔÄ»ÔÄ»Ô
Ä»ÔÄ»[39m
[31m[1mError[22m: Listener error[39m
[36m [2mÔØ»[22m src/test/realtimeTracking.test.ts:[2m201:15[22m[39m
    [90m199| [39m      
    [90m200| [39m      [35mconst[39m badListener [33m=[39m vi[33m.[39m
[34mfn[39m(() [33m=>[39m {
    [90m201| [39m        [35mthrow[39m [35mnew[39m [33mError[39m([32m"
Listener error"[39m)[33m;[39m
    [90m   | [39m              [31m^[39m
    [90m202| [39m      })[33m;[39m
    [90m203| [39m      [35mconst[39m goodListener [33m=[39m vi[33m.[39m
[34mfn[39m()[33m;[39m
[90m [2mÔØ»[22m mockCall ../../../PROYEK%20WEB%20MASTER/APLIKASI/seat-shuttl
e/node_modules/@vitest/spy/dist/index.js:[2m96:15[22m[39m
[90m [2mÔØ»[22m listener ../../../PROYEK%20WEB%20MASTER/APLIKASI/seat-shuttl
e/node_modules/tinyspy/dist/index.js:[2m47:80[22m[39m
[90m [2mÔØ»[22m pollingListener src/services/realtimeTrackingService.ts:[2m
461:11[22m[39m
[90m [2mÔØ»[22m callTheUserObjectsOperation node_modules/jsdom/lib/generated
/idl/EventListener.js:[2m26:30[22m[39m
[90m [2mÔØ»[22m innerInvokeEventListeners node_modules/jsdom/lib/jsdom/livin
g/events/EventTarget-impl.js:[2m360:16[22m[39m
[90m [2mÔØ»[22m invokeEventListeners node_modules/jsdom/lib/jsdom/living/eve
nts/EventTarget-impl.js:[2m296:3[22m[39m
[90m [2mÔØ»[22m EventTargetImpl._dispatch node_modules/jsdom/lib/jsdom/livin
g/events/EventTarget-impl.js:[2m243:9[22m[39m
[90m [2mÔØ»[22m EventTargetImpl.dispatchEvent node_modules/jsdom/lib/jsdom/l
iving/events/EventTarget-impl.js:[2m114:17[22m[39m
[90m [2mÔØ»[22m dispatchEvent node_modules/jsdom/lib/generated/idl/EventTarg
et.js:[2m241:34[22m[39m

[31mThis error originated in "[1msrc/test/realtimeTracking.test.ts[22m" test
 file. It doesn't mean the error was thrown inside the file itself, but while i
t was running.[39m
[31mThe latest test that might've caused the error is "[1mshould handle high-
frequency location updates[22m". It might mean one of the following:
- The error was thrown, while Vitest was running this test.
- If the error occurred after the test had been completed, this was the last do
cumented test before it was thrown.[39m

[31mÔÄ»ÔÄ»ÔÄ»ÔÄ»ÔÄ»[39m[1m[41m Uncaught Exception [49m[22m[31mÔÄ»ÔÄ»ÔÄ»Ô
Ä»ÔÄ»[39m
[31m[1mError[22m: Listener error[39m
[36m [2mÔØ»[22m src/test/realtimeTracking.test.ts:[2m201:15[22m[39m
    [90m199| [39m      
    [90m200| [39m      [35mconst[39m badListener [33m=[39m vi[33m.[39m
[34mfn[39m(() [33m=>[39m {
    [90m201| [39m        [35mthrow[39m [35mnew[39m [33mError[39m([32m"
Listener error"[39m)[33m;[39m
    [90m   | [39m              [31m^[39m
    [90m202| [39m      })[33m;[39m
    [90m203| [39m      [35mconst[39m goodListener [33m=[39m vi[33m.[39m
[34mfn[39m()[33m;[39m
[90m [2mÔØ»[22m mockCall ../../../PROYEK%20WEB%20MASTER/APLIKASI/seat-shuttl
e/node_modules/@vitest/spy/dist/index.js:[2m96:15[22m[39m
[90m [2mÔØ»[22m listener ../../../PROYEK%20WEB%20MASTER/APLIKASI/seat-shuttl
e/node_modules/tinyspy/dist/index.js:[2m47:80[22m[39m
[90m [2mÔØ»[22m pollingListener src/services/realtimeTrackingService.ts:[2m
461:11[22m[39m
[90m [2mÔØ»[22m callTheUserObjectsOperation node_modules/jsdom/lib/generated
/idl/EventListener.js:[2m26:30[22m[39m
[90m [2mÔØ»[22m innerInvokeEventListeners node_modules/jsdom/lib/jsdom/livin
g/events/EventTarget-impl.js:[2m360:16[22m[39m
[90m [2mÔØ»[22m invokeEventListeners node_modules/jsdom/lib/jsdom/living/eve
nts/EventTarget-impl.js:[2m296:3[22m[39m
[90m [2mÔØ»[22m EventTargetImpl._dispatch node_modules/jsdom/lib/jsdom/livin
g/events/EventTarget-impl.js:[2m243:9[22m[39m
[90m [2mÔØ»[22m EventTargetImpl.dispatchEvent node_modules/jsdom/lib/jsdom/l
iving/events/EventTarget-impl.js:[2m114:17[22m[39m
[90m [2mÔØ»[22m dispatchEvent node_modules/jsdom/lib/generated/idl/EventTarg
et.js:[2m241:34[22m[39m

[31mThis error originated in "[1msrc/test/realtimeTracking.test.ts[22m" test
 file. It doesn't mean the error was thrown inside the file itself, but while i
t was running.[39m
[31mThe latest test that might've caused the error is "[1mshould handle high-
frequency location updates[22m". It might mean one of the following:
- The error was thrown, while Vitest was running this test.
- If the error occurred after the test had been completed, this was the last do
cumented test before it was thrown.[39m

[31mÔÄ»ÔÄ»ÔÄ»ÔÄ»ÔÄ»[39m[1m[41m Uncaught Exception [49m[22m[31mÔÄ»ÔÄ»ÔÄ»Ô
Ä»ÔÄ»[39m
[31m[1mError[22m: Listener error[39m
[36m [2mÔØ»[22m src/test/realtimeTracking.test.ts:[2m201:15[22m[39m
    [90m199| [39m      
    [90m200| [39m      [35mconst[39m badListener [33m=[39m vi[33m.[39m
[34mfn[39m(() [33m=>[39m {
    [90m201| [39m        [35mthrow[39m [35mnew[39m [33mError[39m([32m"
Listener error"[39m)[33m;[39m
    [90m   | [39m              [31m^[39m
    [90m202| [39m      })[33m;[39m
    [90m203| [39m      [35mconst[39m goodListener [33m=[39m vi[33m.[39m
[34mfn[39m()[33m;[39m
[90m [2mÔØ»[22m mockCall ../../../PROYEK%20WEB%20MASTER/APLIKASI/seat-shuttl
e/node_modules/@vitest/spy/dist/index.js:[2m96:15[22m[39m
[90m [2mÔØ»[22m listener ../../../PROYEK%20WEB%20MASTER/APLIKASI/seat-shuttl
e/node_modules/tinyspy/dist/index.js:[2m47:80[22m[39m
[90m [2mÔØ»[22m pollingListener src/services/realtimeTrackingService.ts:[2m
461:11[22m[39m
[90m [2mÔØ»[22m callTheUserObjectsOperation node_modules/jsdom/lib/generated
/idl/EventListener.js:[2m26:30[22m[39m
[90m [2mÔØ»[22m innerInvokeEventListeners node_modules/jsdom/lib/jsdom/livin
g/events/EventTarget-impl.js:[2m360:16[22m[39m
[90m [2mÔØ»[22m invokeEventListeners node_modules/jsdom/lib/jsdom/living/eve
nts/EventTarget-impl.js:[2m296:3[22m[39m
[90m [2mÔØ»[22m EventTargetImpl._dispatch node_modules/jsdom/lib/jsdom/livin
g/events/EventTarget-impl.js:[2m243:9[22m[39m
[90m [2mÔØ»[22m EventTargetImpl.dispatchEvent node_modules/jsdom/lib/jsdom/l
iving/events/EventTarget-impl.js:[2m114:17[22m[39m
[90m [2mÔØ»[22m dispatchEvent node_modules/jsdom/lib/generated/idl/EventTarg
et.js:[2m241:34[22m[39m

[31mThis error originated in "[1msrc/test/realtimeTracking.test.ts[22m" test
 file. It doesn't mean the error was thrown inside the file itself, but while i
t was running.[39m
[31mThe latest test that might've caused the error is "[1mshould handle high-
frequency location updates[22m". It might mean one of the following:
- The error was thrown, while Vitest was running this test.
- If the error occurred after the test had been completed, this was the last do
cumented test before it was thrown.[39m

[31mÔÄ»ÔÄ»ÔÄ»ÔÄ»ÔÄ»[39m[1m[41m Uncaught Exception [49m[22m[31mÔÄ»ÔÄ»ÔÄ»Ô
Ä»ÔÄ»[39m
[31m[1mError[22m: Listener error[39m
[36m [2mÔØ»[22m src/test/realtimeTracking.test.ts:[2m201:15[22m[39m
    [90m199| [39m      
    [90m200| [39m      [35mconst[39m badListener [33m=[39m vi[33m.[39m
[34mfn[39m(() [33m=>[39m {
    [90m201| [39m        [35mthrow[39m [35mnew[39m [33mError[39m([32m"
Listener error"[39m)[33m;[39m
    [90m   | [39m              [31m^[39m
    [90m202| [39m      })[33m;[39m
    [90m203| [39m      [35mconst[39m goodListener [33m=[39m vi[33m.[39m
[34mfn[39m()[33m;[39m
[90m [2mÔØ»[22m mockCall ../../../PROYEK%20WEB%20MASTER/APLIKASI/seat-shuttl
e/node_modules/@vitest/spy/dist/index.js:[2m96:15[22m[39m
[90m [2mÔØ»[22m listener ../../../PROYEK%20WEB%20MASTER/APLIKASI/seat-shuttl
e/node_modules/tinyspy/dist/index.js:[2m47:80[22m[39m
[90m [2mÔØ»[22m pollingListener src/services/realtimeTrackingService.ts:[2m
461:11[22m[39m
[90m [2mÔØ»[22m callTheUserObjectsOperation node_modules/jsdom/lib/generated
/idl/EventListener.js:[2m26:30[22m[39m
[90m [2mÔØ»[22m innerInvokeEventListeners node_modules/jsdom/lib/jsdom/livin
g/events/EventTarget-impl.js:[2m360:16[22m[39m
[90m [2mÔØ»[22m invokeEventListeners node_modules/jsdom/lib/jsdom/living/eve
nts/EventTarget-impl.js:[2m296:3[22m[39m
[90m [2mÔØ»[22m EventTargetImpl._dispatch node_modules/jsdom/lib/jsdom/livin
g/events/EventTarget-impl.js:[2m243:9[22m[39m
[90m [2mÔØ»[22m EventTargetImpl.dispatchEvent node_modules/jsdom/lib/jsdom/l
iving/events/EventTarget-impl.js:[2m114:17[22m[39m
[90m [2mÔØ»[22m dispatchEvent node_modules/jsdom/lib/generated/idl/EventTarg
et.js:[2m241:34[22m[39m

[31mThis error originated in "[1msrc/test/realtimeTracking.test.ts[22m" test
 file. It doesn't mean the error was thrown inside the file itself, but while i
t was running.[39m
[31mThe latest test that might've caused the error is "[1mshould handle high-
frequency location updates[22m". It might mean one of the following:
- The error was thrown, while Vitest was running this test.
- If the error occurred after the test had been completed, this was the last do
cumented test before it was thrown.[39m

[31mÔÄ»ÔÄ»ÔÄ»ÔÄ»ÔÄ»[39m[1m[41m Uncaught Exception [49m[22m[31mÔÄ»ÔÄ»ÔÄ»Ô
Ä»ÔÄ»[39m
[31m[1mError[22m: Listener error[39m
[36m [2mÔØ»[22m src/test/realtimeTracking.test.ts:[2m201:15[22m[39m
    [90m199| [39m      
    [90m200| [39m      [35mconst[39m badListener [33m=[39m vi[33m.[39m
[34mfn[39m(() [33m=>[39m {
    [90m201| [39m        [35mthrow[39m [35mnew[39m [33mError[39m([32m"
Listener error"[39m)[33m;[39m
    [90m   | [39m              [31m^[39m
    [90m202| [39m      })[33m;[39m
    [90m203| [39m      [35mconst[39m goodListener [33m=[39m vi[33m.[39m
[34mfn[39m()[33m;[39m
[90m [2mÔØ»[22m mockCall ../../../PROYEK%20WEB%20MASTER/APLIKASI/seat-shuttl
e/node_modules/@vitest/spy/dist/index.js:[2m96:15[22m[39m
[90m [2mÔØ»[22m listener ../../../PROYEK%20WEB%20MASTER/APLIKASI/seat-shuttl
e/node_modules/tinyspy/dist/index.js:[2m47:80[22m[39m
[90m [2mÔØ»[22m pollingListener src/services/realtimeTrackingService.ts:[2m
461:11[22m[39m
[90m [2mÔØ»[22m callTheUserObjectsOperation node_modules/jsdom/lib/generated
/idl/EventListener.js:[2m26:30[22m[39m
[90m [2mÔØ»[22m innerInvokeEventListeners node_modules/jsdom/lib/jsdom/livin
g/events/EventTarget-impl.js:[2m360:16[22m[39m
[90m [2mÔØ»[22m invokeEventListeners node_modules/jsdom/lib/jsdom/living/eve
nts/EventTarget-impl.js:[2m296:3[22m[39m
[90m [2mÔØ»[22m EventTargetImpl._dispatch node_modules/jsdom/lib/jsdom/livin
g/events/EventTarget-impl.js:[2m243:9[22m[39m
[90m [2mÔØ»[22m EventTargetImpl.dispatchEvent node_modules/jsdom/lib/jsdom/l
iving/events/EventTarget-impl.js:[2m114:17[22m[39m
[90m [2mÔØ»[22m dispatchEvent node_modules/jsdom/lib/generated/idl/EventTarg
et.js:[2m241:34[22m[39m

[31mThis error originated in "[1msrc/test/realtimeTracking.test.ts[22m" test
 file. It doesn't mean the error was thrown inside the file itself, but while i
t was running.[39m
[31mThe latest test that might've caused the error is "[1mshould handle high-
frequency location updates[22m". It might mean one of the following:
- The error was thrown, while Vitest was running this test.
- If the error occurred after the test had been completed, this was the last do
cumented test before it was thrown.[39m

[31mÔÄ»ÔÄ»ÔÄ»ÔÄ»ÔÄ»[39m[1m[41m Uncaught Exception [49m[22m[31mÔÄ»ÔÄ»ÔÄ»Ô
Ä»ÔÄ»[39m
[31m[1mError[22m: Listener error[39m
[36m [2mÔØ»[22m src/test/realtimeTracking.test.ts:[2m201:15[22m[39m
    [90m199| [39m      
    [90m200| [39m      [35mconst[39m badListener [33m=[39m vi[33m.[39m
[34mfn[39m(() [33m=>[39m {
    [90m201| [39m        [35mthrow[39m [35mnew[39m [33mError[39m([32m"
Listener error"[39m)[33m;[39m
    [90m   | [39m              [31m^[39m
    [90m202| [39m      })[33m;[39m
    [90m203| [39m      [35mconst[39m goodListener [33m=[39m vi[33m.[39m
[34mfn[39m()[33m;[39m
[90m [2mÔØ»[22m mockCall ../../../PROYEK%20WEB%20MASTER/APLIKASI/seat-shuttl
e/node_modules/@vitest/spy/dist/index.js:[2m96:15[22m[39m
[90m [2mÔØ»[22m listener ../../../PROYEK%20WEB%20MASTER/APLIKASI/seat-shuttl
e/node_modules/tinyspy/dist/index.js:[2m47:80[22m[39m
[90m [2mÔØ»[22m pollingListener src/services/realtimeTrackingService.ts:[2m
461:11[22m[39m
[90m [2mÔØ»[22m callTheUserObjectsOperation node_modules/jsdom/lib/generated
/idl/EventListener.js:[2m26:30[22m[39m
[90m [2mÔØ»[22m innerInvokeEventListeners node_modules/jsdom/lib/jsdom/livin
g/events/EventTarget-impl.js:[2m360:16[22m[39m
[90m [2mÔØ»[22m invokeEventListeners node_modules/jsdom/lib/jsdom/living/eve
nts/EventTarget-impl.js:[2m296:3[22m[39m
[90m [2mÔØ»[22m EventTargetImpl._dispatch node_modules/jsdom/lib/jsdom/livin
g/events/EventTarget-impl.js:[2m243:9[22m[39m
[90m [2mÔØ»[22m EventTargetImpl.dispatchEvent node_modules/jsdom/lib/jsdom/l
iving/events/EventTarget-impl.js:[2m114:17[22m[39m
[90m [2mÔØ»[22m dispatchEvent node_modules/jsdom/lib/generated/idl/EventTarg
et.js:[2m241:34[22m[39m

[31mThis error originated in "[1msrc/test/realtimeTracking.test.ts[22m" test
 file. It doesn't mean the error was thrown inside the file itself, but while i
t was running.[39m
[31mThe latest test that might've caused the error is "[1mshould handle high-
frequency location updates[22m". It might mean one of the following:
- The error was thrown, while Vitest was running this test.
- If the error occurred after the test had been completed, this was the last do
cumented test before it was thrown.[39m

[31mÔÄ»ÔÄ»ÔÄ»ÔÄ»ÔÄ»[39m[1m[41m Uncaught Exception [49m[22m[31mÔÄ»ÔÄ»ÔÄ»Ô
Ä»ÔÄ»[39m
[31m[1mError[22m: Listener error[39m
[36m [2mÔØ»[22m src/test/realtimeTracking.test.ts:[2m201:15[22m[39m
    [90m199| [39m      
    [90m200| [39m      [35mconst[39m badListener [33m=[39m vi[33m.[39m
[34mfn[39m(() [33m=>[39m {
    [90m201| [39m        [35mthrow[39m [35mnew[39m [33mError[39m([32m"
Listener error"[39m)[33m;[39m
    [90m   | [39m              [31m^[39m
    [90m202| [39m      })[33m;[39m
    [90m203| [39m      [35mconst[39m goodListener [33m=[39m vi[33m.[39m
[34mfn[39m()[33m;[39m
[90m [2mÔØ»[22m mockCall ../../../PROYEK%20WEB%20MASTER/APLIKASI/seat-shuttl
e/node_modules/@vitest/spy/dist/index.js:[2m96:15[22m[39m
[90m [2mÔØ»[22m listener ../../../PROYEK%20WEB%20MASTER/APLIKASI/seat-shuttl
e/node_modules/tinyspy/dist/index.js:[2m47:80[22m[39m
[90m [2mÔØ»[22m pollingListener src/services/realtimeTrackingService.ts:[2m
461:11[22m[39m
[90m [2mÔØ»[22m callTheUserObjectsOperation node_modules/jsdom/lib/generated
/idl/EventListener.js:[2m26:30[22m[39m
[90m [2mÔØ»[22m innerInvokeEventListeners node_modules/jsdom/lib/jsdom/livin
g/events/EventTarget-impl.js:[2m360:16[22m[39m
[90m [2mÔØ»[22m invokeEventListeners node_modules/jsdom/lib/jsdom/living/eve
nts/EventTarget-impl.js:[2m296:3[22m[39m
[90m [2mÔØ»[22m EventTargetImpl._dispatch node_modules/jsdom/lib/jsdom/livin
g/events/EventTarget-impl.js:[2m243:9[22m[39m
[90m [2mÔØ»[22m EventTargetImpl.dispatchEvent node_modules/jsdom/lib/jsdom/l
iving/events/EventTarget-impl.js:[2m114:17[22m[39m
[90m [2mÔØ»[22m dispatchEvent node_modules/jsdom/lib/generated/idl/EventTarg
et.js:[2m241:34[22m[39m

[31mThis error originated in "[1msrc/test/realtimeTracking.test.ts[22m" test
 file. It doesn't mean the error was thrown inside the file itself, but while i
t was running.[39m
[31mThe latest test that might've caused the error is "[1mshould handle high-
frequency location updates[22m". It might mean one of the following:
- The error was thrown, while Vitest was running this test.
- If the error occurred after the test had been completed, this was the last do
cumented test before it was thrown.[39m

[31mÔÄ»ÔÄ»ÔÄ»ÔÄ»ÔÄ»[39m[1m[41m Uncaught Exception [49m[22m[31mÔÄ»ÔÄ»ÔÄ»Ô
Ä»ÔÄ»[39m
[31m[1mError[22m: Listener error[39m
[36m [2mÔØ»[22m src/test/realtimeTracking.test.ts:[2m201:15[22m[39m
    [90m199| [39m      
    [90m200| [39m      [35mconst[39m badListener [33m=[39m vi[33m.[39m
[34mfn[39m(() [33m=>[39m {
    [90m201| [39m        [35mthrow[39m [35mnew[39m [33mError[39m([32m"
Listener error"[39m)[33m;[39m
    [90m   | [39m              [31m^[39m
    [90m202| [39m      })[33m;[39m
    [90m203| [39m      [35mconst[39m goodListener [33m=[39m vi[33m.[39m
[34mfn[39m()[33m;[39m
[90m [2mÔØ»[22m mockCall ../../../PROYEK%20WEB%20MASTER/APLIKASI/seat-shuttl
e/node_modules/@vitest/spy/dist/index.js:[2m96:15[22m[39m
[90m [2mÔØ»[22m listener ../../../PROYEK%20WEB%20MASTER/APLIKASI/seat-shuttl
e/node_modules/tinyspy/dist/index.js:[2m47:80[22m[39m
[90m [2mÔØ»[22m pollingListener src/services/realtimeTrackingService.ts:[2m
461:11[22m[39m
[90m [2mÔØ»[22m callTheUserObjectsOperation node_modules/jsdom/lib/generated
/idl/EventListener.js:[2m26:30[22m[39m
[90m [2mÔØ»[22m innerInvokeEventListeners node_modules/jsdom/lib/jsdom/livin
g/events/EventTarget-impl.js:[2m360:16[22m[39m
[90m [2mÔØ»[22m invokeEventListeners node_modules/jsdom/lib/jsdom/living/eve
nts/EventTarget-impl.js:[2m296:3[22m[39m
[90m [2mÔØ»[22m EventTargetImpl._dispatch node_modules/jsdom/lib/jsdom/livin
g/events/EventTarget-impl.js:[2m243:9[22m[39m
[90m [2mÔØ»[22m EventTargetImpl.dispatchEvent node_modules/jsdom/lib/jsdom/l
iving/events/EventTarget-impl.js:[2m114:17[22m[39m
[90m [2mÔØ»[22m dispatchEvent node_modules/jsdom/lib/generated/idl/EventTarg
et.js:[2m241:34[22m[39m

[31mThis error originated in "[1msrc/test/realtimeTracking.test.ts[22m" test
 file. It doesn't mean the error was thrown inside the file itself, but while i
t was running.[39m
[31mThe latest test that might've caused the error is "[1mshould handle high-
frequency location updates[22m". It might mean one of the following:
- The error was thrown, while Vitest was running this test.
- If the error occurred after the test had been completed, this was the last do
cumented test before it was thrown.[39m

[31mÔÄ»ÔÄ»ÔÄ»ÔÄ»ÔÄ»[39m[1m[41m Uncaught Exception [49m[22m[31mÔÄ»ÔÄ»ÔÄ»Ô
Ä»ÔÄ»[39m
[31m[1mError[22m: Listener error[39m
[36m [2mÔØ»[22m src/test/realtimeTracking.test.ts:[2m201:15[22m[39m
    [90m199| [39m      
    [90m200| [39m      [35mconst[39m badListener [33m=[39m vi[33m.[39m
[34mfn[39m(() [33m=>[39m {
    [90m201| [39m        [35mthrow[39m [35mnew[39m [33mError[39m([32m"
Listener error"[39m)[33m;[39m
    [90m   | [39m              [31m^[39m
    [90m202| [39m      })[33m;[39m
    [90m203| [39m      [35mconst[39m goodListener [33m=[39m vi[33m.[39m
[34mfn[39m()[33m;[39m
[90m [2mÔØ»[22m mockCall ../../../PROYEK%20WEB%20MASTER/APLIKASI/seat-shuttl
e/node_modules/@vitest/spy/dist/index.js:[2m96:15[22m[39m
[90m [2mÔØ»[22m listener ../../../PROYEK%20WEB%20MASTER/APLIKASI/seat-shuttl
e/node_modules/tinyspy/dist/index.js:[2m47:80[22m[39m
[90m [2mÔØ»[22m pollingListener src/services/realtimeTrackingService.ts:[2m
461:11[22m[39m
[90m [2mÔØ»[22m callTheUserObjectsOperation node_modules/jsdom/lib/generated
/idl/EventListener.js:[2m26:30[22m[39m
[90m [2mÔØ»[22m innerInvokeEventListeners node_modules/jsdom/lib/jsdom/livin
g/events/EventTarget-impl.js:[2m360:16[22m[39m
[90m [2mÔØ»[22m invokeEventListeners node_modules/jsdom/lib/jsdom/living/eve
nts/EventTarget-impl.js:[2m296:3[22m[39m
[90m [2mÔØ»[22m EventTargetImpl._dispatch node_modules/jsdom/lib/jsdom/livin
g/events/EventTarget-impl.js:[2m243:9[22m[39m
[90m [2mÔØ»[22m EventTargetImpl.dispatchEvent node_modules/jsdom/lib/jsdom/l
iving/events/EventTarget-impl.js:[2m114:17[22m[39m
[90m [2mÔØ»[22m dispatchEvent node_modules/jsdom/lib/generated/idl/EventTarg
et.js:[2m241:34[22m[39m

[31mThis error originated in "[1msrc/test/realtimeTracking.test.ts[22m" test
 file. It doesn't mean the error was thrown inside the file itself, but while i
t was running.[39m
[31mThe latest test that might've caused the error is "[1mshould handle high-
frequency location updates[22m". It might mean one of the following:
- The error was thrown, while Vitest was running this test.
- If the error occurred after the test had been completed, this was the last do
cumented test before it was thrown.[39m

[31mÔÄ»ÔÄ»ÔÄ»ÔÄ»ÔÄ»[39m[1m[41m Uncaught Exception [49m[22m[31mÔÄ»ÔÄ»ÔÄ»Ô
Ä»ÔÄ»[39m
[31m[1mError[22m: Listener error[39m
[36m [2mÔØ»[22m src/test/realtimeTracking.test.ts:[2m201:15[22m[39m
    [90m199| [39m      
    [90m200| [39m      [35mconst[39m badListener [33m=[39m vi[33m.[39m
[34mfn[39m(() [33m=>[39m {
    [90m201| [39m        [35mthrow[39m [35mnew[39m [33mError[39m([32m"
Listener error"[39m)[33m;[39m
    [90m   | [39m              [31m^[39m
    [90m202| [39m      })[33m;[39m
    [90m203| [39m      [35mconst[39m goodListener [33m=[39m vi[33m.[39m
[34mfn[39m()[33m;[39m
[90m [2mÔØ»[22m mockCall ../../../PROYEK%20WEB%20MASTER/APLIKASI/seat-shuttl
e/node_modules/@vitest/spy/dist/index.js:[2m96:15[22m[39m
[90m [2mÔØ»[22m listener ../../../PROYEK%20WEB%20MASTER/APLIKASI/seat-shuttl
e/node_modules/tinyspy/dist/index.js:[2m47:80[22m[39m
[90m [2mÔØ»[22m pollingListener src/services/realtimeTrackingService.ts:[2m
461:11[22m[39m
[90m [2mÔØ»[22m callTheUserObjectsOperation node_modules/jsdom/lib/generated
/idl/EventListener.js:[2m26:30[22m[39m
[90m [2mÔØ»[22m innerInvokeEventListeners node_modules/jsdom/lib/jsdom/livin
g/events/EventTarget-impl.js:[2m360:16[22m[39m
[90m [2mÔØ»[22m invokeEventListeners node_modules/jsdom/lib/jsdom/living/eve
nts/EventTarget-impl.js:[2m296:3[22m[39m
[90m [2mÔØ»[22m EventTargetImpl._dispatch node_modules/jsdom/lib/jsdom/livin
g/events/EventTarget-impl.js:[2m243:9[22m[39m
[90m [2mÔØ»[22m EventTargetImpl.dispatchEvent node_modules/jsdom/lib/jsdom/l
iving/events/EventTarget-impl.js:[2m114:17[22m[39m
[90m [2mÔØ»[22m dispatchEvent node_modules/jsdom/lib/generated/idl/EventTarg
et.js:[2m241:34[22m[39m

[31mThis error originated in "[1msrc/test/realtimeTracking.test.ts[22m" test
 file. It doesn't mean the error was thrown inside the file itself, but while i
t was running.[39m
[31mThe latest test that might've caused the error is "[1mshould handle high-
frequency location updates[22m". It might mean one of the following:
- The error was thrown, while Vitest was running this test.
- If the error occurred after the test had been completed, this was the last do
cumented test before it was thrown.[39m

[31mÔÄ»ÔÄ»ÔÄ»ÔÄ»ÔÄ»[39m[1m[41m Uncaught Exception [49m[22m[31mÔÄ»ÔÄ»ÔÄ»Ô
Ä»ÔÄ»[39m
[31m[1mError[22m: Listener error[39m
[36m [2mÔØ»[22m src/test/realtimeTracking.test.ts:[2m201:15[22m[39m
    [90m199| [39m      
    [90m200| [39m      [35mconst[39m badListener [33m=[39m vi[33m.[39m
[34mfn[39m(() [33m=>[39m {
    [90m201| [39m        [35mthrow[39m [35mnew[39m [33mError[39m([32m"
Listener error"[39m)[33m;[39m
    [90m   | [39m              [31m^[39m
    [90m202| [39m      })[33m;[39m
    [90m203| [39m      [35mconst[39m goodListener [33m=[39m vi[33m.[39m
[34mfn[39m()[33m;[39m
[90m [2mÔØ»[22m mockCall ../../../PROYEK%20WEB%20MASTER/APLIKASI/seat-shuttl
e/node_modules/@vitest/spy/dist/index.js:[2m96:15[22m[39m
[90m [2mÔØ»[22m listener ../../../PROYEK%20WEB%20MASTER/APLIKASI/seat-shuttl
e/node_modules/tinyspy/dist/index.js:[2m47:80[22m[39m
[90m [2mÔØ»[22m pollingListener src/services/realtimeTrackingService.ts:[2m
461:11[22m[39m
[90m [2mÔØ»[22m callTheUserObjectsOperation node_modules/jsdom/lib/generated
/idl/EventListener.js:[2m26:30[22m[39m
[90m [2mÔØ»[22m innerInvokeEventListeners node_modules/jsdom/lib/jsdom/livin
g/events/EventTarget-impl.js:[2m360:16[22m[39m
[90m [2mÔØ»[22m invokeEventListeners node_modules/jsdom/lib/jsdom/living/eve
nts/EventTarget-impl.js:[2m296:3[22m[39m
[90m [2mÔØ»[22m EventTargetImpl._dispatch node_modules/jsdom/lib/jsdom/livin
g/events/EventTarget-impl.js:[2m243:9[22m[39m
[90m [2mÔØ»[22m EventTargetImpl.dispatchEvent node_modules/jsdom/lib/jsdom/l
iving/events/EventTarget-impl.js:[2m114:17[22m[39m
[90m [2mÔØ»[22m dispatchEvent node_modules/jsdom/lib/generated/idl/EventTarg
et.js:[2m241:34[22m[39m

[31mThis error originated in "[1msrc/test/realtimeTracking.test.ts[22m" test
 file. It doesn't mean the error was thrown inside the file itself, but while i
t was running.[39m
[31mThe latest test that might've caused the error is "[1mshould handle high-
frequency location updates[22m". It might mean one of the following:
- The error was thrown, while Vitest was running this test.
- If the error occurred after the test had been completed, this was the last do
cumented test before it was thrown.[39m

[31mÔÄ»ÔÄ»ÔÄ»ÔÄ»ÔÄ»[39m[1m[41m Uncaught Exception [49m[22m[31mÔÄ»ÔÄ»ÔÄ»Ô
Ä»ÔÄ»[39m
[31m[1mError[22m: Listener error[39m
[36m [2mÔØ»[22m src/test/realtimeTracking.test.ts:[2m201:15[22m[39m
    [90m199| [39m      
    [90m200| [39m      [35mconst[39m badListener [33m=[39m vi[33m.[39m
[34mfn[39m(() [33m=>[39m {
    [90m201| [39m        [35mthrow[39m [35mnew[39m [33mError[39m([32m"
Listener error"[39m)[33m;[39m
    [90m   | [39m              [31m^[39m
    [90m202| [39m      })[33m;[39m
    [90m203| [39m      [35mconst[39m goodListener [33m=[39m vi[33m.[39m
[34mfn[39m()[33m;[39m
[90m [2mÔØ»[22m mockCall ../../../PROYEK%20WEB%20MASTER/APLIKASI/seat-shuttl
e/node_modules/@vitest/spy/dist/index.js:[2m96:15[22m[39m
[90m [2mÔØ»[22m listener ../../../PROYEK%20WEB%20MASTER/APLIKASI/seat-shuttl
e/node_modules/tinyspy/dist/index.js:[2m47:80[22m[39m
[90m [2mÔØ»[22m pollingListener src/services/realtimeTrackingService.ts:[2m
461:11[22m[39m
[90m [2mÔØ»[22m callTheUserObjectsOperation node_modules/jsdom/lib/generated
/idl/EventListener.js:[2m26:30[22m[39m
[90m [2mÔØ»[22m innerInvokeEventListeners node_modules/jsdom/lib/jsdom/livin
g/events/EventTarget-impl.js:[2m360:16[22m[39m
[90m [2mÔØ»[22m invokeEventListeners node_modules/jsdom/lib/jsdom/living/eve
nts/EventTarget-impl.js:[2m296:3[22m[39m
[90m [2mÔØ»[22m EventTargetImpl._dispatch node_modules/jsdom/lib/jsdom/livin
g/events/EventTarget-impl.js:[2m243:9[22m[39m
[90m [2mÔØ»[22m EventTargetImpl.dispatchEvent node_modules/jsdom/lib/jsdom/l
iving/events/EventTarget-impl.js:[2m114:17[22m[39m
[90m [2mÔØ»[22m dispatchEvent node_modules/jsdom/lib/generated/idl/EventTarg
et.js:[2m241:34[22m[39m

[31mThis error originated in "[1msrc/test/realtimeTracking.test.ts[22m" test
 file. It doesn't mean the error was thrown inside the file itself, but while i
t was running.[39m
[31mThe latest test that might've caused the error is "[1mshould handle high-
frequency location updates[22m". It might mean one of the following:
- The error was thrown, while Vitest was running this test.
- If the error occurred after the test had been completed, this was the last do
cumented test before it was thrown.[39m

[31mÔÄ»ÔÄ»ÔÄ»ÔÄ»ÔÄ»[39m[1m[41m Uncaught Exception [49m[22m[31mÔÄ»ÔÄ»ÔÄ»Ô
Ä»ÔÄ»[39m
[31m[1mError[22m: Listener error[39m
[36m [2mÔØ»[22m src/test/realtimeTracking.test.ts:[2m201:15[22m[39m
    [90m199| [39m      
    [90m200| [39m      [35mconst[39m badListener [33m=[39m vi[33m.[39m
[34mfn[39m(() [33m=>[39m {
    [90m201| [39m        [35mthrow[39m [35mnew[39m [33mError[39m([32m"
Listener error"[39m)[33m;[39m
    [90m   | [39m              [31m^[39m
    [90m202| [39m      })[33m;[39m
    [90m203| [39m      [35mconst[39m goodListener [33m=[39m vi[33m.[39m
[34mfn[39m()[33m;[39m
[90m [2mÔØ»[22m mockCall ../../../PROYEK%20WEB%20MASTER/APLIKASI/seat-shuttl
e/node_modules/@vitest/spy/dist/index.js:[2m96:15[22m[39m
[90m [2mÔØ»[22m listener ../../../PROYEK%20WEB%20MASTER/APLIKASI/seat-shuttl
e/node_modules/tinyspy/dist/index.js:[2m47:80[22m[39m
[90m [2mÔØ»[22m pollingListener src/services/realtimeTrackingService.ts:[2m
461:11[22m[39m
[90m [2mÔØ»[22m callTheUserObjectsOperation node_modules/jsdom/lib/generated
/idl/EventListener.js:[2m26:30[22m[39m
[90m [2mÔØ»[22m innerInvokeEventListeners node_modules/jsdom/lib/jsdom/livin
g/events/EventTarget-impl.js:[2m360:16[22m[39m
[90m [2mÔØ»[22m invokeEventListeners node_modules/jsdom/lib/jsdom/living/eve
nts/EventTarget-impl.js:[2m296:3[22m[39m
[90m [2mÔØ»[22m EventTargetImpl._dispatch node_modules/jsdom/lib/jsdom/livin
g/events/EventTarget-impl.js:[2m243:9[22m[39m
[90m [2mÔØ»[22m EventTargetImpl.dispatchEvent node_modules/jsdom/lib/jsdom/l
iving/events/EventTarget-impl.js:[2m114:17[22m[39m
[90m [2mÔØ»[22m dispatchEvent node_modules/jsdom/lib/generated/idl/EventTarg
et.js:[2m241:34[22m[39m

[31mThis error originated in "[1msrc/test/realtimeTracking.test.ts[22m" test
 file. It doesn't mean the error was thrown inside the file itself, but while i
t was running.[39m
[31mThe latest test that might've caused the error is "[1mshould handle high-
frequency location updates[22m". It might mean one of the following:
- The error was thrown, while Vitest was running this test.
- If the error occurred after the test had been completed, this was the last do
cumented test before it was thrown.[39m

[31mÔÄ»ÔÄ»ÔÄ»ÔÄ»ÔÄ»[39m[1m[41m Uncaught Exception [49m[22m[31mÔÄ»ÔÄ»ÔÄ»Ô
Ä»ÔÄ»[39m
[31m[1mError[22m: Listener error[39m
[36m [2mÔØ»[22m src/test/realtimeTracking.test.ts:[2m201:15[22m[39m
    [90m199| [39m      
    [90m200| [39m      [35mconst[39m badListener [33m=[39m vi[33m.[39m
[34mfn[39m(() [33m=>[39m {
    [90m201| [39m        [35mthrow[39m [35mnew[39m [33mError[39m([32m"
Listener error"[39m)[33m;[39m
    [90m   | [39m              [31m^[39m
    [90m202| [39m      })[33m;[39m
    [90m203| [39m      [35mconst[39m goodListener [33m=[39m vi[33m.[39m
[34mfn[39m()[33m;[39m
[90m [2mÔØ»[22m mockCall ../../../PROYEK%20WEB%20MASTER/APLIKASI/seat-shuttl
e/node_modules/@vitest/spy/dist/index.js:[2m96:15[22m[39m
[90m [2mÔØ»[22m listener ../../../PROYEK%20WEB%20MASTER/APLIKASI/seat-shuttl
e/node_modules/tinyspy/dist/index.js:[2m47:80[22m[39m
[90m [2mÔØ»[22m pollingListener src/services/realtimeTrackingService.ts:[2m
461:11[22m[39m
[90m [2mÔØ»[22m callTheUserObjectsOperation node_modules/jsdom/lib/generated
/idl/EventListener.js:[2m26:30[22m[39m
[90m [2mÔØ»[22m innerInvokeEventListeners node_modules/jsdom/lib/jsdom/livin
g/events/EventTarget-impl.js:[2m360:16[22m[39m
[90m [2mÔØ»[22m invokeEventListeners node_modules/jsdom/lib/jsdom/living/eve
nts/EventTarget-impl.js:[2m296:3[22m[39m
[90m [2mÔØ»[22m EventTargetImpl._dispatch node_modules/jsdom/lib/jsdom/livin
g/events/EventTarget-impl.js:[2m243:9[22m[39m
[90m [2mÔØ»[22m EventTargetImpl.dispatchEvent node_modules/jsdom/lib/jsdom/l
iving/events/EventTarget-impl.js:[2m114:17[22m[39m
[90m [2mÔØ»[22m dispatchEvent node_modules/jsdom/lib/generated/idl/EventTarg
et.js:[2m241:34[22m[39m

[31mThis error originated in "[1msrc/test/realtimeTracking.test.ts[22m" test
 file. It doesn't mean the error was thrown inside the file itself, but while i
t was running.[39m
[31mThe latest test that might've caused the error is "[1mshould handle high-
frequency location updates[22m". It might mean one of the following:
- The error was thrown, while Vitest was running this test.
- If the error occurred after the test had been completed, this was the last do
cumented test before it was thrown.[39m

[31mÔÄ»ÔÄ»ÔÄ»ÔÄ»ÔÄ»[39m[1m[41m Uncaught Exception [49m[22m[31mÔÄ»ÔÄ»ÔÄ»Ô
Ä»ÔÄ»[39m
[31m[1mError[22m: Listener error[39m
[36m [2mÔØ»[22m src/test/realtimeTracking.test.ts:[2m201:15[22m[39m
    [90m199| [39m      
    [90m200| [39m      [35mconst[39m badListener [33m=[39m vi[33m.[39m
[34mfn[39m(() [33m=>[39m {
    [90m201| [39m        [35mthrow[39m [35mnew[39m [33mError[39m([32m"
Listener error"[39m)[33m;[39m
    [90m   | [39m              [31m^[39m
    [90m202| [39m      })[33m;[39m
    [90m203| [39m      [35mconst[39m goodListener [33m=[39m vi[33m.[39m
[34mfn[39m()[33m;[39m
[90m [2mÔØ»[22m mockCall ../../../PROYEK%20WEB%20MASTER/APLIKASI/seat-shuttl
e/node_modules/@vitest/spy/dist/index.js:[2m96:15[22m[39m
[90m [2mÔØ»[22m listener ../../../PROYEK%20WEB%20MASTER/APLIKASI/seat-shuttl
e/node_modules/tinyspy/dist/index.js:[2m47:80[22m[39m
[90m [2mÔØ»[22m pollingListener src/services/realtimeTrackingService.ts:[2m
461:11[22m[39m
[90m [2mÔØ»[22m callTheUserObjectsOperation node_modules/jsdom/lib/generated
/idl/EventListener.js:[2m26:30[22m[39m
[90m [2mÔØ»[22m innerInvokeEventListeners node_modules/jsdom/lib/jsdom/livin
g/events/EventTarget-impl.js:[2m360:16[22m[39m
[90m [2mÔØ»[22m invokeEventListeners node_modules/jsdom/lib/jsdom/living/eve
nts/EventTarget-impl.js:[2m296:3[22m[39m
[90m [2mÔØ»[22m EventTargetImpl._dispatch node_modules/jsdom/lib/jsdom/livin
g/events/EventTarget-impl.js:[2m243:9[22m[39m
[90m [2mÔØ»[22m EventTargetImpl.dispatchEvent node_modules/jsdom/lib/jsdom/l
iving/events/EventTarget-impl.js:[2m114:17[22m[39m
[90m [2mÔØ»[22m dispatchEvent node_modules/jsdom/lib/generated/idl/EventTarg
et.js:[2m241:34[22m[39m

[31mThis error originated in "[1msrc/test/realtimeTracking.test.ts[22m" test
 file. It doesn't mean the error was thrown inside the file itself, but while i
t was running.[39m
[31mThe latest test that might've caused the error is "[1mshould handle high-
frequency location updates[22m". It might mean one of the following:
- The error was thrown, while Vitest was running this test.
- If the error occurred after the test had been completed, this was the last do
cumented test before it was thrown.[39m

[31mÔÄ»ÔÄ»ÔÄ»ÔÄ»ÔÄ»[39m[1m[41m Uncaught Exception [49m[22m[31mÔÄ»ÔÄ»ÔÄ»Ô
Ä»ÔÄ»[39m
[31m[1mError[22m: Listener error[39m
[36m [2mÔØ»[22m src/test/realtimeTracking.test.ts:[2m201:15[22m[39m
    [90m199| [39m      
    [90m200| [39m      [35mconst[39m badListener [33m=[39m vi[33m.[39m
[34mfn[39m(() [33m=>[39m {
    [90m201| [39m        [35mthrow[39m [35mnew[39m [33mError[39m([32m"
Listener error"[39m)[33m;[39m
    [90m   | [39m              [31m^[39m
    [90m202| [39m      })[33m;[39m
    [90m203| [39m      [35mconst[39m goodListener [33m=[39m vi[33m.[39m
[34mfn[39m()[33m;[39m
[90m [2mÔØ»[22m mockCall ../../../PROYEK%20WEB%20MASTER/APLIKASI/seat-shuttl
e/node_modules/@vitest/spy/dist/index.js:[2m96:15[22m[39m
[90m [2mÔØ»[22m listener ../../../PROYEK%20WEB%20MASTER/APLIKASI/seat-shuttl
e/node_modules/tinyspy/dist/index.js:[2m47:80[22m[39m
[90m [2mÔØ»[22m pollingListener src/services/realtimeTrackingService.ts:[2m
461:11[22m[39m
[90m [2mÔØ»[22m callTheUserObjectsOperation node_modules/jsdom/lib/generated
/idl/EventListener.js:[2m26:30[22m[39m
[90m [2mÔØ»[22m innerInvokeEventListeners node_modules/jsdom/lib/jsdom/livin
g/events/EventTarget-impl.js:[2m360:16[22m[39m
[90m [2mÔØ»[22m invokeEventListeners node_modules/jsdom/lib/jsdom/living/eve
nts/EventTarget-impl.js:[2m296:3[22m[39m
[90m [2mÔØ»[22m EventTargetImpl._dispatch node_modules/jsdom/lib/jsdom/livin
g/events/EventTarget-impl.js:[2m243:9[22m[39m
[90m [2mÔØ»[22m EventTargetImpl.dispatchEvent node_modules/jsdom/lib/jsdom/l
iving/events/EventTarget-impl.js:[2m114:17[22m[39m
[90m [2mÔØ»[22m dispatchEvent node_modules/jsdom/lib/generated/idl/EventTarg
et.js:[2m241:34[22m[39m

[31mThis error originated in "[1msrc/test/realtimeTracking.test.ts[22m" test
 file. It doesn't mean the error was thrown inside the file itself, but while i
t was running.[39m
[31mThe latest test that might've caused the error is "[1mshould handle high-
frequency location updates[22m". It might mean one of the following:
- The error was thrown, while Vitest was running this test.
- If the error occurred after the test had been completed, this was the last do
cumented test before it was thrown.[39m

[31mÔÄ»ÔÄ»ÔÄ»ÔÄ»ÔÄ»[39m[1m[41m Uncaught Exception [49m[22m[31mÔÄ»ÔÄ»ÔÄ»Ô
Ä»ÔÄ»[39m
[31m[1mError[22m: Listener error[39m
[36m [2mÔØ»[22m src/test/realtimeTracking.test.ts:[2m201:15[22m[39m
    [90m199| [39m      
    [90m200| [39m      [35mconst[39m badListener [33m=[39m vi[33m.[39m
[34mfn[39m(() [33m=>[39m {
    [90m201| [39m        [35mthrow[39m [35mnew[39m [33mError[39m([32m"
Listener error"[39m)[33m;[39m
    [90m   | [39m              [31m^[39m
    [90m202| [39m      })[33m;[39m
    [90m203| [39m      [35mconst[39m goodListener [33m=[39m vi[33m.[39m
[34mfn[39m()[33m;[39m
[90m [2mÔØ»[22m mockCall ../../../PROYEK%20WEB%20MASTER/APLIKASI/seat-shuttl
e/node_modules/@vitest/spy/dist/index.js:[2m96:15[22m[39m
[90m [2mÔØ»[22m listener ../../../PROYEK%20WEB%20MASTER/APLIKASI/seat-shuttl
e/node_modules/tinyspy/dist/index.js:[2m47:80[22m[39m
[90m [2mÔØ»[22m pollingListener src/services/realtimeTrackingService.ts:[2m
461:11[22m[39m
[90m [2mÔØ»[22m callTheUserObjectsOperation node_modules/jsdom/lib/generated
/idl/EventListener.js:[2m26:30[22m[39m
[90m [2mÔØ»[22m innerInvokeEventListeners node_modules/jsdom/lib/jsdom/livin
g/events/EventTarget-impl.js:[2m360:16[22m[39m
[90m [2mÔØ»[22m invokeEventListeners node_modules/jsdom/lib/jsdom/living/eve
nts/EventTarget-impl.js:[2m296:3[22m[39m
[90m [2mÔØ»[22m EventTargetImpl._dispatch node_modules/jsdom/lib/jsdom/livin
g/events/EventTarget-impl.js:[2m243:9[22m[39m
[90m [2mÔØ»[22m EventTargetImpl.dispatchEvent node_modules/jsdom/lib/jsdom/l
iving/events/EventTarget-impl.js:[2m114:17[22m[39m
[90m [2mÔØ»[22m dispatchEvent node_modules/jsdom/lib/generated/idl/EventTarg
et.js:[2m241:34[22m[39m

[31mThis error originated in "[1msrc/test/realtimeTracking.test.ts[22m" test
 file. It doesn't mean the error was thrown inside the file itself, but while i
t was running.[39m
[31mThe latest test that might've caused the error is "[1mshould handle high-
frequency location updates[22m". It might mean one of the following:
- The error was thrown, while Vitest was running this test.
- If the error occurred after the test had been completed, this was the last do
cumented test before it was thrown.[39m

[31mÔÄ»ÔÄ»ÔÄ»ÔÄ»ÔÄ»[39m[1m[41m Uncaught Exception [49m[22m[31mÔÄ»ÔÄ»ÔÄ»Ô
Ä»ÔÄ»[39m
[31m[1mError[22m: Listener error[39m
[36m [2mÔØ»[22m src/test/realtimeTracking.test.ts:[2m201:15[22m[39m
    [90m199| [39m      
    [90m200| [39m      [35mconst[39m badListener [33m=[39m vi[33m.[39m
[34mfn[39m(() [33m=>[39m {
    [90m201| [39m        [35mthrow[39m [35mnew[39m [33mError[39m([32m"
Listener error"[39m)[33m;[39m
    [90m   | [39m              [31m^[39m
    [90m202| [39m      })[33m;[39m
    [90m203| [39m      [35mconst[39m goodListener [33m=[39m vi[33m.[39m
[34mfn[39m()[33m;[39m
[90m [2mÔØ»[22m mockCall ../../../PROYEK%20WEB%20MASTER/APLIKASI/seat-shuttl
e/node_modules/@vitest/spy/dist/index.js:[2m96:15[22m[39m
[90m [2mÔØ»[22m listener ../../../PROYEK%20WEB%20MASTER/APLIKASI/seat-shuttl
e/node_modules/tinyspy/dist/index.js:[2m47:80[22m[39m
[90m [2mÔØ»[22m pollingListener src/services/realtimeTrackingService.ts:[2m
461:11[22m[39m
[90m [2mÔØ»[22m callTheUserObjectsOperation node_modules/jsdom/lib/generated
/idl/EventListener.js:[2m26:30[22m[39m
[90m [2mÔØ»[22m innerInvokeEventListeners node_modules/jsdom/lib/jsdom/livin
g/events/EventTarget-impl.js:[2m360:16[22m[39m
[90m [2mÔØ»[22m invokeEventListeners node_modules/jsdom/lib/jsdom/living/eve
nts/EventTarget-impl.js:[2m296:3[22m[39m
[90m [2mÔØ»[22m EventTargetImpl._dispatch node_modules/jsdom/lib/jsdom/livin
g/events/EventTarget-impl.js:[2m243:9[22m[39m
[90m [2mÔØ»[22m EventTargetImpl.dispatchEvent node_modules/jsdom/lib/jsdom/l
iving/events/EventTarget-impl.js:[2m114:17[22m[39m
[90m [2mÔØ»[22m dispatchEvent node_modules/jsdom/lib/generated/idl/EventTarg
et.js:[2m241:34[22m[39m

[31mThis error originated in "[1msrc/test/realtimeTracking.test.ts[22m" test
 file. It doesn't mean the error was thrown inside the file itself, but while i
t was running.[39m
[31mThe latest test that might've caused the error is "[1mshould handle high-
frequency location updates[22m". It might mean one of the following:
- The error was thrown, while Vitest was running this test.
- If the error occurred after the test had been completed, this was the last do
cumented test before it was thrown.[39m

[31mÔÄ»ÔÄ»ÔÄ»ÔÄ»ÔÄ»[39m[1m[41m Uncaught Exception [49m[22m[31mÔÄ»ÔÄ»ÔÄ»Ô
Ä»ÔÄ»[39m
[31m[1mError[22m: Listener error[39m
[36m [2mÔØ»[22m src/test/realtimeTracking.test.ts:[2m201:15[22m[39m
    [90m199| [39m      
    [90m200| [39m      [35mconst[39m badListener [33m=[39m vi[33m.[39m
[34mfn[39m(() [33m=>[39m {
    [90m201| [39m        [35mthrow[39m [35mnew[39m [33mError[39m([32m"
Listener error"[39m)[33m;[39m
    [90m   | [39m              [31m^[39m
    [90m202| [39m      })[33m;[39m
    [90m203| [39m      [35mconst[39m goodListener [33m=[39m vi[33m.[39m
[34mfn[39m()[33m;[39m
[90m [2mÔØ»[22m mockCall ../../../PROYEK%20WEB%20MASTER/APLIKASI/seat-shuttl
e/node_modules/@vitest/spy/dist/index.js:[2m96:15[22m[39m
[90m [2mÔØ»[22m listener ../../../PROYEK%20WEB%20MASTER/APLIKASI/seat-shuttl
e/node_modules/tinyspy/dist/index.js:[2m47:80[22m[39m
[90m [2mÔØ»[22m pollingListener src/services/realtimeTrackingService.ts:[2m
461:11[22m[39m
[90m [2mÔØ»[22m callTheUserObjectsOperation node_modules/jsdom/lib/generated
/idl/EventListener.js:[2m26:30[22m[39m
[90m [2mÔØ»[22m innerInvokeEventListeners node_modules/jsdom/lib/jsdom/livin
g/events/EventTarget-impl.js:[2m360:16[22m[39m
[90m [2mÔØ»[22m invokeEventListeners node_modules/jsdom/lib/jsdom/living/eve
nts/EventTarget-impl.js:[2m296:3[22m[39m
[90m [2mÔØ»[22m EventTargetImpl._dispatch node_modules/jsdom/lib/jsdom/livin
g/events/EventTarget-impl.js:[2m243:9[22m[39m
[90m [2mÔØ»[22m EventTargetImpl.dispatchEvent node_modules/jsdom/lib/jsdom/l
iving/events/EventTarget-impl.js:[2m114:17[22m[39m
[90m [2mÔØ»[22m dispatchEvent node_modules/jsdom/lib/generated/idl/EventTarg
et.js:[2m241:34[22m[39m

[31mThis error originated in "[1msrc/test/realtimeTracking.test.ts[22m" test
 file. It doesn't mean the error was thrown inside the file itself, but while i
t was running.[39m
[31mThe latest test that might've caused the error is "[1mshould handle high-
frequency location updates[22m". It might mean one of the following:
- The error was thrown, while Vitest was running this test.
- If the error occurred after the test had been completed, this was the last do
cumented test before it was thrown.[39m

[31mÔÄ»ÔÄ»ÔÄ»ÔÄ»ÔÄ»[39m[1m[41m Uncaught Exception [49m[22m[31mÔÄ»ÔÄ»ÔÄ»Ô
Ä»ÔÄ»[39m
[31m[1mError[22m: Listener error[39m
[36m [2mÔØ»[22m src/test/realtimeTracking.test.ts:[2m201:15[22m[39m
    [90m199| [39m      
    [90m200| [39m      [35mconst[39m badListener [33m=[39m vi[33m.[39m
[34mfn[39m(() [33m=>[39m {
    [90m201| [39m        [35mthrow[39m [35mnew[39m [33mError[39m([32m"
Listener error"[39m)[33m;[39m
    [90m   | [39m              [31m^[39m
    [90m202| [39m      })[33m;[39m
    [90m203| [39m      [35mconst[39m goodListener [33m=[39m vi[33m.[39m
[34mfn[39m()[33m;[39m
[90m [2mÔØ»[22m mockCall ../../../PROYEK%20WEB%20MASTER/APLIKASI/seat-shuttl
e/node_modules/@vitest/spy/dist/index.js:[2m96:15[22m[39m
[90m [2mÔØ»[22m listener ../../../PROYEK%20WEB%20MASTER/APLIKASI/seat-shuttl
e/node_modules/tinyspy/dist/index.js:[2m47:80[22m[39m
[90m [2mÔØ»[22m pollingListener src/services/realtimeTrackingService.ts:[2m
461:11[22m[39m
[90m [2mÔØ»[22m callTheUserObjectsOperation node_modules/jsdom/lib/generated
/idl/EventListener.js:[2m26:30[22m[39m
[90m [2mÔØ»[22m innerInvokeEventListeners node_modules/jsdom/lib/jsdom/livin
g/events/EventTarget-impl.js:[2m360:16[22m[39m
[90m [2mÔØ»[22m invokeEventListeners node_modules/jsdom/lib/jsdom/living/eve
nts/EventTarget-impl.js:[2m296:3[22m[39m
[90m [2mÔØ»[22m EventTargetImpl._dispatch node_modules/jsdom/lib/jsdom/livin
g/events/EventTarget-impl.js:[2m243:9[22m[39m
[90m [2mÔØ»[22m EventTargetImpl.dispatchEvent node_modules/jsdom/lib/jsdom/l
iving/events/EventTarget-impl.js:[2m114:17[22m[39m
[90m [2mÔØ»[22m dispatchEvent node_modules/jsdom/lib/generated/idl/EventTarg
et.js:[2m241:34[22m[39m

[31mThis error originated in "[1msrc/test/realtimeTracking.test.ts[22m" test
 file. It doesn't mean the error was thrown inside the file itself, but while i
t was running.[39m
[31mThe latest test that might've caused the error is "[1mshould handle high-
frequency location updates[22m". It might mean one of the following:
- The error was thrown, while Vitest was running this test.
- If the error occurred after the test had been completed, this was the last do
cumented test before it was thrown.[39m

[31mÔÄ»ÔÄ»ÔÄ»ÔÄ»ÔÄ»[39m[1m[41m Uncaught Exception [49m[22m[31mÔÄ»ÔÄ»ÔÄ»Ô
Ä»ÔÄ»[39m
[31m[1mError[22m: Listener error[39m
[36m [2mÔØ»[22m src/test/realtimeTracking.test.ts:[2m201:15[22m[39m
    [90m199| [39m      
    [90m200| [39m      [35mconst[39m badListener [33m=[39m vi[33m.[39m
[34mfn[39m(() [33m=>[39m {
    [90m201| [39m        [35mthrow[39m [35mnew[39m [33mError[39m([32m"
Listener error"[39m)[33m;[39m
    [90m   | [39m              [31m^[39m
    [90m202| [39m      })[33m;[39m
    [90m203| [39m      [35mconst[39m goodListener [33m=[39m vi[33m.[39m
[34mfn[39m()[33m;[39m
[90m [2mÔØ»[22m mockCall ../../../PROYEK%20WEB%20MASTER/APLIKASI/seat-shuttl
e/node_modules/@vitest/spy/dist/index.js:[2m96:15[22m[39m
[90m [2mÔØ»[22m listener ../../../PROYEK%20WEB%20MASTER/APLIKASI/seat-shuttl
e/node_modules/tinyspy/dist/index.js:[2m47:80[22m[39m
[90m [2mÔØ»[22m pollingListener src/services/realtimeTrackingService.ts:[2m
461:11[22m[39m
[90m [2mÔØ»[22m callTheUserObjectsOperation node_modules/jsdom/lib/generated
/idl/EventListener.js:[2m26:30[22m[39m
[90m [2mÔØ»[22m innerInvokeEventListeners node_modules/jsdom/lib/jsdom/livin
g/events/EventTarget-impl.js:[2m360:16[22m[39m
[90m [2mÔØ»[22m invokeEventListeners node_modules/jsdom/lib/jsdom/living/eve
nts/EventTarget-impl.js:[2m296:3[22m[39m
[90m [2mÔØ»[22m EventTargetImpl._dispatch node_modules/jsdom/lib/jsdom/livin
g/events/EventTarget-impl.js:[2m243:9[22m[39m
[90m [2mÔØ»[22m EventTargetImpl.dispatchEvent node_modules/jsdom/lib/jsdom/l
iving/events/EventTarget-impl.js:[2m114:17[22m[39m
[90m [2mÔØ»[22m dispatchEvent node_modules/jsdom/lib/generated/idl/EventTarg
et.js:[2m241:34[22m[39m

[31mThis error originated in "[1msrc/test/realtimeTracking.test.ts[22m" test
 file. It doesn't mean the error was thrown inside the file itself, but while i
t was running.[39m
[31mThe latest test that might've caused the error is "[1mshould handle high-
frequency location updates[22m". It might mean one of the following:
- The error was thrown, while Vitest was running this test.
- If the error occurred after the test had been completed, this was the last do
cumented test before it was thrown.[39m

[31mÔÄ»ÔÄ»ÔÄ»ÔÄ»ÔÄ»[39m[1m[41m Uncaught Exception [49m[22m[31mÔÄ»ÔÄ»ÔÄ»Ô
Ä»ÔÄ»[39m
[31m[1mError[22m: Listener error[39m
[36m [2mÔØ»[22m src/test/realtimeTracking.test.ts:[2m201:15[22m[39m
    [90m199| [39m      
    [90m200| [39m      [35mconst[39m badListener [33m=[39m vi[33m.[39m
[34mfn[39m(() [33m=>[39m {
    [90m201| [39m        [35mthrow[39m [35mnew[39m [33mError[39m([32m"
Listener error"[39m)[33m;[39m
    [90m   | [39m              [31m^[39m
    [90m202| [39m      })[33m;[39m
    [90m203| [39m      [35mconst[39m goodListener [33m=[39m vi[33m.[39m
[34mfn[39m()[33m;[39m
[90m [2mÔØ»[22m mockCall ../../../PROYEK%20WEB%20MASTER/APLIKASI/seat-shuttl
e/node_modules/@vitest/spy/dist/index.js:[2m96:15[22m[39m
[90m [2mÔØ»[22m listener ../../../PROYEK%20WEB%20MASTER/APLIKASI/seat-shuttl
e/node_modules/tinyspy/dist/index.js:[2m47:80[22m[39m
[90m [2mÔØ»[22m pollingListener src/services/realtimeTrackingService.ts:[2m
461:11[22m[39m
[90m [2mÔØ»[22m callTheUserObjectsOperation node_modules/jsdom/lib/generated
/idl/EventListener.js:[2m26:30[22m[39m
[90m [2mÔØ»[22m innerInvokeEventListeners node_modules/jsdom/lib/jsdom/livin
g/events/EventTarget-impl.js:[2m360:16[22m[39m
[90m [2mÔØ»[22m invokeEventListeners node_modules/jsdom/lib/jsdom/living/eve
nts/EventTarget-impl.js:[2m296:3[22m[39m
[90m [2mÔØ»[22m EventTargetImpl._dispatch node_modules/jsdom/lib/jsdom/livin
g/events/EventTarget-impl.js:[2m243:9[22m[39m
[90m [2mÔØ»[22m EventTargetImpl.dispatchEvent node_modules/jsdom/lib/jsdom/l
iving/events/EventTarget-impl.js:[2m114:17[22m[39m
[90m [2mÔØ»[22m dispatchEvent node_modules/jsdom/lib/generated/idl/EventTarg
et.js:[2m241:34[22m[39m

[31mThis error originated in "[1msrc/test/realtimeTracking.test.ts[22m" test
 file. It doesn't mean the error was thrown inside the file itself, but while i
t was running.[39m
[31mThe latest test that might've caused the error is "[1mshould handle high-
frequency location updates[22m". It might mean one of the following:
- The error was thrown, while Vitest was running this test.
- If the error occurred after the test had been completed, this was the last do
cumented test before it was thrown.[39m

[31mÔÄ»ÔÄ»ÔÄ»ÔÄ»ÔÄ»[39m[1m[41m Uncaught Exception [49m[22m[31mÔÄ»ÔÄ»ÔÄ»Ô
Ä»ÔÄ»[39m
[31m[1mError[22m: Listener error[39m
[36m [2mÔØ»[22m src/test/realtimeTracking.test.ts:[2m201:15[22m[39m
    [90m199| [39m      
    [90m200| [39m      [35mconst[39m badListener [33m=[39m vi[33m.[39m
[34mfn[39m(() [33m=>[39m {
    [90m201| [39m        [35mthrow[39m [35mnew[39m [33mError[39m([32m"
Listener error"[39m)[33m;[39m
    [90m   | [39m              [31m^[39m
    [90m202| [39m      })[33m;[39m
    [90m203| [39m      [35mconst[39m goodListener [33m=[39m vi[33m.[39m
[34mfn[39m()[33m;[39m
[90m [2mÔØ»[22m mockCall ../../../PROYEK%20WEB%20MASTER/APLIKASI/seat-shuttl
e/node_modules/@vitest/spy/dist/index.js:[2m96:15[22m[39m
[90m [2mÔØ»[22m listener ../../../PROYEK%20WEB%20MASTER/APLIKASI/seat-shuttl
e/node_modules/tinyspy/dist/index.js:[2m47:80[22m[39m
[90m [2mÔØ»[22m pollingListener src/services/realtimeTrackingService.ts:[2m
461:11[22m[39m
[90m [2mÔØ»[22m callTheUserObjectsOperation node_modules/jsdom/lib/generated
/idl/EventListener.js:[2m26:30[22m[39m
[90m [2mÔØ»[22m innerInvokeEventListeners node_modules/jsdom/lib/jsdom/livin
g/events/EventTarget-impl.js:[2m360:16[22m[39m
[90m [2mÔØ»[22m invokeEventListeners node_modules/jsdom/lib/jsdom/living/eve
nts/EventTarget-impl.js:[2m296:3[22m[39m
[90m [2mÔØ»[22m EventTargetImpl._dispatch node_modules/jsdom/lib/jsdom/livin
g/events/EventTarget-impl.js:[2m243:9[22m[39m
[90m [2mÔØ»[22m EventTargetImpl.dispatchEvent node_modules/jsdom/lib/jsdom/l
iving/events/EventTarget-impl.js:[2m114:17[22m[39m
[90m [2mÔØ»[22m dispatchEvent node_modules/jsdom/lib/generated/idl/EventTarg
et.js:[2m241:34[22m[39m

[31mThis error originated in "[1msrc/test/realtimeTracking.test.ts[22m" test
 file. It doesn't mean the error was thrown inside the file itself, but while i
t was running.[39m
[31mThe latest test that might've caused the error is "[1mshould handle high-
frequency location updates[22m". It might mean one of the following:
- The error was thrown, while Vitest was running this test.
- If the error occurred after the test had been completed, this was the last do
cumented test before it was thrown.[39m

[31mÔÄ»ÔÄ»ÔÄ»ÔÄ»ÔÄ»[39m[1m[41m Uncaught Exception [49m[22m[31mÔÄ»ÔÄ»ÔÄ»Ô
Ä»ÔÄ»[39m
[31m[1mError[22m: Listener error[39m
[36m [2mÔØ»[22m src/test/realtimeTracking.test.ts:[2m201:15[22m[39m
    [90m199| [39m      
    [90m200| [39m      [35mconst[39m badListener [33m=[39m vi[33m.[39m
[34mfn[39m(() [33m=>[39m {
    [90m201| [39m        [35mthrow[39m [35mnew[39m [33mError[39m([32m"
Listener error"[39m)[33m;[39m
    [90m   | [39m              [31m^[39m
    [90m202| [39m      })[33m;[39m
    [90m203| [39m      [35mconst[39m goodListener [33m=[39m vi[33m.[39m
[34mfn[39m()[33m;[39m
[90m [2mÔØ»[22m mockCall ../../../PROYEK%20WEB%20MASTER/APLIKASI/seat-shuttl
e/node_modules/@vitest/spy/dist/index.js:[2m96:15[22m[39m
[90m [2mÔØ»[22m listener ../../../PROYEK%20WEB%20MASTER/APLIKASI/seat-shuttl
e/node_modules/tinyspy/dist/index.js:[2m47:80[22m[39m
[90m [2mÔØ»[22m pollingListener src/services/realtimeTrackingService.ts:[2m
461:11[22m[39m
[90m [2mÔØ»[22m callTheUserObjectsOperation node_modules/jsdom/lib/generated
/idl/EventListener.js:[2m26:30[22m[39m
[90m [2mÔØ»[22m innerInvokeEventListeners node_modules/jsdom/lib/jsdom/livin
g/events/EventTarget-impl.js:[2m360:16[22m[39m
[90m [2mÔØ»[22m invokeEventListeners node_modules/jsdom/lib/jsdom/living/eve
nts/EventTarget-impl.js:[2m296:3[22m[39m
[90m [2mÔØ»[22m EventTargetImpl._dispatch node_modules/jsdom/lib/jsdom/livin
g/events/EventTarget-impl.js:[2m243:9[22m[39m
[90m [2mÔØ»[22m EventTargetImpl.dispatchEvent node_modules/jsdom/lib/jsdom/l
iving/events/EventTarget-impl.js:[2m114:17[22m[39m
[90m [2mÔØ»[22m dispatchEvent node_modules/jsdom/lib/generated/idl/EventTarg
et.js:[2m241:34[22m[39m

[31mThis error originated in "[1msrc/test/realtimeTracking.test.ts[22m" test
 file. It doesn't mean the error was thrown inside the file itself, but while i
t was running.[39m
[31mThe latest test that might've caused the error is "[1mshould handle high-
frequency location updates[22m". It might mean one of the following:
- The error was thrown, while Vitest was running this test.
- If the error occurred after the test had been completed, this was the last do
cumented test before it was thrown.[39m

[31mÔÄ»ÔÄ»ÔÄ»ÔÄ»ÔÄ»[39m[1m[41m Uncaught Exception [49m[22m[31mÔÄ»ÔÄ»ÔÄ»Ô
Ä»ÔÄ»[39m
[31m[1mError[22m: Listener error[39m
[36m [2mÔØ»[22m src/test/realtimeTracking.test.ts:[2m201:15[22m[39m
    [90m199| [39m      
    [90m200| [39m      [35mconst[39m badListener [33m=[39m vi[33m.[39m
[34mfn[39m(() [33m=>[39m {
    [90m201| [39m        [35mthrow[39m [35mnew[39m [33mError[39m([32m"
Listener error"[39m)[33m;[39m
    [90m   | [39m              [31m^[39m
    [90m202| [39m      })[33m;[39m
    [90m203| [39m      [35mconst[39m goodListener [33m=[39m vi[33m.[39m
[34mfn[39m()[33m;[39m
[90m [2mÔØ»[22m mockCall ../../../PROYEK%20WEB%20MASTER/APLIKASI/seat-shuttl
e/node_modules/@vitest/spy/dist/index.js:[2m96:15[22m[39m
[90m [2mÔØ»[22m listener ../../../PROYEK%20WEB%20MASTER/APLIKASI/seat-shuttl
e/node_modules/tinyspy/dist/index.js:[2m47:80[22m[39m
[90m [2mÔØ»[22m pollingListener src/services/realtimeTrackingService.ts:[2m
461:11[22m[39m
[90m [2mÔØ»[22m callTheUserObjectsOperation node_modules/jsdom/lib/generated
/idl/EventListener.js:[2m26:30[22m[39m
[90m [2mÔØ»[22m innerInvokeEventListeners node_modules/jsdom/lib/jsdom/livin
g/events/EventTarget-impl.js:[2m360:16[22m[39m
[90m [2mÔØ»[22m invokeEventListeners node_modules/jsdom/lib/jsdom/living/eve
nts/EventTarget-impl.js:[2m296:3[22m[39m
[90m [2mÔØ»[22m EventTargetImpl._dispatch node_modules/jsdom/lib/jsdom/livin
g/events/EventTarget-impl.js:[2m243:9[22m[39m
[90m [2mÔØ»[22m EventTargetImpl.dispatchEvent node_modules/jsdom/lib/jsdom/l
iving/events/EventTarget-impl.js:[2m114:17[22m[39m
[90m [2mÔØ»[22m dispatchEvent node_modules/jsdom/lib/generated/idl/EventTarg
et.js:[2m241:34[22m[39m

[31mThis error originated in "[1msrc/test/realtimeTracking.test.ts[22m" test
 file. It doesn't mean the error was thrown inside the file itself, but while i
t was running.[39m
[31mThe latest test that might've caused the error is "[1mshould handle high-
frequency location updates[22m". It might mean one of the following:
- The error was thrown, while Vitest was running this test.
- If the error occurred after the test had been completed, this was the last do
cumented test before it was thrown.[39m

[31mÔÄ»ÔÄ»ÔÄ»ÔÄ»ÔÄ»[39m[1m[41m Uncaught Exception [49m[22m[31mÔÄ»ÔÄ»ÔÄ»Ô
Ä»ÔÄ»[39m
[31m[1mError[22m: Listener error[39m
[36m [2mÔØ»[22m src/test/realtimeTracking.test.ts:[2m201:15[22m[39m
    [90m199| [39m      
    [90m200| [39m      [35mconst[39m badListener [33m=[39m vi[33m.[39m
[34mfn[39m(() [33m=>[39m {
    [90m201| [39m        [35mthrow[39m [35mnew[39m [33mError[39m([32m"
Listener error"[39m)[33m;[39m
    [90m   | [39m              [31m^[39m
    [90m202| [39m      })[33m;[39m
    [90m203| [39m      [35mconst[39m goodListener [33m=[39m vi[33m.[39m
[34mfn[39m()[33m;[39m
[90m [2mÔØ»[22m mockCall ../../../PROYEK%20WEB%20MASTER/APLIKASI/seat-shuttl
e/node_modules/@vitest/spy/dist/index.js:[2m96:15[22m[39m
[90m [2mÔØ»[22m listener ../../../PROYEK%20WEB%20MASTER/APLIKASI/seat-shuttl
e/node_modules/tinyspy/dist/index.js:[2m47:80[22m[39m
[90m [2mÔØ»[22m pollingListener src/services/realtimeTrackingService.ts:[2m
461:11[22m[39m
[90m [2mÔØ»[22m callTheUserObjectsOperation node_modules/jsdom/lib/generated
/idl/EventListener.js:[2m26:30[22m[39m
[90m [2mÔØ»[22m innerInvokeEventListeners node_modules/jsdom/lib/jsdom/livin
g/events/EventTarget-impl.js:[2m360:16[22m[39m
[90m [2mÔØ»[22m invokeEventListeners node_modules/jsdom/lib/jsdom/living/eve
nts/EventTarget-impl.js:[2m296:3[22m[39m
[90m [2mÔØ»[22m EventTargetImpl._dispatch node_modules/jsdom/lib/jsdom/livin
g/events/EventTarget-impl.js:[2m243:9[22m[39m
[90m [2mÔØ»[22m EventTargetImpl.dispatchEvent node_modules/jsdom/lib/jsdom/l
iving/events/EventTarget-impl.js:[2m114:17[22m[39m
[90m [2mÔØ»[22m dispatchEvent node_modules/jsdom/lib/generated/idl/EventTarg
et.js:[2m241:34[22m[39m

[31mThis error originated in "[1msrc/test/realtimeTracking.test.ts[22m" test
 file. It doesn't mean the error was thrown inside the file itself, but while i
t was running.[39m
[31mThe latest test that might've caused the error is "[1mshould handle high-
frequency location updates[22m". It might mean one of the following:
- The error was thrown, while Vitest was running this test.
- If the error occurred after the test had been completed, this was the last do
cumented test before it was thrown.[39m

[31mÔÄ»ÔÄ»ÔÄ»ÔÄ»ÔÄ»[39m[1m[41m Uncaught Exception [49m[22m[31mÔÄ»ÔÄ»ÔÄ»Ô
Ä»ÔÄ»[39m
[31m[1mError[22m: Listener error[39m
[36m [2mÔØ»[22m src/test/realtimeTracking.test.ts:[2m201:15[22m[39m
    [90m199| [39m      
    [90m200| [39m      [35mconst[39m badListener [33m=[39m vi[33m.[39m
[34mfn[39m(() [33m=>[39m {
    [90m201| [39m        [35mthrow[39m [35mnew[39m [33mError[39m([32m"
Listener error"[39m)[33m;[39m
    [90m   | [39m              [31m^[39m
    [90m202| [39m      })[33m;[39m
    [90m203| [39m      [35mconst[39m goodListener [33m=[39m vi[33m.[39m
[34mfn[39m()[33m;[39m
[90m [2mÔØ»[22m mockCall ../../../PROYEK%20WEB%20MASTER/APLIKASI/seat-shuttl
e/node_modules/@vitest/spy/dist/index.js:[2m96:15[22m[39m
[90m [2mÔØ»[22m listener ../../../PROYEK%20WEB%20MASTER/APLIKASI/seat-shuttl
e/node_modules/tinyspy/dist/index.js:[2m47:80[22m[39m
[90m [2mÔØ»[22m pollingListener src/services/realtimeTrackingService.ts:[2m
461:11[22m[39m
[90m [2mÔØ»[22m callTheUserObjectsOperation node_modules/jsdom/lib/generated
/idl/EventListener.js:[2m26:30[22m[39m
[90m [2mÔØ»[22m innerInvokeEventListeners node_modules/jsdom/lib/jsdom/livin
g/events/EventTarget-impl.js:[2m360:16[22m[39m
[90m [2mÔØ»[22m invokeEventListeners node_modules/jsdom/lib/jsdom/living/eve
nts/EventTarget-impl.js:[2m296:3[22m[39m
[90m [2mÔØ»[22m EventTargetImpl._dispatch node_modules/jsdom/lib/jsdom/livin
g/events/EventTarget-impl.js:[2m243:9[22m[39m
[90m [2mÔØ»[22m EventTargetImpl.dispatchEvent node_modules/jsdom/lib/jsdom/l
iving/events/EventTarget-impl.js:[2m114:17[22m[39m
[90m [2mÔØ»[22m dispatchEvent node_modules/jsdom/lib/generated/idl/EventTarg
et.js:[2m241:34[22m[39m

[31mThis error originated in "[1msrc/test/realtimeTracking.test.ts[22m" test
 file. It doesn't mean the error was thrown inside the file itself, but while i
t was running.[39m
[31mThe latest test that might've caused the error is "[1mshould handle high-
frequency location updates[22m". It might mean one of the following:
- The error was thrown, while Vitest was running this test.
- If the error occurred after the test had been completed, this was the last do
cumented test before it was thrown.[39m

[31mÔÄ»ÔÄ»ÔÄ»ÔÄ»ÔÄ»[39m[1m[41m Uncaught Exception [49m[22m[31mÔÄ»ÔÄ»ÔÄ»Ô
Ä»ÔÄ»[39m
[31m[1mError[22m: Listener error[39m
[36m [2mÔØ»[22m src/test/realtimeTracking.test.ts:[2m201:15[22m[39m
    [90m199| [39m      
    [90m200| [39m      [35mconst[39m badListener [33m=[39m vi[33m.[39m
[34mfn[39m(() [33m=>[39m {
    [90m201| [39m        [35mthrow[39m [35mnew[39m [33mError[39m([32m"
Listener error"[39m)[33m;[39m
    [90m   | [39m              [31m^[39m
    [90m202| [39m      })[33m;[39m
    [90m203| [39m      [35mconst[39m goodListener [33m=[39m vi[33m.[39m
[34mfn[39m()[33m;[39m
[90m [2mÔØ»[22m mockCall ../../../PROYEK%20WEB%20MASTER/APLIKASI/seat-shuttl
e/node_modules/@vitest/spy/dist/index.js:[2m96:15[22m[39m
[90m [2mÔØ»[22m listener ../../../PROYEK%20WEB%20MASTER/APLIKASI/seat-shuttl
e/node_modules/tinyspy/dist/index.js:[2m47:80[22m[39m
[90m [2mÔØ»[22m pollingListener src/services/realtimeTrackingService.ts:[2m
461:11[22m[39m
[90m [2mÔØ»[22m callTheUserObjectsOperation node_modules/jsdom/lib/generated
/idl/EventListener.js:[2m26:30[22m[39m
[90m [2mÔØ»[22m innerInvokeEventListeners node_modules/jsdom/lib/jsdom/livin
g/events/EventTarget-impl.js:[2m360:16[22m[39m
[90m [2mÔØ»[22m invokeEventListeners node_modules/jsdom/lib/jsdom/living/eve
nts/EventTarget-impl.js:[2m296:3[22m[39m
[90m [2mÔØ»[22m EventTargetImpl._dispatch node_modules/jsdom/lib/jsdom/livin
g/events/EventTarget-impl.js:[2m243:9[22m[39m
[90m [2mÔØ»[22m EventTargetImpl.dispatchEvent node_modules/jsdom/lib/jsdom/l
iving/events/EventTarget-impl.js:[2m114:17[22m[39m
[90m [2mÔØ»[22m dispatchEvent node_modules/jsdom/lib/generated/idl/EventTarg
et.js:[2m241:34[22m[39m

[31mThis error originated in "[1msrc/test/realtimeTracking.test.ts[22m" test
 file. It doesn't mean the error was thrown inside the file itself, but while i
t was running.[39m
[31mThe latest test that might've caused the error is "[1mshould handle high-
frequency location updates[22m". It might mean one of the following:
- The error was thrown, while Vitest was running this test.
- If the error occurred after the test had been completed, this was the last do
cumented test before it was thrown.[39m

[31mÔÄ»ÔÄ»ÔÄ»ÔÄ»ÔÄ»[39m[1m[41m Uncaught Exception [49m[22m[31mÔÄ»ÔÄ»ÔÄ»Ô
Ä»ÔÄ»[39m
[31m[1mError[22m: Listener error[39m
[36m [2mÔØ»[22m src/test/realtimeTracking.test.ts:[2m201:15[22m[39m
    [90m199| [39m      
    [90m200| [39m      [35mconst[39m badListener [33m=[39m vi[33m.[39m
[34mfn[39m(() [33m=>[39m {
    [90m201| [39m        [35mthrow[39m [35mnew[39m [33mError[39m([32m"
Listener error"[39m)[33m;[39m
    [90m   | [39m              [31m^[39m
    [90m202| [39m      })[33m;[39m
    [90m203| [39m      [35mconst[39m goodListener [33m=[39m vi[33m.[39m
[34mfn[39m()[33m;[39m
[90m [2mÔØ»[22m mockCall ../../../PROYEK%20WEB%20MASTER/APLIKASI/seat-shuttl
e/node_modules/@vitest/spy/dist/index.js:[2m96:15[22m[39m
[90m [2mÔØ»[22m listener ../../../PROYEK%20WEB%20MASTER/APLIKASI/seat-shuttl
e/node_modules/tinyspy/dist/index.js:[2m47:80[22m[39m
[90m [2mÔØ»[22m pollingListener src/services/realtimeTrackingService.ts:[2m
461:11[22m[39m
[90m [2mÔØ»[22m callTheUserObjectsOperation node_modules/jsdom/lib/generated
/idl/EventListener.js:[2m26:30[22m[39m
[90m [2mÔØ»[22m innerInvokeEventListeners node_modules/jsdom/lib/jsdom/livin
g/events/EventTarget-impl.js:[2m360:16[22m[39m
[90m [2mÔØ»[22m invokeEventListeners node_modules/jsdom/lib/jsdom/living/eve
nts/EventTarget-impl.js:[2m296:3[22m[39m
[90m [2mÔØ»[22m EventTargetImpl._dispatch node_modules/jsdom/lib/jsdom/livin
g/events/EventTarget-impl.js:[2m243:9[22m[39m
[90m [2mÔØ»[22m EventTargetImpl.dispatchEvent node_modules/jsdom/lib/jsdom/l
iving/events/EventTarget-impl.js:[2m114:17[22m[39m
[90m [2mÔØ»[22m dispatchEvent node_modules/jsdom/lib/generated/idl/EventTarg
et.js:[2m241:34[22m[39m

[31mThis error originated in "[1msrc/test/realtimeTracking.test.ts[22m" test
 file. It doesn't mean the error was thrown inside the file itself, but while i
t was running.[39m
[31mThe latest test that might've caused the error is "[1mshould handle high-
frequency location updates[22m". It might mean one of the following:
- The error was thrown, while Vitest was running this test.
- If the error occurred after the test had been completed, this was the last do
cumented test before it was thrown.[39m

[31mÔÄ»ÔÄ»ÔÄ»ÔÄ»ÔÄ»[39m[1m[41m Uncaught Exception [49m[22m[31mÔÄ»ÔÄ»ÔÄ»Ô
Ä»ÔÄ»[39m
[31m[1mError[22m: Listener error[39m
[36m [2mÔØ»[22m src/test/realtimeTracking.test.ts:[2m201:15[22m[39m
    [90m199| [39m      
    [90m200| [39m      [35mconst[39m badListener [33m=[39m vi[33m.[39m
[34mfn[39m(() [33m=>[39m {
    [90m201| [39m        [35mthrow[39m [35mnew[39m [33mError[39m([32m"
Listener error"[39m)[33m;[39m
    [90m   | [39m              [31m^[39m
    [90m202| [39m      })[33m;[39m
    [90m203| [39m      [35mconst[39m goodListener [33m=[39m vi[33m.[39m
[34mfn[39m()[33m;[39m
[90m [2mÔØ»[22m mockCall ../../../PROYEK%20WEB%20MASTER/APLIKASI/seat-shuttl
e/node_modules/@vitest/spy/dist/index.js:[2m96:15[22m[39m
[90m [2mÔØ»[22m listener ../../../PROYEK%20WEB%20MASTER/APLIKASI/seat-shuttl
e/node_modules/tinyspy/dist/index.js:[2m47:80[22m[39m
[90m [2mÔØ»[22m pollingListener src/services/realtimeTrackingService.ts:[2m
461:11[22m[39m
[90m [2mÔØ»[22m callTheUserObjectsOperation node_modules/jsdom/lib/generated
/idl/EventListener.js:[2m26:30[22m[39m
[90m [2mÔØ»[22m innerInvokeEventListeners node_modules/jsdom/lib/jsdom/livin
g/events/EventTarget-impl.js:[2m360:16[22m[39m
[90m [2mÔØ»[22m invokeEventListeners node_modules/jsdom/lib/jsdom/living/eve
nts/EventTarget-impl.js:[2m296:3[22m[39m
[90m [2mÔØ»[22m EventTargetImpl._dispatch node_modules/jsdom/lib/jsdom/livin
g/events/EventTarget-impl.js:[2m243:9[22m[39m
[90m [2mÔØ»[22m EventTargetImpl.dispatchEvent node_modules/jsdom/lib/jsdom/l
iving/events/EventTarget-impl.js:[2m114:17[22m[39m
[90m [2mÔØ»[22m dispatchEvent node_modules/jsdom/lib/generated/idl/EventTarg
et.js:[2m241:34[22m[39m

[31mThis error originated in "[1msrc/test/realtimeTracking.test.ts[22m" test
 file. It doesn't mean the error was thrown inside the file itself, but while i
t was running.[39m
[31mThe latest test that might've caused the error is "[1mshould handle high-
frequency location updates[22m". It might mean one of the following:
- The error was thrown, while Vitest was running this test.
- If the error occurred after the test had been completed, this was the last do
cumented test before it was thrown.[39m

[31mÔÄ»ÔÄ»ÔÄ»ÔÄ»ÔÄ»[39m[1m[41m Uncaught Exception [49m[22m[31mÔÄ»ÔÄ»ÔÄ»Ô
Ä»ÔÄ»[39m
[31m[1mError[22m: Listener error[39m
[36m [2mÔØ»[22m src/test/realtimeTracking.test.ts:[2m201:15[22m[39m
    [90m199| [39m      
    [90m200| [39m      [35mconst[39m badListener [33m=[39m vi[33m.[39m
[34mfn[39m(() [33m=>[39m {
    [90m201| [39m        [35mthrow[39m [35mnew[39m [33mError[39m([32m"
Listener error"[39m)[33m;[39m
    [90m   | [39m              [31m^[39m
    [90m202| [39m      })[33m;[39m
    [90m203| [39m      [35mconst[39m goodListener [33m=[39m vi[33m.[39m
[34mfn[39m()[33m;[39m
[90m [2mÔØ»[22m mockCall ../../../PROYEK%20WEB%20MASTER/APLIKASI/seat-shuttl
e/node_modules/@vitest/spy/dist/index.js:[2m96:15[22m[39m
[90m [2mÔØ»[22m listener ../../../PROYEK%20WEB%20MASTER/APLIKASI/seat-shuttl
e/node_modules/tinyspy/dist/index.js:[2m47:80[22m[39m
[90m [2mÔØ»[22m pollingListener src/services/realtimeTrackingService.ts:[2m
461:11[22m[39m
[90m [2mÔØ»[22m callTheUserObjectsOperation node_modules/jsdom/lib/generated
/idl/EventListener.js:[2m26:30[22m[39m
[90m [2mÔØ»[22m innerInvokeEventListeners node_modules/jsdom/lib/jsdom/livin
g/events/EventTarget-impl.js:[2m360:16[22m[39m
[90m [2mÔØ»[22m invokeEventListeners node_modules/jsdom/lib/jsdom/living/eve
nts/EventTarget-impl.js:[2m296:3[22m[39m
[90m [2mÔØ»[22m EventTargetImpl._dispatch node_modules/jsdom/lib/jsdom/livin
g/events/EventTarget-impl.js:[2m243:9[22m[39m
[90m [2mÔØ»[22m EventTargetImpl.dispatchEvent node_modules/jsdom/lib/jsdom/l
iving/events/EventTarget-impl.js:[2m114:17[22m[39m
[90m [2mÔØ»[22m dispatchEvent node_modules/jsdom/lib/generated/idl/EventTarg
et.js:[2m241:34[22m[39m

[31mThis error originated in "[1msrc/test/realtimeTracking.test.ts[22m" test
 file. It doesn't mean the error was thrown inside the file itself, but while i
t was running.[39m
[31mThe latest test that might've caused the error is "[1mshould handle high-
frequency location updates[22m". It might mean one of the following:
- The error was thrown, while Vitest was running this test.
- If the error occurred after the test had been completed, this was the last do
cumented test before it was thrown.[39m

[31mÔÄ»ÔÄ»ÔÄ»ÔÄ»ÔÄ»[39m[1m[41m Uncaught Exception [49m[22m[31mÔÄ»ÔÄ»ÔÄ»Ô
Ä»ÔÄ»[39m
[31m[1mError[22m: Listener error[39m
[36m [2mÔØ»[22m src/test/realtimeTracking.test.ts:[2m201:15[22m[39m
    [90m199| [39m      
    [90m200| [39m      [35mconst[39m badListener [33m=[39m vi[33m.[39m
[34mfn[39m(() [33m=>[39m {
    [90m201| [39m        [35mthrow[39m [35mnew[39m [33mError[39m([32m"
Listener error"[39m)[33m;[39m
    [90m   | [39m              [31m^[39m
    [90m202| [39m      })[33m;[39m
    [90m203| [39m      [35mconst[39m goodListener [33m=[39m vi[33m.[39m
[34mfn[39m()[33m;[39m
[90m [2mÔØ»[22m mockCall ../../../PROYEK%20WEB%20MASTER/APLIKASI/seat-shuttl
e/node_modules/@vitest/spy/dist/index.js:[2m96:15[22m[39m
[90m [2mÔØ»[22m listener ../../../PROYEK%20WEB%20MASTER/APLIKASI/seat-shuttl
e/node_modules/tinyspy/dist/index.js:[2m47:80[22m[39m
[90m [2mÔØ»[22m pollingListener src/services/realtimeTrackingService.ts:[2m
461:11[22m[39m
[90m [2mÔØ»[22m callTheUserObjectsOperation node_modules/jsdom/lib/generated
/idl/EventListener.js:[2m26:30[22m[39m
[90m [2mÔØ»[22m innerInvokeEventListeners node_modules/jsdom/lib/jsdom/livin
g/events/EventTarget-impl.js:[2m360:16[22m[39m
[90m [2mÔØ»[22m invokeEventListeners node_modules/jsdom/lib/jsdom/living/eve
nts/EventTarget-impl.js:[2m296:3[22m[39m
[90m [2mÔØ»[22m EventTargetImpl._dispatch node_modules/jsdom/lib/jsdom/livin
g/events/EventTarget-impl.js:[2m243:9[22m[39m
[90m [2mÔØ»[22m EventTargetImpl.dispatchEvent node_modules/jsdom/lib/jsdom/l
iving/events/EventTarget-impl.js:[2m114:17[22m[39m
[90m [2mÔØ»[22m dispatchEvent node_modules/jsdom/lib/generated/idl/EventTarg
et.js:[2m241:34[22m[39m

[31mThis error originated in "[1msrc/test/realtimeTracking.test.ts[22m" test
 file. It doesn't mean the error was thrown inside the file itself, but while i
t was running.[39m
[31mThe latest test that might've caused the error is "[1mshould handle high-
frequency location updates[22m". It might mean one of the following:
- The error was thrown, while Vitest was running this test.
- If the error occurred after the test had been completed, this was the last do
cumented test before it was thrown.[39m

[31mÔÄ»ÔÄ»ÔÄ»ÔÄ»ÔÄ»[39m[1m[41m Uncaught Exception [49m[22m[31mÔÄ»ÔÄ»ÔÄ»Ô
Ä»ÔÄ»[39m
[31m[1mError[22m: Listener error[39m
[36m [2mÔØ»[22m src/test/realtimeTracking.test.ts:[2m201:15[22m[39m
    [90m199| [39m      
    [90m200| [39m      [35mconst[39m badListener [33m=[39m vi[33m.[39m
[34mfn[39m(() [33m=>[39m {
    [90m201| [39m        [35mthrow[39m [35mnew[39m [33mError[39m([32m"
Listener error"[39m)[33m;[39m
    [90m   | [39m              [31m^[39m
    [90m202| [39m      })[33m;[39m
    [90m203| [39m      [35mconst[39m goodListener [33m=[39m vi[33m.[39m
[34mfn[39m()[33m;[39m
[90m [2mÔØ»[22m mockCall ../../../PROYEK%20WEB%20MASTER/APLIKASI/seat-shuttl
e/node_modules/@vitest/spy/dist/index.js:[2m96:15[22m[39m
[90m [2mÔØ»[22m listener ../../../PROYEK%20WEB%20MASTER/APLIKASI/seat-shuttl
e/node_modules/tinyspy/dist/index.js:[2m47:80[22m[39m
[90m [2mÔØ»[22m pollingListener src/services/realtimeTrackingService.ts:[2m
461:11[22m[39m
[90m [2mÔØ»[22m callTheUserObjectsOperation node_modules/jsdom/lib/generated
/idl/EventListener.js:[2m26:30[22m[39m
[90m [2mÔØ»[22m innerInvokeEventListeners node_modules/jsdom/lib/jsdom/livin
g/events/EventTarget-impl.js:[2m360:16[22m[39m
[90m [2mÔØ»[22m invokeEventListeners node_modules/jsdom/lib/jsdom/living/eve
nts/EventTarget-impl.js:[2m296:3[22m[39m
[90m [2mÔØ»[22m EventTargetImpl._dispatch node_modules/jsdom/lib/jsdom/livin
g/events/EventTarget-impl.js:[2m243:9[22m[39m
[90m [2mÔØ»[22m EventTargetImpl.dispatchEvent node_modules/jsdom/lib/jsdom/l
iving/events/EventTarget-impl.js:[2m114:17[22m[39m
[90m [2mÔØ»[22m dispatchEvent node_modules/jsdom/lib/generated/idl/EventTarg
et.js:[2m241:34[22m[39m

[31mThis error originated in "[1msrc/test/realtimeTracking.test.ts[22m" test
 file. It doesn't mean the error was thrown inside the file itself, but while i
t was running.[39m
[31mThe latest test that might've caused the error is "[1mshould handle high-
frequency location updates[22m". It might mean one of the following:
- The error was thrown, while Vitest was running this test.
- If the error occurred after the test had been completed, this was the last do
cumented test before it was thrown.[39m

[31mÔÄ»ÔÄ»ÔÄ»ÔÄ»ÔÄ»[39m[1m[41m Uncaught Exception [49m[22m[31mÔÄ»ÔÄ»ÔÄ»Ô
Ä»ÔÄ»[39m
[31m[1mError[22m: Listener error[39m
[36m [2mÔØ»[22m src/test/realtimeTracking.test.ts:[2m201:15[22m[39m
    [90m199| [39m      
    [90m200| [39m      [35mconst[39m badListener [33m=[39m vi[33m.[39m
[34mfn[39m(() [33m=>[39m {
    [90m201| [39m        [35mthrow[39m [35mnew[39m [33mError[39m([32m"
Listener error"[39m)[33m;[39m
    [90m   | [39m              [31m^[39m
    [90m202| [39m      })[33m;[39m
    [90m203| [39m      [35mconst[39m goodListener [33m=[39m vi[33m.[39m
[34mfn[39m()[33m;[39m
[90m [2mÔØ»[22m mockCall ../../../PROYEK%20WEB%20MASTER/APLIKASI/seat-shuttl
e/node_modules/@vitest/spy/dist/index.js:[2m96:15[22m[39m
[90m [2mÔØ»[22m listener ../../../PROYEK%20WEB%20MASTER/APLIKASI/seat-shuttl
e/node_modules/tinyspy/dist/index.js:[2m47:80[22m[39m
[90m [2mÔØ»[22m pollingListener src/services/realtimeTrackingService.ts:[2m
461:11[22m[39m
[90m [2mÔØ»[22m callTheUserObjectsOperation node_modules/jsdom/lib/generated
/idl/EventListener.js:[2m26:30[22m[39m
[90m [2mÔØ»[22m innerInvokeEventListeners node_modules/jsdom/lib/jsdom/livin
g/events/EventTarget-impl.js:[2m360:16[22m[39m
[90m [2mÔØ»[22m invokeEventListeners node_modules/jsdom/lib/jsdom/living/eve
nts/EventTarget-impl.js:[2m296:3[22m[39m
[90m [2mÔØ»[22m EventTargetImpl._dispatch node_modules/jsdom/lib/jsdom/livin
g/events/EventTarget-impl.js:[2m243:9[22m[39m
[90m [2mÔØ»[22m EventTargetImpl.dispatchEvent node_modules/jsdom/lib/jsdom/l
iving/events/EventTarget-impl.js:[2m114:17[22m[39m
[90m [2mÔØ»[22m dispatchEvent node_modules/jsdom/lib/generated/idl/EventTarg
et.js:[2m241:34[22m[39m

[31mThis error originated in "[1msrc/test/realtimeTracking.test.ts[22m" test
 file. It doesn't mean the error was thrown inside the file itself, but while i
t was running.[39m
[31mThe latest test that might've caused the error is "[1mshould handle high-
frequency location updates[22m". It might mean one of the following:
- The error was thrown, while Vitest was running this test.
- If the error occurred after the test had been completed, this was the last do
cumented test before it was thrown.[39m

[31mÔÄ»ÔÄ»ÔÄ»ÔÄ»ÔÄ»[39m[1m[41m Uncaught Exception [49m[22m[31mÔÄ»ÔÄ»ÔÄ»Ô
Ä»ÔÄ»[39m
[31m[1mError[22m: Listener error[39m
[36m [2mÔØ»[22m src/test/realtimeTracking.test.ts:[2m201:15[22m[39m
    [90m199| [39m      
    [90m200| [39m      [35mconst[39m badListener [33m=[39m vi[33m.[39m
[34mfn[39m(() [33m=>[39m {
    [90m201| [39m        [35mthrow[39m [35mnew[39m [33mError[39m([32m"
Listener error"[39m)[33m;[39m
    [90m   | [39m              [31m^[39m
    [90m202| [39m      })[33m;[39m
    [90m203| [39m      [35mconst[39m goodListener [33m=[39m vi[33m.[39m
[34mfn[39m()[33m;[39m
[90m [2mÔØ»[22m mockCall ../../../PROYEK%20WEB%20MASTER/APLIKASI/seat-shuttl
e/node_modules/@vitest/spy/dist/index.js:[2m96:15[22m[39m
[90m [2mÔØ»[22m listener ../../../PROYEK%20WEB%20MASTER/APLIKASI/seat-shuttl
e/node_modules/tinyspy/dist/index.js:[2m47:80[22m[39m
[90m [2mÔØ»[22m pollingListener src/services/realtimeTrackingService.ts:[2m
461:11[22m[39m
[90m [2mÔØ»[22m callTheUserObjectsOperation node_modules/jsdom/lib/generated
/idl/EventListener.js:[2m26:30[22m[39m
[90m [2mÔØ»[22m innerInvokeEventListeners node_modules/jsdom/lib/jsdom/livin
g/events/EventTarget-impl.js:[2m360:16[22m[39m
[90m [2mÔØ»[22m invokeEventListeners node_modules/jsdom/lib/jsdom/living/eve
nts/EventTarget-impl.js:[2m296:3[22m[39m
[90m [2mÔØ»[22m EventTargetImpl._dispatch node_modules/jsdom/lib/jsdom/livin
g/events/EventTarget-impl.js:[2m243:9[22m[39m
[90m [2mÔØ»[22m EventTargetImpl.dispatchEvent node_modules/jsdom/lib/jsdom/l
iving/events/EventTarget-impl.js:[2m114:17[22m[39m
[90m [2mÔØ»[22m dispatchEvent node_modules/jsdom/lib/generated/idl/EventTarg
et.js:[2m241:34[22m[39m

[31mThis error originated in "[1msrc/test/realtimeTracking.test.ts[22m" test
 file. It doesn't mean the error was thrown inside the file itself, but while i
t was running.[39m
[31mThe latest test that might've caused the error is "[1mshould handle high-
frequency location updates[22m". It might mean one of the following:
- The error was thrown, while Vitest was running this test.
- If the error occurred after the test had been completed, this was the last do
cumented test before it was thrown.[39m

[31mÔÄ»ÔÄ»ÔÄ»ÔÄ»ÔÄ»[39m[1m[41m Uncaught Exception [49m[22m[31mÔÄ»ÔÄ»ÔÄ»Ô
Ä»ÔÄ»[39m
[31m[1mError[22m: Listener error[39m
[36m [2mÔØ»[22m src/test/realtimeTracking.test.ts:[2m201:15[22m[39m
    [90m199| [39m      
    [90m200| [39m      [35mconst[39m badListener [33m=[39m vi[33m.[39m
[34mfn[39m(() [33m=>[39m {
    [90m201| [39m        [35mthrow[39m [35mnew[39m [33mError[39m([32m"
Listener error"[39m)[33m;[39m
    [90m   | [39m              [31m^[39m
    [90m202| [39m      })[33m;[39m
    [90m203| [39m      [35mconst[39m goodListener [33m=[39m vi[33m.[39m
[34mfn[39m()[33m;[39m
[90m [2mÔØ»[22m mockCall ../../../PROYEK%20WEB%20MASTER/APLIKASI/seat-shuttl
e/node_modules/@vitest/spy/dist/index.js:[2m96:15[22m[39m
[90m [2mÔØ»[22m listener ../../../PROYEK%20WEB%20MASTER/APLIKASI/seat-shuttl
e/node_modules/tinyspy/dist/index.js:[2m47:80[22m[39m
[90m [2mÔØ»[22m pollingListener src/services/realtimeTrackingService.ts:[2m
461:11[22m[39m
[90m [2mÔØ»[22m callTheUserObjectsOperation node_modules/jsdom/lib/generated
/idl/EventListener.js:[2m26:30[22m[39m
[90m [2mÔØ»[22m innerInvokeEventListeners node_modules/jsdom/lib/jsdom/livin
g/events/EventTarget-impl.js:[2m360:16[22m[39m
[90m [2mÔØ»[22m invokeEventListeners node_modules/jsdom/lib/jsdom/living/eve
nts/EventTarget-impl.js:[2m296:3[22m[39m
[90m [2mÔØ»[22m EventTargetImpl._dispatch node_modules/jsdom/lib/jsdom/livin
g/events/EventTarget-impl.js:[2m243:9[22m[39m
[90m [2mÔØ»[22m EventTargetImpl.dispatchEvent node_modules/jsdom/lib/jsdom/l
iving/events/EventTarget-impl.js:[2m114:17[22m[39m
[90m [2mÔØ»[22m dispatchEvent node_modules/jsdom/lib/generated/idl/EventTarg
et.js:[2m241:34[22m[39m

[31mThis error originated in "[1msrc/test/realtimeTracking.test.ts[22m" test
 file. It doesn't mean the error was thrown inside the file itself, but while i
t was running.[39m
[31mThe latest test that might've caused the error is "[1mshould handle high-
frequency location updates[22m". It might mean one of the following:
- The error was thrown, while Vitest was running this test.
- If the error occurred after the test had been completed, this was the last do
cumented test before it was thrown.[39m

[31mÔÄ»ÔÄ»ÔÄ»ÔÄ»ÔÄ»[39m[1m[41m Uncaught Exception [49m[22m[31mÔÄ»ÔÄ»ÔÄ»Ô
Ä»ÔÄ»[39m
[31m[1mError[22m: Listener error[39m
[36m [2mÔØ»[22m src/test/realtimeTracking.test.ts:[2m201:15[22m[39m
    [90m199| [39m      
    [90m200| [39m      [35mconst[39m badListener [33m=[39m vi[33m.[39m
[34mfn[39m(() [33m=>[39m {
    [90m201| [39m        [35mthrow[39m [35mnew[39m [33mError[39m([32m"
Listener error"[39m)[33m;[39m
    [90m   | [39m              [31m^[39m
    [90m202| [39m      })[33m;[39m
    [90m203| [39m      [35mconst[39m goodListener [33m=[39m vi[33m.[39m
[34mfn[39m()[33m;[39m
[90m [2mÔØ»[22m mockCall ../../../PROYEK%20WEB%20MASTER/APLIKASI/seat-shuttl
e/node_modules/@vitest/spy/dist/index.js:[2m96:15[22m[39m
[90m [2mÔØ»[22m listener ../../../PROYEK%20WEB%20MASTER/APLIKASI/seat-shuttl
e/node_modules/tinyspy/dist/index.js:[2m47:80[22m[39m
[90m [2mÔØ»[22m pollingListener src/services/realtimeTrackingService.ts:[2m
461:11[22m[39m
[90m [2mÔØ»[22m callTheUserObjectsOperation node_modules/jsdom/lib/generated
/idl/EventListener.js:[2m26:30[22m[39m
[90m [2mÔØ»[22m innerInvokeEventListeners node_modules/jsdom/lib/jsdom/livin
g/events/EventTarget-impl.js:[2m360:16[22m[39m
[90m [2mÔØ»[22m invokeEventListeners node_modules/jsdom/lib/jsdom/living/eve
nts/EventTarget-impl.js:[2m296:3[22m[39m
[90m [2mÔØ»[22m EventTargetImpl._dispatch node_modules/jsdom/lib/jsdom/livin
g/events/EventTarget-impl.js:[2m243:9[22m[39m
[90m [2mÔØ»[22m EventTargetImpl.dispatchEvent node_modules/jsdom/lib/jsdom/l
iving/events/EventTarget-impl.js:[2m114:17[22m[39m
[90m [2mÔØ»[22m dispatchEvent node_modules/jsdom/lib/generated/idl/EventTarg
et.js:[2m241:34[22m[39m

[31mThis error originated in "[1msrc/test/realtimeTracking.test.ts[22m" test
 file. It doesn't mean the error was thrown inside the file itself, but while i
t was running.[39m
[31mThe latest test that might've caused the error is "[1mshould handle high-
frequency location updates[22m". It might mean one of the following:
- The error was thrown, while Vitest was running this test.
- If the error occurred after the test had been completed, this was the last do
cumented test before it was thrown.[39m

[31mÔÄ»ÔÄ»ÔÄ»ÔÄ»ÔÄ»[39m[1m[41m Uncaught Exception [49m[22m[31mÔÄ»ÔÄ»ÔÄ»Ô
Ä»ÔÄ»[39m
[31m[1mError[22m: Listener error[39m
[36m [2mÔØ»[22m src/test/realtimeTracking.test.ts:[2m201:15[22m[39m
    [90m199| [39m      
    [90m200| [39m      [35mconst[39m badListener [33m=[39m vi[33m.[39m
[34mfn[39m(() [33m=>[39m {
    [90m201| [39m        [35mthrow[39m [35mnew[39m [33mError[39m([32m"
Listener error"[39m)[33m;[39m
    [90m   | [39m              [31m^[39m
    [90m202| [39m      })[33m;[39m
    [90m203| [39m      [35mconst[39m goodListener [33m=[39m vi[33m.[39m
[34mfn[39m()[33m;[39m
[90m [2mÔØ»[22m mockCall ../../../PROYEK%20WEB%20MASTER/APLIKASI/seat-shuttl
e/node_modules/@vitest/spy/dist/index.js:[2m96:15[22m[39m
[90m [2mÔØ»[22m listener ../../../PROYEK%20WEB%20MASTER/APLIKASI/seat-shuttl
e/node_modules/tinyspy/dist/index.js:[2m47:80[22m[39m
[90m [2mÔØ»[22m pollingListener src/services/realtimeTrackingService.ts:[2m
461:11[22m[39m
[90m [2mÔØ»[22m callTheUserObjectsOperation node_modules/jsdom/lib/generated
/idl/EventListener.js:[2m26:30[22m[39m
[90m [2mÔØ»[22m innerInvokeEventListeners node_modules/jsdom/lib/jsdom/livin
g/events/EventTarget-impl.js:[2m360:16[22m[39m
[90m [2mÔØ»[22m invokeEventListeners node_modules/jsdom/lib/jsdom/living/eve
nts/EventTarget-impl.js:[2m296:3[22m[39m
[90m [2mÔØ»[22m EventTargetImpl._dispatch node_modules/jsdom/lib/jsdom/livin
g/events/EventTarget-impl.js:[2m243:9[22m[39m
[90m [2mÔØ»[22m EventTargetImpl.dispatchEvent node_modules/jsdom/lib/jsdom/l
iving/events/EventTarget-impl.js:[2m114:17[22m[39m
[90m [2mÔØ»[22m dispatchEvent node_modules/jsdom/lib/generated/idl/EventTarg
et.js:[2m241:34[22m[39m

[31mThis error originated in "[1msrc/test/realtimeTracking.test.ts[22m" test
 file. It doesn't mean the error was thrown inside the file itself, but while i
t was running.[39m
[31mThe latest test that might've caused the error is "[1mshould handle high-
frequency location updates[22m". It might mean one of the following:
- The error was thrown, while Vitest was running this test.
- If the error occurred after the test had been completed, this was the last do
cumented test before it was thrown.[39m

[31mÔÄ»ÔÄ»ÔÄ»ÔÄ»ÔÄ»[39m[1m[41m Uncaught Exception [49m[22m[31mÔÄ»ÔÄ»ÔÄ»Ô
Ä»ÔÄ»[39m
[31m[1mError[22m: Listener error[39m
[36m [2mÔØ»[22m src/test/realtimeTracking.test.ts:[2m201:15[22m[39m
    [90m199| [39m      
    [90m200| [39m      [35mconst[39m badListener [33m=[39m vi[33m.[39m
[34mfn[39m(() [33m=>[39m {
    [90m201| [39m        [35mthrow[39m [35mnew[39m [33mError[39m([32m"
Listener error"[39m)[33m;[39m
    [90m   | [39m              [31m^[39m
    [90m202| [39m      })[33m;[39m
    [90m203| [39m      [35mconst[39m goodListener [33m=[39m vi[33m.[39m
[34mfn[39m()[33m;[39m
[90m [2mÔØ»[22m mockCall ../../../PROYEK%20WEB%20MASTER/APLIKASI/seat-shuttl
e/node_modules/@vitest/spy/dist/index.js:[2m96:15[22m[39m
[90m [2mÔØ»[22m listener ../../../PROYEK%20WEB%20MASTER/APLIKASI/seat-shuttl
e/node_modules/tinyspy/dist/index.js:[2m47:80[22m[39m
[90m [2mÔØ»[22m pollingListener src/services/realtimeTrackingService.ts:[2m
461:11[22m[39m
[90m [2mÔØ»[22m callTheUserObjectsOperation node_modules/jsdom/lib/generated
/idl/EventListener.js:[2m26:30[22m[39m
[90m [2mÔØ»[22m innerInvokeEventListeners node_modules/jsdom/lib/jsdom/livin
g/events/EventTarget-impl.js:[2m360:16[22m[39m
[90m [2mÔØ»[22m invokeEventListeners node_modules/jsdom/lib/jsdom/living/eve
nts/EventTarget-impl.js:[2m296:3[22m[39m
[90m [2mÔØ»[22m EventTargetImpl._dispatch node_modules/jsdom/lib/jsdom/livin
g/events/EventTarget-impl.js:[2m243:9[22m[39m
[90m [2mÔØ»[22m EventTargetImpl.dispatchEvent node_modules/jsdom/lib/jsdom/l
iving/events/EventTarget-impl.js:[2m114:17[22m[39m
[90m [2mÔØ»[22m dispatchEvent node_modules/jsdom/lib/generated/idl/EventTarg
et.js:[2m241:34[22m[39m

[31mThis error originated in "[1msrc/test/realtimeTracking.test.ts[22m" test
 file. It doesn't mean the error was thrown inside the file itself, but while i
t was running.[39m
[31mThe latest test that might've caused the error is "[1mshould handle high-
frequency location updates[22m". It might mean one of the following:
- The error was thrown, while Vitest was running this test.
- If the error occurred after the test had been completed, this was the last do
cumented test before it was thrown.[39m

[31mÔÄ»ÔÄ»ÔÄ»ÔÄ»ÔÄ»[39m[1m[41m Uncaught Exception [49m[22m[31mÔÄ»ÔÄ»ÔÄ»Ô
Ä»ÔÄ»[39m
[31m[1mError[22m: Listener error[39m
[36m [2mÔØ»[22m src/test/realtimeTracking.test.ts:[2m201:15[22m[39m
    [90m199| [39m      
    [90m200| [39m      [35mconst[39m badListener [33m=[39m vi[33m.[39m
[34mfn[39m(() [33m=>[39m {
    [90m201| [39m        [35mthrow[39m [35mnew[39m [33mError[39m([32m"
Listener error"[39m)[33m;[39m
    [90m   | [39m              [31m^[39m
    [90m202| [39m      })[33m;[39m
    [90m203| [39m      [35mconst[39m goodListener [33m=[39m vi[33m.[39m
[34mfn[39m()[33m;[39m
[90m [2mÔØ»[22m mockCall ../../../PROYEK%20WEB%20MASTER/APLIKASI/seat-shuttl
e/node_modules/@vitest/spy/dist/index.js:[2m96:15[22m[39m
[90m [2mÔØ»[22m listener ../../../PROYEK%20WEB%20MASTER/APLIKASI/seat-shuttl
e/node_modules/tinyspy/dist/index.js:[2m47:80[22m[39m
[90m [2mÔØ»[22m pollingListener src/services/realtimeTrackingService.ts:[2m
461:11[22m[39m
[90m [2mÔØ»[22m callTheUserObjectsOperation node_modules/jsdom/lib/generated
/idl/EventListener.js:[2m26:30[22m[39m
[90m [2mÔØ»[22m innerInvokeEventListeners node_modules/jsdom/lib/jsdom/livin
g/events/EventTarget-impl.js:[2m360:16[22m[39m
[90m [2mÔØ»[22m invokeEventListeners node_modules/jsdom/lib/jsdom/living/eve
nts/EventTarget-impl.js:[2m296:3[22m[39m
[90m [2mÔØ»[22m EventTargetImpl._dispatch node_modules/jsdom/lib/jsdom/livin
g/events/EventTarget-impl.js:[2m243:9[22m[39m
[90m [2mÔØ»[22m EventTargetImpl.dispatchEvent node_modules/jsdom/lib/jsdom/l
iving/events/EventTarget-impl.js:[2m114:17[22m[39m
[90m [2mÔØ»[22m dispatchEvent node_modules/jsdom/lib/generated/idl/EventTarg
et.js:[2m241:34[22m[39m

[31mThis error originated in "[1msrc/test/realtimeTracking.test.ts[22m" test
 file. It doesn't mean the error was thrown inside the file itself, but while i
t was running.[39m
[31mThe latest test that might've caused the error is "[1mshould handle high-
frequency location updates[22m". It might mean one of the following:
- The error was thrown, while Vitest was running this test.
- If the error occurred after the test had been completed, this was the last do
cumented test before it was thrown.[39m

[31mÔÄ»ÔÄ»ÔÄ»ÔÄ»ÔÄ»[39m[1m[41m Uncaught Exception [49m[22m[31mÔÄ»ÔÄ»ÔÄ»Ô
Ä»ÔÄ»[39m
[31m[1mError[22m: Listener error[39m
[36m [2mÔØ»[22m src/test/realtimeTracking.test.ts:[2m201:15[22m[39m
    [90m199| [39m      
    [90m200| [39m      [35mconst[39m badListener [33m=[39m vi[33m.[39m
[34mfn[39m(() [33m=>[39m {
    [90m201| [39m        [35mthrow[39m [35mnew[39m [33mError[39m([32m"
Listener error"[39m)[33m;[39m
    [90m   | [39m              [31m^[39m
    [90m202| [39m      })[33m;[39m
    [90m203| [39m      [35mconst[39m goodListener [33m=[39m vi[33m.[39m
[34mfn[39m()[33m;[39m
[90m [2mÔØ»[22m mockCall ../../../PROYEK%20WEB%20MASTER/APLIKASI/seat-shuttl
e/node_modules/@vitest/spy/dist/index.js:[2m96:15[22m[39m
[90m [2mÔØ»[22m listener ../../../PROYEK%20WEB%20MASTER/APLIKASI/seat-shuttl
e/node_modules/tinyspy/dist/index.js:[2m47:80[22m[39m
[90m [2mÔØ»[22m pollingListener src/services/realtimeTrackingService.ts:[2m
461:11[22m[39m
[90m [2mÔØ»[22m callTheUserObjectsOperation node_modules/jsdom/lib/generated
/idl/EventListener.js:[2m26:30[22m[39m
[90m [2mÔØ»[22m innerInvokeEventListeners node_modules/jsdom/lib/jsdom/livin
g/events/EventTarget-impl.js:[2m360:16[22m[39m
[90m [2mÔØ»[22m invokeEventListeners node_modules/jsdom/lib/jsdom/living/eve
nts/EventTarget-impl.js:[2m296:3[22m[39m
[90m [2mÔØ»[22m EventTargetImpl._dispatch node_modules/jsdom/lib/jsdom/livin
g/events/EventTarget-impl.js:[2m243:9[22m[39m
[90m [2mÔØ»[22m EventTargetImpl.dispatchEvent node_modules/jsdom/lib/jsdom/l
iving/events/EventTarget-impl.js:[2m114:17[22m[39m
[90m [2mÔØ»[22m dispatchEvent node_modules/jsdom/lib/generated/idl/EventTarg
et.js:[2m241:34[22m[39m

[31mThis error originated in "[1msrc/test/realtimeTracking.test.ts[22m" test
 file. It doesn't mean the error was thrown inside the file itself, but while i
t was running.[39m
[31mThe latest test that might've caused the error is "[1mshould handle high-
frequency location updates[22m". It might mean one of the following:
- The error was thrown, while Vitest was running this test.
- If the error occurred after the test had been completed, this was the last do
cumented test before it was thrown.[39m

[31mÔÄ»ÔÄ»ÔÄ»ÔÄ»ÔÄ»[39m[1m[41m Uncaught Exception [49m[22m[31mÔÄ»ÔÄ»ÔÄ»Ô
Ä»ÔÄ»[39m
[31m[1mError[22m: Listener error[39m
[36m [2mÔØ»[22m src/test/realtimeTracking.test.ts:[2m201:15[22m[39m
    [90m199| [39m      
    [90m200| [39m      [35mconst[39m badListener [33m=[39m vi[33m.[39m
[34mfn[39m(() [33m=>[39m {
    [90m201| [39m        [35mthrow[39m [35mnew[39m [33mError[39m([32m"
Listener error"[39m)[33m;[39m
    [90m   | [39m              [31m^[39m
    [90m202| [39m      })[33m;[39m
    [90m203| [39m      [35mconst[39m goodListener [33m=[39m vi[33m.[39m
[34mfn[39m()[33m;[39m
[90m [2mÔØ»[22m mockCall ../../../PROYEK%20WEB%20MASTER/APLIKASI/seat-shuttl
e/node_modules/@vitest/spy/dist/index.js:[2m96:15[22m[39m
[90m [2mÔØ»[22m listener ../../../PROYEK%20WEB%20MASTER/APLIKASI/seat-shuttl
e/node_modules/tinyspy/dist/index.js:[2m47:80[22m[39m
[90m [2mÔØ»[22m pollingListener src/services/realtimeTrackingService.ts:[2m
461:11[22m[39m
[90m [2mÔØ»[22m callTheUserObjectsOperation node_modules/jsdom/lib/generated
/idl/EventListener.js:[2m26:30[22m[39m
[90m [2mÔØ»[22m innerInvokeEventListeners node_modules/jsdom/lib/jsdom/livin
g/events/EventTarget-impl.js:[2m360:16[22m[39m
[90m [2mÔØ»[22m invokeEventListeners node_modules/jsdom/lib/jsdom/living/eve
nts/EventTarget-impl.js:[2m296:3[22m[39m
[90m [2mÔØ»[22m EventTargetImpl._dispatch node_modules/jsdom/lib/jsdom/livin
g/events/EventTarget-impl.js:[2m243:9[22m[39m
[90m [2mÔØ»[22m EventTargetImpl.dispatchEvent node_modules/jsdom/lib/jsdom/l
iving/events/EventTarget-impl.js:[2m114:17[22m[39m
[90m [2mÔØ»[22m dispatchEvent node_modules/jsdom/lib/generated/idl/EventTarg
et.js:[2m241:34[22m[39m

[31mThis error originated in "[1msrc/test/realtimeTracking.test.ts[22m" test
 file. It doesn't mean the error was thrown inside the file itself, but while i
t was running.[39m
[31mThe latest test that might've caused the error is "[1mshould handle high-
frequency location updates[22m". It might mean one of the following:
- The error was thrown, while Vitest was running this test.
- If the error occurred after the test had been completed, this was the last do
cumented test before it was thrown.[39m

[31mÔÄ»ÔÄ»ÔÄ»ÔÄ»ÔÄ»[39m[1m[41m Uncaught Exception [49m[22m[31mÔÄ»ÔÄ»ÔÄ»Ô
Ä»ÔÄ»[39m
[31m[1mError[22m: Listener error[39m
[36m [2mÔØ»[22m src/test/realtimeTracking.test.ts:[2m201:15[22m[39m
    [90m199| [39m      
    [90m200| [39m      [35mconst[39m badListener [33m=[39m vi[33m.[39m
[34mfn[39m(() [33m=>[39m {
    [90m201| [39m        [35mthrow[39m [35mnew[39m [33mError[39m([32m"
Listener error"[39m)[33m;[39m
    [90m   | [39m              [31m^[39m
    [90m202| [39m      })[33m;[39m
    [90m203| [39m      [35mconst[39m goodListener [33m=[39m vi[33m.[39m
[34mfn[39m()[33m;[39m
[90m [2mÔØ»[22m mockCall ../../../PROYEK%20WEB%20MASTER/APLIKASI/seat-shuttl
e/node_modules/@vitest/spy/dist/index.js:[2m96:15[22m[39m
[90m [2mÔØ»[22m listener ../../../PROYEK%20WEB%20MASTER/APLIKASI/seat-shuttl
e/node_modules/tinyspy/dist/index.js:[2m47:80[22m[39m
[90m [2mÔØ»[22m pollingListener src/services/realtimeTrackingService.ts:[2m
461:11[22m[39m
[90m [2mÔØ»[22m callTheUserObjectsOperation node_modules/jsdom/lib/generated
/idl/EventListener.js:[2m26:30[22m[39m
[90m [2mÔØ»[22m innerInvokeEventListeners node_modules/jsdom/lib/jsdom/livin
g/events/EventTarget-impl.js:[2m360:16[22m[39m
[90m [2mÔØ»[22m invokeEventListeners node_modules/jsdom/lib/jsdom/living/eve
nts/EventTarget-impl.js:[2m296:3[22m[39m
[90m [2mÔØ»[22m EventTargetImpl._dispatch node_modules/jsdom/lib/jsdom/livin
g/events/EventTarget-impl.js:[2m243:9[22m[39m
[90m [2mÔØ»[22m EventTargetImpl.dispatchEvent node_modules/jsdom/lib/jsdom/l
iving/events/EventTarget-impl.js:[2m114:17[22m[39m
[90m [2mÔØ»[22m dispatchEvent node_modules/jsdom/lib/generated/idl/EventTarg
et.js:[2m241:34[22m[39m

[31mThis error originated in "[1msrc/test/realtimeTracking.test.ts[22m" test
 file. It doesn't mean the error was thrown inside the file itself, but while i
t was running.[39m
[31mThe latest test that might've caused the error is "[1mshould handle high-
frequency location updates[22m". It might mean one of the following:
- The error was thrown, while Vitest was running this test.
- If the error occurred after the test had been completed, this was the last do
cumented test before it was thrown.[39m

[31mÔÄ»ÔÄ»ÔÄ»ÔÄ»ÔÄ»[39m[1m[41m Uncaught Exception [49m[22m[31mÔÄ»ÔÄ»ÔÄ»Ô
Ä»ÔÄ»[39m
[31m[1mError[22m: Listener error[39m
[36m [2mÔØ»[22m src/test/realtimeTracking.test.ts:[2m201:15[22m[39m
    [90m199| [39m      
    [90m200| [39m      [35mconst[39m badListener [33m=[39m vi[33m.[39m
[34mfn[39m(() [33m=>[39m {
    [90m201| [39m        [35mthrow[39m [35mnew[39m [33mError[39m([32m"
Listener error"[39m)[33m;[39m
    [90m   | [39m              [31m^[39m
    [90m202| [39m      })[33m;[39m
    [90m203| [39m      [35mconst[39m goodListener [33m=[39m vi[33m.[39m
[34mfn[39m()[33m;[39m
[90m [2mÔØ»[22m mockCall ../../../PROYEK%20WEB%20MASTER/APLIKASI/seat-shuttl
e/node_modules/@vitest/spy/dist/index.js:[2m96:15[22m[39m
[90m [2mÔØ»[22m listener ../../../PROYEK%20WEB%20MASTER/APLIKASI/seat-shuttl
e/node_modules/tinyspy/dist/index.js:[2m47:80[22m[39m
[90m [2mÔØ»[22m pollingListener src/services/realtimeTrackingService.ts:[2m
461:11[22m[39m
[90m [2mÔØ»[22m callTheUserObjectsOperation node_modules/jsdom/lib/generated
/idl/EventListener.js:[2m26:30[22m[39m
[90m [2mÔØ»[22m innerInvokeEventListeners node_modules/jsdom/lib/jsdom/livin
g/events/EventTarget-impl.js:[2m360:16[22m[39m
[90m [2mÔØ»[22m invokeEventListeners node_modules/jsdom/lib/jsdom/living/eve
nts/EventTarget-impl.js:[2m296:3[22m[39m
[90m [2mÔØ»[22m EventTargetImpl._dispatch node_modules/jsdom/lib/jsdom/livin
g/events/EventTarget-impl.js:[2m243:9[22m[39m
[90m [2mÔØ»[22m EventTargetImpl.dispatchEvent node_modules/jsdom/lib/jsdom/l
iving/events/EventTarget-impl.js:[2m114:17[22m[39m
[90m [2mÔØ»[22m dispatchEvent node_modules/jsdom/lib/generated/idl/EventTarg
et.js:[2m241:34[22m[39m

[31mThis error originated in "[1msrc/test/realtimeTracking.test.ts[22m" test
 file. It doesn't mean the error was thrown inside the file itself, but while i
t was running.[39m
[31mThe latest test that might've caused the error is "[1mshould handle high-
frequency location updates[22m". It might mean one of the following:
- The error was thrown, while Vitest was running this test.
- If the error occurred after the test had been completed, this was the last do
cumented test before it was thrown.[39m

[31mÔÄ»ÔÄ»ÔÄ»ÔÄ»ÔÄ»[39m[1m[41m Uncaught Exception [49m[22m[31mÔÄ»ÔÄ»ÔÄ»Ô
Ä»ÔÄ»[39m
[31m[1mError[22m: Listener error[39m
[36m [2mÔØ»[22m src/test/realtimeTracking.test.ts:[2m201:15[22m[39m
    [90m199| [39m      
    [90m200| [39m      [35mconst[39m badListener [33m=[39m vi[33m.[39m
[34mfn[39m(() [33m=>[39m {
    [90m201| [39m        [35mthrow[39m [35mnew[39m [33mError[39m([32m"
Listener error"[39m)[33m;[39m
    [90m   | [39m              [31m^[39m
    [90m202| [39m      })[33m;[39m
    [90m203| [39m      [35mconst[39m goodListener [33m=[39m vi[33m.[39m
[34mfn[39m()[33m;[39m
[90m [2mÔØ»[22m mockCall ../../../PROYEK%20WEB%20MASTER/APLIKASI/seat-shuttl
e/node_modules/@vitest/spy/dist/index.js:[2m96:15[22m[39m
[90m [2mÔØ»[22m listener ../../../PROYEK%20WEB%20MASTER/APLIKASI/seat-shuttl
e/node_modules/tinyspy/dist/index.js:[2m47:80[22m[39m
[90m [2mÔØ»[22m pollingListener src/services/realtimeTrackingService.ts:[2m
461:11[22m[39m
[90m [2mÔØ»[22m callTheUserObjectsOperation node_modules/jsdom/lib/generated
/idl/EventListener.js:[2m26:30[22m[39m
[90m [2mÔØ»[22m innerInvokeEventListeners node_modules/jsdom/lib/jsdom/livin
g/events/EventTarget-impl.js:[2m360:16[22m[39m
[90m [2mÔØ»[22m invokeEventListeners node_modules/jsdom/lib/jsdom/living/eve
nts/EventTarget-impl.js:[2m296:3[22m[39m
[90m [2mÔØ»[22m EventTargetImpl._dispatch node_modules/jsdom/lib/jsdom/livin
g/events/EventTarget-impl.js:[2m243:9[22m[39m
[90m [2mÔØ»[22m EventTargetImpl.dispatchEvent node_modules/jsdom/lib/jsdom/l
iving/events/EventTarget-impl.js:[2m114:17[22m[39m
[90m [2mÔØ»[22m dispatchEvent node_modules/jsdom/lib/generated/idl/EventTarg
et.js:[2m241:34[22m[39m

[31mThis error originated in "[1msrc/test/realtimeTracking.test.ts[22m" test
 file. It doesn't mean the error was thrown inside the file itself, but while i
t was running.[39m
[31mThe latest test that might've caused the error is "[1mshould handle high-
frequency location updates[22m". It might mean one of the following:
- The error was thrown, while Vitest was running this test.
- If the error occurred after the test had been completed, this was the last do
cumented test before it was thrown.[39m

[31mÔÄ»ÔÄ»ÔÄ»ÔÄ»ÔÄ»[39m[1m[41m Uncaught Exception [49m[22m[31mÔÄ»ÔÄ»ÔÄ»Ô
Ä»ÔÄ»[39m
[31m[1mError[22m: Listener error[39m
[36m [2mÔØ»[22m src/test/realtimeTracking.test.ts:[2m201:15[22m[39m
    [90m199| [39m      
    [90m200| [39m      [35mconst[39m badListener [33m=[39m vi[33m.[39m
[34mfn[39m(() [33m=>[39m {
    [90m201| [39m        [35mthrow[39m [35mnew[39m [33mError[39m([32m"
Listener error"[39m)[33m;[39m
    [90m   | [39m              [31m^[39m
    [90m202| [39m      })[33m;[39m
    [90m203| [39m      [35mconst[39m goodListener [33m=[39m vi[33m.[39m
[34mfn[39m()[33m;[39m
[90m [2mÔØ»[22m mockCall ../../../PROYEK%20WEB%20MASTER/APLIKASI/seat-shuttl
e/node_modules/@vitest/spy/dist/index.js:[2m96:15[22m[39m
[90m [2mÔØ»[22m listener ../../../PROYEK%20WEB%20MASTER/APLIKASI/seat-shuttl
e/node_modules/tinyspy/dist/index.js:[2m47:80[22m[39m
[90m [2mÔØ»[22m pollingListener src/services/realtimeTrackingService.ts:[2m
461:11[22m[39m
[90m [2mÔØ»[22m callTheUserObjectsOperation node_modules/jsdom/lib/generated
/idl/EventListener.js:[2m26:30[22m[39m
[90m [2mÔØ»[22m innerInvokeEventListeners node_modules/jsdom/lib/jsdom/livin
g/events/EventTarget-impl.js:[2m360:16[22m[39m
[90m [2mÔØ»[22m invokeEventListeners node_modules/jsdom/lib/jsdom/living/eve
nts/EventTarget-impl.js:[2m296:3[22m[39m
[90m [2mÔØ»[22m EventTargetImpl._dispatch node_modules/jsdom/lib/jsdom/livin
g/events/EventTarget-impl.js:[2m243:9[22m[39m
[90m [2mÔØ»[22m EventTargetImpl.dispatchEvent node_modules/jsdom/lib/jsdom/l
iving/events/EventTarget-impl.js:[2m114:17[22m[39m
[90m [2mÔØ»[22m dispatchEvent node_modules/jsdom/lib/generated/idl/EventTarg
et.js:[2m241:34[22m[39m

[31mThis error originated in "[1msrc/test/realtimeTracking.test.ts[22m" test
 file. It doesn't mean the error was thrown inside the file itself, but while i
t was running.[39m
[31mThe latest test that might've caused the error is "[1mshould handle high-
frequency location updates[22m". It might mean one of the following:
- The error was thrown, while Vitest was running this test.
- If the error occurred after the test had been completed, this was the last do
cumented test before it was thrown.[39m

[31mÔÄ»ÔÄ»ÔÄ»ÔÄ»ÔÄ»[39m[1m[41m Uncaught Exception [49m[22m[31mÔÄ»ÔÄ»ÔÄ»Ô
Ä»ÔÄ»[39m
[31m[1mError[22m: Listener error[39m
[36m [2mÔØ»[22m src/test/realtimeTracking.test.ts:[2m201:15[22m[39m
    [90m199| [39m      
    [90m200| [39m      [35mconst[39m badListener [33m=[39m vi[33m.[39m
[34mfn[39m(() [33m=>[39m {
    [90m201| [39m        [35mthrow[39m [35mnew[39m [33mError[39m([32m"
Listener error"[39m)[33m;[39m
    [90m   | [39m              [31m^[39m
    [90m202| [39m      })[33m;[39m
    [90m203| [39m      [35mconst[39m goodListener [33m=[39m vi[33m.[39m
[34mfn[39m()[33m;[39m
[90m [2mÔØ»[22m mockCall ../../../PROYEK%20WEB%20MASTER/APLIKASI/seat-shuttl
e/node_modules/@vitest/spy/dist/index.js:[2m96:15[22m[39m
[90m [2mÔØ»[22m listener ../../../PROYEK%20WEB%20MASTER/APLIKASI/seat-shuttl
e/node_modules/tinyspy/dist/index.js:[2m47:80[22m[39m
[90m [2mÔØ»[22m pollingListener src/services/realtimeTrackingService.ts:[2m
461:11[22m[39m
[90m [2mÔØ»[22m callTheUserObjectsOperation node_modules/jsdom/lib/generated
/idl/EventListener.js:[2m26:30[22m[39m
[90m [2mÔØ»[22m innerInvokeEventListeners node_modules/jsdom/lib/jsdom/livin
g/events/EventTarget-impl.js:[2m360:16[22m[39m
[90m [2mÔØ»[22m invokeEventListeners node_modules/jsdom/lib/jsdom/living/eve
nts/EventTarget-impl.js:[2m296:3[22m[39m
[90m [2mÔØ»[22m EventTargetImpl._dispatch node_modules/jsdom/lib/jsdom/livin
g/events/EventTarget-impl.js:[2m243:9[22m[39m
[90m [2mÔØ»[22m EventTargetImpl.dispatchEvent node_modules/jsdom/lib/jsdom/l
iving/events/EventTarget-impl.js:[2m114:17[22m[39m
[90m [2mÔØ»[22m dispatchEvent node_modules/jsdom/lib/generated/idl/EventTarg
et.js:[2m241:34[22m[39m

[31mThis error originated in "[1msrc/test/realtimeTracking.test.ts[22m" test
 file. It doesn't mean the error was thrown inside the file itself, but while i
t was running.[39m
[31mThe latest test that might've caused the error is "[1mshould handle high-
frequency location updates[22m". It might mean one of the following:
- The error was thrown, while Vitest was running this test.
- If the error occurred after the test had been completed, this was the last do
cumented test before it was thrown.[39m

[31mÔÄ»ÔÄ»ÔÄ»ÔÄ»ÔÄ»[39m[1m[41m Uncaught Exception [49m[22m[31mÔÄ»ÔÄ»ÔÄ»Ô
Ä»ÔÄ»[39m
[31m[1mError[22m: Listener error[39m
[36m [2mÔØ»[22m src/test/realtimeTracking.test.ts:[2m201:15[22m[39m
    [90m199| [39m      
    [90m200| [39m      [35mconst[39m badListener [33m=[39m vi[33m.[39m
[34mfn[39m(() [33m=>[39m {
    [90m201| [39m        [35mthrow[39m [35mnew[39m [33mError[39m([32m"
Listener error"[39m)[33m;[39m
    [90m   | [39m              [31m^[39m
    [90m202| [39m      })[33m;[39m
    [90m203| [39m      [35mconst[39m goodListener [33m=[39m vi[33m.[39m
[34mfn[39m()[33m;[39m
[90m [2mÔØ»[22m mockCall ../../../PROYEK%20WEB%20MASTER/APLIKASI/seat-shuttl
e/node_modules/@vitest/spy/dist/index.js:[2m96:15[22m[39m
[90m [2mÔØ»[22m listener ../../../PROYEK%20WEB%20MASTER/APLIKASI/seat-shuttl
e/node_modules/tinyspy/dist/index.js:[2m47:80[22m[39m
[90m [2mÔØ»[22m pollingListener src/services/realtimeTrackingService.ts:[2m
461:11[22m[39m
[90m [2mÔØ»[22m callTheUserObjectsOperation node_modules/jsdom/lib/generated
/idl/EventListener.js:[2m26:30[22m[39m
[90m [2mÔØ»[22m innerInvokeEventListeners node_modules/jsdom/lib/jsdom/livin
g/events/EventTarget-impl.js:[2m360:16[22m[39m
[90m [2mÔØ»[22m invokeEventListeners node_modules/jsdom/lib/jsdom/living/eve
nts/EventTarget-impl.js:[2m296:3[22m[39m
[90m [2mÔØ»[22m EventTargetImpl._dispatch node_modules/jsdom/lib/jsdom/livin
g/events/EventTarget-impl.js:[2m243:9[22m[39m
[90m [2mÔØ»[22m EventTargetImpl.dispatchEvent node_modules/jsdom/lib/jsdom/l
iving/events/EventTarget-impl.js:[2m114:17[22m[39m
[90m [2mÔØ»[22m dispatchEvent node_modules/jsdom/lib/generated/idl/EventTarg
et.js:[2m241:34[22m[39m

[31mThis error originated in "[1msrc/test/realtimeTracking.test.ts[22m" test
 file. It doesn't mean the error was thrown inside the file itself, but while i
t was running.[39m
[31mThe latest test that might've caused the error is "[1mshould handle high-
frequency location updates[22m". It might mean one of the following:
- The error was thrown, while Vitest was running this test.
- If the error occurred after the test had been completed, this was the last do
cumented test before it was thrown.[39m

[31mÔÄ»ÔÄ»ÔÄ»ÔÄ»ÔÄ»[39m[1m[41m Uncaught Exception [49m[22m[31mÔÄ»ÔÄ»ÔÄ»Ô
Ä»ÔÄ»[39m
[31m[1mError[22m: Listener error[39m
[36m [2mÔØ»[22m src/test/realtimeTracking.test.ts:[2m201:15[22m[39m
    [90m199| [39m      
    [90m200| [39m      [35mconst[39m badListener [33m=[39m vi[33m.[39m
[34mfn[39m(() [33m=>[39m {
    [90m201| [39m        [35mthrow[39m [35mnew[39m [33mError[39m([32m"
Listener error"[39m)[33m;[39m
    [90m   | [39m              [31m^[39m
    [90m202| [39m      })[33m;[39m
    [90m203| [39m      [35mconst[39m goodListener [33m=[39m vi[33m.[39m
[34mfn[39m()[33m;[39m
[90m [2mÔØ»[22m mockCall ../../../PROYEK%20WEB%20MASTER/APLIKASI/seat-shuttl
e/node_modules/@vitest/spy/dist/index.js:[2m96:15[22m[39m
[90m [2mÔØ»[22m listener ../../../PROYEK%20WEB%20MASTER/APLIKASI/seat-shuttl
e/node_modules/tinyspy/dist/index.js:[2m47:80[22m[39m
[90m [2mÔØ»[22m pollingListener src/services/realtimeTrackingService.ts:[2m
461:11[22m[39m
[90m [2mÔØ»[22m callTheUserObjectsOperation node_modules/jsdom/lib/generated
/idl/EventListener.js:[2m26:30[22m[39m
[90m [2mÔØ»[22m innerInvokeEventListeners node_modules/jsdom/lib/jsdom/livin
g/events/EventTarget-impl.js:[2m360:16[22m[39m
[90m [2mÔØ»[22m invokeEventListeners node_modules/jsdom/lib/jsdom/living/eve
nts/EventTarget-impl.js:[2m296:3[22m[39m
[90m [2mÔØ»[22m EventTargetImpl._dispatch node_modules/jsdom/lib/jsdom/livin
g/events/EventTarget-impl.js:[2m243:9[22m[39m
[90m [2mÔØ»[22m EventTargetImpl.dispatchEvent node_modules/jsdom/lib/jsdom/l
iving/events/EventTarget-impl.js:[2m114:17[22m[39m
[90m [2mÔØ»[22m dispatchEvent node_modules/jsdom/lib/generated/idl/EventTarg
et.js:[2m241:34[22m[39m

[31mThis error originated in "[1msrc/test/realtimeTracking.test.ts[22m" test
 file. It doesn't mean the error was thrown inside the file itself, but while i
t was running.[39m
[31mThe latest test that might've caused the error is "[1mshould handle high-
frequency location updates[22m". It might mean one of the following:
- The error was thrown, while Vitest was running this test.
- If the error occurred after the test had been completed, this was the last do
cumented test before it was thrown.[39m

[31mÔÄ»ÔÄ»ÔÄ»ÔÄ»ÔÄ»[39m[1m[41m Uncaught Exception [49m[22m[31mÔÄ»ÔÄ»ÔÄ»Ô
Ä»ÔÄ»[39m
[31m[1mError[22m: Listener error[39m
[36m [2mÔØ»[22m src/test/realtimeTracking.test.ts:[2m201:15[22m[39m
    [90m199| [39m      
    [90m200| [39m      [35mconst[39m badListener [33m=[39m vi[33m.[39m
[34mfn[39m(() [33m=>[39m {
    [90m201| [39m        [35mthrow[39m [35mnew[39m [33mError[39m([32m"
Listener error"[39m)[33m;[39m
    [90m   | [39m              [31m^[39m
    [90m202| [39m      })[33m;[39m
    [90m203| [39m      [35mconst[39m goodListener [33m=[39m vi[33m.[39m
[34mfn[39m()[33m;[39m
[90m [2mÔØ»[22m mockCall ../../../PROYEK%20WEB%20MASTER/APLIKASI/seat-shuttl
e/node_modules/@vitest/spy/dist/index.js:[2m96:15[22m[39m
[90m [2mÔØ»[22m listener ../../../PROYEK%20WEB%20MASTER/APLIKASI/seat-shuttl
e/node_modules/tinyspy/dist/index.js:[2m47:80[22m[39m
[90m [2mÔØ»[22m pollingListener src/services/realtimeTrackingService.ts:[2m
461:11[22m[39m
[90m [2mÔØ»[22m callTheUserObjectsOperation node_modules/jsdom/lib/generated
/idl/EventListener.js:[2m26:30[22m[39m
[90m [2mÔØ»[22m innerInvokeEventListeners node_modules/jsdom/lib/jsdom/livin
g/events/EventTarget-impl.js:[2m360:16[22m[39m
[90m [2mÔØ»[22m invokeEventListeners node_modules/jsdom/lib/jsdom/living/eve
nts/EventTarget-impl.js:[2m296:3[22m[39m
[90m [2mÔØ»[22m EventTargetImpl._dispatch node_modules/jsdom/lib/jsdom/livin
g/events/EventTarget-impl.js:[2m243:9[22m[39m
[90m [2mÔØ»[22m EventTargetImpl.dispatchEvent node_modules/jsdom/lib/jsdom/l
iving/events/EventTarget-impl.js:[2m114:17[22m[39m
[90m [2mÔØ»[22m dispatchEvent node_modules/jsdom/lib/generated/idl/EventTarg
et.js:[2m241:34[22m[39m

[31mThis error originated in "[1msrc/test/realtimeTracking.test.ts[22m" test
 file. It doesn't mean the error was thrown inside the file itself, but while i
t was running.[39m
[31mThe latest test that might've caused the error is "[1mshould handle high-
frequency location updates[22m". It might mean one of the following:
- The error was thrown, while Vitest was running this test.
- If the error occurred after the test had been completed, this was the last do
cumented test before it was thrown.[39m

[31mÔÄ»ÔÄ»ÔÄ»ÔÄ»ÔÄ»[39m[1m[41m Uncaught Exception [49m[22m[31mÔÄ»ÔÄ»ÔÄ»Ô
Ä»ÔÄ»[39m
[31m[1mError[22m: Listener error[39m
[36m [2mÔØ»[22m src/test/realtimeTracking.test.ts:[2m201:15[22m[39m
    [90m199| [39m      
    [90m200| [39m      [35mconst[39m badListener [33m=[39m vi[33m.[39m
[34mfn[39m(() [33m=>[39m {
    [90m201| [39m        [35mthrow[39m [35mnew[39m [33mError[39m([32m"
Listener error"[39m)[33m;[39m
    [90m   | [39m              [31m^[39m
    [90m202| [39m      })[33m;[39m
    [90m203| [39m      [35mconst[39m goodListener [33m=[39m vi[33m.[39m
[34mfn[39m()[33m;[39m
[90m [2mÔØ»[22m mockCall ../../../PROYEK%20WEB%20MASTER/APLIKASI/seat-shuttl
e/node_modules/@vitest/spy/dist/index.js:[2m96:15[22m[39m
[90m [2mÔØ»[22m listener ../../../PROYEK%20WEB%20MASTER/APLIKASI/seat-shuttl
e/node_modules/tinyspy/dist/index.js:[2m47:80[22m[39m
[90m [2mÔØ»[22m pollingListener src/services/realtimeTrackingService.ts:[2m
461:11[22m[39m
[90m [2mÔØ»[22m callTheUserObjectsOperation node_modules/jsdom/lib/generated
/idl/EventListener.js:[2m26:30[22m[39m
[90m [2mÔØ»[22m innerInvokeEventListeners node_modules/jsdom/lib/jsdom/livin
g/events/EventTarget-impl.js:[2m360:16[22m[39m
[90m [2mÔØ»[22m invokeEventListeners node_modules/jsdom/lib/jsdom/living/eve
nts/EventTarget-impl.js:[2m296:3[22m[39m
[90m [2mÔØ»[22m EventTargetImpl._dispatch node_modules/jsdom/lib/jsdom/livin
g/events/EventTarget-impl.js:[2m243:9[22m[39m
[90m [2mÔØ»[22m EventTargetImpl.dispatchEvent node_modules/jsdom/lib/jsdom/l
iving/events/EventTarget-impl.js:[2m114:17[22m[39m
[90m [2mÔØ»[22m dispatchEvent node_modules/jsdom/lib/generated/idl/EventTarg
et.js:[2m241:34[22m[39m

[31mThis error originated in "[1msrc/test/realtimeTracking.test.ts[22m" test
 file. It doesn't mean the error was thrown inside the file itself, but while i
t was running.[39m
[31mThe latest test that might've caused the error is "[1mshould handle high-
frequency location updates[22m". It might mean one of the following:
- The error was thrown, while Vitest was running this test.
- If the error occurred after the test had been completed, this was the last do
cumented test before it was thrown.[39m

[31mÔÄ»ÔÄ»ÔÄ»ÔÄ»ÔÄ»[39m[1m[41m Uncaught Exception [49m[22m[31mÔÄ»ÔÄ»ÔÄ»Ô
Ä»ÔÄ»[39m
[31m[1mError[22m: Listener error[39m
[36m [2mÔØ»[22m src/test/realtimeTracking.test.ts:[2m201:15[22m[39m
    [90m199| [39m      
    [90m200| [39m      [35mconst[39m badListener [33m=[39m vi[33m.[39m
[34mfn[39m(() [33m=>[39m {
    [90m201| [39m        [35mthrow[39m [35mnew[39m [33mError[39m([32m"
Listener error"[39m)[33m;[39m
    [90m   | [39m              [31m^[39m
    [90m202| [39m      })[33m;[39m
    [90m203| [39m      [35mconst[39m goodListener [33m=[39m vi[33m.[39m
[34mfn[39m()[33m;[39m
[90m [2mÔØ»[22m mockCall ../../../PROYEK%20WEB%20MASTER/APLIKASI/seat-shuttl
e/node_modules/@vitest/spy/dist/index.js:[2m96:15[22m[39m
[90m [2mÔØ»[22m listener ../../../PROYEK%20WEB%20MASTER/APLIKASI/seat-shuttl
e/node_modules/tinyspy/dist/index.js:[2m47:80[22m[39m
[90m [2mÔØ»[22m pollingListener src/services/realtimeTrackingService.ts:[2m
461:11[22m[39m
[90m [2mÔØ»[22m callTheUserObjectsOperation node_modules/jsdom/lib/generated
/idl/EventListener.js:[2m26:30[22m[39m
[90m [2mÔØ»[22m innerInvokeEventListeners node_modules/jsdom/lib/jsdom/livin
g/events/EventTarget-impl.js:[2m360:16[22m[39m
[90m [2mÔØ»[22m invokeEventListeners node_modules/jsdom/lib/jsdom/living/eve
nts/EventTarget-impl.js:[2m296:3[22m[39m
[90m [2mÔØ»[22m EventTargetImpl._dispatch node_modules/jsdom/lib/jsdom/livin
g/events/EventTarget-impl.js:[2m243:9[22m[39m
[90m [2mÔØ»[22m EventTargetImpl.dispatchEvent node_modules/jsdom/lib/jsdom/l
iving/events/EventTarget-impl.js:[2m114:17[22m[39m
[90m [2mÔØ»[22m dispatchEvent node_modules/jsdom/lib/generated/idl/EventTarg
et.js:[2m241:34[22m[39m

[31mThis error originated in "[1msrc/test/realtimeTracking.test.ts[22m" test
 file. It doesn't mean the error was thrown inside the file itself, but while i
t was running.[39m
[31mThe latest test that might've caused the error is "[1mshould handle high-
frequency location updates[22m". It might mean one of the following:
- The error was thrown, while Vitest was running this test.
- If the error occurred after the test had been completed, this was the last do
cumented test before it was thrown.[39m

[31mÔÄ»ÔÄ»ÔÄ»ÔÄ»ÔÄ»[39m[1m[41m Uncaught Exception [49m[22m[31mÔÄ»ÔÄ»ÔÄ»Ô
Ä»ÔÄ»[39m
[31m[1mError[22m: Listener error[39m
[36m [2mÔØ»[22m src/test/realtimeTracking.test.ts:[2m201:15[22m[39m
    [90m199| [39m      
    [90m200| [39m      [35mconst[39m badListener [33m=[39m vi[33m.[39m
[34mfn[39m(() [33m=>[39m {
    [90m201| [39m        [35mthrow[39m [35mnew[39m [33mError[39m([32m"
Listener error"[39m)[33m;[39m
    [90m   | [39m              [31m^[39m
    [90m202| [39m      })[33m;[39m
    [90m203| [39m      [35mconst[39m goodListener [33m=[39m vi[33m.[39m
[34mfn[39m()[33m;[39m
[90m [2mÔØ»[22m mockCall ../../../PROYEK%20WEB%20MASTER/APLIKASI/seat-shuttl
e/node_modules/@vitest/spy/dist/index.js:[2m96:15[22m[39m
[90m [2mÔØ»[22m listener ../../../PROYEK%20WEB%20MASTER/APLIKASI/seat-shuttl
e/node_modules/tinyspy/dist/index.js:[2m47:80[22m[39m
[90m [2mÔØ»[22m pollingListener src/services/realtimeTrackingService.ts:[2m
461:11[22m[39m
[90m [2mÔØ»[22m callTheUserObjectsOperation node_modules/jsdom/lib/generated
/idl/EventListener.js:[2m26:30[22m[39m
[90m [2mÔØ»[22m innerInvokeEventListeners node_modules/jsdom/lib/jsdom/livin
g/events/EventTarget-impl.js:[2m360:16[22m[39m
[90m [2mÔØ»[22m invokeEventListeners node_modules/jsdom/lib/jsdom/living/eve
nts/EventTarget-impl.js:[2m296:3[22m[39m
[90m [2mÔØ»[22m EventTargetImpl._dispatch node_modules/jsdom/lib/jsdom/livin
g/events/EventTarget-impl.js:[2m243:9[22m[39m
[90m [2mÔØ»[22m EventTargetImpl.dispatchEvent node_modules/jsdom/lib/jsdom/l
iving/events/EventTarget-impl.js:[2m114:17[22m[39m
[90m [2mÔØ»[22m dispatchEvent node_modules/jsdom/lib/generated/idl/EventTarg
et.js:[2m241:34[22m[39m

[31mThis error originated in "[1msrc/test/realtimeTracking.test.ts[22m" test
 file. It doesn't mean the error was thrown inside the file itself, but while i
t was running.[39m
[31mThe latest test that might've caused the error is "[1mshould handle high-
frequency location updates[22m". It might mean one of the following:
- The error was thrown, while Vitest was running this test.
- If the error occurred after the test had been completed, this was the last do
cumented test before it was thrown.[39m

[31mÔÄ»ÔÄ»ÔÄ»ÔÄ»ÔÄ»[39m[1m[41m Uncaught Exception [49m[22m[31mÔÄ»ÔÄ»ÔÄ»Ô
Ä»ÔÄ»[39m
[31m[1mError[22m: Listener error[39m
[36m [2mÔØ»[22m src/test/realtimeTracking.test.ts:[2m201:15[22m[39m
    [90m199| [39m      
    [90m200| [39m      [35mconst[39m badListener [33m=[39m vi[33m.[39m
[34mfn[39m(() [33m=>[39m {
    [90m201| [39m        [35mthrow[39m [35mnew[39m [33mError[39m([32m"
Listener error"[39m)[33m;[39m
    [90m   | [39m              [31m^[39m
    [90m202| [39m      })[33m;[39m
    [90m203| [39m      [35mconst[39m goodListener [33m=[39m vi[33m.[39m
[34mfn[39m()[33m;[39m
[90m [2mÔØ»[22m mockCall ../../../PROYEK%20WEB%20MASTER/APLIKASI/seat-shuttl
e/node_modules/@vitest/spy/dist/index.js:[2m96:15[22m[39m
[90m [2mÔØ»[22m listener ../../../PROYEK%20WEB%20MASTER/APLIKASI/seat-shuttl
e/node_modules/tinyspy/dist/index.js:[2m47:80[22m[39m
[90m [2mÔØ»[22m pollingListener src/services/realtimeTrackingService.ts:[2m
461:11[22m[39m
[90m [2mÔØ»[22m callTheUserObjectsOperation node_modules/jsdom/lib/generated
/idl/EventListener.js:[2m26:30[22m[39m
[90m [2mÔØ»[22m innerInvokeEventListeners node_modules/jsdom/lib/jsdom/livin
g/events/EventTarget-impl.js:[2m360:16[22m[39m
[90m [2mÔØ»[22m invokeEventListeners node_modules/jsdom/lib/jsdom/living/eve
nts/EventTarget-impl.js:[2m296:3[22m[39m
[90m [2mÔØ»[22m EventTargetImpl._dispatch node_modules/jsdom/lib/jsdom/livin
g/events/EventTarget-impl.js:[2m243:9[22m[39m
[90m [2mÔØ»[22m EventTargetImpl.dispatchEvent node_modules/jsdom/lib/jsdom/l
iving/events/EventTarget-impl.js:[2m114:17[22m[39m
[90m [2mÔØ»[22m dispatchEvent node_modules/jsdom/lib/generated/idl/EventTarg
et.js:[2m241:34[22m[39m

[31mThis error originated in "[1msrc/test/realtimeTracking.test.ts[22m" test
 file. It doesn't mean the error was thrown inside the file itself, but while i
t was running.[39m
[31mThe latest test that might've caused the error is "[1mshould handle high-
frequency location updates[22m". It might mean one of the following:
- The error was thrown, while Vitest was running this test.
- If the error occurred after the test had been completed, this was the last do
cumented test before it was thrown.[39m

[31mÔÄ»ÔÄ»ÔÄ»ÔÄ»ÔÄ»[39m[1m[41m Uncaught Exception [49m[22m[31mÔÄ»ÔÄ»ÔÄ»Ô
Ä»ÔÄ»[39m
[31m[1mError[22m: Listener error[39m
[36m [2mÔØ»[22m src/test/realtimeTracking.test.ts:[2m201:15[22m[39m
    [90m199| [39m      
    [90m200| [39m      [35mconst[39m badListener [33m=[39m vi[33m.[39m
[34mfn[39m(() [33m=>[39m {
    [90m201| [39m        [35mthrow[39m [35mnew[39m [33mError[39m([32m"
Listener error"[39m)[33m;[39m
    [90m   | [39m              [31m^[39m
    [90m202| [39m      })[33m;[39m
    [90m203| [39m      [35mconst[39m goodListener [33m=[39m vi[33m.[39m
[34mfn[39m()[33m;[39m
[90m [2mÔØ»[22m mockCall ../../../PROYEK%20WEB%20MASTER/APLIKASI/seat-shuttl
e/node_modules/@vitest/spy/dist/index.js:[2m96:15[22m[39m
[90m [2mÔØ»[22m listener ../../../PROYEK%20WEB%20MASTER/APLIKASI/seat-shuttl
e/node_modules/tinyspy/dist/index.js:[2m47:80[22m[39m
[90m [2mÔØ»[22m pollingListener src/services/realtimeTrackingService.ts:[2m
461:11[22m[39m
[90m [2mÔØ»[22m callTheUserObjectsOperation node_modules/jsdom/lib/generated
/idl/EventListener.js:[2m26:30[22m[39m
[90m [2mÔØ»[22m innerInvokeEventListeners node_modules/jsdom/lib/jsdom/livin
g/events/EventTarget-impl.js:[2m360:16[22m[39m
[90m [2mÔØ»[22m invokeEventListeners node_modules/jsdom/lib/jsdom/living/eve
nts/EventTarget-impl.js:[2m296:3[22m[39m
[90m [2mÔØ»[22m EventTargetImpl._dispatch node_modules/jsdom/lib/jsdom/livin
g/events/EventTarget-impl.js:[2m243:9[22m[39m
[90m [2mÔØ»[22m EventTargetImpl.dispatchEvent node_modules/jsdom/lib/jsdom/l
iving/events/EventTarget-impl.js:[2m114:17[22m[39m
[90m [2mÔØ»[22m dispatchEvent node_modules/jsdom/lib/generated/idl/EventTarg
et.js:[2m241:34[22m[39m

[31mThis error originated in "[1msrc/test/realtimeTracking.test.ts[22m" test
 file. It doesn't mean the error was thrown inside the file itself, but while i
t was running.[39m
[31mThe latest test that might've caused the error is "[1mshould handle high-
frequency location updates[22m". It might mean one of the following:
- The error was thrown, while Vitest was running this test.
- If the error occurred after the test had been completed, this was the last do
cumented test before it was thrown.[39m

[31mÔÄ»ÔÄ»ÔÄ»ÔÄ»ÔÄ»[39m[1m[41m Uncaught Exception [49m[22m[31mÔÄ»ÔÄ»ÔÄ»Ô
Ä»ÔÄ»[39m
[31m[1mError[22m: Listener error[39m
[36m [2mÔØ»[22m src/test/realtimeTracking.test.ts:[2m201:15[22m[39m
    [90m199| [39m      
    [90m200| [39m      [35mconst[39m badListener [33m=[39m vi[33m.[39m
[34mfn[39m(() [33m=>[39m {
    [90m201| [39m        [35mthrow[39m [35mnew[39m [33mError[39m([32m"
Listener error"[39m)[33m;[39m
    [90m   | [39m              [31m^[39m
    [90m202| [39m      })[33m;[39m
    [90m203| [39m      [35mconst[39m goodListener [33m=[39m vi[33m.[39m
[34mfn[39m()[33m;[39m
[90m [2mÔØ»[22m mockCall ../../../PROYEK%20WEB%20MASTER/APLIKASI/seat-shuttl
e/node_modules/@vitest/spy/dist/index.js:[2m96:15[22m[39m
[90m [2mÔØ»[22m listener ../../../PROYEK%20WEB%20MASTER/APLIKASI/seat-shuttl
e/node_modules/tinyspy/dist/index.js:[2m47:80[22m[39m
[90m [2mÔØ»[22m pollingListener src/services/realtimeTrackingService.ts:[2m
461:11[22m[39m
[90m [2mÔØ»[22m callTheUserObjectsOperation node_modules/jsdom/lib/generated
/idl/EventListener.js:[2m26:30[22m[39m
[90m [2mÔØ»[22m innerInvokeEventListeners node_modules/jsdom/lib/jsdom/livin
g/events/EventTarget-impl.js:[2m360:16[22m[39m
[90m [2mÔØ»[22m invokeEventListeners node_modules/jsdom/lib/jsdom/living/eve
nts/EventTarget-impl.js:[2m296:3[22m[39m
[90m [2mÔØ»[22m EventTargetImpl._dispatch node_modules/jsdom/lib/jsdom/livin
g/events/EventTarget-impl.js:[2m243:9[22m[39m
[90m [2mÔØ»[22m EventTargetImpl.dispatchEvent node_modules/jsdom/lib/jsdom/l
iving/events/EventTarget-impl.js:[2m114:17[22m[39m
[90m [2mÔØ»[22m dispatchEvent node_modules/jsdom/lib/generated/idl/EventTarg
et.js:[2m241:34[22m[39m

[31mThis error originated in "[1msrc/test/realtimeTracking.test.ts[22m" test
 file. It doesn't mean the error was thrown inside the file itself, but while i
t was running.[39m
[31mThe latest test that might've caused the error is "[1mshould handle high-
frequency location updates[22m". It might mean one of the following:
- The error was thrown, while Vitest was running this test.
- If the error occurred after the test had been completed, this was the last do
cumented test before it was thrown.[39m

[31mÔÄ»ÔÄ»ÔÄ»ÔÄ»ÔÄ»[39m[1m[41m Uncaught Exception [49m[22m[31mÔÄ»ÔÄ»ÔÄ»Ô
Ä»ÔÄ»[39m
[31m[1mError[22m: Listener error[39m
[36m [2mÔØ»[22m src/test/realtimeTracking.test.ts:[2m201:15[22m[39m
    [90m199| [39m      
    [90m200| [39m      [35mconst[39m badListener [33m=[39m vi[33m.[39m
[34mfn[39m(() [33m=>[39m {
    [90m201| [39m        [35mthrow[39m [35mnew[39m [33mError[39m([32m"
Listener error"[39m)[33m;[39m
    [90m   | [39m              [31m^[39m
    [90m202| [39m      })[33m;[39m
    [90m203| [39m      [35mconst[39m goodListener [33m=[39m vi[33m.[39m
[34mfn[39m()[33m;[39m
[90m [2mÔØ»[22m mockCall ../../../PROYEK%20WEB%20MASTER/APLIKASI/seat-shuttl
e/node_modules/@vitest/spy/dist/index.js:[2m96:15[22m[39m
[90m [2mÔØ»[22m listener ../../../PROYEK%20WEB%20MASTER/APLIKASI/seat-shuttl
e/node_modules/tinyspy/dist/index.js:[2m47:80[22m[39m
[90m [2mÔØ»[22m pollingListener src/services/realtimeTrackingService.ts:[2m
461:11[22m[39m
[90m [2mÔØ»[22m callTheUserObjectsOperation node_modules/jsdom/lib/generated
/idl/EventListener.js:[2m26:30[22m[39m
[90m [2mÔØ»[22m innerInvokeEventListeners node_modules/jsdom/lib/jsdom/livin
g/events/EventTarget-impl.js:[2m360:16[22m[39m
[90m [2mÔØ»[22m invokeEventListeners node_modules/jsdom/lib/jsdom/living/eve
nts/EventTarget-impl.js:[2m296:3[22m[39m
[90m [2mÔØ»[22m EventTargetImpl._dispatch node_modules/jsdom/lib/jsdom/livin
g/events/EventTarget-impl.js:[2m243:9[22m[39m
[90m [2mÔØ»[22m EventTargetImpl.dispatchEvent node_modules/jsdom/lib/jsdom/l
iving/events/EventTarget-impl.js:[2m114:17[22m[39m
[90m [2mÔØ»[22m dispatchEvent node_modules/jsdom/lib/generated/idl/EventTarg
et.js:[2m241:34[22m[39m

[31mThis error originated in "[1msrc/test/realtimeTracking.test.ts[22m" test
 file. It doesn't mean the error was thrown inside the file itself, but while i
t was running.[39m
[31mThe latest test that might've caused the error is "[1mshould handle high-
frequency location updates[22m". It might mean one of the following:
- The error was thrown, while Vitest was running this test.
- If the error occurred after the test had been completed, this was the last do
cumented test before it was thrown.[39m

[31mÔÄ»ÔÄ»ÔÄ»ÔÄ»ÔÄ»[39m[1m[41m Uncaught Exception [49m[22m[31mÔÄ»ÔÄ»ÔÄ»Ô
Ä»ÔÄ»[39m
[31m[1mError[22m: Listener error[39m
[36m [2mÔØ»[22m src/test/realtimeTracking.test.ts:[2m201:15[22m[39m
    [90m199| [39m      
    [90m200| [39m      [35mconst[39m badListener [33m=[39m vi[33m.[39m
[34mfn[39m(() [33m=>[39m {
    [90m201| [39m        [35mthrow[39m [35mnew[39m [33mError[39m([32m"
Listener error"[39m)[33m;[39m
    [90m   | [39m              [31m^[39m
    [90m202| [39m      })[33m;[39m
    [90m203| [39m      [35mconst[39m goodListener [33m=[39m vi[33m.[39m
[34mfn[39m()[33m;[39m
[90m [2mÔØ»[22m mockCall ../../../PROYEK%20WEB%20MASTER/APLIKASI/seat-shuttl
e/node_modules/@vitest/spy/dist/index.js:[2m96:15[22m[39m
[90m [2mÔØ»[22m listener ../../../PROYEK%20WEB%20MASTER/APLIKASI/seat-shuttl
e/node_modules/tinyspy/dist/index.js:[2m47:80[22m[39m
[90m [2mÔØ»[22m pollingListener src/services/realtimeTrackingService.ts:[2m
461:11[22m[39m
[90m [2mÔØ»[22m callTheUserObjectsOperation node_modules/jsdom/lib/generated
/idl/EventListener.js:[2m26:30[22m[39m
[90m [2mÔØ»[22m innerInvokeEventListeners node_modules/jsdom/lib/jsdom/livin
g/events/EventTarget-impl.js:[2m360:16[22m[39m
[90m [2mÔØ»[22m invokeEventListeners node_modules/jsdom/lib/jsdom/living/eve
nts/EventTarget-impl.js:[2m296:3[22m[39m
[90m [2mÔØ»[22m EventTargetImpl._dispatch node_modules/jsdom/lib/jsdom/livin
g/events/EventTarget-impl.js:[2m243:9[22m[39m
[90m [2mÔØ»[22m EventTargetImpl.dispatchEvent node_modules/jsdom/lib/jsdom/l
iving/events/EventTarget-impl.js:[2m114:17[22m[39m
[90m [2mÔØ»[22m dispatchEvent node_modules/jsdom/lib/generated/idl/EventTarg
et.js:[2m241:34[22m[39m

[31mThis error originated in "[1msrc/test/realtimeTracking.test.ts[22m" test
 file. It doesn't mean the error was thrown inside the file itself, but while i
t was running.[39m
[31mThe latest test that might've caused the error is "[1mshould handle high-
frequency location updates[22m". It might mean one of the following:
- The error was thrown, while Vitest was running this test.
- If the error occurred after the test had been completed, this was the last do
cumented test before it was thrown.[39m

[31mÔÄ»ÔÄ»ÔÄ»ÔÄ»ÔÄ»[39m[1m[41m Uncaught Exception [49m[22m[31mÔÄ»ÔÄ»ÔÄ»Ô
Ä»ÔÄ»[39m
[31m[1mError[22m: Listener error[39m
[36m [2mÔØ»[22m src/test/realtimeTracking.test.ts:[2m201:15[22m[39m
    [90m199| [39m      
    [90m200| [39m      [35mconst[39m badListener [33m=[39m vi[33m.[39m
[34mfn[39m(() [33m=>[39m {
    [90m201| [39m        [35mthrow[39m [35mnew[39m [33mError[39m([32m"
Listener error"[39m)[33m;[39m
    [90m   | [39m              [31m^[39m
    [90m202| [39m      })[33m;[39m
    [90m203| [39m      [35mconst[39m goodListener [33m=[39m vi[33m.[39m
[34mfn[39m()[33m;[39m
[90m [2mÔØ»[22m mockCall ../../../PROYEK%20WEB%20MASTER/APLIKASI/seat-shuttl
e/node_modules/@vitest/spy/dist/index.js:[2m96:15[22m[39m
[90m [2mÔØ»[22m listener ../../../PROYEK%20WEB%20MASTER/APLIKASI/seat-shuttl
e/node_modules/tinyspy/dist/index.js:[2m47:80[22m[39m
[90m [2mÔØ»[22m pollingListener src/services/realtimeTrackingService.ts:[2m
461:11[22m[39m
[90m [2mÔØ»[22m callTheUserObjectsOperation node_modules/jsdom/lib/generated
/idl/EventListener.js:[2m26:30[22m[39m
[90m [2mÔØ»[22m innerInvokeEventListeners node_modules/jsdom/lib/jsdom/livin
g/events/EventTarget-impl.js:[2m360:16[22m[39m
[90m [2mÔØ»[22m invokeEventListeners node_modules/jsdom/lib/jsdom/living/eve
nts/EventTarget-impl.js:[2m296:3[22m[39m
[90m [2mÔØ»[22m EventTargetImpl._dispatch node_modules/jsdom/lib/jsdom/livin
g/events/EventTarget-impl.js:[2m243:9[22m[39m
[90m [2mÔØ»[22m EventTargetImpl.dispatchEvent node_modules/jsdom/lib/jsdom/l
iving/events/EventTarget-impl.js:[2m114:17[22m[39m
[90m [2mÔØ»[22m dispatchEvent node_modules/jsdom/lib/generated/idl/EventTarg
et.js:[2m241:34[22m[39m

[31mThis error originated in "[1msrc/test/realtimeTracking.test.ts[22m" test
 file. It doesn't mean the error was thrown inside the file itself, but while i
t was running.[39m
[31mThe latest test that might've caused the error is "[1mshould handle high-
frequency location updates[22m". It might mean one of the following:
- The error was thrown, while Vitest was running this test.
- If the error occurred after the test had been completed, this was the last do
cumented test before it was thrown.[39m

[31mÔÄ»ÔÄ»ÔÄ»ÔÄ»ÔÄ»[39m[1m[41m Uncaught Exception [49m[22m[31mÔÄ»ÔÄ»ÔÄ»Ô
Ä»ÔÄ»[39m
[31m[1mError[22m: Listener error[39m
[36m [2mÔØ»[22m src/test/realtimeTracking.test.ts:[2m201:15[22m[39m
    [90m199| [39m      
    [90m200| [39m      [35mconst[39m badListener [33m=[39m vi[33m.[39m
[34mfn[39m(() [33m=>[39m {
    [90m201| [39m        [35mthrow[39m [35mnew[39m [33mError[39m([32m"
Listener error"[39m)[33m;[39m
    [90m   | [39m              [31m^[39m
    [90m202| [39m      })[33m;[39m
    [90m203| [39m      [35mconst[39m goodListener [33m=[39m vi[33m.[39m
[34mfn[39m()[33m;[39m
[90m [2mÔØ»[22m mockCall ../../../PROYEK%20WEB%20MASTER/APLIKASI/seat-shuttl
e/node_modules/@vitest/spy/dist/index.js:[2m96:15[22m[39m
[90m [2mÔØ»[22m listener ../../../PROYEK%20WEB%20MASTER/APLIKASI/seat-shuttl
e/node_modules/tinyspy/dist/index.js:[2m47:80[22m[39m
[90m [2mÔØ»[22m pollingListener src/services/realtimeTrackingService.ts:[2m
461:11[22m[39m
[90m [2mÔØ»[22m callTheUserObjectsOperation node_modules/jsdom/lib/generated
/idl/EventListener.js:[2m26:30[22m[39m
[90m [2mÔØ»[22m innerInvokeEventListeners node_modules/jsdom/lib/jsdom/livin
g/events/EventTarget-impl.js:[2m360:16[22m[39m
[90m [2mÔØ»[22m invokeEventListeners node_modules/jsdom/lib/jsdom/living/eve
nts/EventTarget-impl.js:[2m296:3[22m[39m
[90m [2mÔØ»[22m EventTargetImpl._dispatch node_modules/jsdom/lib/jsdom/livin
g/events/EventTarget-impl.js:[2m243:9[22m[39m
[90m [2mÔØ»[22m EventTargetImpl.dispatchEvent node_modules/jsdom/lib/jsdom/l
iving/events/EventTarget-impl.js:[2m114:17[22m[39m
[90m [2mÔØ»[22m dispatchEvent node_modules/jsdom/lib/generated/idl/EventTarg
et.js:[2m241:34[22m[39m

[31mThis error originated in "[1msrc/test/realtimeTracking.test.ts[22m" test
 file. It doesn't mean the error was thrown inside the file itself, but while i
t was running.[39m
[31mThe latest test that might've caused the error is "[1mshould handle high-
frequency location updates[22m". It might mean one of the following:
- The error was thrown, while Vitest was running this test.
- If the error occurred after the test had been completed, this was the last do
cumented test before it was thrown.[39m

[31mÔÄ»ÔÄ»ÔÄ»ÔÄ»ÔÄ»[39m[1m[41m Uncaught Exception [49m[22m[31mÔÄ»ÔÄ»ÔÄ»Ô
Ä»ÔÄ»[39m
[31m[1mError[22m: Listener error[39m
[36m [2mÔØ»[22m src/test/realtimeTracking.test.ts:[2m201:15[22m[39m
    [90m199| [39m      
    [90m200| [39m      [35mconst[39m badListener [33m=[39m vi[33m.[39m
[34mfn[39m(() [33m=>[39m {
    [90m201| [39m        [35mthrow[39m [35mnew[39m [33mError[39m([32m"
Listener error"[39m)[33m;[39m
    [90m   | [39m              [31m^[39m
    [90m202| [39m      })[33m;[39m
    [90m203| [39m      [35mconst[39m goodListener [33m=[39m vi[33m.[39m
[34mfn[39m()[33m;[39m
[90m [2mÔØ»[22m mockCall ../../../PROYEK%20WEB%20MASTER/APLIKASI/seat-shuttl
e/node_modules/@vitest/spy/dist/index.js:[2m96:15[22m[39m
[90m [2mÔØ»[22m listener ../../../PROYEK%20WEB%20MASTER/APLIKASI/seat-shuttl
e/node_modules/tinyspy/dist/index.js:[2m47:80[22m[39m
[90m [2mÔØ»[22m pollingListener src/services/realtimeTrackingService.ts:[2m
461:11[22m[39m
[90m [2mÔØ»[22m callTheUserObjectsOperation node_modules/jsdom/lib/generated
/idl/EventListener.js:[2m26:30[22m[39m
[90m [2mÔØ»[22m innerInvokeEventListeners node_modules/jsdom/lib/jsdom/livin
g/events/EventTarget-impl.js:[2m360:16[22m[39m
[90m [2mÔØ»[22m invokeEventListeners node_modules/jsdom/lib/jsdom/living/eve
nts/EventTarget-impl.js:[2m296:3[22m[39m
[90m [2mÔØ»[22m EventTargetImpl._dispatch node_modules/jsdom/lib/jsdom/livin
g/events/EventTarget-impl.js:[2m243:9[22m[39m
[90m [2mÔØ»[22m EventTargetImpl.dispatchEvent node_modules/jsdom/lib/jsdom/l
iving/events/EventTarget-impl.js:[2m114:17[22m[39m
[90m [2mÔØ»[22m dispatchEvent node_modules/jsdom/lib/generated/idl/EventTarg
et.js:[2m241:34[22m[39m

[31mThis error originated in "[1msrc/test/realtimeTracking.test.ts[22m" test
 file. It doesn't mean the error was thrown inside the file itself, but while i
t was running.[39m
[31mThe latest test that might've caused the error is "[1mshould handle high-
frequency location updates[22m". It might mean one of the following:
- The error was thrown, while Vitest was running this test.
- If the error occurred after the test had been completed, this was the last do
cumented test before it was thrown.[39m

[31mÔÄ»ÔÄ»ÔÄ»ÔÄ»ÔÄ»[39m[1m[41m Uncaught Exception [49m[22m[31mÔÄ»ÔÄ»ÔÄ»Ô
Ä»ÔÄ»[39m
[31m[1mError[22m: Listener error[39m
[36m [2mÔØ»[22m src/test/realtimeTracking.test.ts:[2m201:15[22m[39m
    [90m199| [39m      
    [90m200| [39m      [35mconst[39m badListener [33m=[39m vi[33m.[39m
[34mfn[39m(() [33m=>[39m {
    [90m201| [39m        [35mthrow[39m [35mnew[39m [33mError[39m([32m"
Listener error"[39m)[33m;[39m
    [90m   | [39m              [31m^[39m
    [90m202| [39m      })[33m;[39m
    [90m203| [39m      [35mconst[39m goodListener [33m=[39m vi[33m.[39m
[34mfn[39m()[33m;[39m
[90m [2mÔØ»[22m mockCall ../../../PROYEK%20WEB%20MASTER/APLIKASI/seat-shuttl
e/node_modules/@vitest/spy/dist/index.js:[2m96:15[22m[39m
[90m [2mÔØ»[22m listener ../../../PROYEK%20WEB%20MASTER/APLIKASI/seat-shuttl
e/node_modules/tinyspy/dist/index.js:[2m47:80[22m[39m
[90m [2mÔØ»[22m pollingListener src/services/realtimeTrackingService.ts:[2m
461:11[22m[39m
[90m [2mÔØ»[22m callTheUserObjectsOperation node_modules/jsdom/lib/generated
/idl/EventListener.js:[2m26:30[22m[39m
[90m [2mÔØ»[22m innerInvokeEventListeners node_modules/jsdom/lib/jsdom/livin
g/events/EventTarget-impl.js:[2m360:16[22m[39m
[90m [2mÔØ»[22m invokeEventListeners node_modules/jsdom/lib/jsdom/living/eve
nts/EventTarget-impl.js:[2m296:3[22m[39m
[90m [2mÔØ»[22m EventTargetImpl._dispatch node_modules/jsdom/lib/jsdom/livin
g/events/EventTarget-impl.js:[2m243:9[22m[39m
[90m [2mÔØ»[22m EventTargetImpl.dispatchEvent node_modules/jsdom/lib/jsdom/l
iving/events/EventTarget-impl.js:[2m114:17[22m[39m
[90m [2mÔØ»[22m dispatchEvent node_modules/jsdom/lib/generated/idl/EventTarg
et.js:[2m241:34[22m[39m

[31mThis error originated in "[1msrc/test/realtimeTracking.test.ts[22m" test
 file. It doesn't mean the error was thrown inside the file itself, but while i
t was running.[39m
[31mThe latest test that might've caused the error is "[1mshould handle high-
frequency location updates[22m". It might mean one of the following:
- The error was thrown, while Vitest was running this test.
- If the error occurred after the test had been completed, this was the last do
cumented test before it was thrown.[39m

[31mÔÄ»ÔÄ»ÔÄ»ÔÄ»ÔÄ»[39m[1m[41m Uncaught Exception [49m[22m[31mÔÄ»ÔÄ»ÔÄ»Ô
Ä»ÔÄ»[39m
[31m[1mError[22m: Listener error[39m
[36m [2mÔØ»[22m src/test/realtimeTracking.test.ts:[2m201:15[22m[39m
    [90m199| [39m      
    [90m200| [39m      [35mconst[39m badListener [33m=[39m vi[33m.[39m
[34mfn[39m(() [33m=>[39m {
    [90m201| [39m        [35mthrow[39m [35mnew[39m [33mError[39m([32m"
Listener error"[39m)[33m;[39m
    [90m   | [39m              [31m^[39m
    [90m202| [39m      })[33m;[39m
    [90m203| [39m      [35mconst[39m goodListener [33m=[39m vi[33m.[39m
[34mfn[39m()[33m;[39m
[90m [2mÔØ»[22m mockCall ../../../PROYEK%20WEB%20MASTER/APLIKASI/seat-shuttl
e/node_modules/@vitest/spy/dist/index.js:[2m96:15[22m[39m
[90m [2mÔØ»[22m listener ../../../PROYEK%20WEB%20MASTER/APLIKASI/seat-shuttl
e/node_modules/tinyspy/dist/index.js:[2m47:80[22m[39m
[90m [2mÔØ»[22m pollingListener src/services/realtimeTrackingService.ts:[2m
461:11[22m[39m
[90m [2mÔØ»[22m callTheUserObjectsOperation node_modules/jsdom/lib/generated
/idl/EventListener.js:[2m26:30[22m[39m
[90m [2mÔØ»[22m innerInvokeEventListeners node_modules/jsdom/lib/jsdom/livin
g/events/EventTarget-impl.js:[2m360:16[22m[39m
[90m [2mÔØ»[22m invokeEventListeners node_modules/jsdom/lib/jsdom/living/eve
nts/EventTarget-impl.js:[2m296:3[22m[39m
[90m [2mÔØ»[22m EventTargetImpl._dispatch node_modules/jsdom/lib/jsdom/livin
g/events/EventTarget-impl.js:[2m243:9[22m[39m
[90m [2mÔØ»[22m EventTargetImpl.dispatchEvent node_modules/jsdom/lib/jsdom/l
iving/events/EventTarget-impl.js:[2m114:17[22m[39m
[90m [2mÔØ»[22m dispatchEvent node_modules/jsdom/lib/generated/idl/EventTarg
et.js:[2m241:34[22m[39m

[31mThis error originated in "[1msrc/test/realtimeTracking.test.ts[22m" test
 file. It doesn't mean the error was thrown inside the file itself, but while i
t was running.[39m
[31mThe latest test that might've caused the error is "[1mshould handle high-
frequency location updates[22m". It might mean one of the following:
- The error was thrown, while Vitest was running this test.
- If the error occurred after the test had been completed, this was the last do
cumented test before it was thrown.[39m

[31mÔÄ»ÔÄ»ÔÄ»ÔÄ»ÔÄ»[39m[1m[41m Uncaught Exception [49m[22m[31mÔÄ»ÔÄ»ÔÄ»Ô
Ä»ÔÄ»[39m
[31m[1mError[22m: Listener error[39m
[36m [2mÔØ»[22m src/test/realtimeTracking.test.ts:[2m201:15[22m[39m
    [90m199| [39m      
    [90m200| [39m      [35mconst[39m badListener [33m=[39m vi[33m.[39m
[34mfn[39m(() [33m=>[39m {
    [90m201| [39m        [35mthrow[39m [35mnew[39m [33mError[39m([32m"
Listener error"[39m)[33m;[39m
    [90m   | [39m              [31m^[39m
    [90m202| [39m      })[33m;[39m
    [90m203| [39m      [35mconst[39m goodListener [33m=[39m vi[33m.[39m
[34mfn[39m()[33m;[39m
[90m [2mÔØ»[22m mockCall ../../../PROYEK%20WEB%20MASTER/APLIKASI/seat-shuttl
e/node_modules/@vitest/spy/dist/index.js:[2m96:15[22m[39m
[90m [2mÔØ»[22m listener ../../../PROYEK%20WEB%20MASTER/APLIKASI/seat-shuttl
e/node_modules/tinyspy/dist/index.js:[2m47:80[22m[39m
[90m [2mÔØ»[22m pollingListener src/services/realtimeTrackingService.ts:[2m
461:11[22m[39m
[90m [2mÔØ»[22m callTheUserObjectsOperation node_modules/jsdom/lib/generated
/idl/EventListener.js:[2m26:30[22m[39m
[90m [2mÔØ»[22m innerInvokeEventListeners node_modules/jsdom/lib/jsdom/livin
g/events/EventTarget-impl.js:[2m360:16[22m[39m
[90m [2mÔØ»[22m invokeEventListeners node_modules/jsdom/lib/jsdom/living/eve
nts/EventTarget-impl.js:[2m296:3[22m[39m
[90m [2mÔØ»[22m EventTargetImpl._dispatch node_modules/jsdom/lib/jsdom/livin
g/events/EventTarget-impl.js:[2m243:9[22m[39m
[90m [2mÔØ»[22m EventTargetImpl.dispatchEvent node_modules/jsdom/lib/jsdom/l
iving/events/EventTarget-impl.js:[2m114:17[22m[39m
[90m [2mÔØ»[22m dispatchEvent node_modules/jsdom/lib/generated/idl/EventTarg
et.js:[2m241:34[22m[39m

[31mThis error originated in "[1msrc/test/realtimeTracking.test.ts[22m" test
 file. It doesn't mean the error was thrown inside the file itself, but while i
t was running.[39m
[31mThe latest test that might've caused the error is "[1mshould handle high-
frequency location updates[22m". It might mean one of the following:
- The error was thrown, while Vitest was running this test.
- If the error occurred after the test had been completed, this was the last do
cumented test before it was thrown.[39m

[31mÔÄ»ÔÄ»ÔÄ»ÔÄ»ÔÄ»[39m[1m[41m Uncaught Exception [49m[22m[31mÔÄ»ÔÄ»ÔÄ»Ô
Ä»ÔÄ»[39m
[31m[1mError[22m: Listener error[39m
[36m [2mÔØ»[22m src/test/realtimeTracking.test.ts:[2m201:15[22m[39m
    [90m199| [39m      
    [90m200| [39m      [35mconst[39m badListener [33m=[39m vi[33m.[39m
[34mfn[39m(() [33m=>[39m {
    [90m201| [39m        [35mthrow[39m [35mnew[39m [33mError[39m([32m"
Listener error"[39m)[33m;[39m
    [90m   | [39m              [31m^[39m
    [90m202| [39m      })[33m;[39m
    [90m203| [39m      [35mconst[39m goodListener [33m=[39m vi[33m.[39m
[34mfn[39m()[33m;[39m
[90m [2mÔØ»[22m mockCall ../../../PROYEK%20WEB%20MASTER/APLIKASI/seat-shuttl
e/node_modules/@vitest/spy/dist/index.js:[2m96:15[22m[39m
[90m [2mÔØ»[22m listener ../../../PROYEK%20WEB%20MASTER/APLIKASI/seat-shuttl
e/node_modules/tinyspy/dist/index.js:[2m47:80[22m[39m
[90m [2mÔØ»[22m pollingListener src/services/realtimeTrackingService.ts:[2m
461:11[22m[39m
[90m [2mÔØ»[22m callTheUserObjectsOperation node_modules/jsdom/lib/generated
/idl/EventListener.js:[2m26:30[22m[39m
[90m [2mÔØ»[22m innerInvokeEventListeners node_modules/jsdom/lib/jsdom/livin
g/events/EventTarget-impl.js:[2m360:16[22m[39m
[90m [2mÔØ»[22m invokeEventListeners node_modules/jsdom/lib/jsdom/living/eve
nts/EventTarget-impl.js:[2m296:3[22m[39m
[90m [2mÔØ»[22m EventTargetImpl._dispatch node_modules/jsdom/lib/jsdom/livin
g/events/EventTarget-impl.js:[2m243:9[22m[39m
[90m [2mÔØ»[22m EventTargetImpl.dispatchEvent node_modules/jsdom/lib/jsdom/l
iving/events/EventTarget-impl.js:[2m114:17[22m[39m
[90m [2mÔØ»[22m dispatchEvent node_modules/jsdom/lib/generated/idl/EventTarg
et.js:[2m241:34[22m[39m

[31mThis error originated in "[1msrc/test/realtimeTracking.test.ts[22m" test
 file. It doesn't mean the error was thrown inside the file itself, but while i
t was running.[39m
[31mThe latest test that might've caused the error is "[1mshould handle high-
frequency location updates[22m". It might mean one of the following:
- The error was thrown, while Vitest was running this test.
- If the error occurred after the test had been completed, this was the last do
cumented test before it was thrown.[39m

[31mÔÄ»ÔÄ»ÔÄ»ÔÄ»ÔÄ»[39m[1m[41m Uncaught Exception [49m[22m[31mÔÄ»ÔÄ»ÔÄ»Ô
Ä»ÔÄ»[39m
[31m[1mError[22m: Listener error[39m
[36m [2mÔØ»[22m src/test/realtimeTracking.test.ts:[2m201:15[22m[39m
    [90m199| [39m      
    [90m200| [39m      [35mconst[39m badListener [33m=[39m vi[33m.[39m
[34mfn[39m(() [33m=>[39m {
    [90m201| [39m        [35mthrow[39m [35mnew[39m [33mError[39m([32m"
Listener error"[39m)[33m;[39m
    [90m   | [39m              [31m^[39m
    [90m202| [39m      })[33m;[39m
    [90m203| [39m      [35mconst[39m goodListener [33m=[39m vi[33m.[39m
[34mfn[39m()[33m;[39m
[90m [2mÔØ»[22m mockCall ../../../PROYEK%20WEB%20MASTER/APLIKASI/seat-shuttl
e/node_modules/@vitest/spy/dist/index.js:[2m96:15[22m[39m
[90m [2mÔØ»[22m listener ../../../PROYEK%20WEB%20MASTER/APLIKASI/seat-shuttl
e/node_modules/tinyspy/dist/index.js:[2m47:80[22m[39m
[90m [2mÔØ»[22m pollingListener src/services/realtimeTrackingService.ts:[2m
461:11[22m[39m
[90m [2mÔØ»[22m callTheUserObjectsOperation node_modules/jsdom/lib/generated
/idl/EventListener.js:[2m26:30[22m[39m
[90m [2mÔØ»[22m innerInvokeEventListeners node_modules/jsdom/lib/jsdom/livin
g/events/EventTarget-impl.js:[2m360:16[22m[39m
[90m [2mÔØ»[22m invokeEventListeners node_modules/jsdom/lib/jsdom/living/eve
nts/EventTarget-impl.js:[2m296:3[22m[39m
[90m [2mÔØ»[22m EventTargetImpl._dispatch node_modules/jsdom/lib/jsdom/livin
g/events/EventTarget-impl.js:[2m243:9[22m[39m
[90m [2mÔØ»[22m EventTargetImpl.dispatchEvent node_modules/jsdom/lib/jsdom/l
iving/events/EventTarget-impl.js:[2m114:17[22m[39m
[90m [2mÔØ»[22m dispatchEvent node_modules/jsdom/lib/generated/idl/EventTarg
et.js:[2m241:34[22m[39m

[31mThis error originated in "[1msrc/test/realtimeTracking.test.ts[22m" test
 file. It doesn't mean the error was thrown inside the file itself, but while i
t was running.[39m
[31mThe latest test that might've caused the error is "[1mshould handle high-
frequency location updates[22m". It might mean one of the following:
- The error was thrown, while Vitest was running this test.
- If the error occurred after the test had been completed, this was the last do
cumented test before it was thrown.[39m

[31mÔÄ»ÔÄ»ÔÄ»ÔÄ»ÔÄ»[39m[1m[41m Uncaught Exception [49m[22m[31mÔÄ»ÔÄ»ÔÄ»Ô
Ä»ÔÄ»[39m
[31m[1mError[22m: Listener error[39m
[36m [2mÔØ»[22m src/test/realtimeTracking.test.ts:[2m201:15[22m[39m
    [90m199| [39m      
    [90m200| [39m      [35mconst[39m badListener [33m=[39m vi[33m.[39m
[34mfn[39m(() [33m=>[39m {
    [90m201| [39m        [35mthrow[39m [35mnew[39m [33mError[39m([32m"
Listener error"[39m)[33m;[39m
    [90m   | [39m              [31m^[39m
    [90m202| [39m      })[33m;[39m
    [90m203| [39m      [35mconst[39m goodListener [33m=[39m vi[33m.[39m
[34mfn[39m()[33m;[39m
[90m [2mÔØ»[22m mockCall ../../../PROYEK%20WEB%20MASTER/APLIKASI/seat-shuttl
e/node_modules/@vitest/spy/dist/index.js:[2m96:15[22m[39m
[90m [2mÔØ»[22m listener ../../../PROYEK%20WEB%20MASTER/APLIKASI/seat-shuttl
e/node_modules/tinyspy/dist/index.js:[2m47:80[22m[39m
[90m [2mÔØ»[22m pollingListener src/services/realtimeTrackingService.ts:[2m
461:11[22m[39m
[90m [2mÔØ»[22m callTheUserObjectsOperation node_modules/jsdom/lib/generated
/idl/EventListener.js:[2m26:30[22m[39m
[90m [2mÔØ»[22m innerInvokeEventListeners node_modules/jsdom/lib/jsdom/livin
g/events/EventTarget-impl.js:[2m360:16[22m[39m
[90m [2mÔØ»[22m invokeEventListeners node_modules/jsdom/lib/jsdom/living/eve
nts/EventTarget-impl.js:[2m296:3[22m[39m
[90m [2mÔØ»[22m EventTargetImpl._dispatch node_modules/jsdom/lib/jsdom/livin
g/events/EventTarget-impl.js:[2m243:9[22m[39m
[90m [2mÔØ»[22m EventTargetImpl.dispatchEvent node_modules/jsdom/lib/jsdom/l
iving/events/EventTarget-impl.js:[2m114:17[22m[39m
[90m [2mÔØ»[22m dispatchEvent node_modules/jsdom/lib/generated/idl/EventTarg
et.js:[2m241:34[22m[39m

[31mThis error originated in "[1msrc/test/realtimeTracking.test.ts[22m" test
 file. It doesn't mean the error was thrown inside the file itself, but while i
t was running.[39m
[31mThe latest test that might've caused the error is "[1mshould handle high-
frequency location updates[22m". It might mean one of the following:
- The error was thrown, while Vitest was running this test.
- If the error occurred after the test had been completed, this was the last do
cumented test before it was thrown.[39m

[31mÔÄ»ÔÄ»ÔÄ»ÔÄ»ÔÄ»[39m[1m[41m Uncaught Exception [49m[22m[31mÔÄ»ÔÄ»ÔÄ»Ô
Ä»ÔÄ»[39m
[31m[1mError[22m: Listener error[39m
[36m [2mÔØ»[22m src/test/realtimeTracking.test.ts:[2m201:15[22m[39m
    [90m199| [39m      
    [90m200| [39m      [35mconst[39m badListener [33m=[39m vi[33m.[39m
[34mfn[39m(() [33m=>[39m {
    [90m201| [39m        [35mthrow[39m [35mnew[39m [33mError[39m([32m"
Listener error"[39m)[33m;[39m
    [90m   | [39m              [31m^[39m
    [90m202| [39m      })[33m;[39m
    [90m203| [39m      [35mconst[39m goodListener [33m=[39m vi[33m.[39m
[34mfn[39m()[33m;[39m
[90m [2mÔØ»[22m mockCall ../../../PROYEK%20WEB%20MASTER/APLIKASI/seat-shuttl
e/node_modules/@vitest/spy/dist/index.js:[2m96:15[22m[39m
[90m [2mÔØ»[22m listener ../../../PROYEK%20WEB%20MASTER/APLIKASI/seat-shuttl
e/node_modules/tinyspy/dist/index.js:[2m47:80[22m[39m
[90m [2mÔØ»[22m pollingListener src/services/realtimeTrackingService.ts:[2m
461:11[22m[39m
[90m [2mÔØ»[22m callTheUserObjectsOperation node_modules/jsdom/lib/generated
/idl/EventListener.js:[2m26:30[22m[39m
[90m [2mÔØ»[22m innerInvokeEventListeners node_modules/jsdom/lib/jsdom/livin
g/events/EventTarget-impl.js:[2m360:16[22m[39m
[90m [2mÔØ»[22m invokeEventListeners node_modules/jsdom/lib/jsdom/living/eve
nts/EventTarget-impl.js:[2m296:3[22m[39m
[90m [2mÔØ»[22m EventTargetImpl._dispatch node_modules/jsdom/lib/jsdom/livin
g/events/EventTarget-impl.js:[2m243:9[22m[39m
[90m [2mÔØ»[22m EventTargetImpl.dispatchEvent node_modules/jsdom/lib/jsdom/l
iving/events/EventTarget-impl.js:[2m114:17[22m[39m
[90m [2mÔØ»[22m dispatchEvent node_modules/jsdom/lib/generated/idl/EventTarg
et.js:[2m241:34[22m[39m

[31mThis error originated in "[1msrc/test/realtimeTracking.test.ts[22m" test
 file. It doesn't mean the error was thrown inside the file itself, but while i
t was running.[39m
[31mThe latest test that might've caused the error is "[1mshould handle high-
frequency location updates[22m". It might mean one of the following:
- The error was thrown, while Vitest was running this test.
- If the error occurred after the test had been completed, this was the last do
cumented test before it was thrown.[39m

[31mÔÄ»ÔÄ»ÔÄ»ÔÄ»ÔÄ»[39m[1m[41m Uncaught Exception [49m[22m[31mÔÄ»ÔÄ»ÔÄ»Ô
Ä»ÔÄ»[39m
[31m[1mError[22m: Listener error[39m
[36m [2mÔØ»[22m src/test/realtimeTracking.test.ts:[2m201:15[22m[39m
    [90m199| [39m      
    [90m200| [39m      [35mconst[39m badListener [33m=[39m vi[33m.[39m
[34mfn[39m(() [33m=>[39m {
    [90m201| [39m        [35mthrow[39m [35mnew[39m [33mError[39m([32m"
Listener error"[39m)[33m;[39m
    [90m   | [39m              [31m^[39m
    [90m202| [39m      })[33m;[39m
    [90m203| [39m      [35mconst[39m goodListener [33m=[39m vi[33m.[39m
[34mfn[39m()[33m;[39m
[90m [2mÔØ»[22m mockCall ../../../PROYEK%20WEB%20MASTER/APLIKASI/seat-shuttl
e/node_modules/@vitest/spy/dist/index.js:[2m96:15[22m[39m
[90m [2mÔØ»[22m listener ../../../PROYEK%20WEB%20MASTER/APLIKASI/seat-shuttl
e/node_modules/tinyspy/dist/index.js:[2m47:80[22m[39m
[90m [2mÔØ»[22m pollingListener src/services/realtimeTrackingService.ts:[2m
461:11[22m[39m
[90m [2mÔØ»[22m callTheUserObjectsOperation node_modules/jsdom/lib/generated
/idl/EventListener.js:[2m26:30[22m[39m
[90m [2mÔØ»[22m innerInvokeEventListeners node_modules/jsdom/lib/jsdom/livin
g/events/EventTarget-impl.js:[2m360:16[22m[39m
[90m [2mÔØ»[22m invokeEventListeners node_modules/jsdom/lib/jsdom/living/eve
nts/EventTarget-impl.js:[2m296:3[22m[39m
[90m [2mÔØ»[22m EventTargetImpl._dispatch node_modules/jsdom/lib/jsdom/livin
g/events/EventTarget-impl.js:[2m243:9[22m[39m
[90m [2mÔØ»[22m EventTargetImpl.dispatchEvent node_modules/jsdom/lib/jsdom/l
iving/events/EventTarget-impl.js:[2m114:17[22m[39m
[90m [2mÔØ»[22m dispatchEvent node_modules/jsdom/lib/generated/idl/EventTarg
et.js:[2m241:34[22m[39m

[31mThis error originated in "[1msrc/test/realtimeTracking.test.ts[22m" test
 file. It doesn't mean the error was thrown inside the file itself, but while i
t was running.[39m
[31mThe latest test that might've caused the error is "[1mshould handle high-
frequency location updates[22m". It might mean one of the following:
- The error was thrown, while Vitest was running this test.
- If the error occurred after the test had been completed, this was the last do
cumented test before it was thrown.[39m

[31mÔÄ»ÔÄ»ÔÄ»ÔÄ»ÔÄ»[39m[1m[41m Uncaught Exception [49m[22m[31mÔÄ»ÔÄ»ÔÄ»Ô
Ä»ÔÄ»[39m
[31m[1mError[22m: Listener error[39m
[36m [2mÔØ»[22m src/test/realtimeTracking.test.ts:[2m201:15[22m[39m
    [90m199| [39m      
    [90m200| [39m      [35mconst[39m badListener [33m=[39m vi[33m.[39m
[34mfn[39m(() [33m=>[39m {
    [90m201| [39m        [35mthrow[39m [35mnew[39m [33mError[39m([32m"
Listener error"[39m)[33m;[39m
    [90m   | [39m              [31m^[39m
    [90m202| [39m      })[33m;[39m
    [90m203| [39m      [35mconst[39m goodListener [33m=[39m vi[33m.[39m
[34mfn[39m()[33m;[39m
[90m [2mÔØ»[22m mockCall ../../../PROYEK%20WEB%20MASTER/APLIKASI/seat-shuttl
e/node_modules/@vitest/spy/dist/index.js:[2m96:15[22m[39m
[90m [2mÔØ»[22m listener ../../../PROYEK%20WEB%20MASTER/APLIKASI/seat-shuttl
e/node_modules/tinyspy/dist/index.js:[2m47:80[22m[39m
[90m [2mÔØ»[22m pollingListener src/services/realtimeTrackingService.ts:[2m
461:11[22m[39m
[90m [2mÔØ»[22m callTheUserObjectsOperation node_modules/jsdom/lib/generated
/idl/EventListener.js:[2m26:30[22m[39m
[90m [2mÔØ»[22m innerInvokeEventListeners node_modules/jsdom/lib/jsdom/livin
g/events/EventTarget-impl.js:[2m360:16[22m[39m
[90m [2mÔØ»[22m invokeEventListeners node_modules/jsdom/lib/jsdom/living/eve
nts/EventTarget-impl.js:[2m296:3[22m[39m
[90m [2mÔØ»[22m EventTargetImpl._dispatch node_modules/jsdom/lib/jsdom/livin
g/events/EventTarget-impl.js:[2m243:9[22m[39m
[90m [2mÔØ»[22m EventTargetImpl.dispatchEvent node_modules/jsdom/lib/jsdom/l
iving/events/EventTarget-impl.js:[2m114:17[22m[39m
[90m [2mÔØ»[22m dispatchEvent node_modules/jsdom/lib/generated/idl/EventTarg
et.js:[2m241:34[22m[39m

[31mThis error originated in "[1msrc/test/realtimeTracking.test.ts[22m" test
 file. It doesn't mean the error was thrown inside the file itself, but while i
t was running.[39m
[31mThe latest test that might've caused the error is "[1mshould handle high-
frequency location updates[22m". It might mean one of the following:
- The error was thrown, while Vitest was running this test.
- If the error occurred after the test had been completed, this was the last do
cumented test before it was thrown.[39m

[31mÔÄ»ÔÄ»ÔÄ»ÔÄ»ÔÄ»[39m[1m[41m Uncaught Exception [49m[22m[31mÔÄ»ÔÄ»ÔÄ»Ô
Ä»ÔÄ»[39m
[31m[1mError[22m: Listener error[39m
[36m [2mÔØ»[22m src/test/realtimeTracking.test.ts:[2m201:15[22m[39m
    [90m199| [39m      
    [90m200| [39m      [35mconst[39m badListener [33m=[39m vi[33m.[39m
[34mfn[39m(() [33m=>[39m {
    [90m201| [39m        [35mthrow[39m [35mnew[39m [33mError[39m([32m"
Listener error"[39m)[33m;[39m
    [90m   | [39m              [31m^[39m
    [90m202| [39m      })[33m;[39m
    [90m203| [39m      [35mconst[39m goodListener [33m=[39m vi[33m.[39m
[34mfn[39m()[33m;[39m
[90m [2mÔØ»[22m mockCall ../../../PROYEK%20WEB%20MASTER/APLIKASI/seat-shuttl
e/node_modules/@vitest/spy/dist/index.js:[2m96:15[22m[39m
[90m [2mÔØ»[22m listener ../../../PROYEK%20WEB%20MASTER/APLIKASI/seat-shuttl
e/node_modules/tinyspy/dist/index.js:[2m47:80[22m[39m
[90m [2mÔØ»[22m pollingListener src/services/realtimeTrackingService.ts:[2m
461:11[22m[39m
[90m [2mÔØ»[22m callTheUserObjectsOperation node_modules/jsdom/lib/generated
/idl/EventListener.js:[2m26:30[22m[39m
[90m [2mÔØ»[22m innerInvokeEventListeners node_modules/jsdom/lib/jsdom/livin
g/events/EventTarget-impl.js:[2m360:16[22m[39m
[90m [2mÔØ»[22m invokeEventListeners node_modules/jsdom/lib/jsdom/living/eve
nts/EventTarget-impl.js:[2m296:3[22m[39m
[90m [2mÔØ»[22m EventTargetImpl._dispatch node_modules/jsdom/lib/jsdom/livin
g/events/EventTarget-impl.js:[2m243:9[22m[39m
[90m [2mÔØ»[22m EventTargetImpl.dispatchEvent node_modules/jsdom/lib/jsdom/l
iving/events/EventTarget-impl.js:[2m114:17[22m[39m
[90m [2mÔØ»[22m dispatchEvent node_modules/jsdom/lib/generated/idl/EventTarg
et.js:[2m241:34[22m[39m

[31mThis error originated in "[1msrc/test/realtimeTracking.test.ts[22m" test
 file. It doesn't mean the error was thrown inside the file itself, but while i
t was running.[39m
[31mThe latest test that might've caused the error is "[1mshould handle high-
frequency location updates[22m". It might mean one of the following:
- The error was thrown, while Vitest was running this test.
- If the error occurred after the test had been completed, this was the last do
cumented test before it was thrown.[39m

[31mÔÄ»ÔÄ»ÔÄ»ÔÄ»ÔÄ»[39m[1m[41m Uncaught Exception [49m[22m[31mÔÄ»ÔÄ»ÔÄ»Ô
Ä»ÔÄ»[39m
[31m[1mError[22m: Listener error[39m
[36m [2mÔØ»[22m src/test/realtimeTracking.test.ts:[2m201:15[22m[39m
    [90m199| [39m      
    [90m200| [39m      [35mconst[39m badListener [33m=[39m vi[33m.[39m
[34mfn[39m(() [33m=>[39m {
    [90m201| [39m        [35mthrow[39m [35mnew[39m [33mError[39m([32m"
Listener error"[39m)[33m;[39m
    [90m   | [39m              [31m^[39m
    [90m202| [39m      })[33m;[39m
    [90m203| [39m      [35mconst[39m goodListener [33m=[39m vi[33m.[39m
[34mfn[39m()[33m;[39m
[90m [2mÔØ»[22m mockCall ../../../PROYEK%20WEB%20MASTER/APLIKASI/seat-shuttl
e/node_modules/@vitest/spy/dist/index.js:[2m96:15[22m[39m
[90m [2mÔØ»[22m listener ../../../PROYEK%20WEB%20MASTER/APLIKASI/seat-shuttl
e/node_modules/tinyspy/dist/index.js:[2m47:80[22m[39m
[90m [2mÔØ»[22m pollingListener src/services/realtimeTrackingService.ts:[2m
461:11[22m[39m
[90m [2mÔØ»[22m callTheUserObjectsOperation node_modules/jsdom/lib/generated
/idl/EventListener.js:[2m26:30[22m[39m
[90m [2mÔØ»[22m innerInvokeEventListeners node_modules/jsdom/lib/jsdom/livin
g/events/EventTarget-impl.js:[2m360:16[22m[39m
[90m [2mÔØ»[22m invokeEventListeners node_modules/jsdom/lib/jsdom/living/eve
nts/EventTarget-impl.js:[2m296:3[22m[39m
[90m [2mÔØ»[22m EventTargetImpl._dispatch node_modules/jsdom/lib/jsdom/livin
g/events/EventTarget-impl.js:[2m243:9[22m[39m
[90m [2mÔØ»[22m EventTargetImpl.dispatchEvent node_modules/jsdom/lib/jsdom/l
iving/events/EventTarget-impl.js:[2m114:17[22m[39m
[90m [2mÔØ»[22m dispatchEvent node_modules/jsdom/lib/generated/idl/EventTarg
et.js:[2m241:34[22m[39m

[31mThis error originated in "[1msrc/test/realtimeTracking.test.ts[22m" test
 file. It doesn't mean the error was thrown inside the file itself, but while i
t was running.[39m
[31mThe latest test that might've caused the error is "[1mshould handle high-
frequency location updates[22m". It might mean one of the following:
- The error was thrown, while Vitest was running this test.
- If the error occurred after the test had been completed, this was the last do
cumented test before it was thrown.[39m

[31mÔÄ»ÔÄ»ÔÄ»ÔÄ»ÔÄ»[39m[1m[41m Uncaught Exception [49m[22m[31mÔÄ»ÔÄ»ÔÄ»Ô
Ä»ÔÄ»[39m
[31m[1mError[22m: Listener error[39m
[36m [2mÔØ»[22m src/test/realtimeTracking.test.ts:[2m201:15[22m[39m
    [90m199| [39m      
    [90m200| [39m      [35mconst[39m badListener [33m=[39m vi[33m.[39m
[34mfn[39m(() [33m=>[39m {
    [90m201| [39m        [35mthrow[39m [35mnew[39m [33mError[39m([32m"
Listener error"[39m)[33m;[39m
    [90m   | [39m              [31m^[39m
    [90m202| [39m      })[33m;[39m
    [90m203| [39m      [35mconst[39m goodListener [33m=[39m vi[33m.[39m
[34mfn[39m()[33m;[39m
[90m [2mÔØ»[22m mockCall ../../../PROYEK%20WEB%20MASTER/APLIKASI/seat-shuttl
e/node_modules/@vitest/spy/dist/index.js:[2m96:15[22m[39m
[90m [2mÔØ»[22m listener ../../../PROYEK%20WEB%20MASTER/APLIKASI/seat-shuttl
e/node_modules/tinyspy/dist/index.js:[2m47:80[22m[39m
[90m [2mÔØ»[22m pollingListener src/services/realtimeTrackingService.ts:[2m
461:11[22m[39m
[90m [2mÔØ»[22m callTheUserObjectsOperation node_modules/jsdom/lib/generated
/idl/EventListener.js:[2m26:30[22m[39m
[90m [2mÔØ»[22m innerInvokeEventListeners node_modules/jsdom/lib/jsdom/livin
g/events/EventTarget-impl.js:[2m360:16[22m[39m
[90m [2mÔØ»[22m invokeEventListeners node_modules/jsdom/lib/jsdom/living/eve
nts/EventTarget-impl.js:[2m296:3[22m[39m
[90m [2mÔØ»[22m EventTargetImpl._dispatch node_modules/jsdom/lib/jsdom/livin
g/events/EventTarget-impl.js:[2m243:9[22m[39m
[90m [2mÔØ»[22m EventTargetImpl.dispatchEvent node_modules/jsdom/lib/jsdom/l
iving/events/EventTarget-impl.js:[2m114:17[22m[39m
[90m [2mÔØ»[22m dispatchEvent node_modules/jsdom/lib/generated/idl/EventTarg
et.js:[2m241:34[22m[39m

[31mThis error originated in "[1msrc/test/realtimeTracking.test.ts[22m" test
 file. It doesn't mean the error was thrown inside the file itself, but while i
t was running.[39m
[31mThe latest test that might've caused the error is "[1mshould handle high-
frequency location updates[22m". It might mean one of the following:
- The error was thrown, while Vitest was running this test.
- If the error occurred after the test had been completed, this was the last do
cumented test before it was thrown.[39m

[31mÔÄ»ÔÄ»ÔÄ»ÔÄ»ÔÄ»[39m[1m[41m Uncaught Exception [49m[22m[31mÔÄ»ÔÄ»ÔÄ»Ô
Ä»ÔÄ»[39m
[31m[1mError[22m: Listener error[39m
[36m [2mÔØ»[22m src/test/realtimeTracking.test.ts:[2m201:15[22m[39m
    [90m199| [39m      
    [90m200| [39m      [35mconst[39m badListener [33m=[39m vi[33m.[39m
[34mfn[39m(() [33m=>[39m {
    [90m201| [39m        [35mthrow[39m [35mnew[39m [33mError[39m([32m"
Listener error"[39m)[33m;[39m
    [90m   | [39m              [31m^[39m
    [90m202| [39m      })[33m;[39m
    [90m203| [39m      [35mconst[39m goodListener [33m=[39m vi[33m.[39m
[34mfn[39m()[33m;[39m
[90m [2mÔØ»[22m mockCall ../../../PROYEK%20WEB%20MASTER/APLIKASI/seat-shuttl
e/node_modules/@vitest/spy/dist/index.js:[2m96:15[22m[39m
[90m [2mÔØ»[22m listener ../../../PROYEK%20WEB%20MASTER/APLIKASI/seat-shuttl
e/node_modules/tinyspy/dist/index.js:[2m47:80[22m[39m
[90m [2mÔØ»[22m pollingListener src/services/realtimeTrackingService.ts:[2m
461:11[22m[39m
[90m [2mÔØ»[22m callTheUserObjectsOperation node_modules/jsdom/lib/generated
/idl/EventListener.js:[2m26:30[22m[39m
[90m [2mÔØ»[22m innerInvokeEventListeners node_modules/jsdom/lib/jsdom/livin
g/events/EventTarget-impl.js:[2m360:16[22m[39m
[90m [2mÔØ»[22m invokeEventListeners node_modules/jsdom/lib/jsdom/living/eve
nts/EventTarget-impl.js:[2m296:3[22m[39m
[90m [2mÔØ»[22m EventTargetImpl._dispatch node_modules/jsdom/lib/jsdom/livin
g/events/EventTarget-impl.js:[2m243:9[22m[39m
[90m [2mÔØ»[22m EventTargetImpl.dispatchEvent node_modules/jsdom/lib/jsdom/l
iving/events/EventTarget-impl.js:[2m114:17[22m[39m
[90m [2mÔØ»[22m dispatchEvent node_modules/jsdom/lib/generated/idl/EventTarg
et.js:[2m241:34[22m[39m

[31mThis error originated in "[1msrc/test/realtimeTracking.test.ts[22m" test
 file. It doesn't mean the error was thrown inside the file itself, but while i
t was running.[39m
[31mThe latest test that might've caused the error is "[1mshould handle high-
frequency location updates[22m". It might mean one of the following:
- The error was thrown, while Vitest was running this test.
- If the error occurred after the test had been completed, this was the last do
cumented test before it was thrown.[39m

[31mÔÄ»ÔÄ»ÔÄ»ÔÄ»ÔÄ»[39m[1m[41m Uncaught Exception [49m[22m[31mÔÄ»ÔÄ»ÔÄ»Ô
Ä»ÔÄ»[39m
[31m[1mError[22m: Listener error[39m
[36m [2mÔØ»[22m src/test/realtimeTracking.test.ts:[2m201:15[22m[39m
    [90m199| [39m      
    [90m200| [39m      [35mconst[39m badListener [33m=[39m vi[33m.[39m
[34mfn[39m(() [33m=>[39m {
    [90m201| [39m        [35mthrow[39m [35mnew[39m [33mError[39m([32m"
Listener error"[39m)[33m;[39m
    [90m   | [39m              [31m^[39m
    [90m202| [39m      })[33m;[39m
    [90m203| [39m      [35mconst[39m goodListener [33m=[39m vi[33m.[39m
[34mfn[39m()[33m;[39m
[90m [2mÔØ»[22m mockCall ../../../PROYEK%20WEB%20MASTER/APLIKASI/seat-shuttl
e/node_modules/@vitest/spy/dist/index.js:[2m96:15[22m[39m
[90m [2mÔØ»[22m listener ../../../PROYEK%20WEB%20MASTER/APLIKASI/seat-shuttl
e/node_modules/tinyspy/dist/index.js:[2m47:80[22m[39m
[90m [2mÔØ»[22m pollingListener src/services/realtimeTrackingService.ts:[2m
461:11[22m[39m
[90m [2mÔØ»[22m callTheUserObjectsOperation node_modules/jsdom/lib/generated
/idl/EventListener.js:[2m26:30[22m[39m
[90m [2mÔØ»[22m innerInvokeEventListeners node_modules/jsdom/lib/jsdom/livin
g/events/EventTarget-impl.js:[2m360:16[22m[39m
[90m [2mÔØ»[22m invokeEventListeners node_modules/jsdom/lib/jsdom/living/eve
nts/EventTarget-impl.js:[2m296:3[22m[39m
[90m [2mÔØ»[22m EventTargetImpl._dispatch node_modules/jsdom/lib/jsdom/livin
g/events/EventTarget-impl.js:[2m243:9[22m[39m
[90m [2mÔØ»[22m EventTargetImpl.dispatchEvent node_modules/jsdom/lib/jsdom/l
iving/events/EventTarget-impl.js:[2m114:17[22m[39m
[90m [2mÔØ»[22m dispatchEvent node_modules/jsdom/lib/generated/idl/EventTarg
et.js:[2m241:34[22m[39m

[31mThis error originated in "[1msrc/test/realtimeTracking.test.ts[22m" test
 file. It doesn't mean the error was thrown inside the file itself, but while i
t was running.[39m
[31mThe latest test that might've caused the error is "[1mshould handle high-
frequency location updates[22m". It might mean one of the following:
- The error was thrown, while Vitest was running this test.
- If the error occurred after the test had been completed, this was the last do
cumented test before it was thrown.[39m

[31mÔÄ»ÔÄ»ÔÄ»ÔÄ»ÔÄ»[39m[1m[41m Uncaught Exception [49m[22m[31mÔÄ»ÔÄ»ÔÄ»Ô
Ä»ÔÄ»[39m
[31m[1mError[22m: Listener error[39m
[36m [2mÔØ»[22m src/test/realtimeTracking.test.ts:[2m201:15[22m[39m
    [90m199| [39m      
    [90m200| [39m      [35mconst[39m badListener [33m=[39m vi[33m.[39m
[34mfn[39m(() [33m=>[39m {
    [90m201| [39m        [35mthrow[39m [35mnew[39m [33mError[39m([32m"
Listener error"[39m)[33m;[39m
    [90m   | [39m              [31m^[39m
    [90m202| [39m      })[33m;[39m
    [90m203| [39m      [35mconst[39m goodListener [33m=[39m vi[33m.[39m
[34mfn[39m()[33m;[39m
[90m [2mÔØ»[22m mockCall ../../../PROYEK%20WEB%20MASTER/APLIKASI/seat-shuttl
e/node_modules/@vitest/spy/dist/index.js:[2m96:15[22m[39m
[90m [2mÔØ»[22m listener ../../../PROYEK%20WEB%20MASTER/APLIKASI/seat-shuttl
e/node_modules/tinyspy/dist/index.js:[2m47:80[22m[39m
[90m [2mÔØ»[22m pollingListener src/services/realtimeTrackingService.ts:[2m
461:11[22m[39m
[90m [2mÔØ»[22m callTheUserObjectsOperation node_modules/jsdom/lib/generated
/idl/EventListener.js:[2m26:30[22m[39m
[90m [2mÔØ»[22m innerInvokeEventListeners node_modules/jsdom/lib/jsdom/livin
g/events/EventTarget-impl.js:[2m360:16[22m[39m
[90m [2mÔØ»[22m invokeEventListeners node_modules/jsdom/lib/jsdom/living/eve
nts/EventTarget-impl.js:[2m296:3[22m[39m
[90m [2mÔØ»[22m EventTargetImpl._dispatch node_modules/jsdom/lib/jsdom/livin
g/events/EventTarget-impl.js:[2m243:9[22m[39m
[90m [2mÔØ»[22m EventTargetImpl.dispatchEvent node_modules/jsdom/lib/jsdom/l
iving/events/EventTarget-impl.js:[2m114:17[22m[39m
[90m [2mÔØ»[22m dispatchEvent node_modules/jsdom/lib/generated/idl/EventTarg
et.js:[2m241:34[22m[39m

[31mThis error originated in "[1msrc/test/realtimeTracking.test.ts[22m" test
 file. It doesn't mean the error was thrown inside the file itself, but while i
t was running.[39m
[31mThe latest test that might've caused the error is "[1mshould handle high-
frequency location updates[22m". It might mean one of the following:
- The error was thrown, while Vitest was running this test.
- If the error occurred after the test had been completed, this was the last do
cumented test before it was thrown.[39m

[31mÔÄ»ÔÄ»ÔÄ»ÔÄ»ÔÄ»[39m[1m[41m Uncaught Exception [49m[22m[31mÔÄ»ÔÄ»ÔÄ»Ô
Ä»ÔÄ»[39m
[31m[1mError[22m: Listener error[39m
[36m [2mÔØ»[22m src/test/realtimeTracking.test.ts:[2m201:15[22m[39m
    [90m199| [39m      
    [90m200| [39m      [35mconst[39m badListener [33m=[39m vi[33m.[39m
[34mfn[39m(() [33m=>[39m {
    [90m201| [39m        [35mthrow[39m [35mnew[39m [33mError[39m([32m"
Listener error"[39m)[33m;[39m
    [90m   | [39m              [31m^[39m
    [90m202| [39m      })[33m;[39m
    [90m203| [39m      [35mconst[39m goodListener [33m=[39m vi[33m.[39m
[34mfn[39m()[33m;[39m
[90m [2mÔØ»[22m mockCall ../../../PROYEK%20WEB%20MASTER/APLIKASI/seat-shuttl
e/node_modules/@vitest/spy/dist/index.js:[2m96:15[22m[39m
[90m [2mÔØ»[22m listener ../../../PROYEK%20WEB%20MASTER/APLIKASI/seat-shuttl
e/node_modules/tinyspy/dist/index.js:[2m47:80[22m[39m
[90m [2mÔØ»[22m pollingListener src/services/realtimeTrackingService.ts:[2m
461:11[22m[39m
[90m [2mÔØ»[22m callTheUserObjectsOperation node_modules/jsdom/lib/generated
/idl/EventListener.js:[2m26:30[22m[39m
[90m [2mÔØ»[22m innerInvokeEventListeners node_modules/jsdom/lib/jsdom/livin
g/events/EventTarget-impl.js:[2m360:16[22m[39m
[90m [2mÔØ»[22m invokeEventListeners node_modules/jsdom/lib/jsdom/living/eve
nts/EventTarget-impl.js:[2m296:3[22m[39m
[90m [2mÔØ»[22m EventTargetImpl._dispatch node_modules/jsdom/lib/jsdom/livin
g/events/EventTarget-impl.js:[2m243:9[22m[39m
[90m [2mÔØ»[22m EventTargetImpl.dispatchEvent node_modules/jsdom/lib/jsdom/l
iving/events/EventTarget-impl.js:[2m114:17[22m[39m
[90m [2mÔØ»[22m dispatchEvent node_modules/jsdom/lib/generated/idl/EventTarg
et.js:[2m241:34[22m[39m

[31mThis error originated in "[1msrc/test/realtimeTracking.test.ts[22m" test
 file. It doesn't mean the error was thrown inside the file itself, but while i
t was running.[39m
[31mThe latest test that might've caused the error is "[1mshould handle high-
frequency location updates[22m". It might mean one of the following:
- The error was thrown, while Vitest was running this test.
- If the error occurred after the test had been completed, this was the last do
cumented test before it was thrown.[39m

[31mÔÄ»ÔÄ»ÔÄ»ÔÄ»ÔÄ»[39m[1m[41m Uncaught Exception [49m[22m[31mÔÄ»ÔÄ»ÔÄ»Ô
Ä»ÔÄ»[39m
[31m[1mError[22m: Listener error[39m
[36m [2mÔØ»[22m src/test/realtimeTracking.test.ts:[2m201:15[22m[39m
    [90m199| [39m      
    [90m200| [39m      [35mconst[39m badListener [33m=[39m vi[33m.[39m
[34mfn[39m(() [33m=>[39m {
    [90m201| [39m        [35mthrow[39m [35mnew[39m [33mError[39m([32m"
Listener error"[39m)[33m;[39m
    [90m   | [39m              [31m^[39m
    [90m202| [39m      })[33m;[39m
    [90m203| [39m      [35mconst[39m goodListener [33m=[39m vi[33m.[39m
[34mfn[39m()[33m;[39m
[90m [2mÔØ»[22m mockCall ../../../PROYEK%20WEB%20MASTER/APLIKASI/seat-shuttl
e/node_modules/@vitest/spy/dist/index.js:[2m96:15[22m[39m
[90m [2mÔØ»[22m listener ../../../PROYEK%20WEB%20MASTER/APLIKASI/seat-shuttl
e/node_modules/tinyspy/dist/index.js:[2m47:80[22m[39m
[90m [2mÔØ»[22m pollingListener src/services/realtimeTrackingService.ts:[2m
461:11[22m[39m
[90m [2mÔØ»[22m callTheUserObjectsOperation node_modules/jsdom/lib/generated
/idl/EventListener.js:[2m26:30[22m[39m
[90m [2mÔØ»[22m innerInvokeEventListeners node_modules/jsdom/lib/jsdom/livin
g/events/EventTarget-impl.js:[2m360:16[22m[39m
[90m [2mÔØ»[22m invokeEventListeners node_modules/jsdom/lib/jsdom/living/eve
nts/EventTarget-impl.js:[2m296:3[22m[39m
[90m [2mÔØ»[22m EventTargetImpl._dispatch node_modules/jsdom/lib/jsdom/livin
g/events/EventTarget-impl.js:[2m243:9[22m[39m
[90m [2mÔØ»[22m EventTargetImpl.dispatchEvent node_modules/jsdom/lib/jsdom/l
iving/events/EventTarget-impl.js:[2m114:17[22m[39m
[90m [2mÔØ»[22m dispatchEvent node_modules/jsdom/lib/generated/idl/EventTarg
et.js:[2m241:34[22m[39m

[31mThis error originated in "[1msrc/test/realtimeTracking.test.ts[22m" test
 file. It doesn't mean the error was thrown inside the file itself, but while i
t was running.[39m
[31mThe latest test that might've caused the error is "[1mshould handle high-
frequency location updates[22m". It might mean one of the following:
- The error was thrown, while Vitest was running this test.
- If the error occurred after the test had been completed, this was the last do
cumented test before it was thrown.[39m

[31mÔÄ»ÔÄ»ÔÄ»ÔÄ»ÔÄ»[39m[1m[41m Uncaught Exception [49m[22m[31mÔÄ»ÔÄ»ÔÄ»Ô
Ä»ÔÄ»[39m
[31m[1mError[22m: Listener error[39m
[36m [2mÔØ»[22m src/test/realtimeTracking.test.ts:[2m201:15[22m[39m
    [90m199| [39m      
    [90m200| [39m      [35mconst[39m badListener [33m=[39m vi[33m.[39m
[34mfn[39m(() [33m=>[39m {
    [90m201| [39m        [35mthrow[39m [35mnew[39m [33mError[39m([32m"
Listener error"[39m)[33m;[39m
    [90m   | [39m              [31m^[39m
    [90m202| [39m      })[33m;[39m
    [90m203| [39m      [35mconst[39m goodListener [33m=[39m vi[33m.[39m
[34mfn[39m()[33m;[39m
[90m [2mÔØ»[22m mockCall ../../../PROYEK%20WEB%20MASTER/APLIKASI/seat-shuttl
e/node_modules/@vitest/spy/dist/index.js:[2m96:15[22m[39m
[90m [2mÔØ»[22m listener ../../../PROYEK%20WEB%20MASTER/APLIKASI/seat-shuttl
e/node_modules/tinyspy/dist/index.js:[2m47:80[22m[39m
[90m [2mÔØ»[22m pollingListener src/services/realtimeTrackingService.ts:[2m
461:11[22m[39m
[90m [2mÔØ»[22m callTheUserObjectsOperation node_modules/jsdom/lib/generated
/idl/EventListener.js:[2m26:30[22m[39m
[90m [2mÔØ»[22m innerInvokeEventListeners node_modules/jsdom/lib/jsdom/livin
g/events/EventTarget-impl.js:[2m360:16[22m[39m
[90m [2mÔØ»[22m invokeEventListeners node_modules/jsdom/lib/jsdom/living/eve
nts/EventTarget-impl.js:[2m296:3[22m[39m
[90m [2mÔØ»[22m EventTargetImpl._dispatch node_modules/jsdom/lib/jsdom/livin
g/events/EventTarget-impl.js:[2m243:9[22m[39m
[90m [2mÔØ»[22m EventTargetImpl.dispatchEvent node_modules/jsdom/lib/jsdom/l
iving/events/EventTarget-impl.js:[2m114:17[22m[39m
[90m [2mÔØ»[22m dispatchEvent node_modules/jsdom/lib/generated/idl/EventTarg
et.js:[2m241:34[22m[39m

[31mThis error originated in "[1msrc/test/realtimeTracking.test.ts[22m" test
 file. It doesn't mean the error was thrown inside the file itself, but while i
t was running.[39m
[31mThe latest test that might've caused the error is "[1mshould handle high-
frequency location updates[22m". It might mean one of the following:
- The error was thrown, while Vitest was running this test.
- If the error occurred after the test had been completed, this was the last do
cumented test before it was thrown.[39m

[31mÔÄ»ÔÄ»ÔÄ»ÔÄ»ÔÄ»[39m[1m[41m Uncaught Exception [49m[22m[31mÔÄ»ÔÄ»ÔÄ»Ô
Ä»ÔÄ»[39m
[31m[1mError[22m: Listener error[39m
[36m [2mÔØ»[22m src/test/realtimeTracking.test.ts:[2m201:15[22m[39m
    [90m199| [39m      
    [90m200| [39m      [35mconst[39m badListener [33m=[39m vi[33m.[39m
[34mfn[39m(() [33m=>[39m {
    [90m201| [39m        [35mthrow[39m [35mnew[39m [33mError[39m([32m"
Listener error"[39m)[33m;[39m
    [90m   | [39m              [31m^[39m
    [90m202| [39m      })[33m;[39m
    [90m203| [39m      [35mconst[39m goodListener [33m=[39m vi[33m.[39m
[34mfn[39m()[33m;[39m
[90m [2mÔØ»[22m mockCall ../../../PROYEK%20WEB%20MASTER/APLIKASI/seat-shuttl
e/node_modules/@vitest/spy/dist/index.js:[2m96:15[22m[39m
[90m [2mÔØ»[22m listener ../../../PROYEK%20WEB%20MASTER/APLIKASI/seat-shuttl
e/node_modules/tinyspy/dist/index.js:[2m47:80[22m[39m
[90m [2mÔØ»[22m pollingListener src/services/realtimeTrackingService.ts:[2m
461:11[22m[39m
[90m [2mÔØ»[22m callTheUserObjectsOperation node_modules/jsdom/lib/generated
/idl/EventListener.js:[2m26:30[22m[39m
[90m [2mÔØ»[22m innerInvokeEventListeners node_modules/jsdom/lib/jsdom/livin
g/events/EventTarget-impl.js:[2m360:16[22m[39m
[90m [2mÔØ»[22m invokeEventListeners node_modules/jsdom/lib/jsdom/living/eve
nts/EventTarget-impl.js:[2m296:3[22m[39m
[90m [2mÔØ»[22m EventTargetImpl._dispatch node_modules/jsdom/lib/jsdom/livin
g/events/EventTarget-impl.js:[2m243:9[22m[39m
[90m [2mÔØ»[22m EventTargetImpl.dispatchEvent node_modules/jsdom/lib/jsdom/l
iving/events/EventTarget-impl.js:[2m114:17[22m[39m
[90m [2mÔØ»[22m dispatchEvent node_modules/jsdom/lib/generated/idl/EventTarg
et.js:[2m241:34[22m[39m

[31mThis error originated in "[1msrc/test/realtimeTracking.test.ts[22m" test
 file. It doesn't mean the error was thrown inside the file itself, but while i
t was running.[39m
[31mThe latest test that might've caused the error is "[1mshould handle high-
frequency location updates[22m". It might mean one of the following:
- The error was thrown, while Vitest was running this test.
- If the error occurred after the test had been completed, this was the last do
cumented test before it was thrown.[39m

[31mÔÄ»ÔÄ»ÔÄ»ÔÄ»ÔÄ»[39m[1m[41m Uncaught Exception [49m[22m[31mÔÄ»ÔÄ»ÔÄ»Ô
Ä»ÔÄ»[39m
[31m[1mError[22m: Listener error[39m
[36m [2mÔØ»[22m src/test/realtimeTracking.test.ts:[2m201:15[22m[39m
    [90m199| [39m      
    [90m200| [39m      [35mconst[39m badListener [33m=[39m vi[33m.[39m
[34mfn[39m(() [33m=>[39m {
    [90m201| [39m        [35mthrow[39m [35mnew[39m [33mError[39m([32m"
Listener error"[39m)[33m;[39m
    [90m   | [39m              [31m^[39m
    [90m202| [39m      })[33m;[39m
    [90m203| [39m      [35mconst[39m goodListener [33m=[39m vi[33m.[39m
[34mfn[39m()[33m;[39m
[90m [2mÔØ»[22m mockCall ../../../PROYEK%20WEB%20MASTER/APLIKASI/seat-shuttl
e/node_modules/@vitest/spy/dist/index.js:[2m96:15[22m[39m
[90m [2mÔØ»[22m listener ../../../PROYEK%20WEB%20MASTER/APLIKASI/seat-shuttl
e/node_modules/tinyspy/dist/index.js:[2m47:80[22m[39m
[90m [2mÔØ»[22m pollingListener src/services/realtimeTrackingService.ts:[2m
461:11[22m[39m
[90m [2mÔØ»[22m callTheUserObjectsOperation node_modules/jsdom/lib/generated
/idl/EventListener.js:[2m26:30[22m[39m
[90m [2mÔØ»[22m innerInvokeEventListeners node_modules/jsdom/lib/jsdom/livin
g/events/EventTarget-impl.js:[2m360:16[22m[39m
[90m [2mÔØ»[22m invokeEventListeners node_modules/jsdom/lib/jsdom/living/eve
nts/EventTarget-impl.js:[2m296:3[22m[39m
[90m [2mÔØ»[22m EventTargetImpl._dispatch node_modules/jsdom/lib/jsdom/livin
g/events/EventTarget-impl.js:[2m243:9[22m[39m
[90m [2mÔØ»[22m EventTargetImpl.dispatchEvent node_modules/jsdom/lib/jsdom/l
iving/events/EventTarget-impl.js:[2m114:17[22m[39m
[90m [2mÔØ»[22m dispatchEvent node_modules/jsdom/lib/generated/idl/EventTarg
et.js:[2m241:34[22m[39m

[31mThis error originated in "[1msrc/test/realtimeTracking.test.ts[22m" test
 file. It doesn't mean the error was thrown inside the file itself, but while i
t was running.[39m
[31mThe latest test that might've caused the error is "[1mshould handle high-
frequency location updates[22m". It might mean one of the following:
- The error was thrown, while Vitest was running this test.
- If the error occurred after the test had been completed, this was the last do
cumented test before it was thrown.[39m

[31mÔÄ»ÔÄ»ÔÄ»ÔÄ»ÔÄ»[39m[1m[41m Uncaught Exception [49m[22m[31mÔÄ»ÔÄ»ÔÄ»Ô
Ä»ÔÄ»[39m
[31m[1mError[22m: Listener error[39m
[36m [2mÔØ»[22m src/test/realtimeTracking.test.ts:[2m201:15[22m[39m
    [90m199| [39m      
    [90m200| [39m      [35mconst[39m badListener [33m=[39m vi[33m.[39m
[34mfn[39m(() [33m=>[39m {
    [90m201| [39m        [35mthrow[39m [35mnew[39m [33mError[39m([32m"
Listener error"[39m)[33m;[39m
    [90m   | [39m              [31m^[39m
    [90m202| [39m      })[33m;[39m
    [90m203| [39m      [35mconst[39m goodListener [33m=[39m vi[33m.[39m
[34mfn[39m()[33m;[39m
[90m [2mÔØ»[22m mockCall ../../../PROYEK%20WEB%20MASTER/APLIKASI/seat-shuttl
e/node_modules/@vitest/spy/dist/index.js:[2m96:15[22m[39m
[90m [2mÔØ»[22m listener ../../../PROYEK%20WEB%20MASTER/APLIKASI/seat-shuttl
e/node_modules/tinyspy/dist/index.js:[2m47:80[22m[39m
[90m [2mÔØ»[22m pollingListener src/services/realtimeTrackingService.ts:[2m
461:11[22m[39m
[90m [2mÔØ»[22m callTheUserObjectsOperation node_modules/jsdom/lib/generated
/idl/EventListener.js:[2m26:30[22m[39m
[90m [2mÔØ»[22m innerInvokeEventListeners node_modules/jsdom/lib/jsdom/livin
g/events/EventTarget-impl.js:[2m360:16[22m[39m
[90m [2mÔØ»[22m invokeEventListeners node_modules/jsdom/lib/jsdom/living/eve
nts/EventTarget-impl.js:[2m296:3[22m[39m
[90m [2mÔØ»[22m EventTargetImpl._dispatch node_modules/jsdom/lib/jsdom/livin
g/events/EventTarget-impl.js:[2m243:9[22m[39m
[90m [2mÔØ»[22m EventTargetImpl.dispatchEvent node_modules/jsdom/lib/jsdom/l
iving/events/EventTarget-impl.js:[2m114:17[22m[39m
[90m [2mÔØ»[22m dispatchEvent node_modules/jsdom/lib/generated/idl/EventTarg
et.js:[2m241:34[22m[39m

[31mThis error originated in "[1msrc/test/realtimeTracking.test.ts[22m" test
 file. It doesn't mean the error was thrown inside the file itself, but while i
t was running.[39m
[31mThe latest test that might've caused the error is "[1mshould handle high-
frequency location updates[22m". It might mean one of the following:
- The error was thrown, while Vitest was running this test.
- If the error occurred after the test had been completed, this was the last do
cumented test before it was thrown.[39m

[31mÔÄ»ÔÄ»ÔÄ»ÔÄ»ÔÄ»[39m[1m[41m Uncaught Exception [49m[22m[31mÔÄ»ÔÄ»ÔÄ»Ô
Ä»ÔÄ»[39m
[31m[1mError[22m: Listener error[39m
[36m [2mÔØ»[22m src/test/realtimeTracking.test.ts:[2m201:15[22m[39m
    [90m199| [39m      
    [90m200| [39m      [35mconst[39m badListener [33m=[39m vi[33m.[39m
[34mfn[39m(() [33m=>[39m {
    [90m201| [39m        [35mthrow[39m [35mnew[39m [33mError[39m([32m"
Listener error"[39m)[33m;[39m
    [90m   | [39m              [31m^[39m
    [90m202| [39m      })[33m;[39m
    [90m203| [39m      [35mconst[39m goodListener [33m=[39m vi[33m.[39m
[34mfn[39m()[33m;[39m
[90m [2mÔØ»[22m mockCall ../../../PROYEK%20WEB%20MASTER/APLIKASI/seat-shuttl
e/node_modules/@vitest/spy/dist/index.js:[2m96:15[22m[39m
[90m [2mÔØ»[22m listener ../../../PROYEK%20WEB%20MASTER/APLIKASI/seat-shuttl
e/node_modules/tinyspy/dist/index.js:[2m47:80[22m[39m
[90m [2mÔØ»[22m pollingListener src/services/realtimeTrackingService.ts:[2m
461:11[22m[39m
[90m [2mÔØ»[22m callTheUserObjectsOperation node_modules/jsdom/lib/generated
/idl/EventListener.js:[2m26:30[22m[39m
[90m [2mÔØ»[22m innerInvokeEventListeners node_modules/jsdom/lib/jsdom/livin
g/events/EventTarget-impl.js:[2m360:16[22m[39m
[90m [2mÔØ»[22m invokeEventListeners node_modules/jsdom/lib/jsdom/living/eve
nts/EventTarget-impl.js:[2m296:3[22m[39m
[90m [2mÔØ»[22m EventTargetImpl._dispatch node_modules/jsdom/lib/jsdom/livin
g/events/EventTarget-impl.js:[2m243:9[22m[39m
[90m [2mÔØ»[22m EventTargetImpl.dispatchEvent node_modules/jsdom/lib/jsdom/l
iving/events/EventTarget-impl.js:[2m114:17[22m[39m
[90m [2mÔØ»[22m dispatchEvent node_modules/jsdom/lib/generated/idl/EventTarg
et.js:[2m241:34[22m[39m

[31mThis error originated in "[1msrc/test/realtimeTracking.test.ts[22m" test
 file. It doesn't mean the error was thrown inside the file itself, but while i
t was running.[39m
[31mThe latest test that might've caused the error is "[1mshould handle high-
frequency location updates[22m". It might mean one of the following:
- The error was thrown, while Vitest was running this test.
- If the error occurred after the test had been completed, this was the last do
cumented test before it was thrown.[39m

[31mÔÄ»ÔÄ»ÔÄ»ÔÄ»ÔÄ»[39m[1m[41m Uncaught Exception [49m[22m[31mÔÄ»ÔÄ»ÔÄ»Ô
Ä»ÔÄ»[39m
[31m[1mError[22m: Listener error[39m
[36m [2mÔØ»[22m src/test/realtimeTracking.test.ts:[2m201:15[22m[39m
    [90m199| [39m      
    [90m200| [39m      [35mconst[39m badListener [33m=[39m vi[33m.[39m
[34mfn[39m(() [33m=>[39m {
    [90m201| [39m        [35mthrow[39m [35mnew[39m [33mError[39m([32m"
Listener error"[39m)[33m;[39m
    [90m   | [39m              [31m^[39m
    [90m202| [39m      })[33m;[39m
    [90m203| [39m      [35mconst[39m goodListener [33m=[39m vi[33m.[39m
[34mfn[39m()[33m;[39m
[90m [2mÔØ»[22m mockCall ../../../PROYEK%20WEB%20MASTER/APLIKASI/seat-shuttl
e/node_modules/@vitest/spy/dist/index.js:[2m96:15[22m[39m
[90m [2mÔØ»[22m listener ../../../PROYEK%20WEB%20MASTER/APLIKASI/seat-shuttl
e/node_modules/tinyspy/dist/index.js:[2m47:80[22m[39m
[90m [2mÔØ»[22m pollingListener src/services/realtimeTrackingService.ts:[2m
461:11[22m[39m
[90m [2mÔØ»[22m callTheUserObjectsOperation node_modules/jsdom/lib/generated
/idl/EventListener.js:[2m26:30[22m[39m
[90m [2mÔØ»[22m innerInvokeEventListeners node_modules/jsdom/lib/jsdom/livin
g/events/EventTarget-impl.js:[2m360:16[22m[39m
[90m [2mÔØ»[22m invokeEventListeners node_modules/jsdom/lib/jsdom/living/eve
nts/EventTarget-impl.js:[2m296:3[22m[39m
[90m [2mÔØ»[22m EventTargetImpl._dispatch node_modules/jsdom/lib/jsdom/livin
g/events/EventTarget-impl.js:[2m243:9[22m[39m
[90m [2mÔØ»[22m EventTargetImpl.dispatchEvent node_modules/jsdom/lib/jsdom/l
iving/events/EventTarget-impl.js:[2m114:17[22m[39m
[90m [2mÔØ»[22m dispatchEvent node_modules/jsdom/lib/generated/idl/EventTarg
et.js:[2m241:34[22m[39m

[31mThis error originated in "[1msrc/test/realtimeTracking.test.ts[22m" test
 file. It doesn't mean the error was thrown inside the file itself, but while i
t was running.[39m
[31mThe latest test that might've caused the error is "[1mshould handle high-
frequency location updates[22m". It might mean one of the following:
- The error was thrown, while Vitest was running this test.
- If the error occurred after the test had been completed, this was the last do
cumented test before it was thrown.[39m

[31mÔÄ»ÔÄ»ÔÄ»ÔÄ»ÔÄ»[39m[1m[41m Uncaught Exception [49m[22m[31mÔÄ»ÔÄ»ÔÄ»Ô
Ä»ÔÄ»[39m
[31m[1mError[22m: Listener error[39m
[36m [2mÔØ»[22m src/test/realtimeTracking.test.ts:[2m201:15[22m[39m
    [90m199| [39m      
    [90m200| [39m      [35mconst[39m badListener [33m=[39m vi[33m.[39m
[34mfn[39m(() [33m=>[39m {
    [90m201| [39m        [35mthrow[39m [35mnew[39m [33mError[39m([32m"
Listener error"[39m)[33m;[39m
    [90m   | [39m              [31m^[39m
    [90m202| [39m      })[33m;[39m
    [90m203| [39m      [35mconst[39m goodListener [33m=[39m vi[33m.[39m
[34mfn[39m()[33m;[39m
[90m [2mÔØ»[22m mockCall ../../../PROYEK%20WEB%20MASTER/APLIKASI/seat-shuttl
e/node_modules/@vitest/spy/dist/index.js:[2m96:15[22m[39m
[90m [2mÔØ»[22m listener ../../../PROYEK%20WEB%20MASTER/APLIKASI/seat-shuttl
e/node_modules/tinyspy/dist/index.js:[2m47:80[22m[39m
[90m [2mÔØ»[22m pollingListener src/services/realtimeTrackingService.ts:[2m
461:11[22m[39m
[90m [2mÔØ»[22m callTheUserObjectsOperation node_modules/jsdom/lib/generated
/idl/EventListener.js:[2m26:30[22m[39m
[90m [2mÔØ»[22m innerInvokeEventListeners node_modules/jsdom/lib/jsdom/livin
g/events/EventTarget-impl.js:[2m360:16[22m[39m
[90m [2mÔØ»[22m invokeEventListeners node_modules/jsdom/lib/jsdom/living/eve
nts/EventTarget-impl.js:[2m296:3[22m[39m
[90m [2mÔØ»[22m EventTargetImpl._dispatch node_modules/jsdom/lib/jsdom/livin
g/events/EventTarget-impl.js:[2m243:9[22m[39m
[90m [2mÔØ»[22m EventTargetImpl.dispatchEvent node_modules/jsdom/lib/jsdom/l
iving/events/EventTarget-impl.js:[2m114:17[22m[39m
[90m [2mÔØ»[22m dispatchEvent node_modules/jsdom/lib/generated/idl/EventTarg
et.js:[2m241:34[22m[39m

[31mThis error originated in "[1msrc/test/realtimeTracking.test.ts[22m" test
 file. It doesn't mean the error was thrown inside the file itself, but while i
t was running.[39m
[31mThe latest test that might've caused the error is "[1mshould handle high-
frequency location updates[22m". It might mean one of the following:
- The error was thrown, while Vitest was running this test.
- If the error occurred after the test had been completed, this was the last do
cumented test before it was thrown.[39m

[31mÔÄ»ÔÄ»ÔÄ»ÔÄ»ÔÄ»[39m[1m[41m Uncaught Exception [49m[22m[31mÔÄ»ÔÄ»ÔÄ»Ô
Ä»ÔÄ»[39m
[31m[1mError[22m: Listener error[39m
[36m [2mÔØ»[22m src/test/realtimeTracking.test.ts:[2m201:15[22m[39m
    [90m199| [39m      
    [90m200| [39m      [35mconst[39m badListener [33m=[39m vi[33m.[39m
[34mfn[39m(() [33m=>[39m {
    [90m201| [39m        [35mthrow[39m [35mnew[39m [33mError[39m([32m"
Listener error"[39m)[33m;[39m
    [90m   | [39m              [31m^[39m
    [90m202| [39m      })[33m;[39m
    [90m203| [39m      [35mconst[39m goodListener [33m=[39m vi[33m.[39m
[34mfn[39m()[33m;[39m
[90m [2mÔØ»[22m mockCall ../../../PROYEK%20WEB%20MASTER/APLIKASI/seat-shuttl
e/node_modules/@vitest/spy/dist/index.js:[2m96:15[22m[39m
[90m [2mÔØ»[22m listener ../../../PROYEK%20WEB%20MASTER/APLIKASI/seat-shuttl
e/node_modules/tinyspy/dist/index.js:[2m47:80[22m[39m
[90m [2mÔØ»[22m pollingListener src/services/realtimeTrackingService.ts:[2m
461:11[22m[39m
[90m [2mÔØ»[22m callTheUserObjectsOperation node_modules/jsdom/lib/generated
/idl/EventListener.js:[2m26:30[22m[39m
[90m [2mÔØ»[22m innerInvokeEventListeners node_modules/jsdom/lib/jsdom/livin
g/events/EventTarget-impl.js:[2m360:16[22m[39m
[90m [2mÔØ»[22m invokeEventListeners node_modules/jsdom/lib/jsdom/living/eve
nts/EventTarget-impl.js:[2m296:3[22m[39m
[90m [2mÔØ»[22m EventTargetImpl._dispatch node_modules/jsdom/lib/jsdom/livin
g/events/EventTarget-impl.js:[2m243:9[22m[39m
[90m [2mÔØ»[22m EventTargetImpl.dispatchEvent node_modules/jsdom/lib/jsdom/l
iving/events/EventTarget-impl.js:[2m114:17[22m[39m
[90m [2mÔØ»[22m dispatchEvent node_modules/jsdom/lib/generated/idl/EventTarg
et.js:[2m241:34[22m[39m

[31mThis error originated in "[1msrc/test/realtimeTracking.test.ts[22m" test
 file. It doesn't mean the error was thrown inside the file itself, but while i
t was running.[39m
[31mThe latest test that might've caused the error is "[1mshould handle high-
frequency location updates[22m". It might mean one of the following:
- The error was thrown, while Vitest was running this test.
- If the error occurred after the test had been completed, this was the last do
cumented test before it was thrown.[39m

[31mÔÄ»ÔÄ»ÔÄ»ÔÄ»ÔÄ»[39m[1m[41m Uncaught Exception [49m[22m[31mÔÄ»ÔÄ»ÔÄ»Ô
Ä»ÔÄ»[39m
[31m[1mError[22m: Listener error[39m
[36m [2mÔØ»[22m src/test/realtimeTracking.test.ts:[2m201:15[22m[39m
    [90m199| [39m      
    [90m200| [39m      [35mconst[39m badListener [33m=[39m vi[33m.[39m
[34mfn[39m(() [33m=>[39m {
    [90m201| [39m        [35mthrow[39m [35mnew[39m [33mError[39m([32m"
Listener error"[39m)[33m;[39m
    [90m   | [39m              [31m^[39m
    [90m202| [39m      })[33m;[39m
    [90m203| [39m      [35mconst[39m goodListener [33m=[39m vi[33m.[39m
[34mfn[39m()[33m;[39m
[90m [2mÔØ»[22m mockCall ../../../PROYEK%20WEB%20MASTER/APLIKASI/seat-shuttl
e/node_modules/@vitest/spy/dist/index.js:[2m96:15[22m[39m
[90m [2mÔØ»[22m listener ../../../PROYEK%20WEB%20MASTER/APLIKASI/seat-shuttl
e/node_modules/tinyspy/dist/index.js:[2m47:80[22m[39m
[90m [2mÔØ»[22m pollingListener src/services/realtimeTrackingService.ts:[2m
461:11[22m[39m
[90m [2mÔØ»[22m callTheUserObjectsOperation node_modules/jsdom/lib/generated
/idl/EventListener.js:[2m26:30[22m[39m
[90m [2mÔØ»[22m innerInvokeEventListeners node_modules/jsdom/lib/jsdom/livin
g/events/EventTarget-impl.js:[2m360:16[22m[39m
[90m [2mÔØ»[22m invokeEventListeners node_modules/jsdom/lib/jsdom/living/eve
nts/EventTarget-impl.js:[2m296:3[22m[39m
[90m [2mÔØ»[22m EventTargetImpl._dispatch node_modules/jsdom/lib/jsdom/livin
g/events/EventTarget-impl.js:[2m243:9[22m[39m
[90m [2mÔØ»[22m EventTargetImpl.dispatchEvent node_modules/jsdom/lib/jsdom/l
iving/events/EventTarget-impl.js:[2m114:17[22m[39m
[90m [2mÔØ»[22m dispatchEvent node_modules/jsdom/lib/generated/idl/EventTarg
et.js:[2m241:34[22m[39m

[31mThis error originated in "[1msrc/test/realtimeTracking.test.ts[22m" test
 file. It doesn't mean the error was thrown inside the file itself, but while i
t was running.[39m
[31mThe latest test that might've caused the error is "[1mshould handle high-
frequency location updates[22m". It might mean one of the following:
- The error was thrown, while Vitest was running this test.
- If the error occurred after the test had been completed, this was the last do
cumented test before it was thrown.[39m


[31mÔÄ»ÔÄ»ÔÄ»ÔÄ»ÔÄ»[39m[1m[41m Uncaught Exception [49m[22m[31mÔÄ»ÔÄ»ÔÄ»Ô
Ä»ÔÄ»[39m
[31m[1mError[22m: Listener error[39m
[36m [2mÔØ»[22m src/test/realtimeTracking.test.ts:[2m201:15[22m[39m
    [90m199| [39m      
[2m Test Files [22m [1m[31m1 failed[39m[22m[2m | [22m[1m[32m2 passed[39m[22m[90m (3)[39m
[2m      Tests [22m [1m[31m5 failed[39m[22m[2m | [22m[1m[32m50 passed[39m[22m[90m (55)[39m
[2m     Errors [22m [1m[31m103 errors[39m[22m
[2m   Start at [22m 03:24:07
[2m   Duration [22m 8.10s[2m (transform 205ms, setup 624ms, collect 339ms, tests 4.59s, environment 5.90s, prepare 674ms)[22m

    [90m200| [39m      [35mconst[39m badListener [33m=[39m vi[33m.[39m
[34mfn[39m(() [33m=>[39m {
    [90m201| [39m        [35mthrow[39m [35mnew[39m [33mError[39m([32m"
Listener error"[39m)[33m;[39m
    [90m   | [39m              [31m^[39m
    [90m202| [39m      })[33m;[39m
    [90m203| [39m      [35mconst[39m goodListener [33m=[39m vi[33m.[39m
[34mfn[39m()[33m;[39m
[90m [2mÔØ»[22m mockCall ../../../PROYEK%20WEB%20MASTER/APLIKASI/seat-shuttl
e/node_modules/@vitest/spy/dist/index.js:[2m96:15[22m[39m
[90m [2mÔØ»[22m listener ../../../PROYEK%20WEB%20MASTER/APLIKASI/seat-shuttl
e/node_modules/tinyspy/dist/index.js:[2m47:80[22m[39m
[90m [2mÔØ»[22m pollingListener src/services/realtimeTrackingService.ts:[2m
461:11[22m[39m
[90m [2mÔØ»[22m callTheUserObjectsOperation node_modules/jsdom/lib/generated
/idl/EventListener.js:[2m26:30[22m[39m
[90m [2mÔØ»[22m innerInvokeEventListeners node_modules/jsdom/lib/jsdom/livin
g/events/EventTarget-impl.js:[2m360:16[22m[39m
[90m [2mÔØ»[22m invokeEventListeners node_modules/jsdom/lib/jsdom/living/eve
nts/EventTarget-impl.js:[2m296:3[22m[39m
[90m [2mÔØ»[22m EventTargetImpl._dispatch node_modules/jsdom/lib/jsdom/livin
g/events/EventTarget-impl.js:[2m243:9[22m[39m
[90m [2mÔØ»[22m EventTargetImpl.dispatchEvent node_modules/jsdom/lib/jsdom/l
iving/events/EventTarget-impl.js:[2m114:17[22m[39m
[90m [2mÔØ»[22m dispatchEvent node_modules/jsdom/lib/generated/idl/EventTarg
et.js:[2m241:34[22m[39m

[31mThis error originated in "[1msrc/test/realtimeTracking.test.ts[22m" test
 file. It doesn't mean the error was thrown inside the file itself, but while i
t was running.[39m
[31mThe latest test that might've caused the error is "[1mshould handle high-
frequency location updates[22m". It might mean one of the following:
- The error was thrown, while Vitest was running this test.
- If the error occurred after the test had been completed, this was the last do
cumented test before it was thrown.[39m

[31mÔÄ»ÔÄ»ÔÄ»ÔÄ»ÔÄ»[39m[1m[41m Uncaught Exception [49m[22m[31mÔÄ»ÔÄ»ÔÄ»Ô
Ä»ÔÄ»[39m
[31m[1mError[22m: Listener error[39m
[36m [2mÔØ»[22m src/test/realtimeTracking.test.ts:[2m201:15[22m[39m
    [90m199| [39m      
    [90m200| [39m      [35mconst[39m badListener [33m=[39m vi[33m.[39m
[34mfn[39m(() [33m=>[39m {
    [90m201| [39m        [35mthrow[39m [35mnew[39m [33mError[39m([32m"
Listener error"[39m)[33m;[39m
    [90m   | [39m              [31m^[39m
    [90m202| [39m      })[33m;[39m
    [90m203| [39m      [35mconst[39m goodListener [33m=[39m vi[33m.[39m
[34mfn[39m()[33m;[39m
[90m [2mÔØ»[22m mockCall ../../../PROYEK%20WEB%20MASTER/APLIKASI/seat-shuttl
e/node_modules/@vitest/spy/dist/index.js:[2m96:15[22m[39m
[90m [2mÔØ»[22m listener ../../../PROYEK%20WEB%20MASTER/APLIKASI/seat-shuttl
e/node_modules/tinyspy/dist/index.js:[2m47:80[22m[39m
[90m [2mÔØ»[22m pollingListener src/services/realtimeTrackingService.ts:[2m
461:11[22m[39m
[90m [2mÔØ»[22m callTheUserObjectsOperation node_modules/jsdom/lib/generated
/idl/EventListener.js:[2m26:30[22m[39m
[90m [2mÔØ»[22m innerInvokeEventListeners node_modules/jsdom/lib/jsdom/livin
g/events/EventTarget-impl.js:[2m360:16[22m[39m
[90m [2mÔØ»[22m invokeEventListeners node_modules/jsdom/lib/jsdom/living/eve
nts/EventTarget-impl.js:[2m296:3[22m[39m
[90m [2mÔØ»[22m EventTargetImpl._dispatch node_modules/jsdom/lib/jsdom/livin
g/events/EventTarget-impl.js:[2m243:9[22m[39m
[90m [2mÔØ»[22m EventTargetImpl.dispatchEvent node_modules/jsdom/lib/jsdom/l
iving/events/EventTarget-impl.js:[2m114:17[22m[39m
[90m [2mÔØ»[22m dispatchEvent node_modules/jsdom/lib/generated/idl/EventTarg
et.js:[2m241:34[22m[39m

[31mThis error originated in "[1msrc/test/realtimeTracking.test.ts[22m" test
 file. It doesn't mean the error was thrown inside the file itself, but while i
t was running.[39m
[31mThe latest test that might've caused the error is "[1mshould handle high-
frequency location updates[22m". It might mean one of the following:
- The error was thrown, while Vitest was running this test.
- If the error occurred after the test had been completed, this was the last do
cumented test before it was thrown.[39m

[31mÔÄ»ÔÄ»ÔÄ»ÔÄ»ÔÄ»[39m[1m[41m Uncaught Exception [49m[22m[31mÔÄ»ÔÄ»ÔÄ»Ô
Ä»ÔÄ»[39m
[31m[1mError[22m: Listener error[39m
[36m [2mÔØ»[22m src/test/realtimeTracking.test.ts:[2m201:15[22m[39m
    [90m199| [39m      
    [90m200| [39m      [35mconst[39m badListener [33m=[39m vi[33m.[39m
[34mfn[39m(() [33m=>[39m {
    [90m201| [39m        [35mthrow[39m [35mnew[39m [33mError[39m([32m"
Listener error"[39m)[33m;[39m
    [90m   | [39m              [31m^[39m
    [90m202| [39m      })[33m;[39m
    [90m203| [39m      [35mconst[39m goodListener [33m=[39m vi[33m.[39m
[34mfn[39m()[33m;[39m
[90m [2mÔØ»[22m mockCall ../../../PROYEK%20WEB%20MASTER/APLIKASI/seat-shuttl
e/node_modules/@vitest/spy/dist/index.js:[2m96:15[22m[39m
[90m [2mÔØ»[22m listener ../../../PROYEK%20WEB%20MASTER/APLIKASI/seat-shuttl
e/node_modules/tinyspy/dist/index.js:[2m47:80[22m[39m
[90m [2mÔØ»[22m pollingListener src/services/realtimeTrackingService.ts:[2m
461:11[22m[39m
[90m [2mÔØ»[22m callTheUserObjectsOperation node_modules/jsdom/lib/generated
/idl/EventListener.js:[2m26:30[22m[39m
[90m [2mÔØ»[22m innerInvokeEventListeners node_modules/jsdom/lib/jsdom/livin
g/events/EventTarget-impl.js:[2m360:16[22m[39m
[90m [2mÔØ»[22m invokeEventListeners node_modules/jsdom/lib/jsdom/living/eve
nts/EventTarget-impl.js:[2m296:3[22m[39m
[90m [2mÔØ»[22m EventTargetImpl._dispatch node_modules/jsdom/lib/jsdom/livin
g/events/EventTarget-impl.js:[2m243:9[22m[39m
[90m [2mÔØ»[22m EventTargetImpl.dispatchEvent node_modules/jsdom/lib/jsdom/l
iving/events/EventTarget-impl.js:[2m114:17[22m[39m
[90m [2mÔØ»[22m dispatchEvent node_modules/jsdom/lib/generated/idl/EventTarg
et.js:[2m241:34[22m[39m

[31mThis error originated in "[1msrc/test/realtimeTracking.test.ts[22m" test
 file. It doesn't mean the error was thrown inside the file itself, but while i
t was running.[39m
[31mThe latest test that might've caused the error is "[1mshould handle high-
frequency location updates[22m". It might mean one of the following:
- The error was thrown, while Vitest was running this test.
- If the error occurred after the test had been completed, this was the last do
cumented test before it was thrown.[39m
[31mÔÄ»ÔÄ»ÔÄ»ÔÄ»ÔÄ»ÔÄ»ÔÄ»ÔÄ»ÔÄ»ÔÄ»ÔÄ»ÔÄ»ÔÄ»ÔÄ»ÔÄ»ÔÄ»ÔÄ»ÔÄ»ÔÄ»ÔÄ»ÔÄ»ÔÄ»ÔÄ»ÔÄ»ÔÄ
»ÔÄ»ÔÄ»ÔÄ»ÔÄ»ÔÄ»[39m

