
> pyu-go@0.0.0 test
> vitest run


[1m[46m RUN [49m[22m [36mv3.2.4 [39m[90mD:/PROYEK WEB MASTER/APLIKASI/seat-shuttle[39m

 [32mÔ£ô[39m src/test/example.test.ts [2m([22m[2m1 test[22m[2m)[22m[32m 5[2mms[22m[39m
[90mstdout[2m | src/test/realtimeTracking.test.ts
[22m[39m[MockWebSocketServer] Initialized 5 drivers

[90mstdout[2m | src/test/realtimeTracking.test.ts[2m > [22m[2mRealtimeTrackingService[2m > [22m[2mService Initialization[2m > [22m[2mshould initialize as singleton
[22m[39m[MockWebSocketServer] Initialized 5 drivers

node.exe : [90mstderr[2m | src/test/realtimeTracking.test.ts[2m > [22m[2mR
ealtimeTrackingService[2m > [22m[2mService Initialization[2m > [22m[2msho
uld initialize as singleton
At line:1 char:1
+ & "C:\Program Files\nodejs/node.exe" "C:\Program Files\nodejs/node_mo ...
+ ~~~~~~~~~~~~~~~~~~~~~~~~~~~~~~~~~~~~~~~~~~~~~~~~~~~~~~~~~~~~~~~~~~~~~
    + CategoryInfo          : NotSpecified: ([90mstderr[2m...ze as singleton 
   :String) [], RemoteException
    + FullyQualifiedErrorId : NativeCommandError
 
[22m[39m[MockWebSocketServer] Not running

[90mstdout[2m | src/test/realtimeTracking.test.ts[2m > [22m[2mRealtimeTrackingService[2m > [22m[2mService Initialization[2m > [22m[2mshould initialize as singleton
[22m[39m[RealtimeTracking] Service destroyed

[90mstdout[2m | src/test/realtimeTracking.test.ts[2m > [22m[2mRealtimeTrackingService[2m > [22m[2mService Initialization[2m > [22m[2mshould start polling fallback without WebSocket URL
[22m[39m[MockWebSocketServer] Initialized 5 drivers

[90mstdout[2m | src/test/realtimeTracking.test.ts[2m > [22m[2mRealtimeTrackingService[2m > [22m[2mService Initialization[2m > [22m[2mshould start polling fallback without WebSocket URL
[22m[39m[RealtimeTracking] No WebSocket URL provided. Using polling fallback.
[RealtimeTracking] Started polling fallback

[90mstderr[2m | src/test/realtimeTracking.test.ts[2m > [22m[2mRealtimeTrac
kingService[2m > [22m[2mService Initialization[2m > [22m[2mshould start p
olling fallback without WebSocket URL
[22m[39m[MockWebSocketServer] Not running

[90mstdout[2m | src/test/realtimeTracking.test.ts[2m > [22m[2mRealtimeTrackingService[2m > [22m[2mService Initialization[2m > [22m[2mshould start polling fallback without WebSocket URL
[22m[39m[RealtimeTracking] Stopped polling fallback
[RealtimeTracking] Service destroyed

[90mstdout[2m | src/test/realtimeTracking.test.ts[2m > [22m[2mRealtimeTrackingService[2m > [22m[2mEvent Broadcasting[2m > [22m[2mshould broadcast valid location updates
[22m[39m[MockWebSocketServer] Initialized 5 drivers

[90mstderr[2m | src/test/realtimeTracking.test.ts[2m > [22m[2mRealtimeTrac
kingService[2m > [22m[2mEvent Broadcasting[2m > [22m[2mshould broadcast v
alid location updates
[22m[39m[MockWebSocketServer] Not running

[90mstdout[2m | src/test/realtimeTracking.test.ts[2m > [22m[2mRealtimeTrackingService[2m > [22m[2mEvent Broadcasting[2m > [22m[2mshould broadcast valid location updates
[22m[39m[RealtimeTracking] Service destroyed

[90mstdout[2m | src/test/realtimeTracking.test.ts[2m > [22m[2mRealtimeTrackingService[2m > [22m[2mEvent Broadcasting[2m > [22m[2mshould reject invalid location updates
[22m[39m[MockWebSocketServer] Initialized 5 drivers

[90mstderr[2m | src/test/realtimeTracking.test.ts[2m > [22m[2mRealtimeTrac
kingService[2m > [22m[2mEvent Broadcasting[2m > [22m[2mshould reject inva
lid location updates
[22m[39m[MockWebSocketServer] Not running

[90mstdout[2m | src/test/realtimeTracking.test.ts[2m > [22m[2mRealtimeTrackingService[2m > [22m[2mEvent Broadcasting[2m > [22m[2mshould reject invalid location updates
[22m[39m[RealtimeTracking] Service destroyed

[90mstdout[2m | src/test/realtimeTracking.test.ts[2m > [22m[2mRealtimeTrackingService[2m > [22m[2mEvent Broadcasting[2m > [22m[2mshould filter updates by driver_id
[22m[39m[MockWebSocketServer] Initialized 5 drivers

[90mstderr[2m | src/test/realtimeTracking.test.ts[2m > [22m[2mRealtimeTrac
kingService[2m > [22m[2mEvent Broadcasting[2m > [22m[2mshould filter upda
tes by driver_id
[22m[39m[MockWebSocketServer] Not running

[90mstdout[2m | src/test/realtimeTracking.test.ts[2m > [22m[2mRealtimeTrackingService[2m > [22m[2mEvent Broadcasting[2m > [22m[2mshould filter updates by driver_id
[22m[39m[RealtimeTracking] Service destroyed

[90mstdout[2m | src/test/realtimeTracking.test.ts[2m > [22m[2mRealtimeTrackingService[2m > [22m[2mSubscription Management[2m > [22m[2mshould subscribe to driver location updates
[22m[39m[MockWebSocketServer] Initialized 5 drivers

[90mstdout[2m | src/test/tracking.test.ts[2m > [22m[2mTrackingService - Enhanced Validation[2m > [22m[2mupdateDriverLocation[2m > [22m[2mshould successfully update location with valid data
[22m[39m[TrackingService] Location cached for test-driver-001 (expires in 5 min)
[API] Location updated for driver test-driver-001: {
  lat: [33m-6.2088[39m,
  lng: [33m106.8456[39m,
  timestamp: [32m'2026-03-25T19:26:14.227Z'[39m,
  validatedAt: [32m'2026-03-25T19:26:14.565Z'[39m
}
[TrackingService] Notification triggered for test-driver-001

[90mstderr[2m | src/test/tracking.test.ts[2m > [22m[2mTrackingService - En
hanced Validation[2m > [22m[2mupdateDriverLocation[2m > [22m[2mshould rej
ect with invalid driver_id format
[22m[39m[TrackingService] Location update failed: [
  {
    "validation": "regex",
    "code": "invalid_string",
    "message": "Format ID Driver tidak valid (hanya alphanumeric, underscore, h
yphen)",
    "path": [
      "driver_id"
    ]
  }
]

[90mstderr[2m | src/test/tracking.test.ts[2m > [22m[2mTrackingService - En
hanced Validation[2m > [22m[2mupdateDriverLocation[2m > [22m[2mshould rej
ect with invalid coordinates
[22m[39m[TrackingService] Location update failed: [
  {
    "code": "too_big",
    "maximum": 90,
    "type": "number",
    "inclusive": true,
    "exact": false,
    "message": "Latitude harus antara -90 dan 90",
    "path": [
      "lat"
    ]
  }
]

[90mstderr[2m | src/test/tracking.test.ts[2m > [22m[2mTrackingService - En
hanced Validation[2m > [22m[2mupdateDriverLocation[2m > [22m[2mshould rej
ect with future timestamp
[22m[39m[TrackingService] Location update failed: [
  {
    "code": "custom",
    "message": "Timestamp tidak boleh di masa depan (toleransi 30 detik)",
    "path": [
      "timestamp"
    ]
  }
]

[90mstderr[2m | src/test/tracking.test.ts[2m > [22m[2mTrackingService - En
hanced Validation[2m > [22m[2mupdateDriverLocation[2m > [22m[2mshould enf
orce active trip context when requested
[22m[39m[TrackingService] Location update failed: Driver tidak memiliki trip 
aktif. Lokasi tidak diterima saat ini.

[90mstderr[2m | src/test/realtimeTracking.test.ts[2m > [22m[2mRealtimeTrac
kingService[2m > [22m[2mSubscription Management[2m > [22m[2mshould subscr
ibe to driver location updates
[22m[39m[MockWebSocketServer] Not running

[90mstdout[2m | src/test/realtimeTracking.test.ts[2m > [22m[2mRealtimeTrackingService[2m > [22m[2mSubscription Management[2m > [22m[2mshould subscribe to driver location updates
[22m[39m[RealtimeTracking] Service destroyed

[90mstdout[2m | src/test/realtimeTracking.test.ts[2m > [22m[2mRealtimeTrackingService[2m > [22m[2mSubscription Management[2m > [22m[2mshould handle multiple subscribers to same driver
[22m[39m[MockWebSocketServer] Initialized 5 drivers

[90mstdout[2m | src/test/realtimeTracking.test.ts[2m > [22m[2mRealtimeTrackingService[2m > [22m[2mSubscription Management[2m > [22m[2mshould handle multiple subscribers to same driver
[22m[39m[RealtimeTracking] Service destroyed

[90mstdout[2m | src/test/realtimeTracking.test.ts[2m > [22m[2mRealtimeTrackingService[2m > [22m[2mStatistics & Monitoring[2m > [22m[2mshould provide connection statistics
[22m[39m[MockWebSocketServer] Initialized 5 drivers

[90mstdout[2m | src/test/realtimeTracking.test.ts[2m > [22m[2mRealtimeTrackingService[2m > [22m[2mStatistics & Monitoring[2m > [22m[2mshould provide connection statistics
[22m[39m[RealtimeTracking] No WebSocket URL provided. Using polling fallback.
[RealtimeTracking] Started polling fallback

[90mstdout[2m | src/test/realtimeTracking.test.ts[2m > [22m[2mRealtimeTrackingService[2m > [22m[2mStatistics & Monitoring[2m > [22m[2mshould provide connection statistics
[22m[39m[RealtimeTracking] Stopped polling fallback
[RealtimeTracking] Service destroyed

[90mstdout[2m | src/test/realtimeTracking.test.ts[2m > [22m[2mRealtimeTrackingService[2m > [22m[2mStatistics & Monitoring[2m > [22m[2mshould track WebSocket vs polling mode
[22m[39m[MockWebSocketServer] Initialized 5 drivers

[90mstdout[2m | src/test/realtimeTracking.test.ts[2m > [22m[2mRealtimeTrackingService[2m > [22m[2mStatistics & Monitoring[2m > [22m[2mshould track WebSocket vs polling mode
[22m[39m[RealtimeTracking] Service destroyed

[90mstdout[2m | src/test/realtimeTracking.test.ts[2m > [22m[2mRealtimeTrackingService[2m > [22m[2mMessage Throttling[2m > [22m[2mshould throttle rapid updates from same driver
[22m[39m[MockWebSocketServer] Initialized 5 drivers

[90mstderr[2m | src/test/realtimeTracking.test.ts[2m > [22m[2mRealtimeTrac
kingService[2m > [22m[2mSubscription Management[2m > [22m[2mshould handle
 multiple subscribers to same driver
[22m[39m[MockWebSocketServer] Not running

[90mstderr[2m | src/test/realtimeTracking.test.ts[2m > [22m[2mRealtimeTrac
kingService[2m > [22m[2mStatistics & Monitoring[2m > [22m[2mshould provid
e connection statistics
[22m[39m[MockWebSocketServer] Not running

[90mstderr[2m | src/test/realtimeTracking.test.ts[2m > [22m[2mRealtimeTrac
kingService[2m > [22m[2mStatistics & Monitoring[2m > [22m[2mshould track 
WebSocket vs polling mode
[22m[39m[MockWebSocketServer] Not running

[90mstdout[2m | src/test/realtimeTracking.test.ts[2m > [22m[2mRealtimeTrackingService[2m > [22m[2mMessage Throttling[2m > [22m[2mshould throttle rapid updates from same driver
[22m[39m[TrackingService] Location cached for DRV-001 (expires in 5 min)
[API] Location updated for driver DRV-001: {
  lat: [33m-6.2088[39m,
  lng: [33m106.8456[39m,
  timestamp: [32m'2026-03-25T19:26:14.385Z'[39m,
  validatedAt: [32m'2026-03-25T19:26:14.690Z'[39m
}
[TrackingService] Notification triggered for DRV-001

[90mstdout[2m | src/test/realtimeTracking.test.ts[2m > [22m[2mRealtimeTrackingService[2m > [22m[2mMessage Throttling[2m > [22m[2mshould throttle rapid updates from same driver
[22m[39m[TrackingService] Location cached for DRV-001 (expires in 5 min)
[API] Location updated for driver DRV-001: {
  lat: [33m-6.2088[39m,
  lng: [33m106.8456[39m,
  timestamp: [32m'2026-03-25T19:26:14.460Z'[39m,
  validatedAt: [32m'2026-03-25T19:26:14.763Z'[39m
}
[TrackingService] Notification triggered for DRV-001

[90mstderr[2m | src/test/realtimeTracking.test.ts[2m > [22m[2mRealtimeTrac
kingService[2m > [22m[2mMessage Throttling[2m > [22m[2mshould throttle ra
pid updates from same driver
[22m[39m[MockWebSocketServer] Not running

[90mstdout[2m | src/test/realtimeTracking.test.ts[2m > [22m[2mRealtimeTrackingService[2m > [22m[2mMessage Throttling[2m > [22m[2mshould throttle rapid updates from same driver
[22m[39m[RealtimeTracking] Service destroyed

[90mstdout[2m | src/test/realtimeTracking.test.ts[2m > [22m[2mRealtimeTrackingService[2m > [22m[2mError Handling[2m > [22m[2mshould handle listener callback errors without crashing
[22m[39m[MockWebSocketServer] Initialized 5 drivers

[90mstdout[2m | src/test/realtimeTracking.test.ts[2m > [22m[2mRealtimeTrackingService[2m > [22m[2mError Handling[2m > [22m[2mshould handle listener callback errors without crashing
[22m[39m[TrackingService] Location cached for DRV-001 (expires in 5 min)
[API] Location updated for driver DRV-001: {
  lat: [33m-6.2[39m,
  lng: [33m106.8[39m,
  timestamp: [32m'2026-03-25T19:26:14.516Z'[39m,
  validatedAt: [32m'2026-03-25T19:26:14.818Z'[39m
}
[TrackingService] Notification triggered for DRV-001

[90mstderr[2m | src/test/realtimeTracking.test.ts[2m > [22m[2mRealtimeTrac
kingService[2m > [22m[2mError Handling[2m > [22m[2mshould handle listener
 callback errors without crashing
[22m[39m[MockWebSocketServer] Not running

[90mstdout[2m | src/test/realtimeTracking.test.ts[2m > [22m[2mRealtimeTrackingService[2m > [22m[2mError Handling[2m > [22m[2mshould handle listener callback errors without crashing
[22m[39m[RealtimeTracking] Service destroyed

[90mstdout[2m | src/test/realtimeTracking.test.ts[2m > [22m[2mMockWebSocketServer[2m > [22m[2mServer Operations[2m > [22m[2mshould start and stop
[22m[39m[MockWebSocketServer] Initialized 5 drivers

[90mstdout[2m | src/test/realtimeTracking.test.ts[2m > [22m[2mMockWebSocketServer[2m > [22m[2mServer Operations[2m > [22m[2mshould start and stop
[22m[39m[MockWebSocketServer] Starting on ws://localhost:8765
[MockWebSocketServer] Stopped

[90mstderr[2m | src/test/realtimeTracking.test.ts[2m > [22m[2mMockWebSocke
tServer[2m > [22m[2mServer Operations[2m > [22m[2mshould start and stop
[22m[39m[MockWebSocketServer] Not running

[90mstdout[2m | src/test/realtimeTracking.test.ts[2m > [22m[2mMockWebSocketServer[2m > [22m[2mServer Operations[2m > [22m[2mshould initialize drivers on startup
[22m[39m[MockWebSocketServer] Initialized 5 drivers

[90mstderr[2m | src/test/realtimeTracking.test.ts[2m > [22m[2mMockWebSocke
tServer[2m > [22m[2mServer Operations[2m > [22m[2mshould initialize drive
rs on startup
[22m[39m[MockWebSocketServer] Not running

[90mstdout[2m | src/test/realtimeTracking.test.ts[2m > [22m[2mMockWebSocketServer[2m > [22m[2mServer Operations[2m > [22m[2mshould track active drivers
[22m[39m[MockWebSocketServer] Initialized 5 drivers

[90mstderr[2m | src/test/realtimeTracking.test.ts[2m > [22m[2mMockWebSocke
tServer[2m > [22m[2mServer Operations[2m > [22m[2mshould track active dri
vers
[22m[39m[MockWebSocketServer] Not running

[90mstdout[2m | src/test/realtimeTracking.test.ts[2m > [22m[2mMockWebSocketServer[2m > [22m[2mDriver Simulation[2m > [22m[2mshould simulate realistic driver locations
[22m[39m[MockWebSocketServer] Initialized 5 drivers

[90mstderr[2m | src/test/realtimeTracking.test.ts[2m > [22m[2mMockWebSocke
tServer[2m > [22m[2mDriver Simulation[2m > [22m[2mshould simulate realist
ic driver locations
[22m[39m[MockWebSocketServer] Not running

[90mstdout[2m | src/test/realtimeTracking.test.ts[2m > [22m[2mMockWebSocketServer[2m > [22m[2mDriver Simulation[2m > [22m[2mshould get all active driver locations
[22m[39m[MockWebSocketServer] Initialized 5 drivers

[90mstdout[2m | src/test/realtimeTracking.test.ts[2m > [22m[2mMockWebSocketServer[2m > [22m[2mDriver Simulation[2m > [22m[2mshould get all active driver locations
[22m[39m[MockWebSocketServer] Starting on ws://localhost:8765

[90mstdout[2m | src/test/realtimeTracking.test.ts[2m > [22m[2mMockWebSocketServer[2m > [22m[2mDriver Simulation[2m > [22m[2mshould get all active driver locations
[22m[39m[MockWebSocketServer] Stopped

[90mstdout[2m | src/test/realtimeTracking.test.ts[2m > [22m[2mMockWebSocketServer[2m > [22m[2mDriver Simulation[2m > [22m[2mshould update driver active status
[22m[39m[MockWebSocketServer] Initialized 5 drivers

[90mstdout[2m | src/test/realtimeTracking.test.ts[2m > [22m[2mMockWebSocketServer[2m > [22m[2mDriver Simulation[2m > [22m[2mshould update driver active status
[22m[39m[MockWebSocketServer] Updated DRV-001 - active: false
[MockWebSocketServer] Updated DRV-001 - active: true

[90mstderr[2m | src/test/realtimeTracking.test.ts[2m > [22m[2mMockWebSocke
tServer[2m > [22m[2mDriver Simulation[2m > [22m[2mshould update driver ac
tive status
[22m[39m[MockWebSocketServer] Not running

[90mstdout[2m | src/test/realtimeTracking.test.ts[2m > [22m[2mMockWebSocketServer[2m > [22m[2mStatistics[2m > [22m[2mshould provide accurate server statistics
[22m[39m[MockWebSocketServer] Initialized 5 drivers

[90mstderr[2m | src/test/realtimeTracking.test.ts[2m > [22m[2mMockWebSocke
tServer[2m > [22m[2mStatistics[2m > [22m[2mshould provide accurate server
 statistics
[22m[39m[MockWebSocketServer] Not running

[90mstderr[2m | src/test/realtimeTracking.test.ts[2m > [22m[2mIntegration:
 RealtimeTrackingService + TrackingService[2m > [22m[2mshould cache realtime
 updates in TrackingService
[22m[39mError: Listener error
    at D:\PROYEK WEB MASTER\APLIKASI\seat-shuttle\src\test\realtimeTracking.tes
t.ts:201:15
    at mockCall (file:///D:/PROYEK%20WEB%20MASTER/APLIKASI/seat-shuttle/node_mo
dules/@vitest/spy/dist/index.js:96:15)
    at listener (file:///D:/PROYEK%20WEB%20MASTER/APLIKASI/seat-shuttle/node_mo
dules/tinyspy/dist/index.js:47:80)
    at pollingListener (D:\PROYEK WEB MASTER\APLIKASI\seat-shuttle\src\services
\realtimeTrackingService.ts:461:11)
    at callTheUserObjectsOperation (D:\PROYEK WEB MASTER\APLIKASI\seat-shuttle\
node_modules\jsdom\lib\generated\idl\EventListener.js:26:30)
    at innerInvokeEventListeners (D:\PROYEK WEB MASTER\APLIKASI\seat-shuttle\no
de_modules\jsdom\lib\jsdom\living\events\EventTarget-impl.js:360:16)
    at invokeEventListeners (D:\PROYEK WEB MASTER\APLIKASI\seat-shuttle\node_mo
dules\jsdom\lib\jsdom\living\events\EventTarget-impl.js:296:3)
    at EventTargetImpl._dispatch (D:\PROYEK WEB MASTER\APLIKASI\seat-shuttle\no
de_modules\jsdom\lib\jsdom\living\events\EventTarget-impl.js:243:9)
    at EventTargetImpl.dispatchEvent (D:\PROYEK WEB MASTER\APLIKASI\seat-shuttl
e\node_modules\jsdom\lib\jsdom\living\events\EventTarget-impl.js:114:17)
    at dispatchEvent (D:\PROYEK WEB MASTER\APLIKASI\seat-shuttle\node_modules\j
sdom\lib\generated\idl\EventTarget.js:241:34)

[90mstdout[2m | src/test/realtimeTracking.test.ts[2m > [22m[2mIntegration: RealtimeTrackingService + TrackingService[2m > [22m[2mshould cache realtime updates in TrackingService
[22m[39m[TrackingService] Location cached for DRV-001 (expires in 5 min)
[API] Location updated for driver DRV-001: {
  lat: [33m-6.2[39m,
  lng: [33m106.8[39m,
  timestamp: [32m'2026-03-25T19:26:14.516Z'[39m,
  validatedAt: [32m'2026-03-25T19:26:14.868Z'[39m
}
[TrackingService] Notification triggered for DRV-001

[90mstdout[2m | src/test/tracking.test.ts[2m > [22m[2mTrackingService - Enhanced Validation[2m > [22m[2mupdateDriverLocation[2m > [22m[2mshould allow location update when trip is active
[22m[39m[TrackingService] Location cached for test-driver-001 (expires in 5 min)
[API] Location updated for driver test-driver-001: {
  lat: [33m-6.2088[39m,
  lng: [33m106.8456[39m,
  timestamp: [32m'2026-03-25T19:26:14.227Z'[39m,
  validatedAt: [32m'2026-03-25T19:26:14.874Z'[39m
}
[TrackingService] Notification triggered for test-driver-001

[90mstdout[2m | src/test/realtimeTracking.test.ts[2m > [22m[2mIntegration: RealtimeTrackingService + TrackingService[2m > [22m[2mshould cache realtime updates in TrackingService
[22m[39m[TrackingService] Location cached for DRV-001 (expires in 5 min)
[API] Location updated for driver DRV-001: {
  lat: [33m-6.2[39m,
  lng: [33m106.8[39m,
  timestamp: [32m'2026-03-25T19:26:14.623Z'[39m,
  validatedAt: [32m'2026-03-25T19:26:14.923Z'[39m
}
[TrackingService] Notification triggered for DRV-001

[90mstdout[2m | src/test/realtimeTracking.test.ts[2m > [22m[2mIntegration: RealtimeTrackingService + TrackingService[2m > [22m[2mshould cache realtime updates in TrackingService
[22m[39m[TrackingService] Cache hit for DRV-001 (expires in 300s)

[90mstdout[2m | src/test/realtimeTracking.test.ts[2m > [22m[2mIntegration: RealtimeTrackingService + TrackingService[2m > [22m[2mshould cache realtime updates in TrackingService
[22m[39m[RealtimeTracking] Service destroyed

[90mstderr[2m | src/test/realtimeTracking.test.ts[2m > [22m[2mIntegration:
 RealtimeTrackingService + TrackingService[2m > [22m[2mshould enforce trip s
tatus before accepting realtime updates
[22m[39mError: Listener error
    at D:\PROYEK WEB MASTER\APLIKASI\seat-shuttle\src\test\realtimeTracking.tes
t.ts:201:15
    at mockCall (file:///D:/PROYEK%20WEB%20MASTER/APLIKASI/seat-shuttle/node_mo
dules/@vitest/spy/dist/index.js:96:15)
    at listener (file:///D:/PROYEK%20WEB%20MASTER/APLIKASI/seat-shuttle/node_mo
dules/tinyspy/dist/index.js:47:80)
    at pollingListener (D:\PROYEK WEB MASTER\APLIKASI\seat-shuttle\src\services
\realtimeTrackingService.ts:461:11)
    at callTheUserObjectsOperation (D:\PROYEK WEB MASTER\APLIKASI\seat-shuttle\
node_modules\jsdom\lib\generated\idl\EventListener.js:26:30)
    at innerInvokeEventListeners (D:\PROYEK WEB MASTER\APLIKASI\seat-shuttle\no
de_modules\jsdom\lib\jsdom\living\events\EventTarget-impl.js:360:16)
    at invokeEventListeners (D:\PROYEK WEB MASTER\APLIKASI\seat-shuttle\node_mo
dules\jsdom\lib\jsdom\living\events\EventTarget-impl.js:296:3)
    at EventTargetImpl._dispatch (D:\PROYEK WEB MASTER\APLIKASI\seat-shuttle\no
de_modules\jsdom\lib\jsdom\living\events\EventTarget-impl.js:243:9)
    at EventTargetImpl.dispatchEvent (D:\PROYEK WEB MASTER\APLIKASI\seat-shuttl
e\node_modules\jsdom\lib\jsdom\living\events\EventTarget-impl.js:114:17)
    at dispatchEvent (D:\PROYEK WEB MASTER\APLIKASI\seat-shuttle\node_modules\j
sdom\lib\generated\idl\EventTarget.js:241:34)

[90mstdout[2m | src/test/realtimeTracking.test.ts[2m > [22m[2mIntegration: RealtimeTrackingService + TrackingService[2m > [22m[2mshould enforce trip status before accepting realtime updates
[22m[39m[TrackingService] Location cached for DRV-001 (expires in 5 min)
[API] Location updated for driver DRV-001: {
  lat: [33m-6.2[39m,
  lng: [33m106.8[39m,
  timestamp: [32m'2026-03-25T19:26:14.681Z'[39m,
  validatedAt: [32m'2026-03-25T19:26:14.984Z'[39m
}
[TrackingService] Notification triggered for DRV-001

[90mstdout[2m | src/test/realtimeTracking.test.ts[2m > [22m[2mIntegration: RealtimeTrackingService + TrackingService[2m > [22m[2mshould enforce trip status before accepting realtime updates
[22m[39m[TrackingService] Location cached for DRV-001 (expires in 5 min)
[API] Location updated for driver DRV-001: {
  lat: [33m-6.199[39m,
  lng: [33m106.8[39m,
  timestamp: [32m'2026-03-25T19:26:14.781Z'[39m,
  validatedAt: [32m'2026-03-25T19:26:14.985Z'[39m
}
[TrackingService] Notification triggered for DRV-001

[90mstdout[2m | src/test/realtimeTracking.test.ts[2m > [22m[2mIntegration: RealtimeTrackingService + TrackingService[2m > [22m[2mshould enforce trip status before accepting realtime updates
[22m[39m[TrackingService] Location cached for DRV-001 (expires in 5 min)
[API] Location updated for driver DRV-001: {
  lat: [33m-6.198[39m,
  lng: [33m106.8[39m,
  timestamp: [32m'2026-03-25T19:26:14.881Z'[39m,
  validatedAt: [32m'2026-03-25T19:26:14.985Z'[39m
}
[TrackingService] Notification triggered for DRV-001

[90mstdout[2m | src/test/realtimeTracking.test.ts[2m > [22m[2mIntegration: RealtimeTrackingService + TrackingService[2m > [22m[2mshould enforce trip status before accepting realtime updates
[22m[39m[TrackingService] Location cached for DRV-001 (expires in 5 min)
[API] Location updated for driver DRV-001: {
  lat: [33m-6.197[39m,
  lng: [33m106.8[39m,
  timestamp: [32m'2026-03-25T19:26:14.981Z'[39m,
  validatedAt: [32m'2026-03-25T19:26:14.986Z'[39m
}
[TrackingService] Notification triggered for DRV-001

[90mstdout[2m | src/test/realtimeTracking.test.ts[2m > [22m[2mIntegration: RealtimeTrackingService + TrackingService[2m > [22m[2mshould enforce trip status before accepting realtime updates
[22m[39m[TrackingService] Location cached for DRV-001 (expires in 5 min)
[API] Location updated for driver DRV-001: {
  lat: [33m-6.196000000000001[39m,
  lng: [33m106.8[39m,
  timestamp: [32m'2026-03-25T19:26:15.081Z'[39m,
  validatedAt: [32m'2026-03-25T19:26:14.987Z'[39m
}
[TrackingService] Notification triggered for DRV-001

[90mstdout[2m | src/test/realtimeTracking.test.ts[2m > [22m[2mIntegration: RealtimeTrackingService + TrackingService[2m > [22m[2mshould enforce trip status before accepting realtime updates
[22m[39m[TrackingService] Cache hit for DRV-001 (expires in 300s)

[90mstdout[2m | src/test/realtimeTracking.test.ts[2m > [22m[2mIntegration: RealtimeTrackingService + TrackingService[2m > [22m[2mshould enforce trip status before accepting realtime updates
[22m[39m[RealtimeTracking] Service destroyed

[90mstdout[2m | src/test/realtimeTracking.test.ts[2m > [22m[2mPerformance & Scale[2m > [22m[2mshould handle multiple concurrent subscriptions
[22m[39m[TrackingService] Location cached for DRV-001 (expires in 5 min)
[API] Location updated for driver DRV-001: {
  lat: [33m-6.2[39m,
  lng: [33m106.8[39m,
  timestamp: [32m'2026-03-25T19:26:14.789Z'[39m,
  validatedAt: [32m'2026-03-25T19:26:15.096Z'[39m
}
[TrackingService] Notification triggered for DRV-001

[90mstdout[2m | src/test/realtimeTracking.test.ts[2m > [22m[2mPerformance & Scale[2m > [22m[2mshould handle multiple concurrent subscriptions
[22m[39m[TrackingService] Location cached for DRV-001 (expires in 5 min)
[API] Location updated for driver DRV-001: {
  lat: [33m-6.2088[39m,
  lng: [33m106.8456[39m,
  timestamp: [32m'2026-03-25T19:26:14.863Z'[39m,
  validatedAt: [32m'2026-03-25T19:26:15.167Z'[39m
}
[TrackingService] Notification triggered for DRV-001

[90mstdout[2m | src/test/tracking.test.ts[2m > [22m[2mTrackingService - Enhanced Validation[2m > [22m[2mupdateDriverLocation[2m > [22m[2mshould cache the last location in localStorage
[22m[39m[TrackingService] Location cached for test-driver-001 (expires in 5 min)
[API] Location updated for driver test-driver-001: {
  lat: [33m-6.2088[39m,
  lng: [33m106.8456[39m,
  timestamp: [32m'2026-03-25T19:26:14.227Z'[39m,
  validatedAt: [32m'2026-03-25T19:26:15.177Z'[39m
}
[TrackingService] Notification triggered for test-driver-001

[90mstdout[2m | src/test/realtimeTracking.test.ts[2m > [22m[2mPerformance & Scale[2m > [22m[2mshould handle multiple concurrent subscriptions
[22m[39m[RealtimeTracking] Service destroyed

[90mstdout[2m | src/test/realtimeTracking.test.ts[2m > [22m[2mPerformance & Scale[2m > [22m[2mshould handle multiple location updates with throttling
[22m[39m[TrackingService] Location cached for DRV-001 (expires in 5 min)
[API] Location updated for driver DRV-001: {
  lat: [33m-6.2088[39m,
  lng: [33m106.8456[39m,
  timestamp: [32m'2026-03-25T19:26:14.971Z'[39m,
  validatedAt: [32m'2026-03-25T19:26:15.274Z'[39m
}
[TrackingService] Notification triggered for DRV-001

[90mstderr[2m | src/test/realtimeTracking.test.ts[2m > [22m[2mPerformance 
& Scale[2m > [22m[2mshould handle multiple location updates with throttling
[22m[39mError: Listener error
    at D:\PROYEK WEB MASTER\APLIKASI\seat-shuttle\src\test\realtimeTracking.tes
t.ts:201:15
    at mockCall (file:///D:/PROYEK%20WEB%20MASTER/APLIKASI/seat-shuttle/node_mo
dules/@vitest/spy/dist/index.js:96:15)
    at listener (file:///D:/PROYEK%20WEB%20MASTER/APLIKASI/seat-shuttle/node_mo
dules/tinyspy/dist/index.js:47:80)
    at pollingListener (D:\PROYEK WEB MASTER\APLIKASI\seat-shuttle\src\services
\realtimeTrackingService.ts:461:11)
    at callTheUserObjectsOperation (D:\PROYEK WEB MASTER\APLIKASI\seat-shuttle\
node_modules\jsdom\lib\generated\idl\EventListener.js:26:30)
    at innerInvokeEventListeners (D:\PROYEK WEB MASTER\APLIKASI\seat-shuttle\no
de_modules\jsdom\lib\jsdom\living\events\EventTarget-impl.js:360:16)
    at invokeEventListeners (D:\PROYEK WEB MASTER\APLIKASI\seat-shuttle\node_mo
dules\jsdom\lib\jsdom\living\events\EventTarget-impl.js:296:3)
    at EventTargetImpl._dispatch (D:\PROYEK WEB MASTER\APLIKASI\seat-shuttle\no
de_modules\jsdom\lib\jsdom\living\events\EventTarget-impl.js:243:9)
    at EventTargetImpl.dispatchEvent (D:\PROYEK WEB MASTER\APLIKASI\seat-shuttl
e\node_modules\jsdom\lib\jsdom\living\events\EventTarget-impl.js:114:17)
    at dispatchEvent (D:\PROYEK WEB MASTER\APLIKASI\seat-shuttle\node_modules\j
sdom\lib\generated\idl\EventTarget.js:241:34)

[90mstdout[2m | src/test/tracking.test.ts[2m > [22m[2mTrackingService - Enhanced Validation[2m > [22m[2mgetLastKnownLocation[2m > [22m[2mshould return null if no location is cached
[22m[39m[TrackingService] No valid cache for non-existent-driver

[90mstdout[2m | src/test/realtimeTracking.test.ts[2m > [22m[2mPerformance & Scale[2m > [22m[2mshould handle multiple location updates with throttling
[22m[39m[TrackingService] Location cached for DRV-000 (expires in 5 min)
[API] Location updated for driver DRV-000: {
  lat: [33m-6.2[39m,
  lng: [33m106.8[39m,
  timestamp: [32m'2026-03-25T19:26:15.125Z'[39m,
  validatedAt: [32m'2026-03-25T19:26:15.429Z'[39m
}
[TrackingService] Notification triggered for DRV-000

[90mstderr[2m | src/test/realtimeTracking.test.ts[2m > [22m[2mPerformance 
& Scale[2m > [22m[2mshould handle multiple location updates with throttling
[22m[39mError: Listener error
    at D:\PROYEK WEB MASTER\APLIKASI\seat-shuttle\src\test\realtimeTracking.tes
t.ts:201:15
    at mockCall (file:///D:/PROYEK%20WEB%20MASTER/APLIKASI/seat-shuttle/node_mo
dules/@vitest/spy/dist/index.js:96:15)
    at listener (file:///D:/PROYEK%20WEB%20MASTER/APLIKASI/seat-shuttle/node_mo
dules/tinyspy/dist/index.js:47:80)
    at pollingListener (D:\PROYEK WEB MASTER\APLIKASI\seat-shuttle\src\services
\realtimeTrackingService.ts:461:11)
    at callTheUserObjectsOperation (D:\PROYEK WEB MASTER\APLIKASI\seat-shuttle\
node_modules\jsdom\lib\generated\idl\EventListener.js:26:30)
    at innerInvokeEventListeners (D:\PROYEK WEB MASTER\APLIKASI\seat-shuttle\no
de_modules\jsdom\lib\jsdom\living\events\EventTarget-impl.js:360:16)
    at invokeEventListeners (D:\PROYEK WEB MASTER\APLIKASI\seat-shuttle\node_mo
dules\jsdom\lib\jsdom\living\events\EventTarget-impl.js:296:3)
    at EventTargetImpl._dispatch (D:\PROYEK WEB MASTER\APLIKASI\seat-shuttle\no
de_modules\jsdom\lib\jsdom\living\events\EventTarget-impl.js:243:9)
    at EventTargetImpl.dispatchEvent (D:\PROYEK WEB MASTER\APLIKASI\seat-shuttl
e\node_modules\jsdom\lib\jsdom\living\events\EventTarget-impl.js:114:17)
    at dispatchEvent (D:\PROYEK WEB MASTER\APLIKASI\seat-shuttle\node_modules\j
sdom\lib\generated\idl\EventTarget.js:241:34)

[90mstdout[2m | src/test/realtimeTracking.test.ts[2m > [22m[2mPerformance & Scale[2m > [22m[2mshould handle multiple location updates with throttling
[22m[39m[TrackingService] Location cached for DRV-001 (expires in 5 min)
[API] Location updated for driver DRV-001: {
  lat: [33m-6.2[39m,
  lng: [33m106.8[39m,
  timestamp: [32m'2026-03-25T19:26:15.278Z'[39m,
  validatedAt: [32m'2026-03-25T19:26:15.579Z'[39m
}
[TrackingService] Notification triggered for DRV-001

[90mstderr[2m | src/test/realtimeTracking.test.ts[2m > [22m[2mPerformance 
& Scale[2m > [22m[2mshould handle multiple location updates with throttling
[22m[39mError: Listener error
    at D:\PROYEK WEB MASTER\APLIKASI\seat-shuttle\src\test\realtimeTracking.tes
t.ts:201:15
    at mockCall (file:///D:/PROYEK%20WEB%20MASTER/APLIKASI/seat-shuttle/node_mo
dules/@vitest/spy/dist/index.js:96:15)
    at listener (file:///D:/PROYEK%20WEB%20MASTER/APLIKASI/seat-shuttle/node_mo
dules/tinyspy/dist/index.js:47:80)
    at pollingListener (D:\PROYEK WEB MASTER\APLIKASI\seat-shuttle\src\services
\realtimeTrackingService.ts:461:11)
    at callTheUserObjectsOperation (D:\PROYEK WEB MASTER\APLIKASI\seat-shuttle\
node_modules\jsdom\lib\generated\idl\EventListener.js:26:30)
    at innerInvokeEventListeners (D:\PROYEK WEB MASTER\APLIKASI\seat-shuttle\no
de_modules\jsdom\lib\jsdom\living\events\EventTarget-impl.js:360:16)
    at invokeEventListeners (D:\PROYEK WEB MASTER\APLIKASI\seat-shuttle\node_mo
dules\jsdom\lib\jsdom\living\events\EventTarget-impl.js:296:3)
    at EventTargetImpl._dispatch (D:\PROYEK WEB MASTER\APLIKASI\seat-shuttle\no
de_modules\jsdom\lib\jsdom\living\events\EventTarget-impl.js:243:9)
    at EventTargetImpl.dispatchEvent (D:\PROYEK WEB MASTER\APLIKASI\seat-shuttl
e\node_modules\jsdom\lib\jsdom\living\events\EventTarget-impl.js:114:17)
    at dispatchEvent (D:\PROYEK WEB MASTER\APLIKASI\seat-shuttle\node_modules\j
sdom\lib\generated\idl\EventTarget.js:241:34)

[90mstdout[2m | src/test/tracking.test.ts[2m > [22m[2mTrackingService - Enhanced Validation[2m > [22m[2mgetLastKnownLocation[2m > [22m[2mshould return cached location if available and not expired
[22m[39m[TrackingService] Location cached for test-driver-001 (expires in 5 min)
[API] Location updated for driver test-driver-001: {
  lat: [33m-6.2088[39m,
  lng: [33m106.8456[39m,
  timestamp: [32m'2026-03-25T19:26:14.227Z'[39m,
  validatedAt: [32m'2026-03-25T19:26:15.687Z'[39m
}
[TrackingService] Notification triggered for test-driver-001

[90mstdout[2m | src/test/tracking.test.ts[2m > [22m[2mTrackingService - Enhanced Validation[2m > [22m[2mgetLastKnownLocation[2m > [22m[2mshould return cached location if available and not expired
[22m[39m[TrackingService] Cache hit for test-driver-001 (expires in 300s)

[90mstdout[2m | src/test/tracking.test.ts[2m > [22m[2mTrackingService - Enhanced Validation[2m > [22m[2mgetLastKnownLocation[2m > [22m[2mshould return null if cached location has expired
[22m[39m[TrackingService] Location cached for test-driver-001 (expires in 5 min)
[API] Location updated for driver test-driver-001: {
  lat: [33m-6.2088[39m,
  lng: [33m106.8456[39m,
  timestamp: [32m'2026-03-25T19:26:14.227Z'[39m,
  validatedAt: [32m'2026-03-25T19:26:15.989Z'[39m
}
[TrackingService] Notification triggered for test-driver-001

[90mstdout[2m | src/test/tracking.test.ts[2m > [22m[2mTrackingService - Enhanced Validation[2m > [22m[2mgetLastKnownLocation[2m > [22m[2mshould return null if cached location has expired
[22m[39m[TrackingService] Cache for test-driver-001 has expired (TTL exceeded)

[90mstdout[2m | src/test/tracking.test.ts[2m > [22m[2mTrackingService - Enhanced Validation[2m > [22m[2mgetLastKnownLocation[2m > [22m[2mshould return null if cached location has expired
[22m[39m[TrackingService] No valid cache for test-driver-001

[90mstderr[2m | src/test/tracking.test.ts[2m > [22m[2mTrackingService - En
hanced Validation[2m > [22m[2mgetLastKnownLocation[2m > [22m[2mshould thr
ow error for invalid driver ID when retrieving
[22m[39m[TrackingService] Get location failed: Format ID Driver tidak valid. 
Hanya alphanumeric, underscore, dan hyphen yang diizinkan

[90mstdout[2m | src/test/realtimeTracking.test.ts[2m > [22m[2mPerformance & Scale[2m > [22m[2mshould handle multiple location updates with throttling
[22m[39m[TrackingService] Location cached for DRV-001 (expires in 5 min)
[API] Location updated for driver DRV-001: {
  lat: [33m-6.199[39m,
  lng: [33m106.801[39m,
  timestamp: [32m'2026-03-25T19:26:16.529Z'[39m,
  validatedAt: [32m'2026-03-25T19:26:15.733Z'[39m
}
[TrackingService] Notification triggered for DRV-001

[90mstderr[2m | src/test/realtimeTracking.test.ts[2m > [22m[2mPerformance 
& Scale[2m > [22m[2mshould handle multiple location updates with throttling
[22m[39mError: Listener error
    at D:\PROYEK WEB MASTER\APLIKASI\seat-shuttle\src\test\realtimeTracking.tes
t.ts:201:15
    at mockCall (file:///D:/PROYEK%20WEB%20MASTER/APLIKASI/seat-shuttle/node_mo
dules/@vitest/spy/dist/index.js:96:15)
    at listener (file:///D:/PROYEK%20WEB%20MASTER/APLIKASI/seat-shuttle/node_mo
dules/tinyspy/dist/index.js:47:80)
    at pollingListener (D:\PROYEK WEB MASTER\APLIKASI\seat-shuttle\src\services
\realtimeTrackingService.ts:461:11)
    at callTheUserObjectsOperation (D:\PROYEK WEB MASTER\APLIKASI\seat-shuttle\
node_modules\jsdom\lib\generated\idl\EventListener.js:26:30)
    at innerInvokeEventListeners (D:\PROYEK WEB MASTER\APLIKASI\seat-shuttle\no
de_modules\jsdom\lib\jsdom\living\events\EventTarget-impl.js:360:16)
    at invokeEventListeners (D:\PROYEK WEB MASTER\APLIKASI\seat-shuttle\node_mo
dules\jsdom\lib\jsdom\living\events\EventTarget-impl.js:296:3)
    at EventTargetImpl._dispatch (D:\PROYEK WEB MASTER\APLIKASI\seat-shuttle\no
de_modules\jsdom\lib\jsdom\living\events\EventTarget-impl.js:243:9)
    at EventTargetImpl.dispatchEvent (D:\PROYEK WEB MASTER\APLIKASI\seat-shuttl
e\node_modules\jsdom\lib\jsdom\living\events\EventTarget-impl.js:114:17)
    at dispatchEvent (D:\PROYEK WEB MASTER\APLIKASI\seat-shuttle\node_modules\j
sdom\lib\generated\idl\EventTarget.js:241:34)

[90mstdout[2m | src/test/realtimeTracking.test.ts[2m > [22m[2mPerformance & Scale[2m > [22m[2mshould handle multiple location updates with throttling
[22m[39m[TrackingService] Location cached for DRV-001 (expires in 5 min)
[API] Location updated for driver DRV-001: {
  lat: [33m-6.198[39m,
  lng: [33m106.80199999999999[39m,
  timestamp: [32m'2026-03-25T19:26:17.781Z'[39m,
  validatedAt: [32m'2026-03-25T19:26:15.883Z'[39m
}
[TrackingService] Notification triggered for DRV-001

[90mstderr[2m | src/test/realtimeTracking.test.ts[2m > [22m[2mPerformance 
& Scale[2m > [22m[2mshould handle multiple location updates with throttling
[22m[39mError: Listener error
    at D:\PROYEK WEB MASTER\APLIKASI\seat-shuttle\src\test\realtimeTracking.tes
t.ts:201:15
    at mockCall (file:///D:/PROYEK%20WEB%20MASTER/APLIKASI/seat-shuttle/node_mo
dules/@vitest/spy/dist/index.js:96:15)
    at listener (file:///D:/PROYEK%20WEB%20MASTER/APLIKASI/seat-shuttle/node_mo
dules/tinyspy/dist/index.js:47:80)
    at pollingListener (D:\PROYEK WEB MASTER\APLIKASI\seat-shuttle\src\services
\realtimeTrackingService.ts:461:11)
    at callTheUserObjectsOperation (D:\PROYEK WEB MASTER\APLIKASI\seat-shuttle\
node_modules\jsdom\lib\generated\idl\EventListener.js:26:30)
    at innerInvokeEventListeners (D:\PROYEK WEB MASTER\APLIKASI\seat-shuttle\no
de_modules\jsdom\lib\jsdom\living\events\EventTarget-impl.js:360:16)
    at invokeEventListeners (D:\PROYEK WEB MASTER\APLIKASI\seat-shuttle\node_mo
dules\jsdom\lib\jsdom\living\events\EventTarget-impl.js:296:3)
    at EventTargetImpl._dispatch (D:\PROYEK WEB MASTER\APLIKASI\seat-shuttle\no
de_modules\jsdom\lib\jsdom\living\events\EventTarget-impl.js:243:9)
    at EventTargetImpl.dispatchEvent (D:\PROYEK WEB MASTER\APLIKASI\seat-shuttl
e\node_modules\jsdom\lib\jsdom\living\events\EventTarget-impl.js:114:17)
    at dispatchEvent (D:\PROYEK WEB MASTER\APLIKASI\seat-shuttle\node_modules\j
sdom\lib\generated\idl\EventTarget.js:241:34)

[90mstdout[2m | src/test/tracking.test.ts[2m > [22m[2mTrackingService - Enhanced Validation[2m > [22m[2mCache Cleanup[2m > [22m[2mshould clean expired cache entries
[22m[39m[TrackingService] Location cached for test-driver-001 (expires in 5 min)
[API] Location updated for driver test-driver-001: {
  lat: [33m-6.2088[39m,
  lng: [33m106.8456[39m,
  timestamp: [32m'2026-03-25T19:26:14.227Z'[39m,
  validatedAt: [32m'2026-03-25T19:26:15.996Z'[39m
}
[TrackingService] Notification triggered for test-driver-001

[90mstdout[2m | src/test/realtimeTracking.test.ts[2m > [22m[2mPerformance & Scale[2m > [22m[2mshould handle multiple location updates with throttling
[22m[39m[TrackingService] Location cached for DRV-001 (expires in 5 min)
[API] Location updated for driver DRV-001: {
  lat: [33m-6.197[39m,
  lng: [33m106.803[39m,
  timestamp: [32m'2026-03-25T19:26:19.034Z'[39m,
  validatedAt: [32m'2026-03-25T19:26:16.037Z'[39m
}
[TrackingService] Notification triggered for DRV-001

[90mstdout[2m | src/test/realtimeTracking.test.ts[2m > [22m[2mPerformance & Scale[2m > [22m[2mshould handle multiple location updates with throttling
[22m[39m[RealtimeTracking] Service destroyed

 [31mÔØ»[39m src/test/realtimeTracking.test.ts [2m([22m[2m22 tests[22m[2m | [22m[31m4 failed[39m[2m)[22m[33m 1767[2mms[22m[39m
   [32mÔ£ô[39m RealtimeTrackingService[2m > [22mService Initialization[2m > [22mshould initialize as singleton[32m 5[2mms[22m[39m
   [32mÔ£ô[39m RealtimeTrackingService[2m > [22mService Initialization[2m > [22mshould start polling fallback without WebSocket URL[32m 103[2mms[22m[39m
   [32mÔ£ô[39m RealtimeTrackingService[2m > [22mEvent Broadcasting[2m > [22mshould broadcast valid location updates[32m 59[2mms[22m[39m
[31m   [31m├ù[31m RealtimeTrackingService[2m > [22mEvent Broadcasting[2m > [22mshould reject invalid location updates[39m[32m 18[2mms[22m[39m
[31m     ÔåÆ Cannot read properties of undefined (reading 'value')[39m
   [32mÔ£ô[39m RealtimeTrackingService[2m > [22mEvent Broadcasting[2m > [22mshould filter updates by driver_id[32m 55[2mms[22m[39m
   [32mÔ£ô[39m RealtimeTrackingService[2m > [22mSubscription Management[2m > [22mshould subscribe to driver location updates[32m 107[2mms[22m[39m
   [32mÔ£ô[39m RealtimeTrackingService[2m > [22mSubscription Management[2m > [22mshould handle multiple subscribers to same driver[32m 54[2mms[22m[39m
   [32mÔ£ô[39m RealtimeTrackingService[2m > [22mStatistics & Monitoring[2m > [22mshould provide connection statistics[32m 2[2mms[22m[39m
   [32mÔ£ô[39m RealtimeTrackingService[2m > [22mStatistics & Monitoring[2m > [22mshould track WebSocket vs polling mode[32m 2[2mms[22m[39m
[31m   [31m├ù[31m RealtimeTrackingService[2m > [22mMessage Throttling[2m > [22mshould throttle rapid updates from same driver[39m[32m 108[2mms[22m[39m
[31m     ÔåÆ expected 5 to be less than 5[39m
   [32mÔ£ô[39m RealtimeTrackingService[2m > [22mError Handling[2m > [22mshould handle listener callback errors without crashing[32m 57[2mms[22m[39m
   [32mÔ£ô[39m MockWebSocketServer[2m > [22mServer Operations[2m > [22mshould start and stop[32m 2[2mms[22m[39m
   [32mÔ£ô[39m MockWebSocketServer[2m > [22mServer Operations[2m > [22mshould initialize drivers on startup[32m 1[2mms[22m[39m
   [32mÔ£ô[39m MockWebSocketServer[2m > [22mServer Operations[2m > [22mshould track active drivers[32m 1[2mms[22m[39m
[31m   [31m├ù[31m MockWebSocketServer[2m > [22mDriver Simulation[2m > [22mshould simulate realistic driver locations[39m[32m 7[2mms[22m[39m
[31m     ÔåÆ expected { driver_id: 'DRV-001', ÔÇª(5) } to be null[39m
   [32mÔ£ô[39m MockWebSocketServer[2m > [22mDriver Simulation[2m > [22mshould get all active driver locations[32m 2[2mms[22m[39m
   [32mÔ£ô[39m MockWebSocketServer[2m > [22mDriver Simulation[2m > [22mshould update driver active status[32m 1[2mms[22m[39m
   [32mÔ£ô[39m MockWebSocketServer[2m > [22mStatistics[2m > [22mshould provide accurate server statistics[32m 2[2mms[22m[39m
[31m   [31m├ù[31m Integration: RealtimeTrackingService + TrackingService[2m > [22mshould cache realtime updates in TrackingService[39m[32m 108[2mms[22m[39m
[31m     ÔåÆ expected -6.2 to be -6.2088 // Object.is equality[39m
   [32mÔ£ô[39m Integration: RealtimeTrackingService + TrackingService[2m > [22mshould enforce trip status before accepting realtime updates[32m 103[2mms[22m[39m
   [32mÔ£ô[39m Performance & Scale[2m > [22mshould handle multiple concurrent subscriptions[32m 153[2mms[22m[39m
   [33m[2mÔ£ô[22m[39m Performance & Scale[2m > [22mshould handle multiple location updates with throttling [33m 812[2mms[22m[39m
[90mstdout[2m | src/test/tracking.test.ts[2m > [22m[2mTrackingService - Enhanced Validation[2m > [22m[2mCache Cleanup[2m > [22m[2mshould clean expired cache entries
[22m[39m[TrackingService] Location cached for driver-002 (expires in 5 min)
[API] Location updated for driver driver-002: {
  lat: [33m-6.2088[39m,
  lng: [33m106.8456[39m,
  timestamp: [32m'2026-03-25T19:26:14.227Z'[39m,
  validatedAt: [32m'2026-03-25T19:26:16.298Z'[39m
}
[TrackingService] Notification triggered for driver-002

[90mstdout[2m | src/test/tracking.test.ts[2m > [22m[2mTrackingService - Enhanced Validation[2m > [22m[2mCache Cleanup[2m > [22m[2mshould clean expired cache entries
[22m[39m[TrackingService] Cleaned 2 expired cache entries

[90mstdout[2m | src/test/tracking.test.ts[2m > [22m[2mTrackingService - Enhanced Validation[2m > [22m[2mCache Cleanup[2m > [22m[2mshould get cache statistics
[22m[39m[TrackingService] Location cached for test-driver-001 (expires in 5 min)
[API] Location updated for driver test-driver-001: {
  lat: [33m-6.2088[39m,
  lng: [33m106.8456[39m,
  timestamp: [32m'2026-03-25T19:26:14.227Z'[39m,
  validatedAt: [32m'2026-03-25T19:26:16.602Z'[39m
}
[TrackingService] Notification triggered for test-driver-001

[90mstdout[2m | src/test/tracking.test.ts[2m > [22m[2mTrackingService - Enhanced Validation[2m > [22m[2mCache Cleanup[2m > [22m[2mshould get cache statistics
[22m[39m[TrackingService] Location cached for driver-002 (expires in 5 min)
[API] Location updated for driver driver-002: {
  lat: [33m-6.2088[39m,
  lng: [33m106.8456[39m,
  timestamp: [32m'2026-03-25T19:26:14.227Z'[39m,
  validatedAt: [32m'2026-03-25T19:26:16.905Z'[39m
}
[TrackingService] Notification triggered for driver-002

[90mstdout[2m | src/test/tracking.test.ts[2m > [22m[2mTrackingService - Enhanced Validation[2m > [22m[2mCache Cleanup[2m > [22m[2mshould report expired entries in cache stats
[22m[39m[TrackingService] Location cached for test-driver-001 (expires in 5 min)
[API] Location updated for driver test-driver-001: {
  lat: [33m-6.2088[39m,
  lng: [33m106.8456[39m,
  timestamp: [32m'2026-03-25T19:26:14.227Z'[39m,
  validatedAt: [32m'2026-03-25T19:26:17.207Z'[39m
}
[TrackingService] Notification triggered for test-driver-001

[90mstdout[2m | src/test/tracking.test.ts[2m > [22m[2mTrackingService - Enhanced Validation[2m > [22m[2mReal-time Notifications[2m > [22m[2mshould dispatch driver_location_update event
[22m[39m[TrackingService] Location cached for test-driver-001 (expires in 5 min)
[API] Location updated for driver test-driver-001: {
  lat: [33m-6.2088[39m,
  lng: [33m106.8456[39m,
  timestamp: [32m'2026-03-25T19:26:14.227Z'[39m,
  validatedAt: [32m'2026-03-25T19:26:17.514Z'[39m
}
[TrackingService] Notification triggered for test-driver-001

 [32mÔ£ô[39m src/test/tracking.test.ts [2m([22m[2m32 tests[22m[2m)[22m[33m 3290[2mms[22m[39m
   [33m[2mÔ£ô[22m[39m TrackingService - Enhanced Validation[2m > [22mupdateDriverLocation[2m > [22mshould successfully update location with valid data [33m 305[2mms[22m[39m
   [33m[2mÔ£ô[22m[39m TrackingService - Enhanced Validation[2m > [22mupdateDriverLocation[2m > [22mshould allow location update when trip is active [33m 302[2mms[22m[39m
   [33m[2mÔ£ô[22m[39m TrackingService - Enhanced Validation[2m > [22mupdateDriverLocation[2m > [22mshould cache the last location in localStorage [33m 303[2mms[22m[39m
   [33m[2mÔ£ô[22m[39m TrackingService - Enhanced Validation[2m > [22mgetLastKnownLocation[2m > [22mshould return cached location if available and not expired [33m 302[2mms[22m[39m
   [33m[2mÔ£ô[22m[39m TrackingService - Enhanced Validation[2m > [22mCache Cleanup[2m > [22mshould clean expired cache entries [33m 606[2mms[22m[39m
   [33m[2mÔ£ô[22m[39m TrackingService - Enhanced Validation[2m > [22mCache Cleanup[2m > [22mshould get cache statistics [33m 605[2mms[22m[39m
   [33m[2mÔ£ô[22m[39m TrackingService - Enhanced Validation[2m > [22mCache Cleanup[2m > [22mshould report expired entries in cache stats [33m 303[2mms[22m[39m
   [33m[2mÔ£ô[22m[39m TrackingService - Enhanced Validation[2m > [22mReal-time Notifications[2m > [22mshould dispatch driver_location_update event [33m 318[2mms[22m[39m

[31mÔÄ»ÔÄ»ÔÄ»ÔÄ»ÔÄ»ÔÄ»ÔÄ»[39m[1m[41m Failed Tests 4 [49m[22m[31mÔÄ»ÔÄ»ÔÄ
»ÔÄ»ÔÄ»ÔÄ»ÔÄ»[39m

[41m[1m FAIL [22m[49m src/test/realtimeTracking.test.ts[2m > [22mRealtime
TrackingService[2m > [22mEvent Broadcasting[2m > [22mshould reject invalid 
location updates
[31m[1mTypeError[22m: Cannot read properties of undefined (reading 'value')
[39m
[36m [2mÔØ»[22m RealtimeTrackingService.broadcastUpdate src/services/realtim
eTrackingService.ts:[2m503:15[22m[39m
    [90m501| [39m      })[33m;[39m
    [90m502| [39m    } [35mcatch[39m (error) {
    [90m503| [39m      console.error('[RealtimeTracking] Invalid location upd
ate:', errÔÇª
    [90m   | [39m              [31m^[39m
    [90m504| [39m    }
    [90m505| [39m  }
[90m [2mÔØ»[22m src/test/realtimeTracking.test.ts:[2m71:15[22m[39m

[31m[2mÔÄ»ÔÄ»ÔÄ»ÔÄ»ÔÄ»ÔÄ»ÔÄ»ÔÄ»ÔÄ»ÔÄ»ÔÄ»ÔÄ»ÔÄ»ÔÄ»ÔÄ»ÔÄ»ÔÄ»ÔÄ»ÔÄ»ÔÄ»ÔÄ»ÔÄ»ÔÄ»Ô
Ä»[1/4]ÔÄ»[22m[39m

[41m[1m FAIL [22m[49m src/test/realtimeTracking.test.ts[2m > [22mRealtime
TrackingService[2m > [22mMessage Throttling[2m > [22mshould throttle rapid 
updates from same driver
[31m[1mAssertionError[22m: expected 5 to be less than 5[39m
[36m [2mÔØ»[22m src/test/realtimeTracking.test.ts:[2m192:42[22m[39m
    [90m190| [39m
    [90m191| [39m      [90m// Should only receive first message, others thro
ttled[39m
    [90m192| [39m      [34mexpect[39m(listener[33m.[39mmock[33m.[39mcal
ls[33m.[39mlength)[33m.[39m[34mtoBeLessThan[39m([34m5[39m)[33m;[39m
    [90m   | [39m                                         [31m^[39m
    [90m193| [39m    })[33m;[39m
    [90m194| [39m  })[33m;[39m

[31m[2mÔÄ»ÔÄ»ÔÄ»ÔÄ»ÔÄ»ÔÄ»ÔÄ»ÔÄ»ÔÄ»ÔÄ»ÔÄ»ÔÄ»ÔÄ»ÔÄ»ÔÄ»ÔÄ»ÔÄ»ÔÄ»ÔÄ»ÔÄ»ÔÄ»ÔÄ»ÔÄ»Ô
Ä»[2/4]ÔÄ»[22m[39m

[41m[1m FAIL [22m[49m src/test/realtimeTracking.test.ts[2m > [22mMockWebS
ocketServer[2m > [22mDriver Simulation[2m > [22mshould simulate realistic d
river locations
[31m[1mAssertionError[22m: expected { driver_id: 'DRV-001', ÔÇª(5) } to be n
ull[39m

[32m- Expected:[39m 
null

[31m+ Received:[39m 
{
  "driver_id": "DRV-001",
  "heading": 34.0644615201625,
  "lat": -6.173081115848625,
  "lng": 106.88940629576275,
  "speed": 40.69830810305966,
  "timestamp": "2026-03-25T19:26:14.851Z",
}

[36m [2mÔØ»[22m src/test/realtimeTracking.test.ts:[2m263:24[22m[39m
    [90m261| [39m    [34mit[39m([32m"should simulate realistic driver loca
tions"[39m[33m,[39m () [33m=>[39m {
    [90m262| [39m      [35mconst[39m location [33m=[39m server[33m.[39m
[34mgetDriverLocation[39m([32m"DRV-001"[39m)[33m;[39m
    [90m263| [39m      [34mexpect[39m(location)[33m.[39m[34mtoBeNull[39
m()[33m;[39m [90m// No location before start[39m
    [90m   | [39m                       [31m^[39m
    [90m264| [39m
    [90m265| [39m      server[33m.[39m[34mstart[39m()[33m;[39m

[31m[2mÔÄ»ÔÄ»ÔÄ»ÔÄ»ÔÄ»ÔÄ»ÔÄ»ÔÄ»ÔÄ»ÔÄ»ÔÄ»ÔÄ»ÔÄ»ÔÄ»ÔÄ»ÔÄ»ÔÄ»ÔÄ»ÔÄ»ÔÄ»ÔÄ»ÔÄ»ÔÄ»Ô
Ä»[3/4]ÔÄ»[22m[39m

[41m[1m FAIL [22m[49m src/test/realtimeTracking.test.ts[2m > [22mIntegrat
ion: RealtimeTrackingService + TrackingService[2m > [22mshould cache realtime
 updates in TrackingService
[31m[1mAssertionError[22m: expected -6.2 to be -6.2088 // Object.is equality
[39m

[32m- Expected[39m
[31m+ Received[39m

[32m- -6.2088[39m
[31m+ -6.2[39m

[36m [2mÔØ»[22m src/test/realtimeTracking.test.ts:[2m342:25[22m[39m
    [90m340| [39m    const cached = await TrackingService.getLastKnownLocatio
n(driver_iÔÇª
    [90m341| [39m    [34mexpect[39m(cached)[33m.[39mnot[33m.[39m[34mto
BeNull[39m()[33m;[39m
    [90m342| [39m    [34mexpect[39m(cached[33m?.[39mlat)[33m.[39m[34mt
oBe[39m([33m-[39m[34m6.2088[39m)[33m;[39m
    [90m   | [39m                        [31m^[39m
    [90m343| [39m    [34mexpect[39m(cached[33m?.[39mlng)[33m.[39m[34mt
oBe[39m([34m106.8456[39m)[33m;[39m
    [90m344| [39m  })[33m;[39m

[31m[2mÔÄ»ÔÄ»ÔÄ»ÔÄ»ÔÄ»ÔÄ»ÔÄ»ÔÄ»ÔÄ»ÔÄ»ÔÄ»ÔÄ»ÔÄ»ÔÄ»ÔÄ»ÔÄ»ÔÄ»ÔÄ»ÔÄ»ÔÄ»ÔÄ»ÔÄ»ÔÄ»Ô
Ä»[4/4]ÔÄ»[22m[39m

[31mÔÄ»ÔÄ»ÔÄ»ÔÄ»ÔÄ»ÔÄ»[39m[1m[41m Unhandled Errors [49m[22m[31mÔÄ»ÔÄ»ÔÄ»
ÔÄ»ÔÄ»ÔÄ»[39m
[31m[1m
Vitest caught 8 unhandled errors during the test run.
This might cause false positive tests. Resolve unhandled errors to make sure yo
ur tests are not affected.[22m[39m

[31mÔÄ»ÔÄ»ÔÄ»ÔÄ»ÔÄ»[39m[1m[41m Uncaught Exception [49m[22m[31mÔÄ»ÔÄ»ÔÄ»Ô
Ä»ÔÄ»[39m
[31m[1mError[22m: Listener error[39m
[36m [2mÔØ»[22m src/test/realtimeTracking.test.ts:[2m201:15[22m[39m
    [90m199| [39m      
    [90m200| [39m      [35mconst[39m badListener [33m=[39m vi[33m.[39m
[34mfn[39m(() [33m=>[39m {
    [90m201| [39m        [35mthrow[39m [35mnew[39m [33mError[39m([32m"
Listener error"[39m)[33m;[39m
    [90m   | [39m              [31m^[39m
    [90m202| [39m      })[33m;[39m
    [90m203| [39m      [35mconst[39m goodListener [33m=[39m vi[33m.[39m
[34mfn[39m()[33m;[39m
[90m [2mÔØ»[22m mockCall ../../../PROYEK%20WEB%20MASTER/APLIKASI/seat-shuttl
e/node_modules/@vitest/spy/dist/index.js:[2m96:15[22m[39m
[90m [2mÔØ»[22m listener ../../../PROYEK%20WEB%20MASTER/APLIKASI/seat-shuttl
e/node_modules/tinyspy/dist/index.js:[2m47:80[22m[39m
[90m [2mÔØ»[22m pollingListener src/services/realtimeTrackingService.ts:[2m
461:11[22m[39m
[90m [2mÔØ»[22m callTheUserObjectsOperation node_modules/jsdom/lib/generated
/idl/EventListener.js:[2m26:30[22m[39m
[90m [2mÔØ»[22m innerInvokeEventListeners node_modules/jsdom/lib/jsdom/livin
g/events/EventTarget-impl.js:[2m360:16[22m[39m
[90m [2mÔØ»[22m invokeEventListeners node_modules/jsdom/lib/jsdom/living/eve
nts/EventTarget-impl.js:[2m296:3[22m[39m
[90m [2mÔØ»[22m EventTargetImpl._dispatch node_modules/jsdom/lib/jsdom/livin
g/events/EventTarget-impl.js:[2m243:9[22m[39m
[90m [2mÔØ»[22m EventTargetImpl.dispatchEvent node_modules/jsdom/lib/jsdom/l
iving/events/EventTarget-impl.js:[2m114:17[22m[39m
[90m [2mÔØ»[22m dispatchEvent node_modules/jsdom/lib/generated/idl/EventTarg
et.js:[2m241:34[22m[39m

[31mThis error originated in "[1msrc/test/realtimeTracking.test.ts[22m" test
 file. It doesn't mean the error was thrown inside the file itself, but while i
t was running.[39m
[31mThe latest test that might've caused the error is "[1mshould handle liste
ner callback errors without crashing[22m". It might mean one of the following:
- The error was thrown, while Vitest was running this test.
- If the error occurred after the test had been completed, this was the last do
cumented test before it was thrown.[39m

[31mÔÄ»ÔÄ»ÔÄ»ÔÄ»ÔÄ»[39m[1m[41m Uncaught Exception [49m[22m[31mÔÄ»ÔÄ»ÔÄ»Ô
Ä»ÔÄ»[39m
[31m[1mError[22m: Listener error[39m
[36m [2mÔØ»[22m src/test/realtimeTracking.test.ts:[2m201:15[22m[39m
    [90m199| [39m      
    [90m200| [39m      [35mconst[39m badListener [33m=[39m vi[33m.[39m
[34mfn[39m(() [33m=>[39m {
    [90m201| [39m        [35mthrow[39m [35mnew[39m [33mError[39m([32m"
Listener error"[39m)[33m;[39m
    [90m   | [39m              [31m^[39m
    [90m202| [39m      })[33m;[39m
    [90m203| [39m      [35mconst[39m goodListener [33m=[39m vi[33m.[39m
[34mfn[39m()[33m;[39m
[90m [2mÔØ»[22m mockCall ../../../PROYEK%20WEB%20MASTER/APLIKASI/seat-shuttl
e/node_modules/@vitest/spy/dist/index.js:[2m96:15[22m[39m
[90m [2mÔØ»[22m listener ../../../PROYEK%20WEB%20MASTER/APLIKASI/seat-shuttl
e/node_modules/tinyspy/dist/index.js:[2m47:80[22m[39m
[90m [2mÔØ»[22m pollingListener src/services/realtimeTrackingService.ts:[2m
461:11[22m[39m
[90m [2mÔØ»[22m callTheUserObjectsOperation node_modules/jsdom/lib/generated
/idl/EventListener.js:[2m26:30[22m[39m
[90m [2mÔØ»[22m innerInvokeEventListeners node_modules/jsdom/lib/jsdom/livin
g/events/EventTarget-impl.js:[2m360:16[22m[39m
[90m [2mÔØ»[22m invokeEventListeners node_modules/jsdom/lib/jsdom/living/eve
nts/EventTarget-impl.js:[2m296:3[22m[39m
[90m [2mÔØ»[22m EventTargetImpl._dispatch node_modules/jsdom/lib/jsdom/livin
g/events/EventTarget-impl.js:[2m243:9[22m[39m
[90m [2mÔØ»[22m EventTargetImpl.dispatchEvent node_modules/jsdom/lib/jsdom/l
iving/events/EventTarget-impl.js:[2m114:17[22m[39m
[90m [2mÔØ»[22m dispatchEvent node_modules/jsdom/lib/generated/idl/EventTarg
et.js:[2m241:34[22m[39m

[31mThis error originated in "[1msrc/test/realtimeTracking.test.ts[22m" test
 file. It doesn't mean the error was thrown inside the file itself, but while i
t was running.[39m
[31mThe latest test that might've caused the error is "[1mshould cache realti
me updates in TrackingService[22m". It might mean one of the following:
- The error was thrown, while Vitest was running this test.
- If the error occurred after the test had been completed, this was the last do
cumented test before it was thrown.[39m

[31mÔÄ»ÔÄ»ÔÄ»ÔÄ»ÔÄ»[39m[1m[41m Uncaught Exception [49m[22m[31mÔÄ»ÔÄ»ÔÄ»Ô
Ä»ÔÄ»[39m
[31m[1mError[22m: Listener error[39m
[36m [2mÔØ»[22m src/test/realtimeTracking.test.ts:[2m201:15[22m[39m
    [90m199| [39m      
    [90m200| [39m      [35mconst[39m badListener [33m=[39m vi[33m.[39m
[34mfn[39m(() [33m=>[39m {
    [90m201| [39m        [35mthrow[39m [35mnew[39m [33mError[39m([32m"
Listener error"[39m)[33m;[39m
    [90m   | [39m              [31m^[39m
    [90m202| [39m      })[33m;[39m
    [90m203| [39m      [35mconst[39m goodListener [33m=[39m vi[33m.[39m
[34mfn[39m()[33m;[39m
[90m [2mÔØ»[22m mockCall ../../../PROYEK%20WEB%20MASTER/APLIKASI/seat-shuttl
e/node_modules/@vitest/spy/dist/index.js:[2m96:15[22m[39m
[90m [2mÔØ»[22m listener ../../../PROYEK%20WEB%20MASTER/APLIKASI/seat-shuttl
e/node_modules/tinyspy/dist/index.js:[2m47:80[22m[39m
[90m [2mÔØ»[22m pollingListener src/services/realtimeTrackingService.ts:[2m
461:11[22m[39m
[90m [2mÔØ»[22m callTheUserObjectsOperation node_modules/jsdom/lib/generated
/idl/EventListener.js:[2m26:30[22m[39m
[90m [2mÔØ»[22m innerInvokeEventListeners node_modules/jsdom/lib/jsdom/livin
g/events/EventTarget-impl.js:[2m360:16[22m[39m
[90m [2mÔØ»[22m invokeEventListeners node_modules/jsdom/lib/jsdom/living/eve
nts/EventTarget-impl.js:[2m296:3[22m[39m
[90m [2mÔØ»[22m EventTargetImpl._dispatch node_modules/jsdom/lib/jsdom/livin
g/events/EventTarget-impl.js:[2m243:9[22m[39m
[90m [2mÔØ»[22m EventTargetImpl.dispatchEvent node_modules/jsdom/lib/jsdom/l
iving/events/EventTarget-impl.js:[2m114:17[22m[39m
[90m [2mÔØ»[22m dispatchEvent node_modules/jsdom/lib/generated/idl/EventTarg
et.js:[2m241:34[22m[39m

[31mThis error originated in "[1msrc/test/realtimeTracking.test.ts[22m" test
 file. It doesn't mean the error was thrown inside the file itself, but while i
t was running.[39m
[31mThe latest test that might've caused the error is "[1mshould enforce trip
 status before accepting realtime updates[22m". It might mean one of the follo
wing:
- The error was thrown, while Vitest was running this test.
- If the error occurred after the test had been completed, this was the last do
cumented test before it was thrown.[39m

[31mÔÄ»ÔÄ»ÔÄ»ÔÄ»ÔÄ»[39m[1m[41m Uncaught Exception [49m[22m[31mÔÄ»ÔÄ»ÔÄ»Ô
Ä»ÔÄ»[39m
[31m[1mError[22m: Listener error[39m
[36m [2mÔØ»[22m src/test/realtimeTracking.test.ts:[2m201:15[22m[39m
    [90m199| [39m      
    [90m200| [39m      [35mconst[39m badListener [33m=[39m vi[33m.[39m
[34mfn[39m(() [33m=>[39m {
    [90m201| [39m        [35mthrow[39m [35mnew[39m [33mError[39m([32m"
Listener error"[39m)[33m;[39m
    [90m   | [39m              [31m^[39m
    [90m202| [39m      })[33m;[39m
    [90m203| [39m      [35mconst[39m goodListener [33m=[39m vi[33m.[39m
[34mfn[39m()[33m;[39m
[90m [2mÔØ»[22m mockCall ../../../PROYEK%20WEB%20MASTER/APLIKASI/seat-shuttl
e/node_modules/@vitest/spy/dist/index.js:[2m96:15[22m[39m
[90m [2mÔØ»[22m listener ../../../PROYEK%20WEB%20MASTER/APLIKASI/seat-shuttl
e/node_modules/tinyspy/dist/index.js:[2m47:80[22m[39m
[90m [2mÔØ»[22m pollingListener src/services/realtimeTrackingService.ts:[2m
461:11[22m[39m
[90m [2mÔØ»[22m callTheUserObjectsOperation node_modules/jsdom/lib/generated
/idl/EventListener.js:[2m26:30[22m[39m
[90m [2mÔØ»[22m innerInvokeEventListeners node_modules/jsdom/lib/jsdom/livin
g/events/EventTarget-impl.js:[2m360:16[22m[39m
[90m [2mÔØ»[22m invokeEventListeners node_modules/jsdom/lib/jsdom/living/eve
nts/EventTarget-impl.js:[2m296:3[22m[39m
[90m [2mÔØ»[22m EventTargetImpl._dispatch node_modules/jsdom/lib/jsdom/livin
g/events/EventTarget-impl.js:[2m243:9[22m[39m
[90m [2mÔØ»[22m EventTargetImpl.dispatchEvent node_modules/jsdom/lib/jsdom/l
iving/events/EventTarget-impl.js:[2m114:17[22m[39m
[90m [2mÔØ»[22m dispatchEvent node_modules/jsdom/lib/generated/idl/EventTarg
et.js:[2m241:34[22m[39m

[31mThis error originated in "[1msrc/test/realtimeTracking.test.ts[22m" test
 file. It doesn't mean the error was thrown inside the file itself, but while i
t was running.[39m
[31mThe latest test that might've caused the error is "[1mshould handle multi
ple location updates with throttling[22m". It might mean one of the following:
- The error was thrown, while Vitest was running this test.
- If the error occurred after the test had been completed, this was the last do
cumented test before it was thrown.[39m

[31mÔÄ»ÔÄ»ÔÄ»ÔÄ»ÔÄ»[39m[1m[41m Uncaught Exception [49m[22m[31mÔÄ»ÔÄ»ÔÄ»Ô
Ä»ÔÄ»[39m
[31m[1mError[22m: Listener error[39m
[36m [2mÔØ»[22m src/test/realtimeTracking.test.ts:[2m201:15[22m[39m
    [90m199| [39m      
    [90m200| [39m      [35mconst[39m badListener [33m=[39m vi[33m.[39m
[34mfn[39m(() [33m=>[39m {
    [90m201| [39m        [35mthrow[39m [35mnew[39m [33mError[39m([32m"
Listener error"[39m)[33m;[39m
    [90m   | [39m              [31m^[39m
    [90m202| [39m      })[33m;[39m
    [90m203| [39m      [35mconst[39m goodListener [33m=[39m vi[33m.[39m
[34mfn[39m()[33m;[39m
[90m [2mÔØ»[22m mockCall ../../../PROYEK%20WEB%20MASTER/APLIKASI/seat-shuttl
e/node_modules/@vitest/spy/dist/index.js:[2m96:15[22m[39m
[90m [2mÔØ»[22m listener ../../../PROYEK%20WEB%20MASTER/APLIKASI/seat-shuttl
e/node_modules/tinyspy/dist/index.js:[2m47:80[22m[39m
[90m [2mÔØ»[22m pollingListener src/services/realtimeTrackingService.ts:[2m
461:11[22m[39m
[90m [2mÔØ»[22m callTheUserObjectsOperation node_modules/jsdom/lib/generated
/idl/EventListener.js:[2m26:30[22m[39m
[90m [2mÔØ»[22m innerInvokeEventListeners node_modules/jsdom/lib/jsdom/livin
g/events/EventTarget-impl.js:[2m360:16[22m[39m
[90m [2mÔØ»[22m invokeEventListeners node_modules/jsdom/lib/jsdom/living/eve
nts/EventTarget-impl.js:[2m296:3[22m[39m
[90m [2mÔØ»[22m EventTargetImpl._dispatch node_modules/jsdom/lib/jsdom/livin
g/events/EventTarget-impl.js:[2m243:9[22m[39m
[90m [2mÔØ»[22m EventTargetImpl.dispatchEvent node_modules/jsdom/lib/jsdom/l
iving/events/EventTarget-impl.js:[2m114:17[22m[39m
[90m [2mÔØ»[22m dispatchEvent node_modules/jsdom/lib/generated/idl/EventTarg
et.js:[2m241:34[22m[39m

[31mThis error originated in "[1msrc/test/realtimeTracking.test.ts[22m" test
 file. It doesn't mean the error was thrown inside the file itself, but while i
t was running.[39m
[31mThe latest test that might've caused the error is "[1mshould handle multi
ple location updates with throttling[22m". It might mean one of the following:
- The error was thrown, while Vitest was running this test.
- If the error occurred after the test had been completed, this was the last do
cumented test before it was thrown.[39m

[31mÔÄ»ÔÄ»ÔÄ»ÔÄ»ÔÄ»[39m[1m[41m Uncaught Exception [49m[22m[31mÔÄ»ÔÄ»ÔÄ»Ô
Ä»ÔÄ»[39m
[31m[1mError[22m: Listener error[39m
[36m [2mÔØ»[22m src/test/realtimeTracking.test.ts:[2m201:15[22m[39m

[2m Test Files [22m [1m[31m1 failed[39m[22m[2m | [22m[1m[32m2 passed[39m[22m[90m (3)[39m
[2m      Tests [22m [1m[31m4 failed[39m[22m[2m | [22m[1m[32m51 passed[39m[22m[90m (55)[39m
[2m     Errors [22m [1m[31m8 errors[39m[22m
[2m   Start at [22m 03:26:10
[2m   Duration [22m 6.71s[2m (transform 193ms, setup 612ms, collect 349ms, tests 5.06s, environment 5.91s, prepare 646ms)[22m

    [90m199| [39m      
    [90m200| [39m      [35mconst[39m badListener [33m=[39m vi[33m.[39m
[34mfn[39m(() [33m=>[39m {
    [90m201| [39m        [35mthrow[39m [35mnew[39m [33mError[39m([32m"
Listener error"[39m)[33m;[39m
    [90m   | [39m              [31m^[39m
    [90m202| [39m      })[33m;[39m
    [90m203| [39m      [35mconst[39m goodListener [33m=[39m vi[33m.[39m
[34mfn[39m()[33m;[39m
[90m [2mÔØ»[22m mockCall ../../../PROYEK%20WEB%20MASTER/APLIKASI/seat-shuttl
e/node_modules/@vitest/spy/dist/index.js:[2m96:15[22m[39m
[90m [2mÔØ»[22m listener ../../../PROYEK%20WEB%20MASTER/APLIKASI/seat-shuttl
e/node_modules/tinyspy/dist/index.js:[2m47:80[22m[39m
[90m [2mÔØ»[22m pollingListener src/services/realtimeTrackingService.ts:[2m
461:11[22m[39m
[90m [2mÔØ»[22m callTheUserObjectsOperation node_modules/jsdom/lib/generated
/idl/EventListener.js:[2m26:30[22m[39m
[90m [2mÔØ»[22m innerInvokeEventListeners node_modules/jsdom/lib/jsdom/livin
g/events/EventTarget-impl.js:[2m360:16[22m[39m
[90m [2mÔØ»[22m invokeEventListeners node_modules/jsdom/lib/jsdom/living/eve
nts/EventTarget-impl.js:[2m296:3[22m[39m
[90m [2mÔØ»[22m EventTargetImpl._dispatch node_modules/jsdom/lib/jsdom/livin
g/events/EventTarget-impl.js:[2m243:9[22m[39m
[90m [2mÔØ»[22m EventTargetImpl.dispatchEvent node_modules/jsdom/lib/jsdom/l
iving/events/EventTarget-impl.js:[2m114:17[22m[39m
[90m [2mÔØ»[22m dispatchEvent node_modules/jsdom/lib/generated/idl/EventTarg
et.js:[2m241:34[22m[39m

[31mThis error originated in "[1msrc/test/realtimeTracking.test.ts[22m" test
 file. It doesn't mean the error was thrown inside the file itself, but while i
t was running.[39m
[31mThe latest test that might've caused the error is "[1mshould handle multi
ple location updates with throttling[22m". It might mean one of the following:
- The error was thrown, while Vitest was running this test.
- If the error occurred after the test had been completed, this was the last do
cumented test before it was thrown.[39m

[31mÔÄ»ÔÄ»ÔÄ»ÔÄ»ÔÄ»[39m[1m[41m Uncaught Exception [49m[22m[31mÔÄ»ÔÄ»ÔÄ»Ô
Ä»ÔÄ»[39m
[31m[1mError[22m: Listener error[39m
[36m [2mÔØ»[22m src/test/realtimeTracking.test.ts:[2m201:15[22m[39m
    [90m199| [39m      
    [90m200| [39m      [35mconst[39m badListener [33m=[39m vi[33m.[39m
[34mfn[39m(() [33m=>[39m {
    [90m201| [39m        [35mthrow[39m [35mnew[39m [33mError[39m([32m"
Listener error"[39m)[33m;[39m
    [90m   | [39m              [31m^[39m
    [90m202| [39m      })[33m;[39m
    [90m203| [39m      [35mconst[39m goodListener [33m=[39m vi[33m.[39m
[34mfn[39m()[33m;[39m
[90m [2mÔØ»[22m mockCall ../../../PROYEK%20WEB%20MASTER/APLIKASI/seat-shuttl
e/node_modules/@vitest/spy/dist/index.js:[2m96:15[22m[39m
[90m [2mÔØ»[22m listener ../../../PROYEK%20WEB%20MASTER/APLIKASI/seat-shuttl
e/node_modules/tinyspy/dist/index.js:[2m47:80[22m[39m
[90m [2mÔØ»[22m pollingListener src/services/realtimeTrackingService.ts:[2m
461:11[22m[39m
[90m [2mÔØ»[22m callTheUserObjectsOperation node_modules/jsdom/lib/generated
/idl/EventListener.js:[2m26:30[22m[39m
[90m [2mÔØ»[22m innerInvokeEventListeners node_modules/jsdom/lib/jsdom/livin
g/events/EventTarget-impl.js:[2m360:16[22m[39m
[90m [2mÔØ»[22m invokeEventListeners node_modules/jsdom/lib/jsdom/living/eve
nts/EventTarget-impl.js:[2m296:3[22m[39m
[90m [2mÔØ»[22m EventTargetImpl._dispatch node_modules/jsdom/lib/jsdom/livin
g/events/EventTarget-impl.js:[2m243:9[22m[39m
[90m [2mÔØ»[22m EventTargetImpl.dispatchEvent node_modules/jsdom/lib/jsdom/l
iving/events/EventTarget-impl.js:[2m114:17[22m[39m
[90m [2mÔØ»[22m dispatchEvent node_modules/jsdom/lib/generated/idl/EventTarg
et.js:[2m241:34[22m[39m

[31mThis error originated in "[1msrc/test/realtimeTracking.test.ts[22m" test
 file. It doesn't mean the error was thrown inside the file itself, but while i
t was running.[39m
[31mThe latest test that might've caused the error is "[1mshould handle multi
ple location updates with throttling[22m". It might mean one of the following:
- The error was thrown, while Vitest was running this test.
- If the error occurred after the test had been completed, this was the last do
cumented test before it was thrown.[39m

[31mÔÄ»ÔÄ»ÔÄ»ÔÄ»ÔÄ»[39m[1m[41m Uncaught Exception [49m[22m[31mÔÄ»ÔÄ»ÔÄ»Ô
Ä»ÔÄ»[39m
[31m[1mError[22m: Listener error[39m
[36m [2mÔØ»[22m src/test/realtimeTracking.test.ts:[2m201:15[22m[39m
    [90m199| [39m      
    [90m200| [39m      [35mconst[39m badListener [33m=[39m vi[33m.[39m
[34mfn[39m(() [33m=>[39m {
    [90m201| [39m        [35mthrow[39m [35mnew[39m [33mError[39m([32m"
Listener error"[39m)[33m;[39m
    [90m   | [39m              [31m^[39m
    [90m202| [39m      })[33m;[39m
    [90m203| [39m      [35mconst[39m goodListener [33m=[39m vi[33m.[39m
[34mfn[39m()[33m;[39m
[90m [2mÔØ»[22m mockCall ../../../PROYEK%20WEB%20MASTER/APLIKASI/seat-shuttl
e/node_modules/@vitest/spy/dist/index.js:[2m96:15[22m[39m
[90m [2mÔØ»[22m listener ../../../PROYEK%20WEB%20MASTER/APLIKASI/seat-shuttl
e/node_modules/tinyspy/dist/index.js:[2m47:80[22m[39m
[90m [2mÔØ»[22m pollingListener src/services/realtimeTrackingService.ts:[2m
461:11[22m[39m
[90m [2mÔØ»[22m callTheUserObjectsOperation node_modules/jsdom/lib/generated
/idl/EventListener.js:[2m26:30[22m[39m
[90m [2mÔØ»[22m innerInvokeEventListeners node_modules/jsdom/lib/jsdom/livin
g/events/EventTarget-impl.js:[2m360:16[22m[39m
[90m [2mÔØ»[22m invokeEventListeners node_modules/jsdom/lib/jsdom/living/eve
nts/EventTarget-impl.js:[2m296:3[22m[39m
[90m [2mÔØ»[22m EventTargetImpl._dispatch node_modules/jsdom/lib/jsdom/livin
g/events/EventTarget-impl.js:[2m243:9[22m[39m
[90m [2mÔØ»[22m EventTargetImpl.dispatchEvent node_modules/jsdom/lib/jsdom/l
iving/events/EventTarget-impl.js:[2m114:17[22m[39m
[90m [2mÔØ»[22m dispatchEvent node_modules/jsdom/lib/generated/idl/EventTarg
et.js:[2m241:34[22m[39m

[31mThis error originated in "[1msrc/test/realtimeTracking.test.ts[22m" test
 file. It doesn't mean the error was thrown inside the file itself, but while i
t was running.[39m
[31mThe latest test that might've caused the error is "[1mshould handle multi
ple location updates with throttling[22m". It might mean one of the following:
- The error was thrown, while Vitest was running this test.
- If the error occurred after the test had been completed, this was the last do
cumented test before it was thrown.[39m
[31mÔÄ»ÔÄ»ÔÄ»ÔÄ»ÔÄ»ÔÄ»ÔÄ»ÔÄ»ÔÄ»ÔÄ»ÔÄ»ÔÄ»ÔÄ»ÔÄ»ÔÄ»ÔÄ»ÔÄ»ÔÄ»ÔÄ»ÔÄ»ÔÄ»ÔÄ»ÔÄ»ÔÄ»ÔÄ
»ÔÄ»ÔÄ»ÔÄ»ÔÄ»ÔÄ»[39m

